13:16:32 **** Build of configuration Debug for project lpc_board_nxp_lpcxpresso_4337 ****
make -r all 
Building file: ../src/board.c
Invoking: MCU C Compiler
arm-none-eabi-gcc -D__REDLIB__ -DDEBUG -D__CODE_RED -D__USE_LPCOPEN -DCORE_M4 -I"/home/pato/Embebidos/TpFinal/Workspaces/Workspace LPCOPEN/lpc_chip_43xx/inc" -I"/home/pato/Embebidos/TpFinal/Workspaces/Workspace LPCOPEN/lpc_board_nxp_lpcxpresso_4337/inc" -O0 -g3 -Wall -c -fmessage-length=0 -fno-builtin -ffunction-sections -fdata-sections -fsingle-precision-constant -mcpu=cortex-m4 -mfpu=fpv4-sp-d16 -mfloat-abi=softfp -mthumb -specs=redlib.specs -MMD -MP -MF"src/board.d" -MT"src/board.o" -MT"src/board.d" -o "src/board.o" "../src/board.c"
Finished building: ../src/board.c
 
Building file: ../src/board_sysinit.c
Invoking: MCU C Compiler
arm-none-eabi-gcc -D__REDLIB__ -DDEBUG -D__CODE_RED -D__USE_LPCOPEN -DCORE_M4 -I"/home/pato/Embebidos/TpFinal/Workspaces/Workspace LPCOPEN/lpc_chip_43xx/inc" -I"/home/pato/Embebidos/TpFinal/Workspaces/Workspace LPCOPEN/lpc_board_nxp_lpcxpresso_4337/inc" -O0 -g3 -Wall -c -fmessage-length=0 -fno-builtin -ffunction-sections -fdata-sections -fsingle-precision-constant -mcpu=cortex-m4 -mfpu=fpv4-sp-d16 -mfloat-abi=softfp -mthumb -specs=redlib.specs -MMD -MP -MF"src/board_sysinit.d" -MT"src/board_sysinit.o" -MT"src/board_sysinit.d" -o "src/board_sysinit.o" "../src/board_sysinit.c"
Finished building: ../src/board_sysinit.c
 
Building file: ../src/lcd_st7565s.c
Invoking: MCU C Compiler
arm-none-eabi-gcc -D__REDLIB__ -DDEBUG -D__CODE_RED -D__USE_LPCOPEN -DCORE_M4 -I"/home/pato/Embebidos/TpFinal/Workspaces/Workspace LPCOPEN/lpc_chip_43xx/inc" -I"/home/pato/Embebidos/TpFinal/Workspaces/Workspace LPCOPEN/lpc_board_nxp_lpcxpresso_4337/inc" -O0 -g3 -Wall -c -fmessage-length=0 -fno-builtin -ffunction-sections -fdata-sections -fsingle-precision-constant -mcpu=cortex-m4 -mfpu=fpv4-sp-d16 -mfloat-abi=softfp -mthumb -specs=redlib.specs -MMD -MP -MF"src/lcd_st7565s.d" -MT"src/lcd_st7565s.o" -MT"src/lcd_st7565s.d" -o "src/lcd_st7565s.o" "../src/lcd_st7565s.c"
Finished building: ../src/lcd_st7565s.c
 
Building file: ../src/lpc_phy_smsc87x0.c
Invoking: MCU C Compiler
arm-none-eabi-gcc -D__REDLIB__ -DDEBUG -D__CODE_RED -D__USE_LPCOPEN -DCORE_M4 -I"/home/pato/Embebidos/TpFinal/Workspaces/Workspace LPCOPEN/lpc_chip_43xx/inc" -I"/home/pato/Embebidos/TpFinal/Workspaces/Workspace LPCOPEN/lpc_board_nxp_lpcxpresso_4337/inc" -O0 -g3 -Wall -c -fmessage-length=0 -fno-builtin -ffunction-sections -fdata-sections -fsingle-precision-constant -mcpu=cortex-m4 -mfpu=fpv4-sp-d16 -mfloat-abi=softfp -mthumb -specs=redlib.specs -MMD -MP -MF"src/lpc_phy_smsc87x0.d" -MT"src/lpc_phy_smsc87x0.o" -MT"src/lpc_phy_smsc87x0.d" -o "src/lpc_phy_smsc87x0.o" "../src/lpc_phy_smsc87x0.c"
Finished building: ../src/lpc_phy_smsc87x0.c
 
Building file: ../src/wm8904.c
Invoking: MCU C Compiler
arm-none-eabi-gcc -D__REDLIB__ -DDEBUG -D__CODE_RED -D__USE_LPCOPEN -DCORE_M4 -I"/home/pato/Embebidos/TpFinal/Workspaces/Workspace LPCOPEN/lpc_chip_43xx/inc" -I"/home/pato/Embebidos/TpFinal/Workspaces/Workspace LPCOPEN/lpc_board_nxp_lpcxpresso_4337/inc" -O0 -g3 -Wall -c -fmessage-length=0 -fno-builtin -ffunction-sections -fdata-sections -fsingle-precision-constant -mcpu=cortex-m4 -mfpu=fpv4-sp-d16 -mfloat-abi=softfp -mthumb -specs=redlib.specs -MMD -MP -MF"src/wm8904.d" -MT"src/wm8904.o" -MT"src/wm8904.d" -o "src/wm8904.o" "../src/wm8904.c"
Finished building: ../src/wm8904.c
 
Building target: liblpc_board_nxp_lpcxpresso_4337.a
Invoking: MCU Archiver
arm-none-eabi-ar -r  "liblpc_board_nxp_lpcxpresso_4337.a"  ./src/board.o ./src/board_sysinit.o ./src/lcd_st7565s.o ./src/lpc_phy_smsc87x0.o ./src/wm8904.o   
arm-none-eabi-ar: creating liblpc_board_nxp_lpcxpresso_4337.a
Finished building target: liblpc_board_nxp_lpcxpresso_4337.a
 
make --no-print-directory post-build
Performing post-build steps
arm-none-eabi-size "liblpc_board_nxp_lpcxpresso_4337.a" ; # arm-none-eabi-objdump -h -S "liblpc_board_nxp_lpcxpresso_4337.a" >"liblpc_board_nxp_lpcxpresso_4337.lss"
   text	   data	    bss	    dec	    hex	filename
   2100	      0	      4	   2104	    838	board.o (ex liblpc_board_nxp_lpcxpresso_4337.a)
    432	      0	      0	    432	    1b0	board_sysinit.o (ex liblpc_board_nxp_lpcxpresso_4337.a)
   1682	      4	   1044	   2730	    aaa	lcd_st7565s.o (ex liblpc_board_nxp_lpcxpresso_4337.a)
    876	      0	     18	    894	    37e	lpc_phy_smsc87x0.o (ex liblpc_board_nxp_lpcxpresso_4337.a)
    796	      0	      0	    796	    31c	wm8904.o (ex liblpc_board_nxp_lpcxpresso_4337.a)
 
13:16:34 **** Build of configuration Debug for project lpc_chip_43xx ****
make -r all 
Building file: ../src/adc_18xx_43xx.c
Invoking: MCU C Compiler
arm-none-eabi-gcc -D__REDLIB__ -DDEBUG -D__CODE_RED -D__USE_LPCOPEN -DCORE_M4 -I"/home/pato/Embebidos/TpFinal/Workspaces/Workspace LPCOPEN/lpc_chip_43xx/inc" -O0 -g3 -Wall -c -fmessage-length=0 -fno-builtin -ffunction-sections -fdata-sections -fsingle-precision-constant -mcpu=cortex-m4 -mfpu=fpv4-sp-d16 -mfloat-abi=softfp -mthumb -specs=redlib.specs -MMD -MP -MF"src/adc_18xx_43xx.d" -MT"src/adc_18xx_43xx.o" -MT"src/adc_18xx_43xx.d" -o "src/adc_18xx_43xx.o" "../src/adc_18xx_43xx.c"
Finished building: ../src/adc_18xx_43xx.c
 
Building file: ../src/aes_18xx_43xx.c
Invoking: MCU C Compiler
arm-none-eabi-gcc -D__REDLIB__ -DDEBUG -D__CODE_RED -D__USE_LPCOPEN -DCORE_M4 -I"/home/pato/Embebidos/TpFinal/Workspaces/Workspace LPCOPEN/lpc_chip_43xx/inc" -O0 -g3 -Wall -c -fmessage-length=0 -fno-builtin -ffunction-sections -fdata-sections -fsingle-precision-constant -mcpu=cortex-m4 -mfpu=fpv4-sp-d16 -mfloat-abi=softfp -mthumb -specs=redlib.specs -MMD -MP -MF"src/aes_18xx_43xx.d" -MT"src/aes_18xx_43xx.o" -MT"src/aes_18xx_43xx.d" -o "src/aes_18xx_43xx.o" "../src/aes_18xx_43xx.c"
Finished building: ../src/aes_18xx_43xx.c
 
Building file: ../src/atimer_18xx_43xx.c
Invoking: MCU C Compiler
arm-none-eabi-gcc -D__REDLIB__ -DDEBUG -D__CODE_RED -D__USE_LPCOPEN -DCORE_M4 -I"/home/pato/Embebidos/TpFinal/Workspaces/Workspace LPCOPEN/lpc_chip_43xx/inc" -O0 -g3 -Wall -c -fmessage-length=0 -fno-builtin -ffunction-sections -fdata-sections -fsingle-precision-constant -mcpu=cortex-m4 -mfpu=fpv4-sp-d16 -mfloat-abi=softfp -mthumb -specs=redlib.specs -MMD -MP -MF"src/atimer_18xx_43xx.d" -MT"src/atimer_18xx_43xx.o" -MT"src/atimer_18xx_43xx.d" -o "src/atimer_18xx_43xx.o" "../src/atimer_18xx_43xx.c"
Finished building: ../src/atimer_18xx_43xx.c
 
Building file: ../src/ccan_18xx_43xx.c
Invoking: MCU C Compiler
arm-none-eabi-gcc -D__REDLIB__ -DDEBUG -D__CODE_RED -D__USE_LPCOPEN -DCORE_M4 -I"/home/pato/Embebidos/TpFinal/Workspaces/Workspace LPCOPEN/lpc_chip_43xx/inc" -O0 -g3 -Wall -c -fmessage-length=0 -fno-builtin -ffunction-sections -fdata-sections -fsingle-precision-constant -mcpu=cortex-m4 -mfpu=fpv4-sp-d16 -mfloat-abi=softfp -mthumb -specs=redlib.specs -MMD -MP -MF"src/ccan_18xx_43xx.d" -MT"src/ccan_18xx_43xx.o" -MT"src/ccan_18xx_43xx.d" -o "src/ccan_18xx_43xx.o" "../src/ccan_18xx_43xx.c"
Finished building: ../src/ccan_18xx_43xx.c
 
Building file: ../src/chip_18xx_43xx.c
Invoking: MCU C Compiler
arm-none-eabi-gcc -D__REDLIB__ -DDEBUG -D__CODE_RED -D__USE_LPCOPEN -DCORE_M4 -I"/home/pato/Embebidos/TpFinal/Workspaces/Workspace LPCOPEN/lpc_chip_43xx/inc" -O0 -g3 -Wall -c -fmessage-length=0 -fno-builtin -ffunction-sections -fdata-sections -fsingle-precision-constant -mcpu=cortex-m4 -mfpu=fpv4-sp-d16 -mfloat-abi=softfp -mthumb -specs=redlib.specs -MMD -MP -MF"src/chip_18xx_43xx.d" -MT"src/chip_18xx_43xx.o" -MT"src/chip_18xx_43xx.d" -o "src/chip_18xx_43xx.o" "../src/chip_18xx_43xx.c"
Finished building: ../src/chip_18xx_43xx.c
 
Building file: ../src/clock_18xx_43xx.c
Invoking: MCU C Compiler
arm-none-eabi-gcc -D__REDLIB__ -DDEBUG -D__CODE_RED -D__USE_LPCOPEN -DCORE_M4 -I"/home/pato/Embebidos/TpFinal/Workspaces/Workspace LPCOPEN/lpc_chip_43xx/inc" -O0 -g3 -Wall -c -fmessage-length=0 -fno-builtin -ffunction-sections -fdata-sections -fsingle-precision-constant -mcpu=cortex-m4 -mfpu=fpv4-sp-d16 -mfloat-abi=softfp -mthumb -specs=redlib.specs -MMD -MP -MF"src/clock_18xx_43xx.d" -MT"src/clock_18xx_43xx.o" -MT"src/clock_18xx_43xx.d" -o "src/clock_18xx_43xx.o" "../src/clock_18xx_43xx.c"
Finished building: ../src/clock_18xx_43xx.c
 
Building file: ../src/dac_18xx_43xx.c
Invoking: MCU C Compiler
arm-none-eabi-gcc -D__REDLIB__ -DDEBUG -D__CODE_RED -D__USE_LPCOPEN -DCORE_M4 -I"/home/pato/Embebidos/TpFinal/Workspaces/Workspace LPCOPEN/lpc_chip_43xx/inc" -O0 -g3 -Wall -c -fmessage-length=0 -fno-builtin -ffunction-sections -fdata-sections -fsingle-precision-constant -mcpu=cortex-m4 -mfpu=fpv4-sp-d16 -mfloat-abi=softfp -mthumb -specs=redlib.specs -MMD -MP -MF"src/dac_18xx_43xx.d" -MT"src/dac_18xx_43xx.o" -MT"src/dac_18xx_43xx.d" -o "src/dac_18xx_43xx.o" "../src/dac_18xx_43xx.c"
Finished building: ../src/dac_18xx_43xx.c
 
Building file: ../src/eeprom_18xx_43xx.c
Invoking: MCU C Compiler
arm-none-eabi-gcc -D__REDLIB__ -DDEBUG -D__CODE_RED -D__USE_LPCOPEN -DCORE_M4 -I"/home/pato/Embebidos/TpFinal/Workspaces/Workspace LPCOPEN/lpc_chip_43xx/inc" -O0 -g3 -Wall -c -fmessage-length=0 -fno-builtin -ffunction-sections -fdata-sections -fsingle-precision-constant -mcpu=cortex-m4 -mfpu=fpv4-sp-d16 -mfloat-abi=softfp -mthumb -specs=redlib.specs -MMD -MP -MF"src/eeprom_18xx_43xx.d" -MT"src/eeprom_18xx_43xx.o" -MT"src/eeprom_18xx_43xx.d" -o "src/eeprom_18xx_43xx.o" "../src/eeprom_18xx_43xx.c"
Finished building: ../src/eeprom_18xx_43xx.c
 
Building file: ../src/emc_18xx_43xx.c
Invoking: MCU C Compiler
arm-none-eabi-gcc -D__REDLIB__ -DDEBUG -D__CODE_RED -D__USE_LPCOPEN -DCORE_M4 -I"/home/pato/Embebidos/TpFinal/Workspaces/Workspace LPCOPEN/lpc_chip_43xx/inc" -O0 -g3 -Wall -c -fmessage-length=0 -fno-builtin -ffunction-sections -fdata-sections -fsingle-precision-constant -mcpu=cortex-m4 -mfpu=fpv4-sp-d16 -mfloat-abi=softfp -mthumb -specs=redlib.specs -MMD -MP -MF"src/emc_18xx_43xx.d" -MT"src/emc_18xx_43xx.o" -MT"src/emc_18xx_43xx.d" -o "src/emc_18xx_43xx.o" "../src/emc_18xx_43xx.c"
Finished building: ../src/emc_18xx_43xx.c
 
Building file: ../src/enet_18xx_43xx.c
Invoking: MCU C Compiler
arm-none-eabi-gcc -D__REDLIB__ -DDEBUG -D__CODE_RED -D__USE_LPCOPEN -DCORE_M4 -I"/home/pato/Embebidos/TpFinal/Workspaces/Workspace LPCOPEN/lpc_chip_43xx/inc" -O0 -g3 -Wall -c -fmessage-length=0 -fno-builtin -ffunction-sections -fdata-sections -fsingle-precision-constant -mcpu=cortex-m4 -mfpu=fpv4-sp-d16 -mfloat-abi=softfp -mthumb -specs=redlib.specs -MMD -MP -MF"src/enet_18xx_43xx.d" -MT"src/enet_18xx_43xx.o" -MT"src/enet_18xx_43xx.d" -o "src/enet_18xx_43xx.o" "../src/enet_18xx_43xx.c"
Finished building: ../src/enet_18xx_43xx.c
 
Building file: ../src/evrt_18xx_43xx.c
Invoking: MCU C Compiler
arm-none-eabi-gcc -D__REDLIB__ -DDEBUG -D__CODE_RED -D__USE_LPCOPEN -DCORE_M4 -I"/home/pato/Embebidos/TpFinal/Workspaces/Workspace LPCOPEN/lpc_chip_43xx/inc" -O0 -g3 -Wall -c -fmessage-length=0 -fno-builtin -ffunction-sections -fdata-sections -fsingle-precision-constant -mcpu=cortex-m4 -mfpu=fpv4-sp-d16 -mfloat-abi=softfp -mthumb -specs=redlib.specs -MMD -MP -MF"src/evrt_18xx_43xx.d" -MT"src/evrt_18xx_43xx.o" -MT"src/evrt_18xx_43xx.d" -o "src/evrt_18xx_43xx.o" "../src/evrt_18xx_43xx.c"
Finished building: ../src/evrt_18xx_43xx.c
 
Building file: ../src/fpu_init.c
Invoking: MCU C Compiler
arm-none-eabi-gcc -D__REDLIB__ -DDEBUG -D__CODE_RED -D__USE_LPCOPEN -DCORE_M4 -I"/home/pato/Embebidos/TpFinal/Workspaces/Workspace LPCOPEN/lpc_chip_43xx/inc" -O0 -g3 -Wall -c -fmessage-length=0 -fno-builtin -ffunction-sections -fdata-sections -fsingle-precision-constant -mcpu=cortex-m4 -mfpu=fpv4-sp-d16 -mfloat-abi=softfp -mthumb -specs=redlib.specs -MMD -MP -MF"src/fpu_init.d" -MT"src/fpu_init.o" -MT"src/fpu_init.d" -o "src/fpu_init.o" "../src/fpu_init.c"
Finished building: ../src/fpu_init.c
 
Building file: ../src/gpdma_18xx_43xx.c
Invoking: MCU C Compiler
arm-none-eabi-gcc -D__REDLIB__ -DDEBUG -D__CODE_RED -D__USE_LPCOPEN -DCORE_M4 -I"/home/pato/Embebidos/TpFinal/Workspaces/Workspace LPCOPEN/lpc_chip_43xx/inc" -O0 -g3 -Wall -c -fmessage-length=0 -fno-builtin -ffunction-sections -fdata-sections -fsingle-precision-constant -mcpu=cortex-m4 -mfpu=fpv4-sp-d16 -mfloat-abi=softfp -mthumb -specs=redlib.specs -MMD -MP -MF"src/gpdma_18xx_43xx.d" -MT"src/gpdma_18xx_43xx.o" -MT"src/gpdma_18xx_43xx.d" -o "src/gpdma_18xx_43xx.o" "../src/gpdma_18xx_43xx.c"
Finished building: ../src/gpdma_18xx_43xx.c
 
Building file: ../src/gpio_18xx_43xx.c
Invoking: MCU C Compiler
arm-none-eabi-gcc -D__REDLIB__ -DDEBUG -D__CODE_RED -D__USE_LPCOPEN -DCORE_M4 -I"/home/pato/Embebidos/TpFinal/Workspaces/Workspace LPCOPEN/lpc_chip_43xx/inc" -O0 -g3 -Wall -c -fmessage-length=0 -fno-builtin -ffunction-sections -fdata-sections -fsingle-precision-constant -mcpu=cortex-m4 -mfpu=fpv4-sp-d16 -mfloat-abi=softfp -mthumb -specs=redlib.specs -MMD -MP -MF"src/gpio_18xx_43xx.d" -MT"src/gpio_18xx_43xx.o" -MT"src/gpio_18xx_43xx.d" -o "src/gpio_18xx_43xx.o" "../src/gpio_18xx_43xx.c"
Finished building: ../src/gpio_18xx_43xx.c
 
Building file: ../src/gpiogroup_18xx_43xx.c
Invoking: MCU C Compiler
arm-none-eabi-gcc -D__REDLIB__ -DDEBUG -D__CODE_RED -D__USE_LPCOPEN -DCORE_M4 -I"/home/pato/Embebidos/TpFinal/Workspaces/Workspace LPCOPEN/lpc_chip_43xx/inc" -O0 -g3 -Wall -c -fmessage-length=0 -fno-builtin -ffunction-sections -fdata-sections -fsingle-precision-constant -mcpu=cortex-m4 -mfpu=fpv4-sp-d16 -mfloat-abi=softfp -mthumb -specs=redlib.specs -MMD -MP -MF"src/gpiogroup_18xx_43xx.d" -MT"src/gpiogroup_18xx_43xx.o" -MT"src/gpiogroup_18xx_43xx.d" -o "src/gpiogroup_18xx_43xx.o" "../src/gpiogroup_18xx_43xx.c"
Finished building: ../src/gpiogroup_18xx_43xx.c
 
Building file: ../src/hsadc_18xx_43xx.c
Invoking: MCU C Compiler
arm-none-eabi-gcc -D__REDLIB__ -DDEBUG -D__CODE_RED -D__USE_LPCOPEN -DCORE_M4 -I"/home/pato/Embebidos/TpFinal/Workspaces/Workspace LPCOPEN/lpc_chip_43xx/inc" -O0 -g3 -Wall -c -fmessage-length=0 -fno-builtin -ffunction-sections -fdata-sections -fsingle-precision-constant -mcpu=cortex-m4 -mfpu=fpv4-sp-d16 -mfloat-abi=softfp -mthumb -specs=redlib.specs -MMD -MP -MF"src/hsadc_18xx_43xx.d" -MT"src/hsadc_18xx_43xx.o" -MT"src/hsadc_18xx_43xx.d" -o "src/hsadc_18xx_43xx.o" "../src/hsadc_18xx_43xx.c"
Finished building: ../src/hsadc_18xx_43xx.c
 
Building file: ../src/i2c_18xx_43xx.c
Invoking: MCU C Compiler
arm-none-eabi-gcc -D__REDLIB__ -DDEBUG -D__CODE_RED -D__USE_LPCOPEN -DCORE_M4 -I"/home/pato/Embebidos/TpFinal/Workspaces/Workspace LPCOPEN/lpc_chip_43xx/inc" -O0 -g3 -Wall -c -fmessage-length=0 -fno-builtin -ffunction-sections -fdata-sections -fsingle-precision-constant -mcpu=cortex-m4 -mfpu=fpv4-sp-d16 -mfloat-abi=softfp -mthumb -specs=redlib.specs -MMD -MP -MF"src/i2c_18xx_43xx.d" -MT"src/i2c_18xx_43xx.o" -MT"src/i2c_18xx_43xx.d" -o "src/i2c_18xx_43xx.o" "../src/i2c_18xx_43xx.c"
Finished building: ../src/i2c_18xx_43xx.c
 
Building file: ../src/i2cm_18xx_43xx.c
Invoking: MCU C Compiler
arm-none-eabi-gcc -D__REDLIB__ -DDEBUG -D__CODE_RED -D__USE_LPCOPEN -DCORE_M4 -I"/home/pato/Embebidos/TpFinal/Workspaces/Workspace LPCOPEN/lpc_chip_43xx/inc" -O0 -g3 -Wall -c -fmessage-length=0 -fno-builtin -ffunction-sections -fdata-sections -fsingle-precision-constant -mcpu=cortex-m4 -mfpu=fpv4-sp-d16 -mfloat-abi=softfp -mthumb -specs=redlib.specs -MMD -MP -MF"src/i2cm_18xx_43xx.d" -MT"src/i2cm_18xx_43xx.o" -MT"src/i2cm_18xx_43xx.d" -o "src/i2cm_18xx_43xx.o" "../src/i2cm_18xx_43xx.c"
Finished building: ../src/i2cm_18xx_43xx.c
 
Building file: ../src/i2s_18xx_43xx.c
Invoking: MCU C Compiler
arm-none-eabi-gcc -D__REDLIB__ -DDEBUG -D__CODE_RED -D__USE_LPCOPEN -DCORE_M4 -I"/home/pato/Embebidos/TpFinal/Workspaces/Workspace LPCOPEN/lpc_chip_43xx/inc" -O0 -g3 -Wall -c -fmessage-length=0 -fno-builtin -ffunction-sections -fdata-sections -fsingle-precision-constant -mcpu=cortex-m4 -mfpu=fpv4-sp-d16 -mfloat-abi=softfp -mthumb -specs=redlib.specs -MMD -MP -MF"src/i2s_18xx_43xx.d" -MT"src/i2s_18xx_43xx.o" -MT"src/i2s_18xx_43xx.d" -o "src/i2s_18xx_43xx.o" "../src/i2s_18xx_43xx.c"
Finished building: ../src/i2s_18xx_43xx.c
 
Building file: ../src/iap_18xx_43xx.c
Invoking: MCU C Compiler
arm-none-eabi-gcc -D__REDLIB__ -DDEBUG -D__CODE_RED -D__USE_LPCOPEN -DCORE_M4 -I"/home/pato/Embebidos/TpFinal/Workspaces/Workspace LPCOPEN/lpc_chip_43xx/inc" -O0 -g3 -Wall -c -fmessage-length=0 -fno-builtin -ffunction-sections -fdata-sections -fsingle-precision-constant -mcpu=cortex-m4 -mfpu=fpv4-sp-d16 -mfloat-abi=softfp -mthumb -specs=redlib.specs -MMD -MP -MF"src/iap_18xx_43xx.d" -MT"src/iap_18xx_43xx.o" -MT"src/iap_18xx_43xx.d" -o "src/iap_18xx_43xx.o" "../src/iap_18xx_43xx.c"
Finished building: ../src/iap_18xx_43xx.c
 
Building file: ../src/lcd_18xx_43xx.c
Invoking: MCU C Compiler
arm-none-eabi-gcc -D__REDLIB__ -DDEBUG -D__CODE_RED -D__USE_LPCOPEN -DCORE_M4 -I"/home/pato/Embebidos/TpFinal/Workspaces/Workspace LPCOPEN/lpc_chip_43xx/inc" -O0 -g3 -Wall -c -fmessage-length=0 -fno-builtin -ffunction-sections -fdata-sections -fsingle-precision-constant -mcpu=cortex-m4 -mfpu=fpv4-sp-d16 -mfloat-abi=softfp -mthumb -specs=redlib.specs -MMD -MP -MF"src/lcd_18xx_43xx.d" -MT"src/lcd_18xx_43xx.o" -MT"src/lcd_18xx_43xx.d" -o "src/lcd_18xx_43xx.o" "../src/lcd_18xx_43xx.c"
Finished building: ../src/lcd_18xx_43xx.c
 
Building file: ../src/otp_18xx_43xx.c
Invoking: MCU C Compiler
arm-none-eabi-gcc -D__REDLIB__ -DDEBUG -D__CODE_RED -D__USE_LPCOPEN -DCORE_M4 -I"/home/pato/Embebidos/TpFinal/Workspaces/Workspace LPCOPEN/lpc_chip_43xx/inc" -O0 -g3 -Wall -c -fmessage-length=0 -fno-builtin -ffunction-sections -fdata-sections -fsingle-precision-constant -mcpu=cortex-m4 -mfpu=fpv4-sp-d16 -mfloat-abi=softfp -mthumb -specs=redlib.specs -MMD -MP -MF"src/otp_18xx_43xx.d" -MT"src/otp_18xx_43xx.o" -MT"src/otp_18xx_43xx.d" -o "src/otp_18xx_43xx.o" "../src/otp_18xx_43xx.c"
Finished building: ../src/otp_18xx_43xx.c
 
Building file: ../src/pinint_18xx_43xx.c
Invoking: MCU C Compiler
arm-none-eabi-gcc -D__REDLIB__ -DDEBUG -D__CODE_RED -D__USE_LPCOPEN -DCORE_M4 -I"/home/pato/Embebidos/TpFinal/Workspaces/Workspace LPCOPEN/lpc_chip_43xx/inc" -O0 -g3 -Wall -c -fmessage-length=0 -fno-builtin -ffunction-sections -fdata-sections -fsingle-precision-constant -mcpu=cortex-m4 -mfpu=fpv4-sp-d16 -mfloat-abi=softfp -mthumb -specs=redlib.specs -MMD -MP -MF"src/pinint_18xx_43xx.d" -MT"src/pinint_18xx_43xx.o" -MT"src/pinint_18xx_43xx.d" -o "src/pinint_18xx_43xx.o" "../src/pinint_18xx_43xx.c"
Finished building: ../src/pinint_18xx_43xx.c
 
Building file: ../src/pmc_18xx_43xx.c
Invoking: MCU C Compiler
arm-none-eabi-gcc -D__REDLIB__ -DDEBUG -D__CODE_RED -D__USE_LPCOPEN -DCORE_M4 -I"/home/pato/Embebidos/TpFinal/Workspaces/Workspace LPCOPEN/lpc_chip_43xx/inc" -O0 -g3 -Wall -c -fmessage-length=0 -fno-builtin -ffunction-sections -fdata-sections -fsingle-precision-constant -mcpu=cortex-m4 -mfpu=fpv4-sp-d16 -mfloat-abi=softfp -mthumb -specs=redlib.specs -MMD -MP -MF"src/pmc_18xx_43xx.d" -MT"src/pmc_18xx_43xx.o" -MT"src/pmc_18xx_43xx.d" -o "src/pmc_18xx_43xx.o" "../src/pmc_18xx_43xx.c"
Finished building: ../src/pmc_18xx_43xx.c
 
Building file: ../src/ring_buffer.c
Invoking: MCU C Compiler
arm-none-eabi-gcc -D__REDLIB__ -DDEBUG -D__CODE_RED -D__USE_LPCOPEN -DCORE_M4 -I"/home/pato/Embebidos/TpFinal/Workspaces/Workspace LPCOPEN/lpc_chip_43xx/inc" -O0 -g3 -Wall -c -fmessage-length=0 -fno-builtin -ffunction-sections -fdata-sections -fsingle-precision-constant -mcpu=cortex-m4 -mfpu=fpv4-sp-d16 -mfloat-abi=softfp -mthumb -specs=redlib.specs -MMD -MP -MF"src/ring_buffer.d" -MT"src/ring_buffer.o" -MT"src/ring_buffer.d" -o "src/ring_buffer.o" "../src/ring_buffer.c"
Finished building: ../src/ring_buffer.c
 
Building file: ../src/ritimer_18xx_43xx.c
Invoking: MCU C Compiler
arm-none-eabi-gcc -D__REDLIB__ -DDEBUG -D__CODE_RED -D__USE_LPCOPEN -DCORE_M4 -I"/home/pato/Embebidos/TpFinal/Workspaces/Workspace LPCOPEN/lpc_chip_43xx/inc" -O0 -g3 -Wall -c -fmessage-length=0 -fno-builtin -ffunction-sections -fdata-sections -fsingle-precision-constant -mcpu=cortex-m4 -mfpu=fpv4-sp-d16 -mfloat-abi=softfp -mthumb -specs=redlib.specs -MMD -MP -MF"src/ritimer_18xx_43xx.d" -MT"src/ritimer_18xx_43xx.o" -MT"src/ritimer_18xx_43xx.d" -o "src/ritimer_18xx_43xx.o" "../src/ritimer_18xx_43xx.c"
Finished building: ../src/ritimer_18xx_43xx.c
 
Building file: ../src/rtc_18xx_43xx.c
Invoking: MCU C Compiler
arm-none-eabi-gcc -D__REDLIB__ -DDEBUG -D__CODE_RED -D__USE_LPCOPEN -DCORE_M4 -I"/home/pato/Embebidos/TpFinal/Workspaces/Workspace LPCOPEN/lpc_chip_43xx/inc" -O0 -g3 -Wall -c -fmessage-length=0 -fno-builtin -ffunction-sections -fdata-sections -fsingle-precision-constant -mcpu=cortex-m4 -mfpu=fpv4-sp-d16 -mfloat-abi=softfp -mthumb -specs=redlib.specs -MMD -MP -MF"src/rtc_18xx_43xx.d" -MT"src/rtc_18xx_43xx.o" -MT"src/rtc_18xx_43xx.d" -o "src/rtc_18xx_43xx.o" "../src/rtc_18xx_43xx.c"
Finished building: ../src/rtc_18xx_43xx.c
 
Building file: ../src/sct_18xx_43xx.c
Invoking: MCU C Compiler
arm-none-eabi-gcc -D__REDLIB__ -DDEBUG -D__CODE_RED -D__USE_LPCOPEN -DCORE_M4 -I"/home/pato/Embebidos/TpFinal/Workspaces/Workspace LPCOPEN/lpc_chip_43xx/inc" -O0 -g3 -Wall -c -fmessage-length=0 -fno-builtin -ffunction-sections -fdata-sections -fsingle-precision-constant -mcpu=cortex-m4 -mfpu=fpv4-sp-d16 -mfloat-abi=softfp -mthumb -specs=redlib.specs -MMD -MP -MF"src/sct_18xx_43xx.d" -MT"src/sct_18xx_43xx.o" -MT"src/sct_18xx_43xx.d" -o "src/sct_18xx_43xx.o" "../src/sct_18xx_43xx.c"
Finished building: ../src/sct_18xx_43xx.c
 
Building file: ../src/sct_pwm_18xx_43xx.c
Invoking: MCU C Compiler
arm-none-eabi-gcc -D__REDLIB__ -DDEBUG -D__CODE_RED -D__USE_LPCOPEN -DCORE_M4 -I"/home/pato/Embebidos/TpFinal/Workspaces/Workspace LPCOPEN/lpc_chip_43xx/inc" -O0 -g3 -Wall -c -fmessage-length=0 -fno-builtin -ffunction-sections -fdata-sections -fsingle-precision-constant -mcpu=cortex-m4 -mfpu=fpv4-sp-d16 -mfloat-abi=softfp -mthumb -specs=redlib.specs -MMD -MP -MF"src/sct_pwm_18xx_43xx.d" -MT"src/sct_pwm_18xx_43xx.o" -MT"src/sct_pwm_18xx_43xx.d" -o "src/sct_pwm_18xx_43xx.o" "../src/sct_pwm_18xx_43xx.c"
Finished building: ../src/sct_pwm_18xx_43xx.c
 
Building file: ../src/sdif_18xx_43xx.c
Invoking: MCU C Compiler
arm-none-eabi-gcc -D__REDLIB__ -DDEBUG -D__CODE_RED -D__USE_LPCOPEN -DCORE_M4 -I"/home/pato/Embebidos/TpFinal/Workspaces/Workspace LPCOPEN/lpc_chip_43xx/inc" -O0 -g3 -Wall -c -fmessage-length=0 -fno-builtin -ffunction-sections -fdata-sections -fsingle-precision-constant -mcpu=cortex-m4 -mfpu=fpv4-sp-d16 -mfloat-abi=softfp -mthumb -specs=redlib.specs -MMD -MP -MF"src/sdif_18xx_43xx.d" -MT"src/sdif_18xx_43xx.o" -MT"src/sdif_18xx_43xx.d" -o "src/sdif_18xx_43xx.o" "../src/sdif_18xx_43xx.c"
Finished building: ../src/sdif_18xx_43xx.c
 
Building file: ../src/sdio_18xx_43xx.c
Invoking: MCU C Compiler
arm-none-eabi-gcc -D__REDLIB__ -DDEBUG -D__CODE_RED -D__USE_LPCOPEN -DCORE_M4 -I"/home/pato/Embebidos/TpFinal/Workspaces/Workspace LPCOPEN/lpc_chip_43xx/inc" -O0 -g3 -Wall -c -fmessage-length=0 -fno-builtin -ffunction-sections -fdata-sections -fsingle-precision-constant -mcpu=cortex-m4 -mfpu=fpv4-sp-d16 -mfloat-abi=softfp -mthumb -specs=redlib.specs -MMD -MP -MF"src/sdio_18xx_43xx.d" -MT"src/sdio_18xx_43xx.o" -MT"src/sdio_18xx_43xx.d" -o "src/sdio_18xx_43xx.o" "../src/sdio_18xx_43xx.c"
Finished building: ../src/sdio_18xx_43xx.c
 
Building file: ../src/sdmmc_18xx_43xx.c
Invoking: MCU C Compiler
arm-none-eabi-gcc -D__REDLIB__ -DDEBUG -D__CODE_RED -D__USE_LPCOPEN -DCORE_M4 -I"/home/pato/Embebidos/TpFinal/Workspaces/Workspace LPCOPEN/lpc_chip_43xx/inc" -O0 -g3 -Wall -c -fmessage-length=0 -fno-builtin -ffunction-sections -fdata-sections -fsingle-precision-constant -mcpu=cortex-m4 -mfpu=fpv4-sp-d16 -mfloat-abi=softfp -mthumb -specs=redlib.specs -MMD -MP -MF"src/sdmmc_18xx_43xx.d" -MT"src/sdmmc_18xx_43xx.o" -MT"src/sdmmc_18xx_43xx.d" -o "src/sdmmc_18xx_43xx.o" "../src/sdmmc_18xx_43xx.c"
Finished building: ../src/sdmmc_18xx_43xx.c
 
Building file: ../src/spi_18xx_43xx.c
Invoking: MCU C Compiler
arm-none-eabi-gcc -D__REDLIB__ -DDEBUG -D__CODE_RED -D__USE_LPCOPEN -DCORE_M4 -I"/home/pato/Embebidos/TpFinal/Workspaces/Workspace LPCOPEN/lpc_chip_43xx/inc" -O0 -g3 -Wall -c -fmessage-length=0 -fno-builtin -ffunction-sections -fdata-sections -fsingle-precision-constant -mcpu=cortex-m4 -mfpu=fpv4-sp-d16 -mfloat-abi=softfp -mthumb -specs=redlib.specs -MMD -MP -MF"src/spi_18xx_43xx.d" -MT"src/spi_18xx_43xx.o" -MT"src/spi_18xx_43xx.d" -o "src/spi_18xx_43xx.o" "../src/spi_18xx_43xx.c"
../src/spi_18xx_43xx.c: In function 'Chip_SPI_Int_FlushData':
../src/spi_18xx_43xx.c:138:20: warning: variable 'tmp' set but not used [-Wunused-but-set-variable]
  volatile uint32_t tmp;
                    ^
Finished building: ../src/spi_18xx_43xx.c
 
Building file: ../src/ssp_18xx_43xx.c
Invoking: MCU C Compiler
arm-none-eabi-gcc -D__REDLIB__ -DDEBUG -D__CODE_RED -D__USE_LPCOPEN -DCORE_M4 -I"/home/pato/Embebidos/TpFinal/Workspaces/Workspace LPCOPEN/lpc_chip_43xx/inc" -O0 -g3 -Wall -c -fmessage-length=0 -fno-builtin -ffunction-sections -fdata-sections -fsingle-precision-constant -mcpu=cortex-m4 -mfpu=fpv4-sp-d16 -mfloat-abi=softfp -mthumb -specs=redlib.specs -MMD -MP -MF"src/ssp_18xx_43xx.d" -MT"src/ssp_18xx_43xx.o" -MT"src/ssp_18xx_43xx.d" -o "src/ssp_18xx_43xx.o" "../src/ssp_18xx_43xx.c"
Finished building: ../src/ssp_18xx_43xx.c
 
Building file: ../src/stopwatch_18xx_43xx.c
Invoking: MCU C Compiler
arm-none-eabi-gcc -D__REDLIB__ -DDEBUG -D__CODE_RED -D__USE_LPCOPEN -DCORE_M4 -I"/home/pato/Embebidos/TpFinal/Workspaces/Workspace LPCOPEN/lpc_chip_43xx/inc" -O0 -g3 -Wall -c -fmessage-length=0 -fno-builtin -ffunction-sections -fdata-sections -fsingle-precision-constant -mcpu=cortex-m4 -mfpu=fpv4-sp-d16 -mfloat-abi=softfp -mthumb -specs=redlib.specs -MMD -MP -MF"src/stopwatch_18xx_43xx.d" -MT"src/stopwatch_18xx_43xx.o" -MT"src/stopwatch_18xx_43xx.d" -o "src/stopwatch_18xx_43xx.o" "../src/stopwatch_18xx_43xx.c"
Finished building: ../src/stopwatch_18xx_43xx.c
 
Building file: ../src/sysinit_18xx_43xx.c
Invoking: MCU C Compiler
arm-none-eabi-gcc -D__REDLIB__ -DDEBUG -D__CODE_RED -D__USE_LPCOPEN -DCORE_M4 -I"/home/pato/Embebidos/TpFinal/Workspaces/Workspace LPCOPEN/lpc_chip_43xx/inc" -O0 -g3 -Wall -c -fmessage-length=0 -fno-builtin -ffunction-sections -fdata-sections -fsingle-precision-constant -mcpu=cortex-m4 -mfpu=fpv4-sp-d16 -mfloat-abi=softfp -mthumb -specs=redlib.specs -MMD -MP -MF"src/sysinit_18xx_43xx.d" -MT"src/sysinit_18xx_43xx.o" -MT"src/sysinit_18xx_43xx.d" -o "src/sysinit_18xx_43xx.o" "../src/sysinit_18xx_43xx.c"
Finished building: ../src/sysinit_18xx_43xx.c
 
Building file: ../src/timer_18xx_43xx.c
Invoking: MCU C Compiler
arm-none-eabi-gcc -D__REDLIB__ -DDEBUG -D__CODE_RED -D__USE_LPCOPEN -DCORE_M4 -I"/home/pato/Embebidos/TpFinal/Workspaces/Workspace LPCOPEN/lpc_chip_43xx/inc" -O0 -g3 -Wall -c -fmessage-length=0 -fno-builtin -ffunction-sections -fdata-sections -fsingle-precision-constant -mcpu=cortex-m4 -mfpu=fpv4-sp-d16 -mfloat-abi=softfp -mthumb -specs=redlib.specs -MMD -MP -MF"src/timer_18xx_43xx.d" -MT"src/timer_18xx_43xx.o" -MT"src/timer_18xx_43xx.d" -o "src/timer_18xx_43xx.o" "../src/timer_18xx_43xx.c"
Finished building: ../src/timer_18xx_43xx.c
 
Building file: ../src/uart_18xx_43xx.c
Invoking: MCU C Compiler
arm-none-eabi-gcc -D__REDLIB__ -DDEBUG -D__CODE_RED -D__USE_LPCOPEN -DCORE_M4 -I"/home/pato/Embebidos/TpFinal/Workspaces/Workspace LPCOPEN/lpc_chip_43xx/inc" -O0 -g3 -Wall -c -fmessage-length=0 -fno-builtin -ffunction-sections -fdata-sections -fsingle-precision-constant -mcpu=cortex-m4 -mfpu=fpv4-sp-d16 -mfloat-abi=softfp -mthumb -specs=redlib.specs -MMD -MP -MF"src/uart_18xx_43xx.d" -MT"src/uart_18xx_43xx.o" -MT"src/uart_18xx_43xx.d" -o "src/uart_18xx_43xx.o" "../src/uart_18xx_43xx.c"
../src/uart_18xx_43xx.c: In function 'Chip_UART_Init':
../src/uart_18xx_43xx.c:98:23: warning: variable 'tmp' set but not used [-Wunused-but-set-variable]
     volatile uint32_t tmp;
                       ^
Finished building: ../src/uart_18xx_43xx.c
 
Building file: ../src/wwdt_18xx_43xx.c
Invoking: MCU C Compiler
arm-none-eabi-gcc -D__REDLIB__ -DDEBUG -D__CODE_RED -D__USE_LPCOPEN -DCORE_M4 -I"/home/pato/Embebidos/TpFinal/Workspaces/Workspace LPCOPEN/lpc_chip_43xx/inc" -O0 -g3 -Wall -c -fmessage-length=0 -fno-builtin -ffunction-sections -fdata-sections -fsingle-precision-constant -mcpu=cortex-m4 -mfpu=fpv4-sp-d16 -mfloat-abi=softfp -mthumb -specs=redlib.specs -MMD -MP -MF"src/wwdt_18xx_43xx.d" -MT"src/wwdt_18xx_43xx.o" -MT"src/wwdt_18xx_43xx.d" -o "src/wwdt_18xx_43xx.o" "../src/wwdt_18xx_43xx.c"
Finished building: ../src/wwdt_18xx_43xx.c
 
Building target: liblpc_chip_43xx.a
Invoking: MCU Archiver
arm-none-eabi-ar -r  "liblpc_chip_43xx.a"  ./src/adc_18xx_43xx.o ./src/aes_18xx_43xx.o ./src/atimer_18xx_43xx.o ./src/ccan_18xx_43xx.o ./src/chip_18xx_43xx.o ./src/clock_18xx_43xx.o ./src/dac_18xx_43xx.o ./src/eeprom_18xx_43xx.o ./src/emc_18xx_43xx.o ./src/enet_18xx_43xx.o ./src/evrt_18xx_43xx.o ./src/fpu_init.o ./src/gpdma_18xx_43xx.o ./src/gpio_18xx_43xx.o ./src/gpiogroup_18xx_43xx.o ./src/hsadc_18xx_43xx.o ./src/i2c_18xx_43xx.o ./src/i2cm_18xx_43xx.o ./src/i2s_18xx_43xx.o ./src/iap_18xx_43xx.o ./src/lcd_18xx_43xx.o ./src/otp_18xx_43xx.o ./src/pinint_18xx_43xx.o ./src/pmc_18xx_43xx.o ./src/ring_buffer.o ./src/ritimer_18xx_43xx.o ./src/rtc_18xx_43xx.o ./src/sct_18xx_43xx.o ./src/sct_pwm_18xx_43xx.o ./src/sdif_18xx_43xx.o ./src/sdio_18xx_43xx.o ./src/sdmmc_18xx_43xx.o ./src/spi_18xx_43xx.o ./src/ssp_18xx_43xx.o ./src/stopwatch_18xx_43xx.o ./src/sysinit_18xx_43xx.o ./src/timer_18xx_43xx.o ./src/uart_18xx_43xx.o ./src/wwdt_18xx_43xx.o   
arm-none-eabi-ar: creating liblpc_chip_43xx.a
Finished building target: liblpc_chip_43xx.a
 
make --no-print-directory post-build
Performing post-build steps
arm-none-eabi-size "liblpc_chip_43xx.a" ; # arm-none-eabi-objdump -h -S "liblpc_chip_43xx.a" >"liblpc_chip_43xx.lss"
   text	   data	    bss	    dec	    hex	filename
   1100	      0	      0	   1100	    44c	adc_18xx_43xx.o (ex liblpc_chip_43xx.a)
    648	      0	     56	    704	    2c0	aes_18xx_43xx.o (ex liblpc_chip_43xx.a)
    144	      0	      0	    144	     90	atimer_18xx_43xx.o (ex liblpc_chip_43xx.a)
   2072	      0	      0	   2072	    818	ccan_18xx_43xx.o (ex liblpc_chip_43xx.a)
    252	      0	      0	    252	     fc	chip_18xx_43xx.o (ex liblpc_chip_43xx.a)
   4254	      0	      8	   4262	   10a6	clock_18xx_43xx.o (ex liblpc_chip_43xx.a)
    156	      0	      0	    156	     9c	dac_18xx_43xx.o (ex liblpc_chip_43xx.a)
    360	      0	      0	    360	    168	eeprom_18xx_43xx.o (ex liblpc_chip_43xx.a)
   1452	      0	      0	   1452	    5ac	emc_18xx_43xx.o (ex liblpc_chip_43xx.a)
    828	      0	      4	    832	    340	enet_18xx_43xx.o (ex liblpc_chip_43xx.a)
    420	      0	      0	    420	    1a4	evrt_18xx_43xx.o (ex liblpc_chip_43xx.a)
    116	      0	      0	    116	     74	fpu_init.o (ex liblpc_chip_43xx.a)
   2696	    120	      8	   2824	    b08	gpdma_18xx_43xx.o (ex liblpc_chip_43xx.a)
    620	      0	      0	    620	    26c	gpio_18xx_43xx.o (ex liblpc_chip_43xx.a)
      0	      0	      0	      0	      0	gpiogroup_18xx_43xx.o (ex liblpc_chip_43xx.a)
    808	      0	      0	    808	    328	hsadc_18xx_43xx.o (ex liblpc_chip_43xx.a)
   3712	     56	     80	   3848	    f08	i2c_18xx_43xx.o (ex liblpc_chip_43xx.a)
   1684	      0	      0	   1684	    694	i2cm_18xx_43xx.o (ex liblpc_chip_43xx.a)
   1336	      0	      0	   1336	    538	i2s_18xx_43xx.o (ex liblpc_chip_43xx.a)
    652	      0	      0	    652	    28c	iap_18xx_43xx.o (ex liblpc_chip_43xx.a)
    924	      1	      0	    925	    39d	lcd_18xx_43xx.o (ex liblpc_chip_43xx.a)
    464	      0	     40	    504	    1f8	otp_18xx_43xx.o (ex liblpc_chip_43xx.a)
      0	      0	      0	      0	      0	pinint_18xx_43xx.o (ex liblpc_chip_43xx.a)
     56	      0	      0	     56	     38	pmc_18xx_43xx.o (ex liblpc_chip_43xx.a)
    980	      0	      0	    980	    3d4	ring_buffer.o (ex liblpc_chip_43xx.a)
    244	      0	      0	    244	     f4	ritimer_18xx_43xx.o (ex liblpc_chip_43xx.a)
    996	      0	      0	    996	    3e4	rtc_18xx_43xx.o (ex liblpc_chip_43xx.a)
    188	      0	      0	    188	     bc	sct_18xx_43xx.o (ex liblpc_chip_43xx.a)
    432	      0	      0	    432	    1b0	sct_pwm_18xx_43xx.o (ex liblpc_chip_43xx.a)
    696	      0	      0	    696	    2b8	sdif_18xx_43xx.o (ex liblpc_chip_43xx.a)
   2644	      4	    320	   2968	    b98	sdio_18xx_43xx.o (ex liblpc_chip_43xx.a)
   3164	      0	      4	   3168	    c60	sdmmc_18xx_43xx.o (ex liblpc_chip_43xx.a)
   1056	      0	      0	   1056	    420	spi_18xx_43xx.o (ex liblpc_chip_43xx.a)
   2320	      0	      0	   2320	    910	ssp_18xx_43xx.o (ex liblpc_chip_43xx.a)
    388	      0	     12	    400	    190	stopwatch_18xx_43xx.o (ex liblpc_chip_43xx.a)
    600	      0	      0	    600	    258	sysinit_18xx_43xx.o (ex liblpc_chip_43xx.a)
    308	      0	      0	    308	    134	timer_18xx_43xx.o (ex liblpc_chip_43xx.a)
   2172	      0	      1	   2173	    87d	uart_18xx_43xx.o (ex liblpc_chip_43xx.a)
    132	      0	      0	    132	     84	wwdt_18xx_43xx.o (ex liblpc_chip_43xx.a)
 
13:16:39 **** Build of configuration Debug for project lwip_freertos_webserver ****
make -r all 
Building file: ../lwip/src/netif/etharp.c
Invoking: MCU C Compiler
arm-none-eabi-gcc -D__MULTICORE_NONE -DDEBUG -D__CODE_RED -D__USE_LPCOPEN -D__REDLIB__ -DCORE_M4 -I"/home/pato/Embebidos/TpFinal/Workspaces/Workspace LPCOPEN/lpc_chip_43xx/inc" -I"/home/pato/Embebidos/TpFinal/Workspaces/Workspace LPCOPEN/lpc_board_nxp_lpcxpresso_4337/inc" -I"/home/pato/Embebidos/TpFinal/Workspaces/Workspace LPCOPEN/lwip_freertos_webserver/example/inc" -I"/home/pato/Embebidos/TpFinal/Workspaces/Workspace LPCOPEN/lwip_freertos_webserver/lwip/inc" -I"/home/pato/Embebidos/TpFinal/Workspaces/Workspace LPCOPEN/lwip_freertos_webserver/lwip/inc/ipv4" -I"/home/pato/Embebidos/TpFinal/Workspaces/Workspace LPCOPEN/lwip_freertos_webserver/fatfs/inc" -I"/home/pato/Embebidos/TpFinal/Workspaces/Workspace LPCOPEN/lwip_freertos_webserver/freertos/inc" -O0 -g3 -Wall -c -fmessage-length=0 -fno-builtin -ffunction-sections -fdata-sections -fsingle-precision-constant -mcpu=cortex-m4 -mfpu=fpv4-sp-d16 -mfloat-abi=softfp -mthumb -specs=redlib.specs -MMD -MP -MF"lwip/src/netif/etharp.d" -MT"lwip/src/netif/etharp.o" -MT"lwip/src/netif/etharp.d" -o "lwip/src/netif/etharp.o" "../lwip/src/netif/etharp.c"
Finished building: ../lwip/src/netif/etharp.c
 
Building file: ../lwip/src/netif/ethernetif.c
Invoking: MCU C Compiler
arm-none-eabi-gcc -D__MULTICORE_NONE -DDEBUG -D__CODE_RED -D__USE_LPCOPEN -D__REDLIB__ -DCORE_M4 -I"/home/pato/Embebidos/TpFinal/Workspaces/Workspace LPCOPEN/lpc_chip_43xx/inc" -I"/home/pato/Embebidos/TpFinal/Workspaces/Workspace LPCOPEN/lpc_board_nxp_lpcxpresso_4337/inc" -I"/home/pato/Embebidos/TpFinal/Workspaces/Workspace LPCOPEN/lwip_freertos_webserver/example/inc" -I"/home/pato/Embebidos/TpFinal/Workspaces/Workspace LPCOPEN/lwip_freertos_webserver/lwip/inc" -I"/home/pato/Embebidos/TpFinal/Workspaces/Workspace LPCOPEN/lwip_freertos_webserver/lwip/inc/ipv4" -I"/home/pato/Embebidos/TpFinal/Workspaces/Workspace LPCOPEN/lwip_freertos_webserver/fatfs/inc" -I"/home/pato/Embebidos/TpFinal/Workspaces/Workspace LPCOPEN/lwip_freertos_webserver/freertos/inc" -O0 -g3 -Wall -c -fmessage-length=0 -fno-builtin -ffunction-sections -fdata-sections -fsingle-precision-constant -mcpu=cortex-m4 -mfpu=fpv4-sp-d16 -mfloat-abi=softfp -mthumb -specs=redlib.specs -MMD -MP -MF"lwip/src/netif/ethernetif.d" -MT"lwip/src/netif/ethernetif.o" -MT"lwip/src/netif/ethernetif.d" -o "lwip/src/netif/ethernetif.o" "../lwip/src/netif/ethernetif.c"
Finished building: ../lwip/src/netif/ethernetif.c
 
Building file: ../lwip/src/core/ipv4/autoip.c
Invoking: MCU C Compiler
arm-none-eabi-gcc -D__MULTICORE_NONE -DDEBUG -D__CODE_RED -D__USE_LPCOPEN -D__REDLIB__ -DCORE_M4 -I"/home/pato/Embebidos/TpFinal/Workspaces/Workspace LPCOPEN/lpc_chip_43xx/inc" -I"/home/pato/Embebidos/TpFinal/Workspaces/Workspace LPCOPEN/lpc_board_nxp_lpcxpresso_4337/inc" -I"/home/pato/Embebidos/TpFinal/Workspaces/Workspace LPCOPEN/lwip_freertos_webserver/example/inc" -I"/home/pato/Embebidos/TpFinal/Workspaces/Workspace LPCOPEN/lwip_freertos_webserver/lwip/inc" -I"/home/pato/Embebidos/TpFinal/Workspaces/Workspace LPCOPEN/lwip_freertos_webserver/lwip/inc/ipv4" -I"/home/pato/Embebidos/TpFinal/Workspaces/Workspace LPCOPEN/lwip_freertos_webserver/fatfs/inc" -I"/home/pato/Embebidos/TpFinal/Workspaces/Workspace LPCOPEN/lwip_freertos_webserver/freertos/inc" -O0 -g3 -Wall -c -fmessage-length=0 -fno-builtin -ffunction-sections -fdata-sections -fsingle-precision-constant -mcpu=cortex-m4 -mfpu=fpv4-sp-d16 -mfloat-abi=softfp -mthumb -specs=redlib.specs -MMD -MP -MF"lwip/src/core/ipv4/autoip.d" -MT"lwip/src/core/ipv4/autoip.o" -MT"lwip/src/core/ipv4/autoip.d" -o "lwip/src/core/ipv4/autoip.o" "../lwip/src/core/ipv4/autoip.c"
Finished building: ../lwip/src/core/ipv4/autoip.c
 
Building file: ../lwip/src/core/ipv4/icmp.c
Invoking: MCU C Compiler
arm-none-eabi-gcc -D__MULTICORE_NONE -DDEBUG -D__CODE_RED -D__USE_LPCOPEN -D__REDLIB__ -DCORE_M4 -I"/home/pato/Embebidos/TpFinal/Workspaces/Workspace LPCOPEN/lpc_chip_43xx/inc" -I"/home/pato/Embebidos/TpFinal/Workspaces/Workspace LPCOPEN/lpc_board_nxp_lpcxpresso_4337/inc" -I"/home/pato/Embebidos/TpFinal/Workspaces/Workspace LPCOPEN/lwip_freertos_webserver/example/inc" -I"/home/pato/Embebidos/TpFinal/Workspaces/Workspace LPCOPEN/lwip_freertos_webserver/lwip/inc" -I"/home/pato/Embebidos/TpFinal/Workspaces/Workspace LPCOPEN/lwip_freertos_webserver/lwip/inc/ipv4" -I"/home/pato/Embebidos/TpFinal/Workspaces/Workspace LPCOPEN/lwip_freertos_webserver/fatfs/inc" -I"/home/pato/Embebidos/TpFinal/Workspaces/Workspace LPCOPEN/lwip_freertos_webserver/freertos/inc" -O0 -g3 -Wall -c -fmessage-length=0 -fno-builtin -ffunction-sections -fdata-sections -fsingle-precision-constant -mcpu=cortex-m4 -mfpu=fpv4-sp-d16 -mfloat-abi=softfp -mthumb -specs=redlib.specs -MMD -MP -MF"lwip/src/core/ipv4/icmp.d" -MT"lwip/src/core/ipv4/icmp.o" -MT"lwip/src/core/ipv4/icmp.d" -o "lwip/src/core/ipv4/icmp.o" "../lwip/src/core/ipv4/icmp.c"
Finished building: ../lwip/src/core/ipv4/icmp.c
 
Building file: ../lwip/src/core/ipv4/igmp.c
Invoking: MCU C Compiler
arm-none-eabi-gcc -D__MULTICORE_NONE -DDEBUG -D__CODE_RED -D__USE_LPCOPEN -D__REDLIB__ -DCORE_M4 -I"/home/pato/Embebidos/TpFinal/Workspaces/Workspace LPCOPEN/lpc_chip_43xx/inc" -I"/home/pato/Embebidos/TpFinal/Workspaces/Workspace LPCOPEN/lpc_board_nxp_lpcxpresso_4337/inc" -I"/home/pato/Embebidos/TpFinal/Workspaces/Workspace LPCOPEN/lwip_freertos_webserver/example/inc" -I"/home/pato/Embebidos/TpFinal/Workspaces/Workspace LPCOPEN/lwip_freertos_webserver/lwip/inc" -I"/home/pato/Embebidos/TpFinal/Workspaces/Workspace LPCOPEN/lwip_freertos_webserver/lwip/inc/ipv4" -I"/home/pato/Embebidos/TpFinal/Workspaces/Workspace LPCOPEN/lwip_freertos_webserver/fatfs/inc" -I"/home/pato/Embebidos/TpFinal/Workspaces/Workspace LPCOPEN/lwip_freertos_webserver/freertos/inc" -O0 -g3 -Wall -c -fmessage-length=0 -fno-builtin -ffunction-sections -fdata-sections -fsingle-precision-constant -mcpu=cortex-m4 -mfpu=fpv4-sp-d16 -mfloat-abi=softfp -mthumb -specs=redlib.specs -MMD -MP -MF"lwip/src/core/ipv4/igmp.d" -MT"lwip/src/core/ipv4/igmp.o" -MT"lwip/src/core/ipv4/igmp.d" -o "lwip/src/core/ipv4/igmp.o" "../lwip/src/core/ipv4/igmp.c"
Finished building: ../lwip/src/core/ipv4/igmp.c
 
Building file: ../lwip/src/core/ipv4/inet.c
Invoking: MCU C Compiler
arm-none-eabi-gcc -D__MULTICORE_NONE -DDEBUG -D__CODE_RED -D__USE_LPCOPEN -D__REDLIB__ -DCORE_M4 -I"/home/pato/Embebidos/TpFinal/Workspaces/Workspace LPCOPEN/lpc_chip_43xx/inc" -I"/home/pato/Embebidos/TpFinal/Workspaces/Workspace LPCOPEN/lpc_board_nxp_lpcxpresso_4337/inc" -I"/home/pato/Embebidos/TpFinal/Workspaces/Workspace LPCOPEN/lwip_freertos_webserver/example/inc" -I"/home/pato/Embebidos/TpFinal/Workspaces/Workspace LPCOPEN/lwip_freertos_webserver/lwip/inc" -I"/home/pato/Embebidos/TpFinal/Workspaces/Workspace LPCOPEN/lwip_freertos_webserver/lwip/inc/ipv4" -I"/home/pato/Embebidos/TpFinal/Workspaces/Workspace LPCOPEN/lwip_freertos_webserver/fatfs/inc" -I"/home/pato/Embebidos/TpFinal/Workspaces/Workspace LPCOPEN/lwip_freertos_webserver/freertos/inc" -O0 -g3 -Wall -c -fmessage-length=0 -fno-builtin -ffunction-sections -fdata-sections -fsingle-precision-constant -mcpu=cortex-m4 -mfpu=fpv4-sp-d16 -mfloat-abi=softfp -mthumb -specs=redlib.specs -MMD -MP -MF"lwip/src/core/ipv4/inet.d" -MT"lwip/src/core/ipv4/inet.o" -MT"lwip/src/core/ipv4/inet.d" -o "lwip/src/core/ipv4/inet.o" "../lwip/src/core/ipv4/inet.c"
Finished building: ../lwip/src/core/ipv4/inet.c
 
Building file: ../lwip/src/core/ipv4/inet_chksum.c
Invoking: MCU C Compiler
arm-none-eabi-gcc -D__MULTICORE_NONE -DDEBUG -D__CODE_RED -D__USE_LPCOPEN -D__REDLIB__ -DCORE_M4 -I"/home/pato/Embebidos/TpFinal/Workspaces/Workspace LPCOPEN/lpc_chip_43xx/inc" -I"/home/pato/Embebidos/TpFinal/Workspaces/Workspace LPCOPEN/lpc_board_nxp_lpcxpresso_4337/inc" -I"/home/pato/Embebidos/TpFinal/Workspaces/Workspace LPCOPEN/lwip_freertos_webserver/example/inc" -I"/home/pato/Embebidos/TpFinal/Workspaces/Workspace LPCOPEN/lwip_freertos_webserver/lwip/inc" -I"/home/pato/Embebidos/TpFinal/Workspaces/Workspace LPCOPEN/lwip_freertos_webserver/lwip/inc/ipv4" -I"/home/pato/Embebidos/TpFinal/Workspaces/Workspace LPCOPEN/lwip_freertos_webserver/fatfs/inc" -I"/home/pato/Embebidos/TpFinal/Workspaces/Workspace LPCOPEN/lwip_freertos_webserver/freertos/inc" -O0 -g3 -Wall -c -fmessage-length=0 -fno-builtin -ffunction-sections -fdata-sections -fsingle-precision-constant -mcpu=cortex-m4 -mfpu=fpv4-sp-d16 -mfloat-abi=softfp -mthumb -specs=redlib.specs -MMD -MP -MF"lwip/src/core/ipv4/inet_chksum.d" -MT"lwip/src/core/ipv4/inet_chksum.o" -MT"lwip/src/core/ipv4/inet_chksum.d" -o "lwip/src/core/ipv4/inet_chksum.o" "../lwip/src/core/ipv4/inet_chksum.c"
Finished building: ../lwip/src/core/ipv4/inet_chksum.c
 
Building file: ../lwip/src/core/ipv4/ip.c
Invoking: MCU C Compiler
arm-none-eabi-gcc -D__MULTICORE_NONE -DDEBUG -D__CODE_RED -D__USE_LPCOPEN -D__REDLIB__ -DCORE_M4 -I"/home/pato/Embebidos/TpFinal/Workspaces/Workspace LPCOPEN/lpc_chip_43xx/inc" -I"/home/pato/Embebidos/TpFinal/Workspaces/Workspace LPCOPEN/lpc_board_nxp_lpcxpresso_4337/inc" -I"/home/pato/Embebidos/TpFinal/Workspaces/Workspace LPCOPEN/lwip_freertos_webserver/example/inc" -I"/home/pato/Embebidos/TpFinal/Workspaces/Workspace LPCOPEN/lwip_freertos_webserver/lwip/inc" -I"/home/pato/Embebidos/TpFinal/Workspaces/Workspace LPCOPEN/lwip_freertos_webserver/lwip/inc/ipv4" -I"/home/pato/Embebidos/TpFinal/Workspaces/Workspace LPCOPEN/lwip_freertos_webserver/fatfs/inc" -I"/home/pato/Embebidos/TpFinal/Workspaces/Workspace LPCOPEN/lwip_freertos_webserver/freertos/inc" -O0 -g3 -Wall -c -fmessage-length=0 -fno-builtin -ffunction-sections -fdata-sections -fsingle-precision-constant -mcpu=cortex-m4 -mfpu=fpv4-sp-d16 -mfloat-abi=softfp -mthumb -specs=redlib.specs -MMD -MP -MF"lwip/src/core/ipv4/ip.d" -MT"lwip/src/core/ipv4/ip.o" -MT"lwip/src/core/ipv4/ip.d" -o "lwip/src/core/ipv4/ip.o" "../lwip/src/core/ipv4/ip.c"
Finished building: ../lwip/src/core/ipv4/ip.c
 
Building file: ../lwip/src/core/ipv4/ip_addr.c
Invoking: MCU C Compiler
arm-none-eabi-gcc -D__MULTICORE_NONE -DDEBUG -D__CODE_RED -D__USE_LPCOPEN -D__REDLIB__ -DCORE_M4 -I"/home/pato/Embebidos/TpFinal/Workspaces/Workspace LPCOPEN/lpc_chip_43xx/inc" -I"/home/pato/Embebidos/TpFinal/Workspaces/Workspace LPCOPEN/lpc_board_nxp_lpcxpresso_4337/inc" -I"/home/pato/Embebidos/TpFinal/Workspaces/Workspace LPCOPEN/lwip_freertos_webserver/example/inc" -I"/home/pato/Embebidos/TpFinal/Workspaces/Workspace LPCOPEN/lwip_freertos_webserver/lwip/inc" -I"/home/pato/Embebidos/TpFinal/Workspaces/Workspace LPCOPEN/lwip_freertos_webserver/lwip/inc/ipv4" -I"/home/pato/Embebidos/TpFinal/Workspaces/Workspace LPCOPEN/lwip_freertos_webserver/fatfs/inc" -I"/home/pato/Embebidos/TpFinal/Workspaces/Workspace LPCOPEN/lwip_freertos_webserver/freertos/inc" -O0 -g3 -Wall -c -fmessage-length=0 -fno-builtin -ffunction-sections -fdata-sections -fsingle-precision-constant -mcpu=cortex-m4 -mfpu=fpv4-sp-d16 -mfloat-abi=softfp -mthumb -specs=redlib.specs -MMD -MP -MF"lwip/src/core/ipv4/ip_addr.d" -MT"lwip/src/core/ipv4/ip_addr.o" -MT"lwip/src/core/ipv4/ip_addr.d" -o "lwip/src/core/ipv4/ip_addr.o" "../lwip/src/core/ipv4/ip_addr.c"
Finished building: ../lwip/src/core/ipv4/ip_addr.c
 
Building file: ../lwip/src/core/ipv4/ip_frag.c
Invoking: MCU C Compiler
arm-none-eabi-gcc -D__MULTICORE_NONE -DDEBUG -D__CODE_RED -D__USE_LPCOPEN -D__REDLIB__ -DCORE_M4 -I"/home/pato/Embebidos/TpFinal/Workspaces/Workspace LPCOPEN/lpc_chip_43xx/inc" -I"/home/pato/Embebidos/TpFinal/Workspaces/Workspace LPCOPEN/lpc_board_nxp_lpcxpresso_4337/inc" -I"/home/pato/Embebidos/TpFinal/Workspaces/Workspace LPCOPEN/lwip_freertos_webserver/example/inc" -I"/home/pato/Embebidos/TpFinal/Workspaces/Workspace LPCOPEN/lwip_freertos_webserver/lwip/inc" -I"/home/pato/Embebidos/TpFinal/Workspaces/Workspace LPCOPEN/lwip_freertos_webserver/lwip/inc/ipv4" -I"/home/pato/Embebidos/TpFinal/Workspaces/Workspace LPCOPEN/lwip_freertos_webserver/fatfs/inc" -I"/home/pato/Embebidos/TpFinal/Workspaces/Workspace LPCOPEN/lwip_freertos_webserver/freertos/inc" -O0 -g3 -Wall -c -fmessage-length=0 -fno-builtin -ffunction-sections -fdata-sections -fsingle-precision-constant -mcpu=cortex-m4 -mfpu=fpv4-sp-d16 -mfloat-abi=softfp -mthumb -specs=redlib.specs -MMD -MP -MF"lwip/src/core/ipv4/ip_frag.d" -MT"lwip/src/core/ipv4/ip_frag.o" -MT"lwip/src/core/ipv4/ip_frag.d" -o "lwip/src/core/ipv4/ip_frag.o" "../lwip/src/core/ipv4/ip_frag.c"
Finished building: ../lwip/src/core/ipv4/ip_frag.c
 
Building file: ../lwip/src/core/def.c
Invoking: MCU C Compiler
arm-none-eabi-gcc -D__MULTICORE_NONE -DDEBUG -D__CODE_RED -D__USE_LPCOPEN -D__REDLIB__ -DCORE_M4 -I"/home/pato/Embebidos/TpFinal/Workspaces/Workspace LPCOPEN/lpc_chip_43xx/inc" -I"/home/pato/Embebidos/TpFinal/Workspaces/Workspace LPCOPEN/lpc_board_nxp_lpcxpresso_4337/inc" -I"/home/pato/Embebidos/TpFinal/Workspaces/Workspace LPCOPEN/lwip_freertos_webserver/example/inc" -I"/home/pato/Embebidos/TpFinal/Workspaces/Workspace LPCOPEN/lwip_freertos_webserver/lwip/inc" -I"/home/pato/Embebidos/TpFinal/Workspaces/Workspace LPCOPEN/lwip_freertos_webserver/lwip/inc/ipv4" -I"/home/pato/Embebidos/TpFinal/Workspaces/Workspace LPCOPEN/lwip_freertos_webserver/fatfs/inc" -I"/home/pato/Embebidos/TpFinal/Workspaces/Workspace LPCOPEN/lwip_freertos_webserver/freertos/inc" -O0 -g3 -Wall -c -fmessage-length=0 -fno-builtin -ffunction-sections -fdata-sections -fsingle-precision-constant -mcpu=cortex-m4 -mfpu=fpv4-sp-d16 -mfloat-abi=softfp -mthumb -specs=redlib.specs -MMD -MP -MF"lwip/src/core/def.d" -MT"lwip/src/core/def.o" -MT"lwip/src/core/def.d" -o "lwip/src/core/def.o" "../lwip/src/core/def.c"
Finished building: ../lwip/src/core/def.c
 
Building file: ../lwip/src/core/dhcp.c
Invoking: MCU C Compiler
arm-none-eabi-gcc -D__MULTICORE_NONE -DDEBUG -D__CODE_RED -D__USE_LPCOPEN -D__REDLIB__ -DCORE_M4 -I"/home/pato/Embebidos/TpFinal/Workspaces/Workspace LPCOPEN/lpc_chip_43xx/inc" -I"/home/pato/Embebidos/TpFinal/Workspaces/Workspace LPCOPEN/lpc_board_nxp_lpcxpresso_4337/inc" -I"/home/pato/Embebidos/TpFinal/Workspaces/Workspace LPCOPEN/lwip_freertos_webserver/example/inc" -I"/home/pato/Embebidos/TpFinal/Workspaces/Workspace LPCOPEN/lwip_freertos_webserver/lwip/inc" -I"/home/pato/Embebidos/TpFinal/Workspaces/Workspace LPCOPEN/lwip_freertos_webserver/lwip/inc/ipv4" -I"/home/pato/Embebidos/TpFinal/Workspaces/Workspace LPCOPEN/lwip_freertos_webserver/fatfs/inc" -I"/home/pato/Embebidos/TpFinal/Workspaces/Workspace LPCOPEN/lwip_freertos_webserver/freertos/inc" -O0 -g3 -Wall -c -fmessage-length=0 -fno-builtin -ffunction-sections -fdata-sections -fsingle-precision-constant -mcpu=cortex-m4 -mfpu=fpv4-sp-d16 -mfloat-abi=softfp -mthumb -specs=redlib.specs -MMD -MP -MF"lwip/src/core/dhcp.d" -MT"lwip/src/core/dhcp.o" -MT"lwip/src/core/dhcp.d" -o "lwip/src/core/dhcp.o" "../lwip/src/core/dhcp.c"
Finished building: ../lwip/src/core/dhcp.c
 
Building file: ../lwip/src/core/dns.c
Invoking: MCU C Compiler
arm-none-eabi-gcc -D__MULTICORE_NONE -DDEBUG -D__CODE_RED -D__USE_LPCOPEN -D__REDLIB__ -DCORE_M4 -I"/home/pato/Embebidos/TpFinal/Workspaces/Workspace LPCOPEN/lpc_chip_43xx/inc" -I"/home/pato/Embebidos/TpFinal/Workspaces/Workspace LPCOPEN/lpc_board_nxp_lpcxpresso_4337/inc" -I"/home/pato/Embebidos/TpFinal/Workspaces/Workspace LPCOPEN/lwip_freertos_webserver/example/inc" -I"/home/pato/Embebidos/TpFinal/Workspaces/Workspace LPCOPEN/lwip_freertos_webserver/lwip/inc" -I"/home/pato/Embebidos/TpFinal/Workspaces/Workspace LPCOPEN/lwip_freertos_webserver/lwip/inc/ipv4" -I"/home/pato/Embebidos/TpFinal/Workspaces/Workspace LPCOPEN/lwip_freertos_webserver/fatfs/inc" -I"/home/pato/Embebidos/TpFinal/Workspaces/Workspace LPCOPEN/lwip_freertos_webserver/freertos/inc" -O0 -g3 -Wall -c -fmessage-length=0 -fno-builtin -ffunction-sections -fdata-sections -fsingle-precision-constant -mcpu=cortex-m4 -mfpu=fpv4-sp-d16 -mfloat-abi=softfp -mthumb -specs=redlib.specs -MMD -MP -MF"lwip/src/core/dns.d" -MT"lwip/src/core/dns.o" -MT"lwip/src/core/dns.d" -o "lwip/src/core/dns.o" "../lwip/src/core/dns.c"
Finished building: ../lwip/src/core/dns.c
 
Building file: ../lwip/src/core/init.c
Invoking: MCU C Compiler
arm-none-eabi-gcc -D__MULTICORE_NONE -DDEBUG -D__CODE_RED -D__USE_LPCOPEN -D__REDLIB__ -DCORE_M4 -I"/home/pato/Embebidos/TpFinal/Workspaces/Workspace LPCOPEN/lpc_chip_43xx/inc" -I"/home/pato/Embebidos/TpFinal/Workspaces/Workspace LPCOPEN/lpc_board_nxp_lpcxpresso_4337/inc" -I"/home/pato/Embebidos/TpFinal/Workspaces/Workspace LPCOPEN/lwip_freertos_webserver/example/inc" -I"/home/pato/Embebidos/TpFinal/Workspaces/Workspace LPCOPEN/lwip_freertos_webserver/lwip/inc" -I"/home/pato/Embebidos/TpFinal/Workspaces/Workspace LPCOPEN/lwip_freertos_webserver/lwip/inc/ipv4" -I"/home/pato/Embebidos/TpFinal/Workspaces/Workspace LPCOPEN/lwip_freertos_webserver/fatfs/inc" -I"/home/pato/Embebidos/TpFinal/Workspaces/Workspace LPCOPEN/lwip_freertos_webserver/freertos/inc" -O0 -g3 -Wall -c -fmessage-length=0 -fno-builtin -ffunction-sections -fdata-sections -fsingle-precision-constant -mcpu=cortex-m4 -mfpu=fpv4-sp-d16 -mfloat-abi=softfp -mthumb -specs=redlib.specs -MMD -MP -MF"lwip/src/core/init.d" -MT"lwip/src/core/init.o" -MT"lwip/src/core/init.d" -o "lwip/src/core/init.o" "../lwip/src/core/init.c"
Finished building: ../lwip/src/core/init.c
 
Building file: ../lwip/src/core/mem.c
Invoking: MCU C Compiler
arm-none-eabi-gcc -D__MULTICORE_NONE -DDEBUG -D__CODE_RED -D__USE_LPCOPEN -D__REDLIB__ -DCORE_M4 -I"/home/pato/Embebidos/TpFinal/Workspaces/Workspace LPCOPEN/lpc_chip_43xx/inc" -I"/home/pato/Embebidos/TpFinal/Workspaces/Workspace LPCOPEN/lpc_board_nxp_lpcxpresso_4337/inc" -I"/home/pato/Embebidos/TpFinal/Workspaces/Workspace LPCOPEN/lwip_freertos_webserver/example/inc" -I"/home/pato/Embebidos/TpFinal/Workspaces/Workspace LPCOPEN/lwip_freertos_webserver/lwip/inc" -I"/home/pato/Embebidos/TpFinal/Workspaces/Workspace LPCOPEN/lwip_freertos_webserver/lwip/inc/ipv4" -I"/home/pato/Embebidos/TpFinal/Workspaces/Workspace LPCOPEN/lwip_freertos_webserver/fatfs/inc" -I"/home/pato/Embebidos/TpFinal/Workspaces/Workspace LPCOPEN/lwip_freertos_webserver/freertos/inc" -O0 -g3 -Wall -c -fmessage-length=0 -fno-builtin -ffunction-sections -fdata-sections -fsingle-precision-constant -mcpu=cortex-m4 -mfpu=fpv4-sp-d16 -mfloat-abi=softfp -mthumb -specs=redlib.specs -MMD -MP -MF"lwip/src/core/mem.d" -MT"lwip/src/core/mem.o" -MT"lwip/src/core/mem.d" -o "lwip/src/core/mem.o" "../lwip/src/core/mem.c"
Finished building: ../lwip/src/core/mem.c
 
Building file: ../lwip/src/core/memp.c
Invoking: MCU C Compiler
arm-none-eabi-gcc -D__MULTICORE_NONE -DDEBUG -D__CODE_RED -D__USE_LPCOPEN -D__REDLIB__ -DCORE_M4 -I"/home/pato/Embebidos/TpFinal/Workspaces/Workspace LPCOPEN/lpc_chip_43xx/inc" -I"/home/pato/Embebidos/TpFinal/Workspaces/Workspace LPCOPEN/lpc_board_nxp_lpcxpresso_4337/inc" -I"/home/pato/Embebidos/TpFinal/Workspaces/Workspace LPCOPEN/lwip_freertos_webserver/example/inc" -I"/home/pato/Embebidos/TpFinal/Workspaces/Workspace LPCOPEN/lwip_freertos_webserver/lwip/inc" -I"/home/pato/Embebidos/TpFinal/Workspaces/Workspace LPCOPEN/lwip_freertos_webserver/lwip/inc/ipv4" -I"/home/pato/Embebidos/TpFinal/Workspaces/Workspace LPCOPEN/lwip_freertos_webserver/fatfs/inc" -I"/home/pato/Embebidos/TpFinal/Workspaces/Workspace LPCOPEN/lwip_freertos_webserver/freertos/inc" -O0 -g3 -Wall -c -fmessage-length=0 -fno-builtin -ffunction-sections -fdata-sections -fsingle-precision-constant -mcpu=cortex-m4 -mfpu=fpv4-sp-d16 -mfloat-abi=softfp -mthumb -specs=redlib.specs -MMD -MP -MF"lwip/src/core/memp.d" -MT"lwip/src/core/memp.o" -MT"lwip/src/core/memp.d" -o "lwip/src/core/memp.o" "../lwip/src/core/memp.c"
Finished building: ../lwip/src/core/memp.c
 
Building file: ../lwip/src/core/netif.c
Invoking: MCU C Compiler
arm-none-eabi-gcc -D__MULTICORE_NONE -DDEBUG -D__CODE_RED -D__USE_LPCOPEN -D__REDLIB__ -DCORE_M4 -I"/home/pato/Embebidos/TpFinal/Workspaces/Workspace LPCOPEN/lpc_chip_43xx/inc" -I"/home/pato/Embebidos/TpFinal/Workspaces/Workspace LPCOPEN/lpc_board_nxp_lpcxpresso_4337/inc" -I"/home/pato/Embebidos/TpFinal/Workspaces/Workspace LPCOPEN/lwip_freertos_webserver/example/inc" -I"/home/pato/Embebidos/TpFinal/Workspaces/Workspace LPCOPEN/lwip_freertos_webserver/lwip/inc" -I"/home/pato/Embebidos/TpFinal/Workspaces/Workspace LPCOPEN/lwip_freertos_webserver/lwip/inc/ipv4" -I"/home/pato/Embebidos/TpFinal/Workspaces/Workspace LPCOPEN/lwip_freertos_webserver/fatfs/inc" -I"/home/pato/Embebidos/TpFinal/Workspaces/Workspace LPCOPEN/lwip_freertos_webserver/freertos/inc" -O0 -g3 -Wall -c -fmessage-length=0 -fno-builtin -ffunction-sections -fdata-sections -fsingle-precision-constant -mcpu=cortex-m4 -mfpu=fpv4-sp-d16 -mfloat-abi=softfp -mthumb -specs=redlib.specs -MMD -MP -MF"lwip/src/core/netif.d" -MT"lwip/src/core/netif.o" -MT"lwip/src/core/netif.d" -o "lwip/src/core/netif.o" "../lwip/src/core/netif.c"
Finished building: ../lwip/src/core/netif.c
 
Building file: ../lwip/src/core/pbuf.c
Invoking: MCU C Compiler
arm-none-eabi-gcc -D__MULTICORE_NONE -DDEBUG -D__CODE_RED -D__USE_LPCOPEN -D__REDLIB__ -DCORE_M4 -I"/home/pato/Embebidos/TpFinal/Workspaces/Workspace LPCOPEN/lpc_chip_43xx/inc" -I"/home/pato/Embebidos/TpFinal/Workspaces/Workspace LPCOPEN/lpc_board_nxp_lpcxpresso_4337/inc" -I"/home/pato/Embebidos/TpFinal/Workspaces/Workspace LPCOPEN/lwip_freertos_webserver/example/inc" -I"/home/pato/Embebidos/TpFinal/Workspaces/Workspace LPCOPEN/lwip_freertos_webserver/lwip/inc" -I"/home/pato/Embebidos/TpFinal/Workspaces/Workspace LPCOPEN/lwip_freertos_webserver/lwip/inc/ipv4" -I"/home/pato/Embebidos/TpFinal/Workspaces/Workspace LPCOPEN/lwip_freertos_webserver/fatfs/inc" -I"/home/pato/Embebidos/TpFinal/Workspaces/Workspace LPCOPEN/lwip_freertos_webserver/freertos/inc" -O0 -g3 -Wall -c -fmessage-length=0 -fno-builtin -ffunction-sections -fdata-sections -fsingle-precision-constant -mcpu=cortex-m4 -mfpu=fpv4-sp-d16 -mfloat-abi=softfp -mthumb -specs=redlib.specs -MMD -MP -MF"lwip/src/core/pbuf.d" -MT"lwip/src/core/pbuf.o" -MT"lwip/src/core/pbuf.d" -o "lwip/src/core/pbuf.o" "../lwip/src/core/pbuf.c"
Finished building: ../lwip/src/core/pbuf.c
 
Building file: ../lwip/src/core/raw.c
Invoking: MCU C Compiler
arm-none-eabi-gcc -D__MULTICORE_NONE -DDEBUG -D__CODE_RED -D__USE_LPCOPEN -D__REDLIB__ -DCORE_M4 -I"/home/pato/Embebidos/TpFinal/Workspaces/Workspace LPCOPEN/lpc_chip_43xx/inc" -I"/home/pato/Embebidos/TpFinal/Workspaces/Workspace LPCOPEN/lpc_board_nxp_lpcxpresso_4337/inc" -I"/home/pato/Embebidos/TpFinal/Workspaces/Workspace LPCOPEN/lwip_freertos_webserver/example/inc" -I"/home/pato/Embebidos/TpFinal/Workspaces/Workspace LPCOPEN/lwip_freertos_webserver/lwip/inc" -I"/home/pato/Embebidos/TpFinal/Workspaces/Workspace LPCOPEN/lwip_freertos_webserver/lwip/inc/ipv4" -I"/home/pato/Embebidos/TpFinal/Workspaces/Workspace LPCOPEN/lwip_freertos_webserver/fatfs/inc" -I"/home/pato/Embebidos/TpFinal/Workspaces/Workspace LPCOPEN/lwip_freertos_webserver/freertos/inc" -O0 -g3 -Wall -c -fmessage-length=0 -fno-builtin -ffunction-sections -fdata-sections -fsingle-precision-constant -mcpu=cortex-m4 -mfpu=fpv4-sp-d16 -mfloat-abi=softfp -mthumb -specs=redlib.specs -MMD -MP -MF"lwip/src/core/raw.d" -MT"lwip/src/core/raw.o" -MT"lwip/src/core/raw.d" -o "lwip/src/core/raw.o" "../lwip/src/core/raw.c"
Finished building: ../lwip/src/core/raw.c
 
Building file: ../lwip/src/core/stats.c
Invoking: MCU C Compiler
arm-none-eabi-gcc -D__MULTICORE_NONE -DDEBUG -D__CODE_RED -D__USE_LPCOPEN -D__REDLIB__ -DCORE_M4 -I"/home/pato/Embebidos/TpFinal/Workspaces/Workspace LPCOPEN/lpc_chip_43xx/inc" -I"/home/pato/Embebidos/TpFinal/Workspaces/Workspace LPCOPEN/lpc_board_nxp_lpcxpresso_4337/inc" -I"/home/pato/Embebidos/TpFinal/Workspaces/Workspace LPCOPEN/lwip_freertos_webserver/example/inc" -I"/home/pato/Embebidos/TpFinal/Workspaces/Workspace LPCOPEN/lwip_freertos_webserver/lwip/inc" -I"/home/pato/Embebidos/TpFinal/Workspaces/Workspace LPCOPEN/lwip_freertos_webserver/lwip/inc/ipv4" -I"/home/pato/Embebidos/TpFinal/Workspaces/Workspace LPCOPEN/lwip_freertos_webserver/fatfs/inc" -I"/home/pato/Embebidos/TpFinal/Workspaces/Workspace LPCOPEN/lwip_freertos_webserver/freertos/inc" -O0 -g3 -Wall -c -fmessage-length=0 -fno-builtin -ffunction-sections -fdata-sections -fsingle-precision-constant -mcpu=cortex-m4 -mfpu=fpv4-sp-d16 -mfloat-abi=softfp -mthumb -specs=redlib.specs -MMD -MP -MF"lwip/src/core/stats.d" -MT"lwip/src/core/stats.o" -MT"lwip/src/core/stats.d" -o "lwip/src/core/stats.o" "../lwip/src/core/stats.c"
Finished building: ../lwip/src/core/stats.c
 
Building file: ../lwip/src/core/sys.c
Invoking: MCU C Compiler
arm-none-eabi-gcc -D__MULTICORE_NONE -DDEBUG -D__CODE_RED -D__USE_LPCOPEN -D__REDLIB__ -DCORE_M4 -I"/home/pato/Embebidos/TpFinal/Workspaces/Workspace LPCOPEN/lpc_chip_43xx/inc" -I"/home/pato/Embebidos/TpFinal/Workspaces/Workspace LPCOPEN/lpc_board_nxp_lpcxpresso_4337/inc" -I"/home/pato/Embebidos/TpFinal/Workspaces/Workspace LPCOPEN/lwip_freertos_webserver/example/inc" -I"/home/pato/Embebidos/TpFinal/Workspaces/Workspace LPCOPEN/lwip_freertos_webserver/lwip/inc" -I"/home/pato/Embebidos/TpFinal/Workspaces/Workspace LPCOPEN/lwip_freertos_webserver/lwip/inc/ipv4" -I"/home/pato/Embebidos/TpFinal/Workspaces/Workspace LPCOPEN/lwip_freertos_webserver/fatfs/inc" -I"/home/pato/Embebidos/TpFinal/Workspaces/Workspace LPCOPEN/lwip_freertos_webserver/freertos/inc" -O0 -g3 -Wall -c -fmessage-length=0 -fno-builtin -ffunction-sections -fdata-sections -fsingle-precision-constant -mcpu=cortex-m4 -mfpu=fpv4-sp-d16 -mfloat-abi=softfp -mthumb -specs=redlib.specs -MMD -MP -MF"lwip/src/core/sys.d" -MT"lwip/src/core/sys.o" -MT"lwip/src/core/sys.d" -o "lwip/src/core/sys.o" "../lwip/src/core/sys.c"
Finished building: ../lwip/src/core/sys.c
 
Building file: ../lwip/src/core/tcp.c
Invoking: MCU C Compiler
arm-none-eabi-gcc -D__MULTICORE_NONE -DDEBUG -D__CODE_RED -D__USE_LPCOPEN -D__REDLIB__ -DCORE_M4 -I"/home/pato/Embebidos/TpFinal/Workspaces/Workspace LPCOPEN/lpc_chip_43xx/inc" -I"/home/pato/Embebidos/TpFinal/Workspaces/Workspace LPCOPEN/lpc_board_nxp_lpcxpresso_4337/inc" -I"/home/pato/Embebidos/TpFinal/Workspaces/Workspace LPCOPEN/lwip_freertos_webserver/example/inc" -I"/home/pato/Embebidos/TpFinal/Workspaces/Workspace LPCOPEN/lwip_freertos_webserver/lwip/inc" -I"/home/pato/Embebidos/TpFinal/Workspaces/Workspace LPCOPEN/lwip_freertos_webserver/lwip/inc/ipv4" -I"/home/pato/Embebidos/TpFinal/Workspaces/Workspace LPCOPEN/lwip_freertos_webserver/fatfs/inc" -I"/home/pato/Embebidos/TpFinal/Workspaces/Workspace LPCOPEN/lwip_freertos_webserver/freertos/inc" -O0 -g3 -Wall -c -fmessage-length=0 -fno-builtin -ffunction-sections -fdata-sections -fsingle-precision-constant -mcpu=cortex-m4 -mfpu=fpv4-sp-d16 -mfloat-abi=softfp -mthumb -specs=redlib.specs -MMD -MP -MF"lwip/src/core/tcp.d" -MT"lwip/src/core/tcp.o" -MT"lwip/src/core/tcp.d" -o "lwip/src/core/tcp.o" "../lwip/src/core/tcp.c"
Finished building: ../lwip/src/core/tcp.c
 
Building file: ../lwip/src/core/tcp_in.c
Invoking: MCU C Compiler
arm-none-eabi-gcc -D__MULTICORE_NONE -DDEBUG -D__CODE_RED -D__USE_LPCOPEN -D__REDLIB__ -DCORE_M4 -I"/home/pato/Embebidos/TpFinal/Workspaces/Workspace LPCOPEN/lpc_chip_43xx/inc" -I"/home/pato/Embebidos/TpFinal/Workspaces/Workspace LPCOPEN/lpc_board_nxp_lpcxpresso_4337/inc" -I"/home/pato/Embebidos/TpFinal/Workspaces/Workspace LPCOPEN/lwip_freertos_webserver/example/inc" -I"/home/pato/Embebidos/TpFinal/Workspaces/Workspace LPCOPEN/lwip_freertos_webserver/lwip/inc" -I"/home/pato/Embebidos/TpFinal/Workspaces/Workspace LPCOPEN/lwip_freertos_webserver/lwip/inc/ipv4" -I"/home/pato/Embebidos/TpFinal/Workspaces/Workspace LPCOPEN/lwip_freertos_webserver/fatfs/inc" -I"/home/pato/Embebidos/TpFinal/Workspaces/Workspace LPCOPEN/lwip_freertos_webserver/freertos/inc" -O0 -g3 -Wall -c -fmessage-length=0 -fno-builtin -ffunction-sections -fdata-sections -fsingle-precision-constant -mcpu=cortex-m4 -mfpu=fpv4-sp-d16 -mfloat-abi=softfp -mthumb -specs=redlib.specs -MMD -MP -MF"lwip/src/core/tcp_in.d" -MT"lwip/src/core/tcp_in.o" -MT"lwip/src/core/tcp_in.d" -o "lwip/src/core/tcp_in.o" "../lwip/src/core/tcp_in.c"
Finished building: ../lwip/src/core/tcp_in.c
 
Building file: ../lwip/src/core/tcp_out.c
Invoking: MCU C Compiler
arm-none-eabi-gcc -D__MULTICORE_NONE -DDEBUG -D__CODE_RED -D__USE_LPCOPEN -D__REDLIB__ -DCORE_M4 -I"/home/pato/Embebidos/TpFinal/Workspaces/Workspace LPCOPEN/lpc_chip_43xx/inc" -I"/home/pato/Embebidos/TpFinal/Workspaces/Workspace LPCOPEN/lpc_board_nxp_lpcxpresso_4337/inc" -I"/home/pato/Embebidos/TpFinal/Workspaces/Workspace LPCOPEN/lwip_freertos_webserver/example/inc" -I"/home/pato/Embebidos/TpFinal/Workspaces/Workspace LPCOPEN/lwip_freertos_webserver/lwip/inc" -I"/home/pato/Embebidos/TpFinal/Workspaces/Workspace LPCOPEN/lwip_freertos_webserver/lwip/inc/ipv4" -I"/home/pato/Embebidos/TpFinal/Workspaces/Workspace LPCOPEN/lwip_freertos_webserver/fatfs/inc" -I"/home/pato/Embebidos/TpFinal/Workspaces/Workspace LPCOPEN/lwip_freertos_webserver/freertos/inc" -O0 -g3 -Wall -c -fmessage-length=0 -fno-builtin -ffunction-sections -fdata-sections -fsingle-precision-constant -mcpu=cortex-m4 -mfpu=fpv4-sp-d16 -mfloat-abi=softfp -mthumb -specs=redlib.specs -MMD -MP -MF"lwip/src/core/tcp_out.d" -MT"lwip/src/core/tcp_out.o" -MT"lwip/src/core/tcp_out.d" -o "lwip/src/core/tcp_out.o" "../lwip/src/core/tcp_out.c"
Finished building: ../lwip/src/core/tcp_out.c
 
Building file: ../lwip/src/core/timers.c
Invoking: MCU C Compiler
arm-none-eabi-gcc -D__MULTICORE_NONE -DDEBUG -D__CODE_RED -D__USE_LPCOPEN -D__REDLIB__ -DCORE_M4 -I"/home/pato/Embebidos/TpFinal/Workspaces/Workspace LPCOPEN/lpc_chip_43xx/inc" -I"/home/pato/Embebidos/TpFinal/Workspaces/Workspace LPCOPEN/lpc_board_nxp_lpcxpresso_4337/inc" -I"/home/pato/Embebidos/TpFinal/Workspaces/Workspace LPCOPEN/lwip_freertos_webserver/example/inc" -I"/home/pato/Embebidos/TpFinal/Workspaces/Workspace LPCOPEN/lwip_freertos_webserver/lwip/inc" -I"/home/pato/Embebidos/TpFinal/Workspaces/Workspace LPCOPEN/lwip_freertos_webserver/lwip/inc/ipv4" -I"/home/pato/Embebidos/TpFinal/Workspaces/Workspace LPCOPEN/lwip_freertos_webserver/fatfs/inc" -I"/home/pato/Embebidos/TpFinal/Workspaces/Workspace LPCOPEN/lwip_freertos_webserver/freertos/inc" -O0 -g3 -Wall -c -fmessage-length=0 -fno-builtin -ffunction-sections -fdata-sections -fsingle-precision-constant -mcpu=cortex-m4 -mfpu=fpv4-sp-d16 -mfloat-abi=softfp -mthumb -specs=redlib.specs -MMD -MP -MF"lwip/src/core/timers.d" -MT"lwip/src/core/timers.o" -MT"lwip/src/core/timers.d" -o "lwip/src/core/timers.o" "../lwip/src/core/timers.c"
Finished building: ../lwip/src/core/timers.c
 
Building file: ../lwip/src/core/udp.c
Invoking: MCU C Compiler
arm-none-eabi-gcc -D__MULTICORE_NONE -DDEBUG -D__CODE_RED -D__USE_LPCOPEN -D__REDLIB__ -DCORE_M4 -I"/home/pato/Embebidos/TpFinal/Workspaces/Workspace LPCOPEN/lpc_chip_43xx/inc" -I"/home/pato/Embebidos/TpFinal/Workspaces/Workspace LPCOPEN/lpc_board_nxp_lpcxpresso_4337/inc" -I"/home/pato/Embebidos/TpFinal/Workspaces/Workspace LPCOPEN/lwip_freertos_webserver/example/inc" -I"/home/pato/Embebidos/TpFinal/Workspaces/Workspace LPCOPEN/lwip_freertos_webserver/lwip/inc" -I"/home/pato/Embebidos/TpFinal/Workspaces/Workspace LPCOPEN/lwip_freertos_webserver/lwip/inc/ipv4" -I"/home/pato/Embebidos/TpFinal/Workspaces/Workspace LPCOPEN/lwip_freertos_webserver/fatfs/inc" -I"/home/pato/Embebidos/TpFinal/Workspaces/Workspace LPCOPEN/lwip_freertos_webserver/freertos/inc" -O0 -g3 -Wall -c -fmessage-length=0 -fno-builtin -ffunction-sections -fdata-sections -fsingle-precision-constant -mcpu=cortex-m4 -mfpu=fpv4-sp-d16 -mfloat-abi=softfp -mthumb -specs=redlib.specs -MMD -MP -MF"lwip/src/core/udp.d" -MT"lwip/src/core/udp.o" -MT"lwip/src/core/udp.d" -o "lwip/src/core/udp.o" "../lwip/src/core/udp.c"
Finished building: ../lwip/src/core/udp.c
 
Building file: ../lwip/src/arch/lpc18xx_43xx_emac.c
Invoking: MCU C Compiler
arm-none-eabi-gcc -D__MULTICORE_NONE -DDEBUG -D__CODE_RED -D__USE_LPCOPEN -D__REDLIB__ -DCORE_M4 -I"/home/pato/Embebidos/TpFinal/Workspaces/Workspace LPCOPEN/lpc_chip_43xx/inc" -I"/home/pato/Embebidos/TpFinal/Workspaces/Workspace LPCOPEN/lpc_board_nxp_lpcxpresso_4337/inc" -I"/home/pato/Embebidos/TpFinal/Workspaces/Workspace LPCOPEN/lwip_freertos_webserver/example/inc" -I"/home/pato/Embebidos/TpFinal/Workspaces/Workspace LPCOPEN/lwip_freertos_webserver/lwip/inc" -I"/home/pato/Embebidos/TpFinal/Workspaces/Workspace LPCOPEN/lwip_freertos_webserver/lwip/inc/ipv4" -I"/home/pato/Embebidos/TpFinal/Workspaces/Workspace LPCOPEN/lwip_freertos_webserver/fatfs/inc" -I"/home/pato/Embebidos/TpFinal/Workspaces/Workspace LPCOPEN/lwip_freertos_webserver/freertos/inc" -O0 -g3 -Wall -c -fmessage-length=0 -fno-builtin -ffunction-sections -fdata-sections -fsingle-precision-constant -mcpu=cortex-m4 -mfpu=fpv4-sp-d16 -mfloat-abi=softfp -mthumb -specs=redlib.specs -MMD -MP -MF"lwip/src/arch/lpc18xx_43xx_emac.d" -MT"lwip/src/arch/lpc18xx_43xx_emac.o" -MT"lwip/src/arch/lpc18xx_43xx_emac.d" -o "lwip/src/arch/lpc18xx_43xx_emac.o" "../lwip/src/arch/lpc18xx_43xx_emac.c"
Finished building: ../lwip/src/arch/lpc18xx_43xx_emac.c
 
Building file: ../lwip/src/arch/lpc_debug.c
Invoking: MCU C Compiler
arm-none-eabi-gcc -D__MULTICORE_NONE -DDEBUG -D__CODE_RED -D__USE_LPCOPEN -D__REDLIB__ -DCORE_M4 -I"/home/pato/Embebidos/TpFinal/Workspaces/Workspace LPCOPEN/lpc_chip_43xx/inc" -I"/home/pato/Embebidos/TpFinal/Workspaces/Workspace LPCOPEN/lpc_board_nxp_lpcxpresso_4337/inc" -I"/home/pato/Embebidos/TpFinal/Workspaces/Workspace LPCOPEN/lwip_freertos_webserver/example/inc" -I"/home/pato/Embebidos/TpFinal/Workspaces/Workspace LPCOPEN/lwip_freertos_webserver/lwip/inc" -I"/home/pato/Embebidos/TpFinal/Workspaces/Workspace LPCOPEN/lwip_freertos_webserver/lwip/inc/ipv4" -I"/home/pato/Embebidos/TpFinal/Workspaces/Workspace LPCOPEN/lwip_freertos_webserver/fatfs/inc" -I"/home/pato/Embebidos/TpFinal/Workspaces/Workspace LPCOPEN/lwip_freertos_webserver/freertos/inc" -O0 -g3 -Wall -c -fmessage-length=0 -fno-builtin -ffunction-sections -fdata-sections -fsingle-precision-constant -mcpu=cortex-m4 -mfpu=fpv4-sp-d16 -mfloat-abi=softfp -mthumb -specs=redlib.specs -MMD -MP -MF"lwip/src/arch/lpc_debug.d" -MT"lwip/src/arch/lpc_debug.o" -MT"lwip/src/arch/lpc_debug.d" -o "lwip/src/arch/lpc_debug.o" "../lwip/src/arch/lpc_debug.c"
Finished building: ../lwip/src/arch/lpc_debug.c
 
Building file: ../lwip/src/arch/sys_arch_freertos.c
Invoking: MCU C Compiler
arm-none-eabi-gcc -D__MULTICORE_NONE -DDEBUG -D__CODE_RED -D__USE_LPCOPEN -D__REDLIB__ -DCORE_M4 -I"/home/pato/Embebidos/TpFinal/Workspaces/Workspace LPCOPEN/lpc_chip_43xx/inc" -I"/home/pato/Embebidos/TpFinal/Workspaces/Workspace LPCOPEN/lpc_board_nxp_lpcxpresso_4337/inc" -I"/home/pato/Embebidos/TpFinal/Workspaces/Workspace LPCOPEN/lwip_freertos_webserver/example/inc" -I"/home/pato/Embebidos/TpFinal/Workspaces/Workspace LPCOPEN/lwip_freertos_webserver/lwip/inc" -I"/home/pato/Embebidos/TpFinal/Workspaces/Workspace LPCOPEN/lwip_freertos_webserver/lwip/inc/ipv4" -I"/home/pato/Embebidos/TpFinal/Workspaces/Workspace LPCOPEN/lwip_freertos_webserver/fatfs/inc" -I"/home/pato/Embebidos/TpFinal/Workspaces/Workspace LPCOPEN/lwip_freertos_webserver/freertos/inc" -O0 -g3 -Wall -c -fmessage-length=0 -fno-builtin -ffunction-sections -fdata-sections -fsingle-precision-constant -mcpu=cortex-m4 -mfpu=fpv4-sp-d16 -mfloat-abi=softfp -mthumb -specs=redlib.specs -MMD -MP -MF"lwip/src/arch/sys_arch_freertos.d" -MT"lwip/src/arch/sys_arch_freertos.o" -MT"lwip/src/arch/sys_arch_freertos.d" -o "lwip/src/arch/sys_arch_freertos.o" "../lwip/src/arch/sys_arch_freertos.c"
../lwip/src/arch/sys_arch_freertos.c: In function 'sys_mbox_free':
../lwip/src/arch/sys_arch_freertos.c:89:15: warning: variable 'ulMessagesWaiting' set but not used [-Wunused-but-set-variable]
 unsigned long ulMessagesWaiting;
               ^
Finished building: ../lwip/src/arch/sys_arch_freertos.c
 
Building file: ../lwip/src/api/api_lib.c
Invoking: MCU C Compiler
arm-none-eabi-gcc -D__MULTICORE_NONE -DDEBUG -D__CODE_RED -D__USE_LPCOPEN -D__REDLIB__ -DCORE_M4 -I"/home/pato/Embebidos/TpFinal/Workspaces/Workspace LPCOPEN/lpc_chip_43xx/inc" -I"/home/pato/Embebidos/TpFinal/Workspaces/Workspace LPCOPEN/lpc_board_nxp_lpcxpresso_4337/inc" -I"/home/pato/Embebidos/TpFinal/Workspaces/Workspace LPCOPEN/lwip_freertos_webserver/example/inc" -I"/home/pato/Embebidos/TpFinal/Workspaces/Workspace LPCOPEN/lwip_freertos_webserver/lwip/inc" -I"/home/pato/Embebidos/TpFinal/Workspaces/Workspace LPCOPEN/lwip_freertos_webserver/lwip/inc/ipv4" -I"/home/pato/Embebidos/TpFinal/Workspaces/Workspace LPCOPEN/lwip_freertos_webserver/fatfs/inc" -I"/home/pato/Embebidos/TpFinal/Workspaces/Workspace LPCOPEN/lwip_freertos_webserver/freertos/inc" -O0 -g3 -Wall -c -fmessage-length=0 -fno-builtin -ffunction-sections -fdata-sections -fsingle-precision-constant -mcpu=cortex-m4 -mfpu=fpv4-sp-d16 -mfloat-abi=softfp -mthumb -specs=redlib.specs -MMD -MP -MF"lwip/src/api/api_lib.d" -MT"lwip/src/api/api_lib.o" -MT"lwip/src/api/api_lib.d" -o "lwip/src/api/api_lib.o" "../lwip/src/api/api_lib.c"
Finished building: ../lwip/src/api/api_lib.c
 
Building file: ../lwip/src/api/api_msg.c
Invoking: MCU C Compiler
arm-none-eabi-gcc -D__MULTICORE_NONE -DDEBUG -D__CODE_RED -D__USE_LPCOPEN -D__REDLIB__ -DCORE_M4 -I"/home/pato/Embebidos/TpFinal/Workspaces/Workspace LPCOPEN/lpc_chip_43xx/inc" -I"/home/pato/Embebidos/TpFinal/Workspaces/Workspace LPCOPEN/lpc_board_nxp_lpcxpresso_4337/inc" -I"/home/pato/Embebidos/TpFinal/Workspaces/Workspace LPCOPEN/lwip_freertos_webserver/example/inc" -I"/home/pato/Embebidos/TpFinal/Workspaces/Workspace LPCOPEN/lwip_freertos_webserver/lwip/inc" -I"/home/pato/Embebidos/TpFinal/Workspaces/Workspace LPCOPEN/lwip_freertos_webserver/lwip/inc/ipv4" -I"/home/pato/Embebidos/TpFinal/Workspaces/Workspace LPCOPEN/lwip_freertos_webserver/fatfs/inc" -I"/home/pato/Embebidos/TpFinal/Workspaces/Workspace LPCOPEN/lwip_freertos_webserver/freertos/inc" -O0 -g3 -Wall -c -fmessage-length=0 -fno-builtin -ffunction-sections -fdata-sections -fsingle-precision-constant -mcpu=cortex-m4 -mfpu=fpv4-sp-d16 -mfloat-abi=softfp -mthumb -specs=redlib.specs -MMD -MP -MF"lwip/src/api/api_msg.d" -MT"lwip/src/api/api_msg.o" -MT"lwip/src/api/api_msg.d" -o "lwip/src/api/api_msg.o" "../lwip/src/api/api_msg.c"
Finished building: ../lwip/src/api/api_msg.c
 
Building file: ../lwip/src/api/err.c
Invoking: MCU C Compiler
arm-none-eabi-gcc -D__MULTICORE_NONE -DDEBUG -D__CODE_RED -D__USE_LPCOPEN -D__REDLIB__ -DCORE_M4 -I"/home/pato/Embebidos/TpFinal/Workspaces/Workspace LPCOPEN/lpc_chip_43xx/inc" -I"/home/pato/Embebidos/TpFinal/Workspaces/Workspace LPCOPEN/lpc_board_nxp_lpcxpresso_4337/inc" -I"/home/pato/Embebidos/TpFinal/Workspaces/Workspace LPCOPEN/lwip_freertos_webserver/example/inc" -I"/home/pato/Embebidos/TpFinal/Workspaces/Workspace LPCOPEN/lwip_freertos_webserver/lwip/inc" -I"/home/pato/Embebidos/TpFinal/Workspaces/Workspace LPCOPEN/lwip_freertos_webserver/lwip/inc/ipv4" -I"/home/pato/Embebidos/TpFinal/Workspaces/Workspace LPCOPEN/lwip_freertos_webserver/fatfs/inc" -I"/home/pato/Embebidos/TpFinal/Workspaces/Workspace LPCOPEN/lwip_freertos_webserver/freertos/inc" -O0 -g3 -Wall -c -fmessage-length=0 -fno-builtin -ffunction-sections -fdata-sections -fsingle-precision-constant -mcpu=cortex-m4 -mfpu=fpv4-sp-d16 -mfloat-abi=softfp -mthumb -specs=redlib.specs -MMD -MP -MF"lwip/src/api/err.d" -MT"lwip/src/api/err.o" -MT"lwip/src/api/err.d" -o "lwip/src/api/err.o" "../lwip/src/api/err.c"
Finished building: ../lwip/src/api/err.c
 
Building file: ../lwip/src/api/netbuf.c
Invoking: MCU C Compiler
arm-none-eabi-gcc -D__MULTICORE_NONE -DDEBUG -D__CODE_RED -D__USE_LPCOPEN -D__REDLIB__ -DCORE_M4 -I"/home/pato/Embebidos/TpFinal/Workspaces/Workspace LPCOPEN/lpc_chip_43xx/inc" -I"/home/pato/Embebidos/TpFinal/Workspaces/Workspace LPCOPEN/lpc_board_nxp_lpcxpresso_4337/inc" -I"/home/pato/Embebidos/TpFinal/Workspaces/Workspace LPCOPEN/lwip_freertos_webserver/example/inc" -I"/home/pato/Embebidos/TpFinal/Workspaces/Workspace LPCOPEN/lwip_freertos_webserver/lwip/inc" -I"/home/pato/Embebidos/TpFinal/Workspaces/Workspace LPCOPEN/lwip_freertos_webserver/lwip/inc/ipv4" -I"/home/pato/Embebidos/TpFinal/Workspaces/Workspace LPCOPEN/lwip_freertos_webserver/fatfs/inc" -I"/home/pato/Embebidos/TpFinal/Workspaces/Workspace LPCOPEN/lwip_freertos_webserver/freertos/inc" -O0 -g3 -Wall -c -fmessage-length=0 -fno-builtin -ffunction-sections -fdata-sections -fsingle-precision-constant -mcpu=cortex-m4 -mfpu=fpv4-sp-d16 -mfloat-abi=softfp -mthumb -specs=redlib.specs -MMD -MP -MF"lwip/src/api/netbuf.d" -MT"lwip/src/api/netbuf.o" -MT"lwip/src/api/netbuf.d" -o "lwip/src/api/netbuf.o" "../lwip/src/api/netbuf.c"
Finished building: ../lwip/src/api/netbuf.c
 
Building file: ../lwip/src/api/netdb.c
Invoking: MCU C Compiler
arm-none-eabi-gcc -D__MULTICORE_NONE -DDEBUG -D__CODE_RED -D__USE_LPCOPEN -D__REDLIB__ -DCORE_M4 -I"/home/pato/Embebidos/TpFinal/Workspaces/Workspace LPCOPEN/lpc_chip_43xx/inc" -I"/home/pato/Embebidos/TpFinal/Workspaces/Workspace LPCOPEN/lpc_board_nxp_lpcxpresso_4337/inc" -I"/home/pato/Embebidos/TpFinal/Workspaces/Workspace LPCOPEN/lwip_freertos_webserver/example/inc" -I"/home/pato/Embebidos/TpFinal/Workspaces/Workspace LPCOPEN/lwip_freertos_webserver/lwip/inc" -I"/home/pato/Embebidos/TpFinal/Workspaces/Workspace LPCOPEN/lwip_freertos_webserver/lwip/inc/ipv4" -I"/home/pato/Embebidos/TpFinal/Workspaces/Workspace LPCOPEN/lwip_freertos_webserver/fatfs/inc" -I"/home/pato/Embebidos/TpFinal/Workspaces/Workspace LPCOPEN/lwip_freertos_webserver/freertos/inc" -O0 -g3 -Wall -c -fmessage-length=0 -fno-builtin -ffunction-sections -fdata-sections -fsingle-precision-constant -mcpu=cortex-m4 -mfpu=fpv4-sp-d16 -mfloat-abi=softfp -mthumb -specs=redlib.specs -MMD -MP -MF"lwip/src/api/netdb.d" -MT"lwip/src/api/netdb.o" -MT"lwip/src/api/netdb.d" -o "lwip/src/api/netdb.o" "../lwip/src/api/netdb.c"
Finished building: ../lwip/src/api/netdb.c
 
Building file: ../lwip/src/api/netifapi.c
Invoking: MCU C Compiler
arm-none-eabi-gcc -D__MULTICORE_NONE -DDEBUG -D__CODE_RED -D__USE_LPCOPEN -D__REDLIB__ -DCORE_M4 -I"/home/pato/Embebidos/TpFinal/Workspaces/Workspace LPCOPEN/lpc_chip_43xx/inc" -I"/home/pato/Embebidos/TpFinal/Workspaces/Workspace LPCOPEN/lpc_board_nxp_lpcxpresso_4337/inc" -I"/home/pato/Embebidos/TpFinal/Workspaces/Workspace LPCOPEN/lwip_freertos_webserver/example/inc" -I"/home/pato/Embebidos/TpFinal/Workspaces/Workspace LPCOPEN/lwip_freertos_webserver/lwip/inc" -I"/home/pato/Embebidos/TpFinal/Workspaces/Workspace LPCOPEN/lwip_freertos_webserver/lwip/inc/ipv4" -I"/home/pato/Embebidos/TpFinal/Workspaces/Workspace LPCOPEN/lwip_freertos_webserver/fatfs/inc" -I"/home/pato/Embebidos/TpFinal/Workspaces/Workspace LPCOPEN/lwip_freertos_webserver/freertos/inc" -O0 -g3 -Wall -c -fmessage-length=0 -fno-builtin -ffunction-sections -fdata-sections -fsingle-precision-constant -mcpu=cortex-m4 -mfpu=fpv4-sp-d16 -mfloat-abi=softfp -mthumb -specs=redlib.specs -MMD -MP -MF"lwip/src/api/netifapi.d" -MT"lwip/src/api/netifapi.o" -MT"lwip/src/api/netifapi.d" -o "lwip/src/api/netifapi.o" "../lwip/src/api/netifapi.c"
Finished building: ../lwip/src/api/netifapi.c
 
Building file: ../lwip/src/api/sockets.c
Invoking: MCU C Compiler
arm-none-eabi-gcc -D__MULTICORE_NONE -DDEBUG -D__CODE_RED -D__USE_LPCOPEN -D__REDLIB__ -DCORE_M4 -I"/home/pato/Embebidos/TpFinal/Workspaces/Workspace LPCOPEN/lpc_chip_43xx/inc" -I"/home/pato/Embebidos/TpFinal/Workspaces/Workspace LPCOPEN/lpc_board_nxp_lpcxpresso_4337/inc" -I"/home/pato/Embebidos/TpFinal/Workspaces/Workspace LPCOPEN/lwip_freertos_webserver/example/inc" -I"/home/pato/Embebidos/TpFinal/Workspaces/Workspace LPCOPEN/lwip_freertos_webserver/lwip/inc" -I"/home/pato/Embebidos/TpFinal/Workspaces/Workspace LPCOPEN/lwip_freertos_webserver/lwip/inc/ipv4" -I"/home/pato/Embebidos/TpFinal/Workspaces/Workspace LPCOPEN/lwip_freertos_webserver/fatfs/inc" -I"/home/pato/Embebidos/TpFinal/Workspaces/Workspace LPCOPEN/lwip_freertos_webserver/freertos/inc" -O0 -g3 -Wall -c -fmessage-length=0 -fno-builtin -ffunction-sections -fdata-sections -fsingle-precision-constant -mcpu=cortex-m4 -mfpu=fpv4-sp-d16 -mfloat-abi=softfp -mthumb -specs=redlib.specs -MMD -MP -MF"lwip/src/api/sockets.d" -MT"lwip/src/api/sockets.o" -MT"lwip/src/api/sockets.d" -o "lwip/src/api/sockets.o" "../lwip/src/api/sockets.c"
Finished building: ../lwip/src/api/sockets.c
 
Building file: ../lwip/src/api/tcpip.c
Invoking: MCU C Compiler
arm-none-eabi-gcc -D__MULTICORE_NONE -DDEBUG -D__CODE_RED -D__USE_LPCOPEN -D__REDLIB__ -DCORE_M4 -I"/home/pato/Embebidos/TpFinal/Workspaces/Workspace LPCOPEN/lpc_chip_43xx/inc" -I"/home/pato/Embebidos/TpFinal/Workspaces/Workspace LPCOPEN/lpc_board_nxp_lpcxpresso_4337/inc" -I"/home/pato/Embebidos/TpFinal/Workspaces/Workspace LPCOPEN/lwip_freertos_webserver/example/inc" -I"/home/pato/Embebidos/TpFinal/Workspaces/Workspace LPCOPEN/lwip_freertos_webserver/lwip/inc" -I"/home/pato/Embebidos/TpFinal/Workspaces/Workspace LPCOPEN/lwip_freertos_webserver/lwip/inc/ipv4" -I"/home/pato/Embebidos/TpFinal/Workspaces/Workspace LPCOPEN/lwip_freertos_webserver/fatfs/inc" -I"/home/pato/Embebidos/TpFinal/Workspaces/Workspace LPCOPEN/lwip_freertos_webserver/freertos/inc" -O0 -g3 -Wall -c -fmessage-length=0 -fno-builtin -ffunction-sections -fdata-sections -fsingle-precision-constant -mcpu=cortex-m4 -mfpu=fpv4-sp-d16 -mfloat-abi=softfp -mthumb -specs=redlib.specs -MMD -MP -MF"lwip/src/api/tcpip.d" -MT"lwip/src/api/tcpip.o" -MT"lwip/src/api/tcpip.d" -o "lwip/src/api/tcpip.o" "../lwip/src/api/tcpip.c"
Finished building: ../lwip/src/api/tcpip.c
 
Building file: ../freertos/src/FreeRTOSCommonHooks.c
Invoking: MCU C Compiler
arm-none-eabi-gcc -D__MULTICORE_NONE -DDEBUG -D__CODE_RED -D__USE_LPCOPEN -D__REDLIB__ -DCORE_M4 -I"/home/pato/Embebidos/TpFinal/Workspaces/Workspace LPCOPEN/lpc_chip_43xx/inc" -I"/home/pato/Embebidos/TpFinal/Workspaces/Workspace LPCOPEN/lpc_board_nxp_lpcxpresso_4337/inc" -I"/home/pato/Embebidos/TpFinal/Workspaces/Workspace LPCOPEN/lwip_freertos_webserver/example/inc" -I"/home/pato/Embebidos/TpFinal/Workspaces/Workspace LPCOPEN/lwip_freertos_webserver/lwip/inc" -I"/home/pato/Embebidos/TpFinal/Workspaces/Workspace LPCOPEN/lwip_freertos_webserver/lwip/inc/ipv4" -I"/home/pato/Embebidos/TpFinal/Workspaces/Workspace LPCOPEN/lwip_freertos_webserver/fatfs/inc" -I"/home/pato/Embebidos/TpFinal/Workspaces/Workspace LPCOPEN/lwip_freertos_webserver/freertos/inc" -O0 -g3 -Wall -c -fmessage-length=0 -fno-builtin -ffunction-sections -fdata-sections -fsingle-precision-constant -mcpu=cortex-m4 -mfpu=fpv4-sp-d16 -mfloat-abi=softfp -mthumb -specs=redlib.specs -MMD -MP -MF"freertos/src/FreeRTOSCommonHooks.d" -MT"freertos/src/FreeRTOSCommonHooks.o" -MT"freertos/src/FreeRTOSCommonHooks.d" -o "freertos/src/FreeRTOSCommonHooks.o" "../freertos/src/FreeRTOSCommonHooks.c"
Finished building: ../freertos/src/FreeRTOSCommonHooks.c
 
Building file: ../freertos/src/croutine.c
Invoking: MCU C Compiler
[...]
Finished building: ../lwip/src/arch/lpc_debug.c
 
Building file: ../lwip/src/api/api_lib.c
Invoking: MCU C Compiler
arm-none-eabi-gcc -D__MULTICORE_NONE -DDEBUG -D__CODE_RED -D__USE_LPCOPEN -D__REDLIB__ -DCORE_M4 -I"/home/pato/Embebidos/TpFinal/Workspaces/Workspace LPCOPEN/lpc_chip_43xx/inc" -I"/home/pato/Embebidos/TpFinal/Workspaces/Workspace LPCOPEN/lpc_board_nxp_lpcxpresso_4337/inc" -I"/home/pato/Embebidos/TpFinal/Workspaces/Workspace LPCOPEN/lwip_webserver/example/inc" -I"/home/pato/Embebidos/TpFinal/Workspaces/Workspace LPCOPEN/lwip_webserver/lwip/inc" -I"/home/pato/Embebidos/TpFinal/Workspaces/Workspace LPCOPEN/lwip_webserver/lwip/inc/ipv4" -I"/home/pato/Embebidos/TpFinal/Workspaces/Workspace LPCOPEN/lwip_webserver/fatfs/inc" -O0 -g3 -Wall -c -fmessage-length=0 -fno-builtin -ffunction-sections -fdata-sections -fsingle-precision-constant -mcpu=cortex-m4 -mfpu=fpv4-sp-d16 -mfloat-abi=softfp -mthumb -specs=redlib.specs -MMD -MP -MF"lwip/src/api/api_lib.d" -MT"lwip/src/api/api_lib.o" -MT"lwip/src/api/api_lib.d" -o "lwip/src/api/api_lib.o" "../lwip/src/api/api_lib.c"
Finished building: ../lwip/src/api/api_lib.c
 
Building file: ../lwip/src/api/api_msg.c
Invoking: MCU C Compiler
arm-none-eabi-gcc -D__MULTICORE_NONE -DDEBUG -D__CODE_RED -D__USE_LPCOPEN -D__REDLIB__ -DCORE_M4 -I"/home/pato/Embebidos/TpFinal/Workspaces/Workspace LPCOPEN/lpc_chip_43xx/inc" -I"/home/pato/Embebidos/TpFinal/Workspaces/Workspace LPCOPEN/lpc_board_nxp_lpcxpresso_4337/inc" -I"/home/pato/Embebidos/TpFinal/Workspaces/Workspace LPCOPEN/lwip_webserver/example/inc" -I"/home/pato/Embebidos/TpFinal/Workspaces/Workspace LPCOPEN/lwip_webserver/lwip/inc" -I"/home/pato/Embebidos/TpFinal/Workspaces/Workspace LPCOPEN/lwip_webserver/lwip/inc/ipv4" -I"/home/pato/Embebidos/TpFinal/Workspaces/Workspace LPCOPEN/lwip_webserver/fatfs/inc" -O0 -g3 -Wall -c -fmessage-length=0 -fno-builtin -ffunction-sections -fdata-sections -fsingle-precision-constant -mcpu=cortex-m4 -mfpu=fpv4-sp-d16 -mfloat-abi=softfp -mthumb -specs=redlib.specs -MMD -MP -MF"lwip/src/api/api_msg.d" -MT"lwip/src/api/api_msg.o" -MT"lwip/src/api/api_msg.d" -o "lwip/src/api/api_msg.o" "../lwip/src/api/api_msg.c"
Finished building: ../lwip/src/api/api_msg.c
 
Building file: ../lwip/src/api/err.c
Invoking: MCU C Compiler
arm-none-eabi-gcc -D__MULTICORE_NONE -DDEBUG -D__CODE_RED -D__USE_LPCOPEN -D__REDLIB__ -DCORE_M4 -I"/home/pato/Embebidos/TpFinal/Workspaces/Workspace LPCOPEN/lpc_chip_43xx/inc" -I"/home/pato/Embebidos/TpFinal/Workspaces/Workspace LPCOPEN/lpc_board_nxp_lpcxpresso_4337/inc" -I"/home/pato/Embebidos/TpFinal/Workspaces/Workspace LPCOPEN/lwip_webserver/example/inc" -I"/home/pato/Embebidos/TpFinal/Workspaces/Workspace LPCOPEN/lwip_webserver/lwip/inc" -I"/home/pato/Embebidos/TpFinal/Workspaces/Workspace LPCOPEN/lwip_webserver/lwip/inc/ipv4" -I"/home/pato/Embebidos/TpFinal/Workspaces/Workspace LPCOPEN/lwip_webserver/fatfs/inc" -O0 -g3 -Wall -c -fmessage-length=0 -fno-builtin -ffunction-sections -fdata-sections -fsingle-precision-constant -mcpu=cortex-m4 -mfpu=fpv4-sp-d16 -mfloat-abi=softfp -mthumb -specs=redlib.specs -MMD -MP -MF"lwip/src/api/err.d" -MT"lwip/src/api/err.o" -MT"lwip/src/api/err.d" -o "lwip/src/api/err.o" "../lwip/src/api/err.c"
Finished building: ../lwip/src/api/err.c
 
Building file: ../lwip/src/api/netbuf.c
Invoking: MCU C Compiler
arm-none-eabi-gcc -D__MULTICORE_NONE -DDEBUG -D__CODE_RED -D__USE_LPCOPEN -D__REDLIB__ -DCORE_M4 -I"/home/pato/Embebidos/TpFinal/Workspaces/Workspace LPCOPEN/lpc_chip_43xx/inc" -I"/home/pato/Embebidos/TpFinal/Workspaces/Workspace LPCOPEN/lpc_board_nxp_lpcxpresso_4337/inc" -I"/home/pato/Embebidos/TpFinal/Workspaces/Workspace LPCOPEN/lwip_webserver/example/inc" -I"/home/pato/Embebidos/TpFinal/Workspaces/Workspace LPCOPEN/lwip_webserver/lwip/inc" -I"/home/pato/Embebidos/TpFinal/Workspaces/Workspace LPCOPEN/lwip_webserver/lwip/inc/ipv4" -I"/home/pato/Embebidos/TpFinal/Workspaces/Workspace LPCOPEN/lwip_webserver/fatfs/inc" -O0 -g3 -Wall -c -fmessage-length=0 -fno-builtin -ffunction-sections -fdata-sections -fsingle-precision-constant -mcpu=cortex-m4 -mfpu=fpv4-sp-d16 -mfloat-abi=softfp -mthumb -specs=redlib.specs -MMD -MP -MF"lwip/src/api/netbuf.d" -MT"lwip/src/api/netbuf.o" -MT"lwip/src/api/netbuf.d" -o "lwip/src/api/netbuf.o" "../lwip/src/api/netbuf.c"
Finished building: ../lwip/src/api/netbuf.c
 
Building file: ../lwip/src/api/netdb.c
Invoking: MCU C Compiler
arm-none-eabi-gcc -D__MULTICORE_NONE -DDEBUG -D__CODE_RED -D__USE_LPCOPEN -D__REDLIB__ -DCORE_M4 -I"/home/pato/Embebidos/TpFinal/Workspaces/Workspace LPCOPEN/lpc_chip_43xx/inc" -I"/home/pato/Embebidos/TpFinal/Workspaces/Workspace LPCOPEN/lpc_board_nxp_lpcxpresso_4337/inc" -I"/home/pato/Embebidos/TpFinal/Workspaces/Workspace LPCOPEN/lwip_webserver/example/inc" -I"/home/pato/Embebidos/TpFinal/Workspaces/Workspace LPCOPEN/lwip_webserver/lwip/inc" -I"/home/pato/Embebidos/TpFinal/Workspaces/Workspace LPCOPEN/lwip_webserver/lwip/inc/ipv4" -I"/home/pato/Embebidos/TpFinal/Workspaces/Workspace LPCOPEN/lwip_webserver/fatfs/inc" -O0 -g3 -Wall -c -fmessage-length=0 -fno-builtin -ffunction-sections -fdata-sections -fsingle-precision-constant -mcpu=cortex-m4 -mfpu=fpv4-sp-d16 -mfloat-abi=softfp -mthumb -specs=redlib.specs -MMD -MP -MF"lwip/src/api/netdb.d" -MT"lwip/src/api/netdb.o" -MT"lwip/src/api/netdb.d" -o "lwip/src/api/netdb.o" "../lwip/src/api/netdb.c"
Finished building: ../lwip/src/api/netdb.c
 
Building file: ../lwip/src/api/netifapi.c
Invoking: MCU C Compiler
arm-none-eabi-gcc -D__MULTICORE_NONE -DDEBUG -D__CODE_RED -D__USE_LPCOPEN -D__REDLIB__ -DCORE_M4 -I"/home/pato/Embebidos/TpFinal/Workspaces/Workspace LPCOPEN/lpc_chip_43xx/inc" -I"/home/pato/Embebidos/TpFinal/Workspaces/Workspace LPCOPEN/lpc_board_nxp_lpcxpresso_4337/inc" -I"/home/pato/Embebidos/TpFinal/Workspaces/Workspace LPCOPEN/lwip_webserver/example/inc" -I"/home/pato/Embebidos/TpFinal/Workspaces/Workspace LPCOPEN/lwip_webserver/lwip/inc" -I"/home/pato/Embebidos/TpFinal/Workspaces/Workspace LPCOPEN/lwip_webserver/lwip/inc/ipv4" -I"/home/pato/Embebidos/TpFinal/Workspaces/Workspace LPCOPEN/lwip_webserver/fatfs/inc" -O0 -g3 -Wall -c -fmessage-length=0 -fno-builtin -ffunction-sections -fdata-sections -fsingle-precision-constant -mcpu=cortex-m4 -mfpu=fpv4-sp-d16 -mfloat-abi=softfp -mthumb -specs=redlib.specs -MMD -MP -MF"lwip/src/api/netifapi.d" -MT"lwip/src/api/netifapi.o" -MT"lwip/src/api/netifapi.d" -o "lwip/src/api/netifapi.o" "../lwip/src/api/netifapi.c"
Finished building: ../lwip/src/api/netifapi.c
 
Building file: ../lwip/src/api/sockets.c
Invoking: MCU C Compiler
arm-none-eabi-gcc -D__MULTICORE_NONE -DDEBUG -D__CODE_RED -D__USE_LPCOPEN -D__REDLIB__ -DCORE_M4 -I"/home/pato/Embebidos/TpFinal/Workspaces/Workspace LPCOPEN/lpc_chip_43xx/inc" -I"/home/pato/Embebidos/TpFinal/Workspaces/Workspace LPCOPEN/lpc_board_nxp_lpcxpresso_4337/inc" -I"/home/pato/Embebidos/TpFinal/Workspaces/Workspace LPCOPEN/lwip_webserver/example/inc" -I"/home/pato/Embebidos/TpFinal/Workspaces/Workspace LPCOPEN/lwip_webserver/lwip/inc" -I"/home/pato/Embebidos/TpFinal/Workspaces/Workspace LPCOPEN/lwip_webserver/lwip/inc/ipv4" -I"/home/pato/Embebidos/TpFinal/Workspaces/Workspace LPCOPEN/lwip_webserver/fatfs/inc" -O0 -g3 -Wall -c -fmessage-length=0 -fno-builtin -ffunction-sections -fdata-sections -fsingle-precision-constant -mcpu=cortex-m4 -mfpu=fpv4-sp-d16 -mfloat-abi=softfp -mthumb -specs=redlib.specs -MMD -MP -MF"lwip/src/api/sockets.d" -MT"lwip/src/api/sockets.o" -MT"lwip/src/api/sockets.d" -o "lwip/src/api/sockets.o" "../lwip/src/api/sockets.c"
Finished building: ../lwip/src/api/sockets.c
 
Building file: ../lwip/src/api/tcpip.c
Invoking: MCU C Compiler
arm-none-eabi-gcc -D__MULTICORE_NONE -DDEBUG -D__CODE_RED -D__USE_LPCOPEN -D__REDLIB__ -DCORE_M4 -I"/home/pato/Embebidos/TpFinal/Workspaces/Workspace LPCOPEN/lpc_chip_43xx/inc" -I"/home/pato/Embebidos/TpFinal/Workspaces/Workspace LPCOPEN/lpc_board_nxp_lpcxpresso_4337/inc" -I"/home/pato/Embebidos/TpFinal/Workspaces/Workspace LPCOPEN/lwip_webserver/example/inc" -I"/home/pato/Embebidos/TpFinal/Workspaces/Workspace LPCOPEN/lwip_webserver/lwip/inc" -I"/home/pato/Embebidos/TpFinal/Workspaces/Workspace LPCOPEN/lwip_webserver/lwip/inc/ipv4" -I"/home/pato/Embebidos/TpFinal/Workspaces/Workspace LPCOPEN/lwip_webserver/fatfs/inc" -O0 -g3 -Wall -c -fmessage-length=0 -fno-builtin -ffunction-sections -fdata-sections -fsingle-precision-constant -mcpu=cortex-m4 -mfpu=fpv4-sp-d16 -mfloat-abi=softfp -mthumb -specs=redlib.specs -MMD -MP -MF"lwip/src/api/tcpip.d" -MT"lwip/src/api/tcpip.o" -MT"lwip/src/api/tcpip.d" -o "lwip/src/api/tcpip.o" "../lwip/src/api/tcpip.c"
Finished building: ../lwip/src/api/tcpip.c
 
Building file: ../fatfs/src/ff.c
Invoking: MCU C Compiler
arm-none-eabi-gcc -D__MULTICORE_NONE -DDEBUG -D__CODE_RED -D__USE_LPCOPEN -D__REDLIB__ -DCORE_M4 -I"/home/pato/Embebidos/TpFinal/Workspaces/Workspace LPCOPEN/lpc_chip_43xx/inc" -I"/home/pato/Embebidos/TpFinal/Workspaces/Workspace LPCOPEN/lpc_board_nxp_lpcxpresso_4337/inc" -I"/home/pato/Embebidos/TpFinal/Workspaces/Workspace LPCOPEN/lwip_webserver/example/inc" -I"/home/pato/Embebidos/TpFinal/Workspaces/Workspace LPCOPEN/lwip_webserver/lwip/inc" -I"/home/pato/Embebidos/TpFinal/Workspaces/Workspace LPCOPEN/lwip_webserver/lwip/inc/ipv4" -I"/home/pato/Embebidos/TpFinal/Workspaces/Workspace LPCOPEN/lwip_webserver/fatfs/inc" -O0 -g3 -Wall -c -fmessage-length=0 -fno-builtin -ffunction-sections -fdata-sections -fsingle-precision-constant -mcpu=cortex-m4 -mfpu=fpv4-sp-d16 -mfloat-abi=softfp -mthumb -specs=redlib.specs -MMD -MP -MF"fatfs/src/ff.d" -MT"fatfs/src/ff.o" -MT"fatfs/src/ff.d" -o "fatfs/src/ff.o" "../fatfs/src/ff.c"
Finished building: ../fatfs/src/ff.c
 
Building file: ../fatfs/src/fs_mci.c
Invoking: MCU C Compiler
arm-none-eabi-gcc -D__MULTICORE_NONE -DDEBUG -D__CODE_RED -D__USE_LPCOPEN -D__REDLIB__ -DCORE_M4 -I"/home/pato/Embebidos/TpFinal/Workspaces/Workspace LPCOPEN/lpc_chip_43xx/inc" -I"/home/pato/Embebidos/TpFinal/Workspaces/Workspace LPCOPEN/lpc_board_nxp_lpcxpresso_4337/inc" -I"/home/pato/Embebidos/TpFinal/Workspaces/Workspace LPCOPEN/lwip_webserver/example/inc" -I"/home/pato/Embebidos/TpFinal/Workspaces/Workspace LPCOPEN/lwip_webserver/lwip/inc" -I"/home/pato/Embebidos/TpFinal/Workspaces/Workspace LPCOPEN/lwip_webserver/lwip/inc/ipv4" -I"/home/pato/Embebidos/TpFinal/Workspaces/Workspace LPCOPEN/lwip_webserver/fatfs/inc" -O0 -g3 -Wall -c -fmessage-length=0 -fno-builtin -ffunction-sections -fdata-sections -fsingle-precision-constant -mcpu=cortex-m4 -mfpu=fpv4-sp-d16 -mfloat-abi=softfp -mthumb -specs=redlib.specs -MMD -MP -MF"fatfs/src/fs_mci.d" -MT"fatfs/src/fs_mci.o" -MT"fatfs/src/fs_mci.d" -o "fatfs/src/fs_mci.o" "../fatfs/src/fs_mci.c"
Finished building: ../fatfs/src/fs_mci.c
 
Building file: ../fatfs/src/rtc.c
Invoking: MCU C Compiler
arm-none-eabi-gcc -D__MULTICORE_NONE -DDEBUG -D__CODE_RED -D__USE_LPCOPEN -D__REDLIB__ -DCORE_M4 -I"/home/pato/Embebidos/TpFinal/Workspaces/Workspace LPCOPEN/lpc_chip_43xx/inc" -I"/home/pato/Embebidos/TpFinal/Workspaces/Workspace LPCOPEN/lpc_board_nxp_lpcxpresso_4337/inc" -I"/home/pato/Embebidos/TpFinal/Workspaces/Workspace LPCOPEN/lwip_webserver/example/inc" -I"/home/pato/Embebidos/TpFinal/Workspaces/Workspace LPCOPEN/lwip_webserver/lwip/inc" -I"/home/pato/Embebidos/TpFinal/Workspaces/Workspace LPCOPEN/lwip_webserver/lwip/inc/ipv4" -I"/home/pato/Embebidos/TpFinal/Workspaces/Workspace LPCOPEN/lwip_webserver/fatfs/inc" -O0 -g3 -Wall -c -fmessage-length=0 -fno-builtin -ffunction-sections -fdata-sections -fsingle-precision-constant -mcpu=cortex-m4 -mfpu=fpv4-sp-d16 -mfloat-abi=softfp -mthumb -specs=redlib.specs -MMD -MP -MF"fatfs/src/rtc.d" -MT"fatfs/src/rtc.o" -MT"fatfs/src/rtc.d" -o "fatfs/src/rtc.o" "../fatfs/src/rtc.c"
Finished building: ../fatfs/src/rtc.c
 
Building file: ../example/src/cr_startup_lpc43xx.c
Invoking: MCU C Compiler
arm-none-eabi-gcc -D__MULTICORE_NONE -DDEBUG -D__CODE_RED -D__USE_LPCOPEN -D__REDLIB__ -DCORE_M4 -I"/home/pato/Embebidos/TpFinal/Workspaces/Workspace LPCOPEN/lpc_chip_43xx/inc" -I"/home/pato/Embebidos/TpFinal/Workspaces/Workspace LPCOPEN/lpc_board_nxp_lpcxpresso_4337/inc" -I"/home/pato/Embebidos/TpFinal/Workspaces/Workspace LPCOPEN/lwip_webserver/example/inc" -I"/home/pato/Embebidos/TpFinal/Workspaces/Workspace LPCOPEN/lwip_webserver/lwip/inc" -I"/home/pato/Embebidos/TpFinal/Workspaces/Workspace LPCOPEN/lwip_webserver/lwip/inc/ipv4" -I"/home/pato/Embebidos/TpFinal/Workspaces/Workspace LPCOPEN/lwip_webserver/fatfs/inc" -O0 -g3 -Wall -c -fmessage-length=0 -fno-builtin -ffunction-sections -fdata-sections -fsingle-precision-constant -mcpu=cortex-m4 -mfpu=fpv4-sp-d16 -mfloat-abi=softfp -mthumb -specs=redlib.specs -MMD -MP -MF"example/src/cr_startup_lpc43xx.d" -MT"example/src/cr_startup_lpc43xx.o" -MT"example/src/cr_startup_lpc43xx.d" -o "example/src/cr_startup_lpc43xx.o" "../example/src/cr_startup_lpc43xx.c"
Finished building: ../example/src/cr_startup_lpc43xx.c
 
Building file: ../example/src/httpd.c
Invoking: MCU C Compiler
arm-none-eabi-gcc -D__MULTICORE_NONE -DDEBUG -D__CODE_RED -D__USE_LPCOPEN -D__REDLIB__ -DCORE_M4 -I"/home/pato/Embebidos/TpFinal/Workspaces/Workspace LPCOPEN/lpc_chip_43xx/inc" -I"/home/pato/Embebidos/TpFinal/Workspaces/Workspace LPCOPEN/lpc_board_nxp_lpcxpresso_4337/inc" -I"/home/pato/Embebidos/TpFinal/Workspaces/Workspace LPCOPEN/lwip_webserver/example/inc" -I"/home/pato/Embebidos/TpFinal/Workspaces/Workspace LPCOPEN/lwip_webserver/lwip/inc" -I"/home/pato/Embebidos/TpFinal/Workspaces/Workspace LPCOPEN/lwip_webserver/lwip/inc/ipv4" -I"/home/pato/Embebidos/TpFinal/Workspaces/Workspace LPCOPEN/lwip_webserver/fatfs/inc" -O0 -g3 -Wall -c -fmessage-length=0 -fno-builtin -ffunction-sections -fdata-sections -fsingle-precision-constant -mcpu=cortex-m4 -mfpu=fpv4-sp-d16 -mfloat-abi=softfp -mthumb -specs=redlib.specs -MMD -MP -MF"example/src/httpd.d" -MT"example/src/httpd.o" -MT"example/src/httpd.d" -o "example/src/httpd.o" "../example/src/httpd.c"
Finished building: ../example/src/httpd.c
 
Building file: ../example/src/lwip_fs.c
Invoking: MCU C Compiler
arm-none-eabi-gcc -D__MULTICORE_NONE -DDEBUG -D__CODE_RED -D__USE_LPCOPEN -D__REDLIB__ -DCORE_M4 -I"/home/pato/Embebidos/TpFinal/Workspaces/Workspace LPCOPEN/lpc_chip_43xx/inc" -I"/home/pato/Embebidos/TpFinal/Workspaces/Workspace LPCOPEN/lpc_board_nxp_lpcxpresso_4337/inc" -I"/home/pato/Embebidos/TpFinal/Workspaces/Workspace LPCOPEN/lwip_webserver/example/inc" -I"/home/pato/Embebidos/TpFinal/Workspaces/Workspace LPCOPEN/lwip_webserver/lwip/inc" -I"/home/pato/Embebidos/TpFinal/Workspaces/Workspace LPCOPEN/lwip_webserver/lwip/inc/ipv4" -I"/home/pato/Embebidos/TpFinal/Workspaces/Workspace LPCOPEN/lwip_webserver/fatfs/inc" -O0 -g3 -Wall -c -fmessage-length=0 -fno-builtin -ffunction-sections -fdata-sections -fsingle-precision-constant -mcpu=cortex-m4 -mfpu=fpv4-sp-d16 -mfloat-abi=softfp -mthumb -specs=redlib.specs -MMD -MP -MF"example/src/lwip_fs.d" -MT"example/src/lwip_fs.o" -MT"example/src/lwip_fs.d" -o "example/src/lwip_fs.o" "../example/src/lwip_fs.c"
Finished building: ../example/src/lwip_fs.c
 
Building file: ../example/src/sysinit.c
Invoking: MCU C Compiler
arm-none-eabi-gcc -D__MULTICORE_NONE -DDEBUG -D__CODE_RED -D__USE_LPCOPEN -D__REDLIB__ -DCORE_M4 -I"/home/pato/Embebidos/TpFinal/Workspaces/Workspace LPCOPEN/lpc_chip_43xx/inc" -I"/home/pato/Embebidos/TpFinal/Workspaces/Workspace LPCOPEN/lpc_board_nxp_lpcxpresso_4337/inc" -I"/home/pato/Embebidos/TpFinal/Workspaces/Workspace LPCOPEN/lwip_webserver/example/inc" -I"/home/pato/Embebidos/TpFinal/Workspaces/Workspace LPCOPEN/lwip_webserver/lwip/inc" -I"/home/pato/Embebidos/TpFinal/Workspaces/Workspace LPCOPEN/lwip_webserver/lwip/inc/ipv4" -I"/home/pato/Embebidos/TpFinal/Workspaces/Workspace LPCOPEN/lwip_webserver/fatfs/inc" -O0 -g3 -Wall -c -fmessage-length=0 -fno-builtin -ffunction-sections -fdata-sections -fsingle-precision-constant -mcpu=cortex-m4 -mfpu=fpv4-sp-d16 -mfloat-abi=softfp -mthumb -specs=redlib.specs -MMD -MP -MF"example/src/sysinit.d" -MT"example/src/sysinit.o" -MT"example/src/sysinit.d" -o "example/src/sysinit.o" "../example/src/sysinit.c"
Finished building: ../example/src/sysinit.c
 
Building file: ../example/src/webserver.c
Invoking: MCU C Compiler
arm-none-eabi-gcc -D__MULTICORE_NONE -DDEBUG -D__CODE_RED -D__USE_LPCOPEN -D__REDLIB__ -DCORE_M4 -I"/home/pato/Embebidos/TpFinal/Workspaces/Workspace LPCOPEN/lpc_chip_43xx/inc" -I"/home/pato/Embebidos/TpFinal/Workspaces/Workspace LPCOPEN/lpc_board_nxp_lpcxpresso_4337/inc" -I"/home/pato/Embebidos/TpFinal/Workspaces/Workspace LPCOPEN/lwip_webserver/example/inc" -I"/home/pato/Embebidos/TpFinal/Workspaces/Workspace LPCOPEN/lwip_webserver/lwip/inc" -I"/home/pato/Embebidos/TpFinal/Workspaces/Workspace LPCOPEN/lwip_webserver/lwip/inc/ipv4" -I"/home/pato/Embebidos/TpFinal/Workspaces/Workspace LPCOPEN/lwip_webserver/fatfs/inc" -O0 -g3 -Wall -c -fmessage-length=0 -fno-builtin -ffunction-sections -fdata-sections -fsingle-precision-constant -mcpu=cortex-m4 -mfpu=fpv4-sp-d16 -mfloat-abi=softfp -mthumb -specs=redlib.specs -MMD -MP -MF"example/src/webserver.d" -MT"example/src/webserver.o" -MT"example/src/webserver.d" -o "example/src/webserver.o" "../example/src/webserver.c"
Finished building: ../example/src/webserver.c
 
Building target: lwip_webserver.axf
Invoking: MCU Linker
arm-none-eabi-gcc -nostdlib -L"/home/pato/Embebidos/TpFinal/Workspaces/Workspace LPCOPEN/lpc_chip_43xx/Debug" -L"/home/pato/Embebidos/TpFinal/Workspaces/Workspace LPCOPEN/lpc_board_nxp_lpcxpresso_4337/Debug" -Xlinker -Map="lwip_webserver.map" -Xlinker --gc-sections -mcpu=cortex-m4 -mfpu=fpv4-sp-d16 -mfloat-abi=softfp -mthumb -T "lwip_webserver_Debug.ld" -o "lwip_webserver.axf"  ./lwip/src/netif/etharp.o ./lwip/src/netif/ethernetif.o  ./lwip/src/core/ipv4/autoip.o ./lwip/src/core/ipv4/icmp.o ./lwip/src/core/ipv4/igmp.o ./lwip/src/core/ipv4/inet.o ./lwip/src/core/ipv4/inet_chksum.o ./lwip/src/core/ipv4/ip.o ./lwip/src/core/ipv4/ip_addr.o ./lwip/src/core/ipv4/ip_frag.o  ./lwip/src/core/def.o ./lwip/src/core/dhcp.o ./lwip/src/core/dns.o ./lwip/src/core/init.o ./lwip/src/core/mem.o ./lwip/src/core/memp.o ./lwip/src/core/netif.o ./lwip/src/core/pbuf.o ./lwip/src/core/raw.o ./lwip/src/core/stats.o ./lwip/src/core/sys.o ./lwip/src/core/tcp.o ./lwip/src/core/tcp_in.o ./lwip/src/core/tcp_out.o ./lwip/src/core/timers.o ./lwip/src/core/udp.o  ./lwip/src/arch/lpc18xx_43xx_emac.o ./lwip/src/arch/lpc18xx_43xx_systick_arch.o ./lwip/src/arch/lpc_debug.o  ./lwip/src/api/api_lib.o ./lwip/src/api/api_msg.o ./lwip/src/api/err.o ./lwip/src/api/netbuf.o ./lwip/src/api/netdb.o ./lwip/src/api/netifapi.o ./lwip/src/api/sockets.o ./lwip/src/api/tcpip.o  ./fatfs/src/ff.o ./fatfs/src/fs_mci.o ./fatfs/src/rtc.o  ./example/src/cr_startup_lpc43xx.o ./example/src/httpd.o ./example/src/lwip_fs.o ./example/src/sysinit.o ./example/src/webserver.o   -llpc_board_nxp_lpcxpresso_4337 -llpc_chip_43xx
Finished building target: lwip_webserver.axf
 
make --no-print-directory post-build
Performing post-build steps
arm-none-eabi-size "lwip_webserver.axf"; # arm-none-eabi-objcopy -v -O binary "lwip_webserver.axf" "lwip_webserver.bin" ; # checksum -p LPC4337 -d "lwip_webserver.bin";
   text	   data	    bss	    dec	    hex	filename
  83520	     16	   3728	  87264	  154e0	lwip_webserver.axf
 
