14:56:35 **** Incremental Build of configuration Debug for project ControlAcuario ****
make -r all 
Building file: ../src/ControlAcuario.c
Invoking: MCU C Compiler
arm-none-eabi-gcc -D__MULTICORE_NONE -DDEBUG -D__CODE_RED -DCORE_M4 -D__USE_LPCOPEN -D__LPC43XX__ -D__REDLIB__ -I"/home/pato/Embebidos/TpFinal/Workspaces/TpFinal/ControlAcuario/lwIP/inc/arch" -I"/home/pato/Embebidos/TpFinal/Workspaces/TpFinal/ControlAcuario/lwIP/inc/ipv4" -I"/home/pato/Embebidos/TpFinal/Workspaces/TpFinal/ControlAcuario/lwIP/inc/lwip" -I"/home/pato/Embebidos/TpFinal/Workspaces/TpFinal/ControlAcuario/lwIP/inc/netif" -I"/home/pato/Embebidos/TpFinal/Workspaces/TpFinal/ControlAcuario/lwIP/inc/posix" -I"/home/pato/Embebidos/TpFinal/Workspaces/TpFinal/ControlAcuario/Board/inc" -I"/home/pato/Embebidos/TpFinal/Workspaces/TpFinal/ControlAcuario/freeRTOS/inc" -I"/home/pato/Embebidos/TpFinal/Workspaces/TpFinal/ControlAcuario/lwIP/inc" -I"/home/pato/Embebidos/TpFinal/Workspaces/TpFinal/ControlAcuario/inc" -I"/home/pato/Embebidos/TpFinal/Workspaces/TpFinal/lpc_chip_43xx/inc" -I"/home/pato/Embebidos/TpFinal/Workspaces/TpFinal/lpc_chip_43xx/inc/usbd" -O0 -g3 -Wall -c -fmessage-length=0 -fno-builtin -ffunction-sections -fdata-sections -mcpu=cortex-m4 -mfpu=fpv4-sp-d16 -mfloat-abi=softfp -mthumb -D__REDLIB__ -specs=redlib.specs -MMD -MP -MF"src/ControlAcuario.d" -MT"src/ControlAcuario.o" -MT"src/ControlAcuario.d" -o "src/ControlAcuario.o" "../src/ControlAcuario.c"
Finished building: ../src/ControlAcuario.c
 
Building file: ../src/cr_startup_lpc43xx.c
Invoking: MCU C Compiler
arm-none-eabi-gcc -D__MULTICORE_NONE -DDEBUG -D__CODE_RED -DCORE_M4 -D__USE_LPCOPEN -D__LPC43XX__ -D__REDLIB__ -I"/home/pato/Embebidos/TpFinal/Workspaces/TpFinal/ControlAcuario/lwIP/inc/arch" -I"/home/pato/Embebidos/TpFinal/Workspaces/TpFinal/ControlAcuario/lwIP/inc/ipv4" -I"/home/pato/Embebidos/TpFinal/Workspaces/TpFinal/ControlAcuario/lwIP/inc/lwip" -I"/home/pato/Embebidos/TpFinal/Workspaces/TpFinal/ControlAcuario/lwIP/inc/netif" -I"/home/pato/Embebidos/TpFinal/Workspaces/TpFinal/ControlAcuario/lwIP/inc/posix" -I"/home/pato/Embebidos/TpFinal/Workspaces/TpFinal/ControlAcuario/Board/inc" -I"/home/pato/Embebidos/TpFinal/Workspaces/TpFinal/ControlAcuario/freeRTOS/inc" -I"/home/pato/Embebidos/TpFinal/Workspaces/TpFinal/ControlAcuario/lwIP/inc" -I"/home/pato/Embebidos/TpFinal/Workspaces/TpFinal/ControlAcuario/inc" -I"/home/pato/Embebidos/TpFinal/Workspaces/TpFinal/lpc_chip_43xx/inc" -I"/home/pato/Embebidos/TpFinal/Workspaces/TpFinal/lpc_chip_43xx/inc/usbd" -O0 -g3 -Wall -c -fmessage-length=0 -fno-builtin -ffunction-sections -fdata-sections -mcpu=cortex-m4 -mfpu=fpv4-sp-d16 -mfloat-abi=softfp -mthumb -D__REDLIB__ -specs=redlib.specs -MMD -MP -MF"src/cr_startup_lpc43xx.d" -MT"src/cr_startup_lpc43xx.o" -MT"src/cr_startup_lpc43xx.d" -o "src/cr_startup_lpc43xx.o" "../src/cr_startup_lpc43xx.c"
Finished building: ../src/cr_startup_lpc43xx.c
 
Building file: ../src/crp.c
Invoking: MCU C Compiler
arm-none-eabi-gcc -D__MULTICORE_NONE -DDEBUG -D__CODE_RED -DCORE_M4 -D__USE_LPCOPEN -D__LPC43XX__ -D__REDLIB__ -I"/home/pato/Embebidos/TpFinal/Workspaces/TpFinal/ControlAcuario/lwIP/inc/arch" -I"/home/pato/Embebidos/TpFinal/Workspaces/TpFinal/ControlAcuario/lwIP/inc/ipv4" -I"/home/pato/Embebidos/TpFinal/Workspaces/TpFinal/ControlAcuario/lwIP/inc/lwip" -I"/home/pato/Embebidos/TpFinal/Workspaces/TpFinal/ControlAcuario/lwIP/inc/netif" -I"/home/pato/Embebidos/TpFinal/Workspaces/TpFinal/ControlAcuario/lwIP/inc/posix" -I"/home/pato/Embebidos/TpFinal/Workspaces/TpFinal/ControlAcuario/Board/inc" -I"/home/pato/Embebidos/TpFinal/Workspaces/TpFinal/ControlAcuario/freeRTOS/inc" -I"/home/pato/Embebidos/TpFinal/Workspaces/TpFinal/ControlAcuario/lwIP/inc" -I"/home/pato/Embebidos/TpFinal/Workspaces/TpFinal/ControlAcuario/inc" -I"/home/pato/Embebidos/TpFinal/Workspaces/TpFinal/lpc_chip_43xx/inc" -I"/home/pato/Embebidos/TpFinal/Workspaces/TpFinal/lpc_chip_43xx/inc/usbd" -O0 -g3 -Wall -c -fmessage-length=0 -fno-builtin -ffunction-sections -fdata-sections -mcpu=cortex-m4 -mfpu=fpv4-sp-d16 -mfloat-abi=softfp -mthumb -D__REDLIB__ -specs=redlib.specs -MMD -MP -MF"src/crp.d" -MT"src/crp.o" -MT"src/crp.d" -o "src/crp.o" "../src/crp.c"
Finished building: ../src/crp.c
 
Building file: ../src/sysinit.c
Invoking: MCU C Compiler
arm-none-eabi-gcc -D__MULTICORE_NONE -DDEBUG -D__CODE_RED -DCORE_M4 -D__USE_LPCOPEN -D__LPC43XX__ -D__REDLIB__ -I"/home/pato/Embebidos/TpFinal/Workspaces/TpFinal/ControlAcuario/lwIP/inc/arch" -I"/home/pato/Embebidos/TpFinal/Workspaces/TpFinal/ControlAcuario/lwIP/inc/ipv4" -I"/home/pato/Embebidos/TpFinal/Workspaces/TpFinal/ControlAcuario/lwIP/inc/lwip" -I"/home/pato/Embebidos/TpFinal/Workspaces/TpFinal/ControlAcuario/lwIP/inc/netif" -I"/home/pato/Embebidos/TpFinal/Workspaces/TpFinal/ControlAcuario/lwIP/inc/posix" -I"/home/pato/Embebidos/TpFinal/Workspaces/TpFinal/ControlAcuario/Board/inc" -I"/home/pato/Embebidos/TpFinal/Workspaces/TpFinal/ControlAcuario/freeRTOS/inc" -I"/home/pato/Embebidos/TpFinal/Workspaces/TpFinal/ControlAcuario/lwIP/inc" -I"/home/pato/Embebidos/TpFinal/Workspaces/TpFinal/ControlAcuario/inc" -I"/home/pato/Embebidos/TpFinal/Workspaces/TpFinal/lpc_chip_43xx/inc" -I"/home/pato/Embebidos/TpFinal/Workspaces/TpFinal/lpc_chip_43xx/inc/usbd" -O0 -g3 -Wall -c -fmessage-length=0 -fno-builtin -ffunction-sections -fdata-sections -mcpu=cortex-m4 -mfpu=fpv4-sp-d16 -mfloat-abi=softfp -mthumb -D__REDLIB__ -specs=redlib.specs -MMD -MP -MF"src/sysinit.d" -MT"src/sysinit.o" -MT"src/sysinit.d" -o "src/sysinit.o" "../src/sysinit.c"
Finished building: ../src/sysinit.c
 
Building file: ../lwIP/src/netif/etharp.c
Invoking: MCU C Compiler
arm-none-eabi-gcc -D__MULTICORE_NONE -DDEBUG -D__CODE_RED -DCORE_M4 -D__USE_LPCOPEN -D__LPC43XX__ -D__REDLIB__ -I"/home/pato/Embebidos/TpFinal/Workspaces/TpFinal/ControlAcuario/lwIP/inc/arch" -I"/home/pato/Embebidos/TpFinal/Workspaces/TpFinal/ControlAcuario/lwIP/inc/ipv4" -I"/home/pato/Embebidos/TpFinal/Workspaces/TpFinal/ControlAcuario/lwIP/inc/lwip" -I"/home/pato/Embebidos/TpFinal/Workspaces/TpFinal/ControlAcuario/lwIP/inc/netif" -I"/home/pato/Embebidos/TpFinal/Workspaces/TpFinal/ControlAcuario/lwIP/inc/posix" -I"/home/pato/Embebidos/TpFinal/Workspaces/TpFinal/ControlAcuario/Board/inc" -I"/home/pato/Embebidos/TpFinal/Workspaces/TpFinal/ControlAcuario/freeRTOS/inc" -I"/home/pato/Embebidos/TpFinal/Workspaces/TpFinal/ControlAcuario/lwIP/inc" -I"/home/pato/Embebidos/TpFinal/Workspaces/TpFinal/ControlAcuario/inc" -I"/home/pato/Embebidos/TpFinal/Workspaces/TpFinal/lpc_chip_43xx/inc" -I"/home/pato/Embebidos/TpFinal/Workspaces/TpFinal/lpc_chip_43xx/inc/usbd" -O0 -g3 -Wall -c -fmessage-length=0 -fno-builtin -ffunction-sections -fdata-sections -mcpu=cortex-m4 -mfpu=fpv4-sp-d16 -mfloat-abi=softfp -mthumb -D__REDLIB__ -specs=redlib.specs -MMD -MP -MF"lwIP/src/netif/etharp.d" -MT"lwIP/src/netif/etharp.o" -MT"lwIP/src/netif/etharp.d" -o "lwIP/src/netif/etharp.o" "../lwIP/src/netif/etharp.c"
Finished building: ../lwIP/src/netif/etharp.c
 
Building file: ../lwIP/src/netif/ethernetif.c
Invoking: MCU C Compiler
arm-none-eabi-gcc -D__MULTICORE_NONE -DDEBUG -D__CODE_RED -DCORE_M4 -D__USE_LPCOPEN -D__LPC43XX__ -D__REDLIB__ -I"/home/pato/Embebidos/TpFinal/Workspaces/TpFinal/ControlAcuario/lwIP/inc/arch" -I"/home/pato/Embebidos/TpFinal/Workspaces/TpFinal/ControlAcuario/lwIP/inc/ipv4" -I"/home/pato/Embebidos/TpFinal/Workspaces/TpFinal/ControlAcuario/lwIP/inc/lwip" -I"/home/pato/Embebidos/TpFinal/Workspaces/TpFinal/ControlAcuario/lwIP/inc/netif" -I"/home/pato/Embebidos/TpFinal/Workspaces/TpFinal/ControlAcuario/lwIP/inc/posix" -I"/home/pato/Embebidos/TpFinal/Workspaces/TpFinal/ControlAcuario/Board/inc" -I"/home/pato/Embebidos/TpFinal/Workspaces/TpFinal/ControlAcuario/freeRTOS/inc" -I"/home/pato/Embebidos/TpFinal/Workspaces/TpFinal/ControlAcuario/lwIP/inc" -I"/home/pato/Embebidos/TpFinal/Workspaces/TpFinal/ControlAcuario/inc" -I"/home/pato/Embebidos/TpFinal/Workspaces/TpFinal/lpc_chip_43xx/inc" -I"/home/pato/Embebidos/TpFinal/Workspaces/TpFinal/lpc_chip_43xx/inc/usbd" -O0 -g3 -Wall -c -fmessage-length=0 -fno-builtin -ffunction-sections -fdata-sections -mcpu=cortex-m4 -mfpu=fpv4-sp-d16 -mfloat-abi=softfp -mthumb -D__REDLIB__ -specs=redlib.specs -MMD -MP -MF"lwIP/src/netif/ethernetif.d" -MT"lwIP/src/netif/ethernetif.o" -MT"lwIP/src/netif/ethernetif.d" -o "lwIP/src/netif/ethernetif.o" "../lwIP/src/netif/ethernetif.c"
Finished building: ../lwIP/src/netif/ethernetif.c
 
Building file: ../lwIP/src/core/ipv4/autoip.c
Invoking: MCU C Compiler
arm-none-eabi-gcc -D__MULTICORE_NONE -DDEBUG -D__CODE_RED -DCORE_M4 -D__USE_LPCOPEN -D__LPC43XX__ -D__REDLIB__ -I"/home/pato/Embebidos/TpFinal/Workspaces/TpFinal/ControlAcuario/lwIP/inc/arch" -I"/home/pato/Embebidos/TpFinal/Workspaces/TpFinal/ControlAcuario/lwIP/inc/ipv4" -I"/home/pato/Embebidos/TpFinal/Workspaces/TpFinal/ControlAcuario/lwIP/inc/lwip" -I"/home/pato/Embebidos/TpFinal/Workspaces/TpFinal/ControlAcuario/lwIP/inc/netif" -I"/home/pato/Embebidos/TpFinal/Workspaces/TpFinal/ControlAcuario/lwIP/inc/posix" -I"/home/pato/Embebidos/TpFinal/Workspaces/TpFinal/ControlAcuario/Board/inc" -I"/home/pato/Embebidos/TpFinal/Workspaces/TpFinal/ControlAcuario/freeRTOS/inc" -I"/home/pato/Embebidos/TpFinal/Workspaces/TpFinal/ControlAcuario/lwIP/inc" -I"/home/pato/Embebidos/TpFinal/Workspaces/TpFinal/ControlAcuario/inc" -I"/home/pato/Embebidos/TpFinal/Workspaces/TpFinal/lpc_chip_43xx/inc" -I"/home/pato/Embebidos/TpFinal/Workspaces/TpFinal/lpc_chip_43xx/inc/usbd" -O0 -g3 -Wall -c -fmessage-length=0 -fno-builtin -ffunction-sections -fdata-sections -mcpu=cortex-m4 -mfpu=fpv4-sp-d16 -mfloat-abi=softfp -mthumb -D__REDLIB__ -specs=redlib.specs -MMD -MP -MF"lwIP/src/core/ipv4/autoip.d" -MT"lwIP/src/core/ipv4/autoip.o" -MT"lwIP/src/core/ipv4/autoip.d" -o "lwIP/src/core/ipv4/autoip.o" "../lwIP/src/core/ipv4/autoip.c"
Finished building: ../lwIP/src/core/ipv4/autoip.c
 
Building file: ../lwIP/src/core/ipv4/icmp.c
Invoking: MCU C Compiler
arm-none-eabi-gcc -D__MULTICORE_NONE -DDEBUG -D__CODE_RED -DCORE_M4 -D__USE_LPCOPEN -D__LPC43XX__ -D__REDLIB__ -I"/home/pato/Embebidos/TpFinal/Workspaces/TpFinal/ControlAcuario/lwIP/inc/arch" -I"/home/pato/Embebidos/TpFinal/Workspaces/TpFinal/ControlAcuario/lwIP/inc/ipv4" -I"/home/pato/Embebidos/TpFinal/Workspaces/TpFinal/ControlAcuario/lwIP/inc/lwip" -I"/home/pato/Embebidos/TpFinal/Workspaces/TpFinal/ControlAcuario/lwIP/inc/netif" -I"/home/pato/Embebidos/TpFinal/Workspaces/TpFinal/ControlAcuario/lwIP/inc/posix" -I"/home/pato/Embebidos/TpFinal/Workspaces/TpFinal/ControlAcuario/Board/inc" -I"/home/pato/Embebidos/TpFinal/Workspaces/TpFinal/ControlAcuario/freeRTOS/inc" -I"/home/pato/Embebidos/TpFinal/Workspaces/TpFinal/ControlAcuario/lwIP/inc" -I"/home/pato/Embebidos/TpFinal/Workspaces/TpFinal/ControlAcuario/inc" -I"/home/pato/Embebidos/TpFinal/Workspaces/TpFinal/lpc_chip_43xx/inc" -I"/home/pato/Embebidos/TpFinal/Workspaces/TpFinal/lpc_chip_43xx/inc/usbd" -O0 -g3 -Wall -c -fmessage-length=0 -fno-builtin -ffunction-sections -fdata-sections -mcpu=cortex-m4 -mfpu=fpv4-sp-d16 -mfloat-abi=softfp -mthumb -D__REDLIB__ -specs=redlib.specs -MMD -MP -MF"lwIP/src/core/ipv4/icmp.d" -MT"lwIP/src/core/ipv4/icmp.o" -MT"lwIP/src/core/ipv4/icmp.d" -o "lwIP/src/core/ipv4/icmp.o" "../lwIP/src/core/ipv4/icmp.c"
Finished building: ../lwIP/src/core/ipv4/icmp.c
 
Building file: ../lwIP/src/core/ipv4/igmp.c
Invoking: MCU C Compiler
arm-none-eabi-gcc -D__MULTICORE_NONE -DDEBUG -D__CODE_RED -DCORE_M4 -D__USE_LPCOPEN -D__LPC43XX__ -D__REDLIB__ -I"/home/pato/Embebidos/TpFinal/Workspaces/TpFinal/ControlAcuario/lwIP/inc/arch" -I"/home/pato/Embebidos/TpFinal/Workspaces/TpFinal/ControlAcuario/lwIP/inc/ipv4" -I"/home/pato/Embebidos/TpFinal/Workspaces/TpFinal/ControlAcuario/lwIP/inc/lwip" -I"/home/pato/Embebidos/TpFinal/Workspaces/TpFinal/ControlAcuario/lwIP/inc/netif" -I"/home/pato/Embebidos/TpFinal/Workspaces/TpFinal/ControlAcuario/lwIP/inc/posix" -I"/home/pato/Embebidos/TpFinal/Workspaces/TpFinal/ControlAcuario/Board/inc" -I"/home/pato/Embebidos/TpFinal/Workspaces/TpFinal/ControlAcuario/freeRTOS/inc" -I"/home/pato/Embebidos/TpFinal/Workspaces/TpFinal/ControlAcuario/lwIP/inc" -I"/home/pato/Embebidos/TpFinal/Workspaces/TpFinal/ControlAcuario/inc" -I"/home/pato/Embebidos/TpFinal/Workspaces/TpFinal/lpc_chip_43xx/inc" -I"/home/pato/Embebidos/TpFinal/Workspaces/TpFinal/lpc_chip_43xx/inc/usbd" -O0 -g3 -Wall -c -fmessage-length=0 -fno-builtin -ffunction-sections -fdata-sections -mcpu=cortex-m4 -mfpu=fpv4-sp-d16 -mfloat-abi=softfp -mthumb -D__REDLIB__ -specs=redlib.specs -MMD -MP -MF"lwIP/src/core/ipv4/igmp.d" -MT"lwIP/src/core/ipv4/igmp.o" -MT"lwIP/src/core/ipv4/igmp.d" -o "lwIP/src/core/ipv4/igmp.o" "../lwIP/src/core/ipv4/igmp.c"
Finished building: ../lwIP/src/core/ipv4/igmp.c
 
Building file: ../lwIP/src/core/ipv4/inet.c
Invoking: MCU C Compiler
arm-none-eabi-gcc -D__MULTICORE_NONE -DDEBUG -D__CODE_RED -DCORE_M4 -D__USE_LPCOPEN -D__LPC43XX__ -D__REDLIB__ -I"/home/pato/Embebidos/TpFinal/Workspaces/TpFinal/ControlAcuario/lwIP/inc/arch" -I"/home/pato/Embebidos/TpFinal/Workspaces/TpFinal/ControlAcuario/lwIP/inc/ipv4" -I"/home/pato/Embebidos/TpFinal/Workspaces/TpFinal/ControlAcuario/lwIP/inc/lwip" -I"/home/pato/Embebidos/TpFinal/Workspaces/TpFinal/ControlAcuario/lwIP/inc/netif" -I"/home/pato/Embebidos/TpFinal/Workspaces/TpFinal/ControlAcuario/lwIP/inc/posix" -I"/home/pato/Embebidos/TpFinal/Workspaces/TpFinal/ControlAcuario/Board/inc" -I"/home/pato/Embebidos/TpFinal/Workspaces/TpFinal/ControlAcuario/freeRTOS/inc" -I"/home/pato/Embebidos/TpFinal/Workspaces/TpFinal/ControlAcuario/lwIP/inc" -I"/home/pato/Embebidos/TpFinal/Workspaces/TpFinal/ControlAcuario/inc" -I"/home/pato/Embebidos/TpFinal/Workspaces/TpFinal/lpc_chip_43xx/inc" -I"/home/pato/Embebidos/TpFinal/Workspaces/TpFinal/lpc_chip_43xx/inc/usbd" -O0 -g3 -Wall -c -fmessage-length=0 -fno-builtin -ffunction-sections -fdata-sections -mcpu=cortex-m4 -mfpu=fpv4-sp-d16 -mfloat-abi=softfp -mthumb -D__REDLIB__ -specs=redlib.specs -MMD -MP -MF"lwIP/src/core/ipv4/inet.d" -MT"lwIP/src/core/ipv4/inet.o" -MT"lwIP/src/core/ipv4/inet.d" -o "lwIP/src/core/ipv4/inet.o" "../lwIP/src/core/ipv4/inet.c"
Finished building: ../lwIP/src/core/ipv4/inet.c
 
Building file: ../lwIP/src/core/ipv4/inet_chksum.c
Invoking: MCU C Compiler
arm-none-eabi-gcc -D__MULTICORE_NONE -DDEBUG -D__CODE_RED -DCORE_M4 -D__USE_LPCOPEN -D__LPC43XX__ -D__REDLIB__ -I"/home/pato/Embebidos/TpFinal/Workspaces/TpFinal/ControlAcuario/lwIP/inc/arch" -I"/home/pato/Embebidos/TpFinal/Workspaces/TpFinal/ControlAcuario/lwIP/inc/ipv4" -I"/home/pato/Embebidos/TpFinal/Workspaces/TpFinal/ControlAcuario/lwIP/inc/lwip" -I"/home/pato/Embebidos/TpFinal/Workspaces/TpFinal/ControlAcuario/lwIP/inc/netif" -I"/home/pato/Embebidos/TpFinal/Workspaces/TpFinal/ControlAcuario/lwIP/inc/posix" -I"/home/pato/Embebidos/TpFinal/Workspaces/TpFinal/ControlAcuario/Board/inc" -I"/home/pato/Embebidos/TpFinal/Workspaces/TpFinal/ControlAcuario/freeRTOS/inc" -I"/home/pato/Embebidos/TpFinal/Workspaces/TpFinal/ControlAcuario/lwIP/inc" -I"/home/pato/Embebidos/TpFinal/Workspaces/TpFinal/ControlAcuario/inc" -I"/home/pato/Embebidos/TpFinal/Workspaces/TpFinal/lpc_chip_43xx/inc" -I"/home/pato/Embebidos/TpFinal/Workspaces/TpFinal/lpc_chip_43xx/inc/usbd" -O0 -g3 -Wall -c -fmessage-length=0 -fno-builtin -ffunction-sections -fdata-sections -mcpu=cortex-m4 -mfpu=fpv4-sp-d16 -mfloat-abi=softfp -mthumb -D__REDLIB__ -specs=redlib.specs -MMD -MP -MF"lwIP/src/core/ipv4/inet_chksum.d" -MT"lwIP/src/core/ipv4/inet_chksum.o" -MT"lwIP/src/core/ipv4/inet_chksum.d" -o "lwIP/src/core/ipv4/inet_chksum.o" "../lwIP/src/core/ipv4/inet_chksum.c"
Finished building: ../lwIP/src/core/ipv4/inet_chksum.c
 
Building file: ../lwIP/src/core/ipv4/ip.c
Invoking: MCU C Compiler
arm-none-eabi-gcc -D__MULTICORE_NONE -DDEBUG -D__CODE_RED -DCORE_M4 -D__USE_LPCOPEN -D__LPC43XX__ -D__REDLIB__ -I"/home/pato/Embebidos/TpFinal/Workspaces/TpFinal/ControlAcuario/lwIP/inc/arch" -I"/home/pato/Embebidos/TpFinal/Workspaces/TpFinal/ControlAcuario/lwIP/inc/ipv4" -I"/home/pato/Embebidos/TpFinal/Workspaces/TpFinal/ControlAcuario/lwIP/inc/lwip" -I"/home/pato/Embebidos/TpFinal/Workspaces/TpFinal/ControlAcuario/lwIP/inc/netif" -I"/home/pato/Embebidos/TpFinal/Workspaces/TpFinal/ControlAcuario/lwIP/inc/posix" -I"/home/pato/Embebidos/TpFinal/Workspaces/TpFinal/ControlAcuario/Board/inc" -I"/home/pato/Embebidos/TpFinal/Workspaces/TpFinal/ControlAcuario/freeRTOS/inc" -I"/home/pato/Embebidos/TpFinal/Workspaces/TpFinal/ControlAcuario/lwIP/inc" -I"/home/pato/Embebidos/TpFinal/Workspaces/TpFinal/ControlAcuario/inc" -I"/home/pato/Embebidos/TpFinal/Workspaces/TpFinal/lpc_chip_43xx/inc" -I"/home/pato/Embebidos/TpFinal/Workspaces/TpFinal/lpc_chip_43xx/inc/usbd" -O0 -g3 -Wall -c -fmessage-length=0 -fno-builtin -ffunction-sections -fdata-sections -mcpu=cortex-m4 -mfpu=fpv4-sp-d16 -mfloat-abi=softfp -mthumb -D__REDLIB__ -specs=redlib.specs -MMD -MP -MF"lwIP/src/core/ipv4/ip.d" -MT"lwIP/src/core/ipv4/ip.o" -MT"lwIP/src/core/ipv4/ip.d" -o "lwIP/src/core/ipv4/ip.o" "../lwIP/src/core/ipv4/ip.c"
Finished building: ../lwIP/src/core/ipv4/ip.c
 
Building file: ../lwIP/src/core/ipv4/ip_addr.c
Invoking: MCU C Compiler
arm-none-eabi-gcc -D__MULTICORE_NONE -DDEBUG -D__CODE_RED -DCORE_M4 -D__USE_LPCOPEN -D__LPC43XX__ -D__REDLIB__ -I"/home/pato/Embebidos/TpFinal/Workspaces/TpFinal/ControlAcuario/lwIP/inc/arch" -I"/home/pato/Embebidos/TpFinal/Workspaces/TpFinal/ControlAcuario/lwIP/inc/ipv4" -I"/home/pato/Embebidos/TpFinal/Workspaces/TpFinal/ControlAcuario/lwIP/inc/lwip" -I"/home/pato/Embebidos/TpFinal/Workspaces/TpFinal/ControlAcuario/lwIP/inc/netif" -I"/home/pato/Embebidos/TpFinal/Workspaces/TpFinal/ControlAcuario/lwIP/inc/posix" -I"/home/pato/Embebidos/TpFinal/Workspaces/TpFinal/ControlAcuario/Board/inc" -I"/home/pato/Embebidos/TpFinal/Workspaces/TpFinal/ControlAcuario/freeRTOS/inc" -I"/home/pato/Embebidos/TpFinal/Workspaces/TpFinal/ControlAcuario/lwIP/inc" -I"/home/pato/Embebidos/TpFinal/Workspaces/TpFinal/ControlAcuario/inc" -I"/home/pato/Embebidos/TpFinal/Workspaces/TpFinal/lpc_chip_43xx/inc" -I"/home/pato/Embebidos/TpFinal/Workspaces/TpFinal/lpc_chip_43xx/inc/usbd" -O0 -g3 -Wall -c -fmessage-length=0 -fno-builtin -ffunction-sections -fdata-sections -mcpu=cortex-m4 -mfpu=fpv4-sp-d16 -mfloat-abi=softfp -mthumb -D__REDLIB__ -specs=redlib.specs -MMD -MP -MF"lwIP/src/core/ipv4/ip_addr.d" -MT"lwIP/src/core/ipv4/ip_addr.o" -MT"lwIP/src/core/ipv4/ip_addr.d" -o "lwIP/src/core/ipv4/ip_addr.o" "../lwIP/src/core/ipv4/ip_addr.c"
Finished building: ../lwIP/src/core/ipv4/ip_addr.c
 
Building file: ../lwIP/src/core/ipv4/ip_frag.c
Invoking: MCU C Compiler
arm-none-eabi-gcc -D__MULTICORE_NONE -DDEBUG -D__CODE_RED -DCORE_M4 -D__USE_LPCOPEN -D__LPC43XX__ -D__REDLIB__ -I"/home/pato/Embebidos/TpFinal/Workspaces/TpFinal/ControlAcuario/lwIP/inc/arch" -I"/home/pato/Embebidos/TpFinal/Workspaces/TpFinal/ControlAcuario/lwIP/inc/ipv4" -I"/home/pato/Embebidos/TpFinal/Workspaces/TpFinal/ControlAcuario/lwIP/inc/lwip" -I"/home/pato/Embebidos/TpFinal/Workspaces/TpFinal/ControlAcuario/lwIP/inc/netif" -I"/home/pato/Embebidos/TpFinal/Workspaces/TpFinal/ControlAcuario/lwIP/inc/posix" -I"/home/pato/Embebidos/TpFinal/Workspaces/TpFinal/ControlAcuario/Board/inc" -I"/home/pato/Embebidos/TpFinal/Workspaces/TpFinal/ControlAcuario/freeRTOS/inc" -I"/home/pato/Embebidos/TpFinal/Workspaces/TpFinal/ControlAcuario/lwIP/inc" -I"/home/pato/Embebidos/TpFinal/Workspaces/TpFinal/ControlAcuario/inc" -I"/home/pato/Embebidos/TpFinal/Workspaces/TpFinal/lpc_chip_43xx/inc" -I"/home/pato/Embebidos/TpFinal/Workspaces/TpFinal/lpc_chip_43xx/inc/usbd" -O0 -g3 -Wall -c -fmessage-length=0 -fno-builtin -ffunction-sections -fdata-sections -mcpu=cortex-m4 -mfpu=fpv4-sp-d16 -mfloat-abi=softfp -mthumb -D__REDLIB__ -specs=redlib.specs -MMD -MP -MF"lwIP/src/core/ipv4/ip_frag.d" -MT"lwIP/src/core/ipv4/ip_frag.o" -MT"lwIP/src/core/ipv4/ip_frag.d" -o "lwIP/src/core/ipv4/ip_frag.o" "../lwIP/src/core/ipv4/ip_frag.c"
Finished building: ../lwIP/src/core/ipv4/ip_frag.c
 
Building file: ../lwIP/src/core/def.c
Invoking: MCU C Compiler
arm-none-eabi-gcc -D__MULTICORE_NONE -DDEBUG -D__CODE_RED -DCORE_M4 -D__USE_LPCOPEN -D__LPC43XX__ -D__REDLIB__ -I"/home/pato/Embebidos/TpFinal/Workspaces/TpFinal/ControlAcuario/lwIP/inc/arch" -I"/home/pato/Embebidos/TpFinal/Workspaces/TpFinal/ControlAcuario/lwIP/inc/ipv4" -I"/home/pato/Embebidos/TpFinal/Workspaces/TpFinal/ControlAcuario/lwIP/inc/lwip" -I"/home/pato/Embebidos/TpFinal/Workspaces/TpFinal/ControlAcuario/lwIP/inc/netif" -I"/home/pato/Embebidos/TpFinal/Workspaces/TpFinal/ControlAcuario/lwIP/inc/posix" -I"/home/pato/Embebidos/TpFinal/Workspaces/TpFinal/ControlAcuario/Board/inc" -I"/home/pato/Embebidos/TpFinal/Workspaces/TpFinal/ControlAcuario/freeRTOS/inc" -I"/home/pato/Embebidos/TpFinal/Workspaces/TpFinal/ControlAcuario/lwIP/inc" -I"/home/pato/Embebidos/TpFinal/Workspaces/TpFinal/ControlAcuario/inc" -I"/home/pato/Embebidos/TpFinal/Workspaces/TpFinal/lpc_chip_43xx/inc" -I"/home/pato/Embebidos/TpFinal/Workspaces/TpFinal/lpc_chip_43xx/inc/usbd" -O0 -g3 -Wall -c -fmessage-length=0 -fno-builtin -ffunction-sections -fdata-sections -mcpu=cortex-m4 -mfpu=fpv4-sp-d16 -mfloat-abi=softfp -mthumb -D__REDLIB__ -specs=redlib.specs -MMD -MP -MF"lwIP/src/core/def.d" -MT"lwIP/src/core/def.o" -MT"lwIP/src/core/def.d" -o "lwIP/src/core/def.o" "../lwIP/src/core/def.c"
Finished building: ../lwIP/src/core/def.c
 
Building file: ../lwIP/src/core/dhcp.c
Invoking: MCU C Compiler
arm-none-eabi-gcc -D__MULTICORE_NONE -DDEBUG -D__CODE_RED -DCORE_M4 -D__USE_LPCOPEN -D__LPC43XX__ -D__REDLIB__ -I"/home/pato/Embebidos/TpFinal/Workspaces/TpFinal/ControlAcuario/lwIP/inc/arch" -I"/home/pato/Embebidos/TpFinal/Workspaces/TpFinal/ControlAcuario/lwIP/inc/ipv4" -I"/home/pato/Embebidos/TpFinal/Workspaces/TpFinal/ControlAcuario/lwIP/inc/lwip" -I"/home/pato/Embebidos/TpFinal/Workspaces/TpFinal/ControlAcuario/lwIP/inc/netif" -I"/home/pato/Embebidos/TpFinal/Workspaces/TpFinal/ControlAcuario/lwIP/inc/posix" -I"/home/pato/Embebidos/TpFinal/Workspaces/TpFinal/ControlAcuario/Board/inc" -I"/home/pato/Embebidos/TpFinal/Workspaces/TpFinal/ControlAcuario/freeRTOS/inc" -I"/home/pato/Embebidos/TpFinal/Workspaces/TpFinal/ControlAcuario/lwIP/inc" -I"/home/pato/Embebidos/TpFinal/Workspaces/TpFinal/ControlAcuario/inc" -I"/home/pato/Embebidos/TpFinal/Workspaces/TpFinal/lpc_chip_43xx/inc" -I"/home/pato/Embebidos/TpFinal/Workspaces/TpFinal/lpc_chip_43xx/inc/usbd" -O0 -g3 -Wall -c -fmessage-length=0 -fno-builtin -ffunction-sections -fdata-sections -mcpu=cortex-m4 -mfpu=fpv4-sp-d16 -mfloat-abi=softfp -mthumb -D__REDLIB__ -specs=redlib.specs -MMD -MP -MF"lwIP/src/core/dhcp.d" -MT"lwIP/src/core/dhcp.o" -MT"lwIP/src/core/dhcp.d" -o "lwIP/src/core/dhcp.o" "../lwIP/src/core/dhcp.c"
Finished building: ../lwIP/src/core/dhcp.c
 
Building file: ../lwIP/src/core/dns.c
Invoking: MCU C Compiler
arm-none-eabi-gcc -D__MULTICORE_NONE -DDEBUG -D__CODE_RED -DCORE_M4 -D__USE_LPCOPEN -D__LPC43XX__ -D__REDLIB__ -I"/home/pato/Embebidos/TpFinal/Workspaces/TpFinal/ControlAcuario/lwIP/inc/arch" -I"/home/pato/Embebidos/TpFinal/Workspaces/TpFinal/ControlAcuario/lwIP/inc/ipv4" -I"/home/pato/Embebidos/TpFinal/Workspaces/TpFinal/ControlAcuario/lwIP/inc/lwip" -I"/home/pato/Embebidos/TpFinal/Workspaces/TpFinal/ControlAcuario/lwIP/inc/netif" -I"/home/pato/Embebidos/TpFinal/Workspaces/TpFinal/ControlAcuario/lwIP/inc/posix" -I"/home/pato/Embebidos/TpFinal/Workspaces/TpFinal/ControlAcuario/Board/inc" -I"/home/pato/Embebidos/TpFinal/Workspaces/TpFinal/ControlAcuario/freeRTOS/inc" -I"/home/pato/Embebidos/TpFinal/Workspaces/TpFinal/ControlAcuario/lwIP/inc" -I"/home/pato/Embebidos/TpFinal/Workspaces/TpFinal/ControlAcuario/inc" -I"/home/pato/Embebidos/TpFinal/Workspaces/TpFinal/lpc_chip_43xx/inc" -I"/home/pato/Embebidos/TpFinal/Workspaces/TpFinal/lpc_chip_43xx/inc/usbd" -O0 -g3 -Wall -c -fmessage-length=0 -fno-builtin -ffunction-sections -fdata-sections -mcpu=cortex-m4 -mfpu=fpv4-sp-d16 -mfloat-abi=softfp -mthumb -D__REDLIB__ -specs=redlib.specs -MMD -MP -MF"lwIP/src/core/dns.d" -MT"lwIP/src/core/dns.o" -MT"lwIP/src/core/dns.d" -o "lwIP/src/core/dns.o" "../lwIP/src/core/dns.c"
Finished building: ../lwIP/src/core/dns.c
 
Building file: ../lwIP/src/core/init.c
Invoking: MCU C Compiler
arm-none-eabi-gcc -D__MULTICORE_NONE -DDEBUG -D__CODE_RED -DCORE_M4 -D__USE_LPCOPEN -D__LPC43XX__ -D__REDLIB__ -I"/home/pato/Embebidos/TpFinal/Workspaces/TpFinal/ControlAcuario/lwIP/inc/arch" -I"/home/pato/Embebidos/TpFinal/Workspaces/TpFinal/ControlAcuario/lwIP/inc/ipv4" -I"/home/pato/Embebidos/TpFinal/Workspaces/TpFinal/ControlAcuario/lwIP/inc/lwip" -I"/home/pato/Embebidos/TpFinal/Workspaces/TpFinal/ControlAcuario/lwIP/inc/netif" -I"/home/pato/Embebidos/TpFinal/Workspaces/TpFinal/ControlAcuario/lwIP/inc/posix" -I"/home/pato/Embebidos/TpFinal/Workspaces/TpFinal/ControlAcuario/Board/inc" -I"/home/pato/Embebidos/TpFinal/Workspaces/TpFinal/ControlAcuario/freeRTOS/inc" -I"/home/pato/Embebidos/TpFinal/Workspaces/TpFinal/ControlAcuario/lwIP/inc" -I"/home/pato/Embebidos/TpFinal/Workspaces/TpFinal/ControlAcuario/inc" -I"/home/pato/Embebidos/TpFinal/Workspaces/TpFinal/lpc_chip_43xx/inc" -I"/home/pato/Embebidos/TpFinal/Workspaces/TpFinal/lpc_chip_43xx/inc/usbd" -O0 -g3 -Wall -c -fmessage-length=0 -fno-builtin -ffunction-sections -fdata-sections -mcpu=cortex-m4 -mfpu=fpv4-sp-d16 -mfloat-abi=softfp -mthumb -D__REDLIB__ -specs=redlib.specs -MMD -MP -MF"lwIP/src/core/init.d" -MT"lwIP/src/core/init.o" -MT"lwIP/src/core/init.d" -o "lwIP/src/core/init.o" "../lwIP/src/core/init.c"
Finished building: ../lwIP/src/core/init.c
 
Building file: ../lwIP/src/core/mem.c
Invoking: MCU C Compiler
arm-none-eabi-gcc -D__MULTICORE_NONE -DDEBUG -D__CODE_RED -DCORE_M4 -D__USE_LPCOPEN -D__LPC43XX__ -D__REDLIB__ -I"/home/pato/Embebidos/TpFinal/Workspaces/TpFinal/ControlAcuario/lwIP/inc/arch" -I"/home/pato/Embebidos/TpFinal/Workspaces/TpFinal/ControlAcuario/lwIP/inc/ipv4" -I"/home/pato/Embebidos/TpFinal/Workspaces/TpFinal/ControlAcuario/lwIP/inc/lwip" -I"/home/pato/Embebidos/TpFinal/Workspaces/TpFinal/ControlAcuario/lwIP/inc/netif" -I"/home/pato/Embebidos/TpFinal/Workspaces/TpFinal/ControlAcuario/lwIP/inc/posix" -I"/home/pato/Embebidos/TpFinal/Workspaces/TpFinal/ControlAcuario/Board/inc" -I"/home/pato/Embebidos/TpFinal/Workspaces/TpFinal/ControlAcuario/freeRTOS/inc" -I"/home/pato/Embebidos/TpFinal/Workspaces/TpFinal/ControlAcuario/lwIP/inc" -I"/home/pato/Embebidos/TpFinal/Workspaces/TpFinal/ControlAcuario/inc" -I"/home/pato/Embebidos/TpFinal/Workspaces/TpFinal/lpc_chip_43xx/inc" -I"/home/pato/Embebidos/TpFinal/Workspaces/TpFinal/lpc_chip_43xx/inc/usbd" -O0 -g3 -Wall -c -fmessage-length=0 -fno-builtin -ffunction-sections -fdata-sections -mcpu=cortex-m4 -mfpu=fpv4-sp-d16 -mfloat-abi=softfp -mthumb -D__REDLIB__ -specs=redlib.specs -MMD -MP -MF"lwIP/src/core/mem.d" -MT"lwIP/src/core/mem.o" -MT"lwIP/src/core/mem.d" -o "lwIP/src/core/mem.o" "../lwIP/src/core/mem.c"
Finished building: ../lwIP/src/core/mem.c
 
Building file: ../lwIP/src/core/memp.c
Invoking: MCU C Compiler
arm-none-eabi-gcc -D__MULTICORE_NONE -DDEBUG -D__CODE_RED -DCORE_M4 -D__USE_LPCOPEN -D__LPC43XX__ -D__REDLIB__ -I"/home/pato/Embebidos/TpFinal/Workspaces/TpFinal/ControlAcuario/lwIP/inc/arch" -I"/home/pato/Embebidos/TpFinal/Workspaces/TpFinal/ControlAcuario/lwIP/inc/ipv4" -I"/home/pato/Embebidos/TpFinal/Workspaces/TpFinal/ControlAcuario/lwIP/inc/lwip" -I"/home/pato/Embebidos/TpFinal/Workspaces/TpFinal/ControlAcuario/lwIP/inc/netif" -I"/home/pato/Embebidos/TpFinal/Workspaces/TpFinal/ControlAcuario/lwIP/inc/posix" -I"/home/pato/Embebidos/TpFinal/Workspaces/TpFinal/ControlAcuario/Board/inc" -I"/home/pato/Embebidos/TpFinal/Workspaces/TpFinal/ControlAcuario/freeRTOS/inc" -I"/home/pato/Embebidos/TpFinal/Workspaces/TpFinal/ControlAcuario/lwIP/inc" -I"/home/pato/Embebidos/TpFinal/Workspaces/TpFinal/ControlAcuario/inc" -I"/home/pato/Embebidos/TpFinal/Workspaces/TpFinal/lpc_chip_43xx/inc" -I"/home/pato/Embebidos/TpFinal/Workspaces/TpFinal/lpc_chip_43xx/inc/usbd" -O0 -g3 -Wall -c -fmessage-length=0 -fno-builtin -ffunction-sections -fdata-sections -mcpu=cortex-m4 -mfpu=fpv4-sp-d16 -mfloat-abi=softfp -mthumb -D__REDLIB__ -specs=redlib.specs -MMD -MP -MF"lwIP/src/core/memp.d" -MT"lwIP/src/core/memp.o" -MT"lwIP/src/core/memp.d" -o "lwIP/src/core/memp.o" "../lwIP/src/core/memp.c"
Finished building: ../lwIP/src/core/memp.c
 
Building file: ../lwIP/src/core/netif.c
Invoking: MCU C Compiler
arm-none-eabi-gcc -D__MULTICORE_NONE -DDEBUG -D__CODE_RED -DCORE_M4 -D__USE_LPCOPEN -D__LPC43XX__ -D__REDLIB__ -I"/home/pato/Embebidos/TpFinal/Workspaces/TpFinal/ControlAcuario/lwIP/inc/arch" -I"/home/pato/Embebidos/TpFinal/Workspaces/TpFinal/ControlAcuario/lwIP/inc/ipv4" -I"/home/pato/Embebidos/TpFinal/Workspaces/TpFinal/ControlAcuario/lwIP/inc/lwip" -I"/home/pato/Embebidos/TpFinal/Workspaces/TpFinal/ControlAcuario/lwIP/inc/netif" -I"/home/pato/Embebidos/TpFinal/Workspaces/TpFinal/ControlAcuario/lwIP/inc/posix" -I"/home/pato/Embebidos/TpFinal/Workspaces/TpFinal/ControlAcuario/Board/inc" -I"/home/pato/Embebidos/TpFinal/Workspaces/TpFinal/ControlAcuario/freeRTOS/inc" -I"/home/pato/Embebidos/TpFinal/Workspaces/TpFinal/ControlAcuario/lwIP/inc" -I"/home/pato/Embebidos/TpFinal/Workspaces/TpFinal/ControlAcuario/inc" -I"/home/pato/Embebidos/TpFinal/Workspaces/TpFinal/lpc_chip_43xx/inc" -I"/home/pato/Embebidos/TpFinal/Workspaces/TpFinal/lpc_chip_43xx/inc/usbd" -O0 -g3 -Wall -c -fmessage-length=0 -fno-builtin -ffunction-sections -fdata-sections -mcpu=cortex-m4 -mfpu=fpv4-sp-d16 -mfloat-abi=softfp -mthumb -D__REDLIB__ -specs=redlib.specs -MMD -MP -MF"lwIP/src/core/netif.d" -MT"lwIP/src/core/netif.o" -MT"lwIP/src/core/netif.d" -o "lwIP/src/core/netif.o" "../lwIP/src/core/netif.c"
Finished building: ../lwIP/src/core/netif.c
 
Building file: ../lwIP/src/core/pbuf.c
Invoking: MCU C Compiler
arm-none-eabi-gcc -D__MULTICORE_NONE -DDEBUG -D__CODE_RED -DCORE_M4 -D__USE_LPCOPEN -D__LPC43XX__ -D__REDLIB__ -I"/home/pato/Embebidos/TpFinal/Workspaces/TpFinal/ControlAcuario/lwIP/inc/arch" -I"/home/pato/Embebidos/TpFinal/Workspaces/TpFinal/ControlAcuario/lwIP/inc/ipv4" -I"/home/pato/Embebidos/TpFinal/Workspaces/TpFinal/ControlAcuario/lwIP/inc/lwip" -I"/home/pato/Embebidos/TpFinal/Workspaces/TpFinal/ControlAcuario/lwIP/inc/netif" -I"/home/pato/Embebidos/TpFinal/Workspaces/TpFinal/ControlAcuario/lwIP/inc/posix" -I"/home/pato/Embebidos/TpFinal/Workspaces/TpFinal/ControlAcuario/Board/inc" -I"/home/pato/Embebidos/TpFinal/Workspaces/TpFinal/ControlAcuario/freeRTOS/inc" -I"/home/pato/Embebidos/TpFinal/Workspaces/TpFinal/ControlAcuario/lwIP/inc" -I"/home/pato/Embebidos/TpFinal/Workspaces/TpFinal/ControlAcuario/inc" -I"/home/pato/Embebidos/TpFinal/Workspaces/TpFinal/lpc_chip_43xx/inc" -I"/home/pato/Embebidos/TpFinal/Workspaces/TpFinal/lpc_chip_43xx/inc/usbd" -O0 -g3 -Wall -c -fmessage-length=0 -fno-builtin -ffunction-sections -fdata-sections -mcpu=cortex-m4 -mfpu=fpv4-sp-d16 -mfloat-abi=softfp -mthumb -D__REDLIB__ -specs=redlib.specs -MMD -MP -MF"lwIP/src/core/pbuf.d" -MT"lwIP/src/core/pbuf.o" -MT"lwIP/src/core/pbuf.d" -o "lwIP/src/core/pbuf.o" "../lwIP/src/core/pbuf.c"
Finished building: ../lwIP/src/core/pbuf.c
 
Building file: ../lwIP/src/core/raw.c
Invoking: MCU C Compiler
arm-none-eabi-gcc -D__MULTICORE_NONE -DDEBUG -D__CODE_RED -DCORE_M4 -D__USE_LPCOPEN -D__LPC43XX__ -D__REDLIB__ -I"/home/pato/Embebidos/TpFinal/Workspaces/TpFinal/ControlAcuario/lwIP/inc/arch" -I"/home/pato/Embebidos/TpFinal/Workspaces/TpFinal/ControlAcuario/lwIP/inc/ipv4" -I"/home/pato/Embebidos/TpFinal/Workspaces/TpFinal/ControlAcuario/lwIP/inc/lwip" -I"/home/pato/Embebidos/TpFinal/Workspaces/TpFinal/ControlAcuario/lwIP/inc/netif" -I"/home/pato/Embebidos/TpFinal/Workspaces/TpFinal/ControlAcuario/lwIP/inc/posix" -I"/home/pato/Embebidos/TpFinal/Workspaces/TpFinal/ControlAcuario/Board/inc" -I"/home/pato/Embebidos/TpFinal/Workspaces/TpFinal/ControlAcuario/freeRTOS/inc" -I"/home/pato/Embebidos/TpFinal/Workspaces/TpFinal/ControlAcuario/lwIP/inc" -I"/home/pato/Embebidos/TpFinal/Workspaces/TpFinal/ControlAcuario/inc" -I"/home/pato/Embebidos/TpFinal/Workspaces/TpFinal/lpc_chip_43xx/inc" -I"/home/pato/Embebidos/TpFinal/Workspaces/TpFinal/lpc_chip_43xx/inc/usbd" -O0 -g3 -Wall -c -fmessage-length=0 -fno-builtin -ffunction-sections -fdata-sections -mcpu=cortex-m4 -mfpu=fpv4-sp-d16 -mfloat-abi=softfp -mthumb -D__REDLIB__ -specs=redlib.specs -MMD -MP -MF"lwIP/src/core/raw.d" -MT"lwIP/src/core/raw.o" -MT"lwIP/src/core/raw.d" -o "lwIP/src/core/raw.o" "../lwIP/src/core/raw.c"
Finished building: ../lwIP/src/core/raw.c
 
Building file: ../lwIP/src/core/stats.c
Invoking: MCU C Compiler
arm-none-eabi-gcc -D__MULTICORE_NONE -DDEBUG -D__CODE_RED -DCORE_M4 -D__USE_LPCOPEN -D__LPC43XX__ -D__REDLIB__ -I"/home/pato/Embebidos/TpFinal/Workspaces/TpFinal/ControlAcuario/lwIP/inc/arch" -I"/home/pato/Embebidos/TpFinal/Workspaces/TpFinal/ControlAcuario/lwIP/inc/ipv4" -I"/home/pato/Embebidos/TpFinal/Workspaces/TpFinal/ControlAcuario/lwIP/inc/lwip" -I"/home/pato/Embebidos/TpFinal/Workspaces/TpFinal/ControlAcuario/lwIP/inc/netif" -I"/home/pato/Embebidos/TpFinal/Workspaces/TpFinal/ControlAcuario/lwIP/inc/posix" -I"/home/pato/Embebidos/TpFinal/Workspaces/TpFinal/ControlAcuario/Board/inc" -I"/home/pato/Embebidos/TpFinal/Workspaces/TpFinal/ControlAcuario/freeRTOS/inc" -I"/home/pato/Embebidos/TpFinal/Workspaces/TpFinal/ControlAcuario/lwIP/inc" -I"/home/pato/Embebidos/TpFinal/Workspaces/TpFinal/ControlAcuario/inc" -I"/home/pato/Embebidos/TpFinal/Workspaces/TpFinal/lpc_chip_43xx/inc" -I"/home/pato/Embebidos/TpFinal/Workspaces/TpFinal/lpc_chip_43xx/inc/usbd" -O0 -g3 -Wall -c -fmessage-length=0 -fno-builtin -ffunction-sections -fdata-sections -mcpu=cortex-m4 -mfpu=fpv4-sp-d16 -mfloat-abi=softfp -mthumb -D__REDLIB__ -specs=redlib.specs -MMD -MP -MF"lwIP/src/core/stats.d" -MT"lwIP/src/core/stats.o" -MT"lwIP/src/core/stats.d" -o "lwIP/src/core/stats.o" "../lwIP/src/core/stats.c"
Finished building: ../lwIP/src/core/stats.c
 
Building file: ../lwIP/src/core/sys.c
Invoking: MCU C Compiler
arm-none-eabi-gcc -D__MULTICORE_NONE -DDEBUG -D__CODE_RED -DCORE_M4 -D__USE_LPCOPEN -D__LPC43XX__ -D__REDLIB__ -I"/home/pato/Embebidos/TpFinal/Workspaces/TpFinal/ControlAcuario/lwIP/inc/arch" -I"/home/pato/Embebidos/TpFinal/Workspaces/TpFinal/ControlAcuario/lwIP/inc/ipv4" -I"/home/pato/Embebidos/TpFinal/Workspaces/TpFinal/ControlAcuario/lwIP/inc/lwip" -I"/home/pato/Embebidos/TpFinal/Workspaces/TpFinal/ControlAcuario/lwIP/inc/netif" -I"/home/pato/Embebidos/TpFinal/Workspaces/TpFinal/ControlAcuario/lwIP/inc/posix" -I"/home/pato/Embebidos/TpFinal/Workspaces/TpFinal/ControlAcuario/Board/inc" -I"/home/pato/Embebidos/TpFinal/Workspaces/TpFinal/ControlAcuario/freeRTOS/inc" -I"/home/pato/Embebidos/TpFinal/Workspaces/TpFinal/ControlAcuario/lwIP/inc" -I"/home/pato/Embebidos/TpFinal/Workspaces/TpFinal/ControlAcuario/inc" -I"/home/pato/Embebidos/TpFinal/Workspaces/TpFinal/lpc_chip_43xx/inc" -I"/home/pato/Embebidos/TpFinal/Workspaces/TpFinal/lpc_chip_43xx/inc/usbd" -O0 -g3 -Wall -c -fmessage-length=0 -fno-builtin -ffunction-sections -fdata-sections -mcpu=cortex-m4 -mfpu=fpv4-sp-d16 -mfloat-abi=softfp -mthumb -D__REDLIB__ -specs=redlib.specs -MMD -MP -MF"lwIP/src/core/sys.d" -MT"lwIP/src/core/sys.o" -MT"lwIP/src/core/sys.d" -o "lwIP/src/core/sys.o" "../lwIP/src/core/sys.c"
Finished building: ../lwIP/src/core/sys.c
 
Building file: ../lwIP/src/core/tcp.c
Invoking: MCU C Compiler
arm-none-eabi-gcc -D__MULTICORE_NONE -DDEBUG -D__CODE_RED -DCORE_M4 -D__USE_LPCOPEN -D__LPC43XX__ -D__REDLIB__ -I"/home/pato/Embebidos/TpFinal/Workspaces/TpFinal/ControlAcuario/lwIP/inc/arch" -I"/home/pato/Embebidos/TpFinal/Workspaces/TpFinal/ControlAcuario/lwIP/inc/ipv4" -I"/home/pato/Embebidos/TpFinal/Workspaces/TpFinal/ControlAcuario/lwIP/inc/lwip" -I"/home/pato/Embebidos/TpFinal/Workspaces/TpFinal/ControlAcuario/lwIP/inc/netif" -I"/home/pato/Embebidos/TpFinal/Workspaces/TpFinal/ControlAcuario/lwIP/inc/posix" -I"/home/pato/Embebidos/TpFinal/Workspaces/TpFinal/ControlAcuario/Board/inc" -I"/home/pato/Embebidos/TpFinal/Workspaces/TpFinal/ControlAcuario/freeRTOS/inc" -I"/home/pato/Embebidos/TpFinal/Workspaces/TpFinal/ControlAcuario/lwIP/inc" -I"/home/pato/Embebidos/TpFinal/Workspaces/TpFinal/ControlAcuario/inc" -I"/home/pato/Embebidos/TpFinal/Workspaces/TpFinal/lpc_chip_43xx/inc" -I"/home/pato/Embebidos/TpFinal/Workspaces/TpFinal/lpc_chip_43xx/inc/usbd" -O0 -g3 -Wall -c -fmessage-length=0 -fno-builtin -ffunction-sections -fdata-sections -mcpu=cortex-m4 -mfpu=fpv4-sp-d16 -mfloat-abi=softfp -mthumb -D__REDLIB__ -specs=redlib.specs -MMD -MP -MF"lwIP/src/core/tcp.d" -MT"lwIP/src/core/tcp.o" -MT"lwIP/src/core/tcp.d" -o "lwIP/src/core/tcp.o" "../lwIP/src/core/tcp.c"
Finished building: ../lwIP/src/core/tcp.c
 
Building file: ../lwIP/src/core/tcp_in.c
Invoking: MCU C Compiler
arm-none-eabi-gcc -D__MULTICORE_NONE -DDEBUG -D__CODE_RED -DCORE_M4 -D__USE_LPCOPEN -D__LPC43XX__ -D__REDLIB__ -I"/home/pato/Embebidos/TpFinal/Workspaces/TpFinal/ControlAcuario/lwIP/inc/arch" -I"/home/pato/Embebidos/TpFinal/Workspaces/TpFinal/ControlAcuario/lwIP/inc/ipv4" -I"/home/pato/Embebidos/TpFinal/Workspaces/TpFinal/ControlAcuario/lwIP/inc/lwip" -I"/home/pato/Embebidos/TpFinal/Workspaces/TpFinal/ControlAcuario/lwIP/inc/netif" -I"/home/pato/Embebidos/TpFinal/Workspaces/TpFinal/ControlAcuario/lwIP/inc/posix" -I"/home/pato/Embebidos/TpFinal/Workspaces/TpFinal/ControlAcuario/Board/inc" -I"/home/pato/Embebidos/TpFinal/Workspaces/TpFinal/ControlAcuario/freeRTOS/inc" -I"/home/pato/Embebidos/TpFinal/Workspaces/TpFinal/ControlAcuario/lwIP/inc" -I"/home/pato/Embebidos/TpFinal/Workspaces/TpFinal/ControlAcuario/inc" -I"/home/pato/Embebidos/TpFinal/Workspaces/TpFinal/lpc_chip_43xx/inc" -I"/home/pato/Embebidos/TpFinal/Workspaces/TpFinal/lpc_chip_43xx/inc/usbd" -O0 -g3 -Wall -c -fmessage-length=0 -fno-builtin -ffunction-sections -fdata-sections -mcpu=cortex-m4 -mfpu=fpv4-sp-d16 -mfloat-abi=softfp -mthumb -D__REDLIB__ -specs=redlib.specs -MMD -MP -MF"lwIP/src/core/tcp_in.d" -MT"lwIP/src/core/tcp_in.o" -MT"lwIP/src/core/tcp_in.d" -o "lwIP/src/core/tcp_in.o" "../lwIP/src/core/tcp_in.c"
Finished building: ../lwIP/src/core/tcp_in.c
 
Building file: ../lwIP/src/core/tcp_out.c
Invoking: MCU C Compiler
arm-none-eabi-gcc -D__MULTICORE_NONE -DDEBUG -D__CODE_RED -DCORE_M4 -D__USE_LPCOPEN -D__LPC43XX__ -D__REDLIB__ -I"/home/pato/Embebidos/TpFinal/Workspaces/TpFinal/ControlAcuario/lwIP/inc/arch" -I"/home/pato/Embebidos/TpFinal/Workspaces/TpFinal/ControlAcuario/lwIP/inc/ipv4" -I"/home/pato/Embebidos/TpFinal/Workspaces/TpFinal/ControlAcuario/lwIP/inc/lwip" -I"/home/pato/Embebidos/TpFinal/Workspaces/TpFinal/ControlAcuario/lwIP/inc/netif" -I"/home/pato/Embebidos/TpFinal/Workspaces/TpFinal/ControlAcuario/lwIP/inc/posix" -I"/home/pato/Embebidos/TpFinal/Workspaces/TpFinal/ControlAcuario/Board/inc" -I"/home/pato/Embebidos/TpFinal/Workspaces/TpFinal/ControlAcuario/freeRTOS/inc" -I"/home/pato/Embebidos/TpFinal/Workspaces/TpFinal/ControlAcuario/lwIP/inc" -I"/home/pato/Embebidos/TpFinal/Workspaces/TpFinal/ControlAcuario/inc" -I"/home/pato/Embebidos/TpFinal/Workspaces/TpFinal/lpc_chip_43xx/inc" -I"/home/pato/Embebidos/TpFinal/Workspaces/TpFinal/lpc_chip_43xx/inc/usbd" -O0 -g3 -Wall -c -fmessage-length=0 -fno-builtin -ffunction-sections -fdata-sections -mcpu=cortex-m4 -mfpu=fpv4-sp-d16 -mfloat-abi=softfp -mthumb -D__REDLIB__ -specs=redlib.specs -MMD -MP -MF"lwIP/src/core/tcp_out.d" -MT"lwIP/src/core/tcp_out.o" -MT"lwIP/src/core/tcp_out.d" -o "lwIP/src/core/tcp_out.o" "../lwIP/src/core/tcp_out.c"
Finished building: ../lwIP/src/core/tcp_out.c
 
Building file: ../lwIP/src/core/timers.c
Invoking: MCU C Compiler
arm-none-eabi-gcc -D__MULTICORE_NONE -DDEBUG -D__CODE_RED -DCORE_M4 -D__USE_LPCOPEN -D__LPC43XX__ -D__REDLIB__ -I"/home/pato/Embebidos/TpFinal/Workspaces/TpFinal/ControlAcuario/lwIP/inc/arch" -I"/home/pato/Embebidos/TpFinal/Workspaces/TpFinal/ControlAcuario/lwIP/inc/ipv4" -I"/home/pato/Embebidos/TpFinal/Workspaces/TpFinal/ControlAcuario/lwIP/inc/lwip" -I"/home/pato/Embebidos/TpFinal/Workspaces/TpFinal/ControlAcuario/lwIP/inc/netif" -I"/home/pato/Embebidos/TpFinal/Workspaces/TpFinal/ControlAcuario/lwIP/inc/posix" -I"/home/pato/Embebidos/TpFinal/Workspaces/TpFinal/ControlAcuario/Board/inc" -I"/home/pato/Embebidos/TpFinal/Workspaces/TpFinal/ControlAcuario/freeRTOS/inc" -I"/home/pato/Embebidos/TpFinal/Workspaces/TpFinal/ControlAcuario/lwIP/inc" -I"/home/pato/Embebidos/TpFinal/Workspaces/TpFinal/ControlAcuario/inc" -I"/home/pato/Embebidos/TpFinal/Workspaces/TpFinal/lpc_chip_43xx/inc" -I"/home/pato/Embebidos/TpFinal/Workspaces/TpFinal/lpc_chip_43xx/inc/usbd" -O0 -g3 -Wall -c -fmessage-length=0 -fno-builtin -ffunction-sections -fdata-sections -mcpu=cortex-m4 -mfpu=fpv4-sp-d16 -mfloat-abi=softfp -mthumb -D__REDLIB__ -specs=redlib.specs -MMD -MP -MF"lwIP/src/core/timers.d" -MT"lwIP/src/core/timers.o" -MT"lwIP/src/core/timers.d" -o "lwIP/src/core/timers.o" "../lwIP/src/core/timers.c"
Finished building: ../lwIP/src/core/timers.c
 
Building file: ../lwIP/src/core/udp.c
Invoking: MCU C Compiler
arm-none-eabi-gcc -D__MULTICORE_NONE -DDEBUG -D__CODE_RED -DCORE_M4 -D__USE_LPCOPEN -D__LPC43XX__ -D__REDLIB__ -I"/home/pato/Embebidos/TpFinal/Workspaces/TpFinal/ControlAcuario/lwIP/inc/arch" -I"/home/pato/Embebidos/TpFinal/Workspaces/TpFinal/ControlAcuario/lwIP/inc/ipv4" -I"/home/pato/Embebidos/TpFinal/Workspaces/TpFinal/ControlAcuario/lwIP/inc/lwip" -I"/home/pato/Embebidos/TpFinal/Workspaces/TpFinal/ControlAcuario/lwIP/inc/netif" -I"/home/pato/Embebidos/TpFinal/Workspaces/TpFinal/ControlAcuario/lwIP/inc/posix" -I"/home/pato/Embebidos/TpFinal/Workspaces/TpFinal/ControlAcuario/Board/inc" -I"/home/pato/Embebidos/TpFinal/Workspaces/TpFinal/ControlAcuario/freeRTOS/inc" -I"/home/pato/Embebidos/TpFinal/Workspaces/TpFinal/ControlAcuario/lwIP/inc" -I"/home/pato/Embebidos/TpFinal/Workspaces/TpFinal/ControlAcuario/inc" -I"/home/pato/Embebidos/TpFinal/Workspaces/TpFinal/lpc_chip_43xx/inc" -I"/home/pato/Embebidos/TpFinal/Workspaces/TpFinal/lpc_chip_43xx/inc/usbd" -O0 -g3 -Wall -c -fmessage-length=0 -fno-builtin -ffunction-sections -fdata-sections -mcpu=cortex-m4 -mfpu=fpv4-sp-d16 -mfloat-abi=softfp -mthumb -D__REDLIB__ -specs=redlib.specs -MMD -MP -MF"lwIP/src/core/udp.d" -MT"lwIP/src/core/udp.o" -MT"lwIP/src/core/udp.d" -o "lwIP/src/core/udp.o" "../lwIP/src/core/udp.c"
Finished building: ../lwIP/src/core/udp.c
 
Building file: ../lwIP/src/arch/lpc18xx_43xx_emac.c
Invoking: MCU C Compiler
arm-none-eabi-gcc -D__MULTICORE_NONE -DDEBUG -D__CODE_RED -DCORE_M4 -D__USE_LPCOPEN -D__LPC43XX__ -D__REDLIB__ -I"/home/pato/Embebidos/TpFinal/Workspaces/TpFinal/ControlAcuario/lwIP/inc/arch" -I"/home/pato/Embebidos/TpFinal/Workspaces/TpFinal/ControlAcuario/lwIP/inc/ipv4" -I"/home/pato/Embebidos/TpFinal/Workspaces/TpFinal/ControlAcuario/lwIP/inc/lwip" -I"/home/pato/Embebidos/TpFinal/Workspaces/TpFinal/ControlAcuario/lwIP/inc/netif" -I"/home/pato/Embebidos/TpFinal/Workspaces/TpFinal/ControlAcuario/lwIP/inc/posix" -I"/home/pato/Embebidos/TpFinal/Workspaces/TpFinal/ControlAcuario/Board/inc" -I"/home/pato/Embebidos/TpFinal/Workspaces/TpFinal/ControlAcuario/freeRTOS/inc" -I"/home/pato/Embebidos/TpFinal/Workspaces/TpFinal/ControlAcuario/lwIP/inc" -I"/home/pato/Embebidos/TpFinal/Workspaces/TpFinal/ControlAcuario/inc" -I"/home/pato/Embebidos/TpFinal/Workspaces/TpFinal/lpc_chip_43xx/inc" -I"/home/pato/Embebidos/TpFinal/Workspaces/TpFinal/lpc_chip_43xx/inc/usbd" -O0 -g3 -Wall -c -fmessage-length=0 -fno-builtin -ffunction-sections -fdata-sections -mcpu=cortex-m4 -mfpu=fpv4-sp-d16 -mfloat-abi=softfp -mthumb -D__REDLIB__ -specs=redlib.specs -MMD -MP -MF"lwIP/src/arch/lpc18xx_43xx_emac.d" -MT"lwIP/src/arch/lpc18xx_43xx_emac.o" -MT"lwIP/src/arch/lpc18xx_43xx_emac.d" -o "lwIP/src/arch/lpc18xx_43xx_emac.o" "../lwIP/src/arch/lpc18xx_43xx_emac.c"
Finished building: ../lwIP/src/arch/lpc18xx_43xx_emac.c
 
Building file: ../lwIP/src/arch/lpc_debug.c
Invoking: MCU C Compiler
arm-none-eabi-gcc -D__MULTICORE_NONE -DDEBUG -D__CODE_RED -DCORE_M4 -D__USE_LPCOPEN -D__LPC43XX__ -D__REDLIB__ -I"/home/pato/Embebidos/TpFinal/Workspaces/TpFinal/ControlAcuario/lwIP/inc/arch" -I"/home/pato/Embebidos/TpFinal/Workspaces/TpFinal/ControlAcuario/lwIP/inc/ipv4" -I"/home/pato/Embebidos/TpFinal/Workspaces/TpFinal/ControlAcuario/lwIP/inc/lwip" -I"/home/pato/Embebidos/TpFinal/Workspaces/TpFinal/ControlAcuario/lwIP/inc/netif" -I"/home/pato/Embebidos/TpFinal/Workspaces/TpFinal/ControlAcuario/lwIP/inc/posix" -I"/home/pato/Embebidos/TpFinal/Workspaces/TpFinal/ControlAcuario/Board/inc" -I"/home/pato/Embebidos/TpFinal/Workspaces/TpFinal/ControlAcuario/freeRTOS/inc" -I"/home/pato/Embebidos/TpFinal/Workspaces/TpFinal/ControlAcuario/lwIP/inc" -I"/home/pato/Embebidos/TpFinal/Workspaces/TpFinal/ControlAcuario/inc" -I"/home/pato/Embebidos/TpFinal/Workspaces/TpFinal/lpc_chip_43xx/inc" -I"/home/pato/Embebidos/TpFinal/Workspaces/TpFinal/lpc_chip_43xx/inc/usbd" -O0 -g3 -Wall -c -fmessage-length=0 -fno-builtin -ffunction-sections -fdata-sections -mcpu=cortex-m4 -mfpu=fpv4-sp-d16 -mfloat-abi=softfp -mthumb -D__REDLIB__ -specs=redlib.specs -MMD -MP -MF"lwIP/src/arch/lpc_debug.d" -MT"lwIP/src/arch/lpc_debug.o" -MT"lwIP/src/arch/lpc_debug.d" -o "lwIP/src/arch/lpc_debug.o" "../lwIP/src/arch/lpc_debug.c"
Finished building: ../lwIP/src/arch/lpc_debug.c
 
Building file: ../lwIP/src/arch/sys_arch_freertos.c
Invoking: MCU C Compiler
arm-none-eabi-gcc -D__MULTICORE_NONE -DDEBUG -D__CODE_RED -DCORE_M4 -D__USE_LPCOPEN -D__LPC43XX__ -D__REDLIB__ -I"/home/pato/Embebidos/TpFinal/Workspaces/TpFinal/ControlAcuario/lwIP/inc/arch" -I"/home/pato/Embebidos/TpFinal/Workspaces/TpFinal/ControlAcuario/lwIP/inc/ipv4" -I"/home/pato/Embebidos/TpFinal/Workspaces/TpFinal/ControlAcuario/lwIP/inc/lwip" -I"/home/pato/Embebidos/TpFinal/Workspaces/TpFinal/ControlAcuario/lwIP/inc/netif" -I"/home/pato/Embebidos/TpFinal/Workspaces/TpFinal/ControlAcuario/lwIP/inc/posix" -I"/home/pato/Embebidos/TpFinal/Workspaces/TpFinal/ControlAcuario/Board/inc" -I"/home/pato/Embebidos/TpFinal/Workspaces/TpFinal/ControlAcuario/freeRTOS/inc" -I"/home/pato/Embebidos/TpFinal/Workspaces/TpFinal/ControlAcuario/lwIP/inc" -I"/home/pato/Embebidos/TpFinal/Workspaces/TpFinal/ControlAcuario/inc" -I"/home/pato/Embebidos/TpFinal/Workspaces/TpFinal/lpc_chip_43xx/inc" -I"/home/pato/Embebidos/TpFinal/Workspaces/TpFinal/lpc_chip_43xx/inc/usbd" -O0 -g3 -Wall -c -fmessage-length=0 -fno-builtin -ffunction-sections -fdata-sections -mcpu=cortex-m4 -mfpu=fpv4-sp-d16 -mfloat-abi=softfp -mthumb -D__REDLIB__ -specs=redlib.specs -MMD -MP -MF"lwIP/src/arch/sys_arch_freertos.d" -MT"lwIP/src/arch/sys_arch_freertos.o" -MT"lwIP/src/arch/sys_arch_freertos.d" -o "lwIP/src/arch/sys_arch_freertos.o" "../lwIP/src/arch/sys_arch_freertos.c"
../lwIP/src/arch/sys_arch_freertos.c: In function 'sys_mbox_free':
../lwIP/src/arch/sys_arch_freertos.c:89:15: warning: variable 'ulMessagesWaiting' set but not used [-Wunused-but-set-variable]
 unsigned long ulMessagesWaiting;
               ^
Finished building: ../lwIP/src/arch/sys_arch_freertos.c
 
Building file: ../lwIP/src/api/api_lib.c
Invoking: MCU C Compiler
arm-none-eabi-gcc -D__MULTICORE_NONE -DDEBUG -D__CODE_RED -DCORE_M4 -D__USE_LPCOPEN -D__LPC43XX__ -D__REDLIB__ -I"/home/pato/Embebidos/TpFinal/Workspaces/TpFinal/ControlAcuario/lwIP/inc/arch" -I"/home/pato/Embebidos/TpFinal/Workspaces/TpFinal/ControlAcuario/lwIP/inc/ipv4" -I"/home/pato/Embebidos/TpFinal/Workspaces/TpFinal/ControlAcuario/lwIP/inc/lwip" -I"/home/pato/Embebidos/TpFinal/Workspaces/TpFinal/ControlAcuario/lwIP/inc/netif" -I"/home/pato/Embebidos/TpFinal/Workspaces/TpFinal/ControlAcuario/lwIP/inc/posix" -I"/home/pato/Embebidos/TpFinal/Workspaces/TpFinal/ControlAcuario/Board/inc" -I"/home/pato/Embebidos/TpFinal/Workspaces/TpFinal/ControlAcuario/freeRTOS/inc" -I"/home/pato/Embebidos/TpFinal/Workspaces/TpFinal/ControlAcuario/lwIP/inc" -I"/home/pato/Embebidos/TpFinal/Workspaces/TpFinal/ControlAcuario/inc" -I"/home/pato/Embebidos/TpFinal/Workspaces/TpFinal/lpc_chip_43xx/inc" -I"/home/pato/Embebidos/TpFinal/Workspaces/TpFinal/lpc_chip_43xx/inc/usbd" -O0 -g3 -Wall -c -fmessage-length=0 -fno-builtin -ffunction-sections -fdata-sections -mcpu=cortex-m4 -mfpu=fpv4-sp-d16 -mfloat-abi=softfp -mthumb -D__REDLIB__ -specs=redlib.specs -MMD -MP -MF"lwIP/src/api/api_lib.d" -MT"lwIP/src/api/api_lib.o" -MT"lwIP/src/api/api_lib.d" -o "lwIP/src/api/api_lib.o" "../lwIP/src/api/api_lib.c"
Finished building: ../lwIP/src/api/api_lib.c
 
Building file: ../lwIP/src/api/api_msg.c
Invoking: MCU C Compiler
arm-none-eabi-gcc -D__MULTICORE_NONE -DDEBUG -D__CODE_RED -DCORE_M4 -D__USE_LPCOPEN -D__LPC43XX__ -D__REDLIB__ -I"/home/pato/Embebidos/TpFinal/Workspaces/TpFinal/ControlAcuario/lwIP/inc/arch" -I"/home/pato/Embebidos/TpFinal/Workspaces/TpFinal/ControlAcuario/lwIP/inc/ipv4" -I"/home/pato/Embebidos/TpFinal/Workspaces/TpFinal/ControlAcuario/lwIP/inc/lwip" -I"/home/pato/Embebidos/TpFinal/Workspaces/TpFinal/ControlAcuario/lwIP/inc/netif" -I"/home/pato/Embebidos/TpFinal/Workspaces/TpFinal/ControlAcuario/lwIP/inc/posix" -I"/home/pato/Embebidos/TpFinal/Workspaces/TpFinal/ControlAcuario/Board/inc" -I"/home/pato/Embebidos/TpFinal/Workspaces/TpFinal/ControlAcuario/freeRTOS/inc" -I"/home/pato/Embebidos/TpFinal/Workspaces/TpFinal/ControlAcuario/lwIP/inc" -I"/home/pato/Embebidos/TpFinal/Workspaces/TpFinal/ControlAcuario/inc" -I"/home/pato/Embebidos/TpFinal/Workspaces/TpFinal/lpc_chip_43xx/inc" -I"/home/pato/Embebidos/TpFinal/Workspaces/TpFinal/lpc_chip_43xx/inc/usbd" -O0 -g3 -Wall -c -fmessage-length=0 -fno-builtin -ffunction-sections -fdata-sections -mcpu=cortex-m4 -mfpu=fpv4-sp-d16 -mfloat-abi=softfp -mthumb -D__REDLIB__ -specs=redlib.specs -MMD -MP -MF"lwIP/src/api/api_msg.d" -MT"lwIP/src/api/api_msg.o" -MT"lwIP/src/api/api_msg.d" -o "lwIP/src/api/api_msg.o" "../lwIP/src/api/api_msg.c"
Finished building: ../lwIP/src/api/api_msg.c
 
Building file: ../lwIP/src/api/err.c
Invoking: MCU C Compiler
arm-none-eabi-gcc -D__MULTICORE_NONE -DDEBUG -D__CODE_RED -DCORE_M4 -D__USE_LPCOPEN -D__LPC43XX__ -D__REDLIB__ -I"/home/pato/Embebidos/TpFinal/Workspaces/TpFinal/ControlAcuario/lwIP/inc/arch" -I"/home/pato/Embebidos/TpFinal/Workspaces/TpFinal/ControlAcuario/lwIP/inc/ipv4" -I"/home/pato/Embebidos/TpFinal/Workspaces/TpFinal/ControlAcuario/lwIP/inc/lwip" -I"/home/pato/Embebidos/TpFinal/Workspaces/TpFinal/ControlAcuario/lwIP/inc/netif" -I"/home/pato/Embebidos/TpFinal/Workspaces/TpFinal/ControlAcuario/lwIP/inc/posix" -I"/home/pato/Embebidos/TpFinal/Workspaces/TpFinal/ControlAcuario/Board/inc" -I"/home/pato/Embebidos/TpFinal/Workspaces/TpFinal/ControlAcuario/freeRTOS/inc" -I"/home/pato/Embebidos/TpFinal/Workspaces/TpFinal/ControlAcuario/lwIP/inc" -I"/home/pato/Embebidos/TpFinal/Workspaces/TpFinal/ControlAcuario/inc" -I"/home/pato/Embebidos/TpFinal/Workspaces/TpFinal/lpc_chip_43xx/inc" -I"/home/pato/Embebidos/TpFinal/Workspaces/TpFinal/lpc_chip_43xx/inc/usbd" -O0 -g3 -Wall -c -fmessage-length=0 -fno-builtin -ffunction-sections -fdata-sections -mcpu=cortex-m4 -mfpu=fpv4-sp-d16 -mfloat-abi=softfp -mthumb -D__REDLIB__ -specs=redlib.specs -MMD -MP -MF"lwIP/src/api/err.d" -MT"lwIP/src/api/err.o" -MT"lwIP/src/api/err.d" -o "lwIP/src/api/err.o" "../lwIP/src/api/err.c"
Finished building: ../lwIP/src/api/err.c
 
Building file: ../lwIP/src/api/netbuf.c
Invoking: MCU C Compiler
arm-none-eabi-gcc -D__MULTICORE_NONE -DDEBUG -D__CODE_RED -DCORE_M4 -D__USE_LPCOPEN -D__LPC43XX__ -D__REDLIB__ -I"/home/pato/Embebidos/TpFinal/Workspaces/TpFinal/ControlAcuario/lwIP/inc/arch" -I"/home/pato/Embebidos/TpFinal/Workspaces/TpFinal/ControlAcuario/lwIP/inc/ipv4" -I"/home/pato/Embebidos/TpFinal/Workspaces/TpFinal/ControlAcuario/lwIP/inc/lwip" -I"/home/pato/Embebidos/TpFinal/Workspaces/TpFinal/ControlAcuario/lwIP/inc/netif" -I"/home/pato/Embebidos/TpFinal/Workspaces/TpFinal/ControlAcuario/lwIP/inc/posix" -I"/home/pato/Embebidos/TpFinal/Workspaces/TpFinal/ControlAcuario/Board/inc" -I"/home/pato/Embebidos/TpFinal/Workspaces/TpFinal/ControlAcuario/freeRTOS/inc" -I"/home/pato/Embebidos/TpFinal/Workspaces/TpFinal/ControlAcuario/lwIP/inc" -I"/home/pato/Embebidos/TpFinal/Workspaces/TpFinal/ControlAcuario/inc" -I"/home/pato/Embebidos/TpFinal/Workspaces/TpFinal/lpc_chip_43xx/inc" -I"/home/pato/Embebidos/TpFinal/Workspaces/TpFinal/lpc_chip_43xx/inc/usbd" -O0 -g3 -Wall -c -fmessage-length=0 -fno-builtin -ffunction-sections -fdata-sections -mcpu=cortex-m4 -mfpu=fpv4-sp-d16 -mfloat-abi=softfp -mthumb -D__REDLIB__ -specs=redlib.specs -MMD -MP -MF"lwIP/src/api/netbuf.d" -MT"lwIP/src/api/netbuf.o" -MT"lwIP/src/api/netbuf.d" -o "lwIP/src/api/netbuf.o" "../lwIP/src/api/netbuf.c"
Finished building: ../lwIP/src/api/netbuf.c
 
Building file: ../lwIP/src/api/netdb.c
Invoking: MCU C Compiler
arm-none-eabi-gcc -D__MULTICORE_NONE -DDEBUG -D__CODE_RED -DCORE_M4 -D__USE_LPCOPEN -D__LPC43XX__ -D__REDLIB__ -I"/home/pato/Embebidos/TpFinal/Workspaces/TpFinal/ControlAcuario/lwIP/inc/arch" -I"/home/pato/Embebidos/TpFinal/Workspaces/TpFinal/ControlAcuario/lwIP/inc/ipv4" -I"/home/pato/Embebidos/TpFinal/Workspaces/TpFinal/ControlAcuario/lwIP/inc/lwip" -I"/home/pato/Embebidos/TpFinal/Workspaces/TpFinal/ControlAcuario/lwIP/inc/netif" -I"/home/pato/Embebidos/TpFinal/Workspaces/TpFinal/ControlAcuario/lwIP/inc/posix" -I"/home/pato/Embebidos/TpFinal/Workspaces/TpFinal/ControlAcuario/Board/inc" -I"/home/pato/Embebidos/TpFinal/Workspaces/TpFinal/ControlAcuario/freeRTOS/inc" -I"/home/pato/Embebidos/TpFinal/Workspaces/TpFinal/ControlAcuario/lwIP/inc" -I"/home/pato/Embebidos/TpFinal/Workspaces/TpFinal/ControlAcuario/inc" -I"/home/pato/Embebidos/TpFinal/Workspaces/TpFinal/lpc_chip_43xx/inc" -I"/home/pato/Embebidos/TpFinal/Workspaces/TpFinal/lpc_chip_43xx/inc/usbd" -O0 -g3 -Wall -c -fmessage-length=0 -fno-builtin -ffunction-sections -fdata-sections -mcpu=cortex-m4 -mfpu=fpv4-sp-d16 -mfloat-abi=softfp -mthumb -D__REDLIB__ -specs=redlib.specs -MMD -MP -MF"lwIP/src/api/netdb.d" -MT"lwIP/src/api/netdb.o" -MT"lwIP/src/api/netdb.d" -o "lwIP/src/api/netdb.o" "../lwIP/src/api/netdb.c"
Finished building: ../lwIP/src/api/netdb.c
 
Building file: ../lwIP/src/api/netifapi.c
Invoking: MCU C Compiler
arm-none-eabi-gcc -D__MULTICORE_NONE -DDEBUG -D__CODE_RED -DCORE_M4 -D__USE_LPCOPEN -D__LPC43XX__ -D__REDLIB__ -I"/home/pato/Embebidos/TpFinal/Workspaces/TpFinal/ControlAcuario/lwIP/inc/arch" -I"/home/pato/Embebidos/TpFinal/Workspaces/TpFinal/ControlAcuario/lwIP/inc/ipv4" -I"/home/pato/Embebidos/TpFinal/Workspaces/TpFinal/ControlAcuario/lwIP/inc/lwip" -I"/home/pato/Embebidos/TpFinal/Workspaces/TpFinal/ControlAcuario/lwIP/inc/netif" -I"/home/pato/Embebidos/TpFinal/Workspaces/TpFinal/ControlAcuario/lwIP/inc/posix" -I"/home/pato/Embebidos/TpFinal/Workspaces/TpFinal/ControlAcuario/Board/inc" -I"/home/pato/Embebidos/TpFinal/Workspaces/TpFinal/ControlAcuario/freeRTOS/inc" -I"/home/pato/Embebidos/TpFinal/Workspaces/TpFinal/ControlAcuario/lwIP/inc" -I"/home/pato/Embebidos/TpFinal/Workspaces/TpFinal/ControlAcuario/inc" -I"/home/pato/Embebidos/TpFinal/Workspaces/TpFinal/lpc_chip_43xx/inc" -I"/home/pato/Embebidos/TpFinal/Workspaces/TpFinal/lpc_chip_43xx/inc/usbd" -O0 -g3 -Wall -c -fmessage-length=0 -fno-builtin -ffunction-sections -fdata-sections -mcpu=cortex-m4 -mfpu=fpv4-sp-d16 -mfloat-abi=softfp -mthumb -D__REDLIB__ -specs=redlib.specs -MMD -MP -MF"lwIP/src/api/netifapi.d" -MT"lwIP/src/api/netifapi.o" -MT"lwIP/src/api/netifapi.d" -o "lwIP/src/api/netifapi.o" "../lwIP/src/api/netifapi.c"
Finished building: ../lwIP/src/api/netifapi.c
 
Building file: ../lwIP/src/api/sockets.c
Invoking: MCU C Compiler
arm-none-eabi-gcc -D__MULTICORE_NONE -DDEBUG -D__CODE_RED -DCORE_M4 -D__USE_LPCOPEN -D__LPC43XX__ -D__REDLIB__ -I"/home/pato/Embebidos/TpFinal/Workspaces/TpFinal/ControlAcuario/lwIP/inc/arch" -I"/home/pato/Embebidos/TpFinal/Workspaces/TpFinal/ControlAcuario/lwIP/inc/ipv4" -I"/home/pato/Embebidos/TpFinal/Workspaces/TpFinal/ControlAcuario/lwIP/inc/lwip" -I"/home/pato/Embebidos/TpFinal/Workspaces/TpFinal/ControlAcuario/lwIP/inc/netif" -I"/home/pato/Embebidos/TpFinal/Workspaces/TpFinal/ControlAcuario/lwIP/inc/posix" -I"/home/pato/Embebidos/TpFinal/Workspaces/TpFinal/ControlAcuario/Board/inc" -I"/home/pato/Embebidos/TpFinal/Workspaces/TpFinal/ControlAcuario/freeRTOS/inc" -I"/home/pato/Embebidos/TpFinal/Workspaces/TpFinal/ControlAcuario/lwIP/inc" -I"/home/pato/Embebidos/TpFinal/Workspaces/TpFinal/ControlAcuario/inc" -I"/home/pato/Embebidos/TpFinal/Workspaces/TpFinal/lpc_chip_43xx/inc" -I"/home/pato/Embebidos/TpFinal/Workspaces/TpFinal/lpc_chip_43xx/inc/usbd" -O0 -g3 -Wall -c -fmessage-length=0 -fno-builtin -ffunction-sections -fdata-sections -mcpu=cortex-m4 -mfpu=fpv4-sp-d16 -mfloat-abi=softfp -mthumb -D__REDLIB__ -specs=redlib.specs -MMD -MP -MF"lwIP/src/api/sockets.d" -MT"lwIP/src/api/sockets.o" -MT"lwIP/src/api/sockets.d" -o "lwIP/src/api/sockets.o" "../lwIP/src/api/sockets.c"
Finished building: ../lwIP/src/api/sockets.c
 
Building file: ../lwIP/src/api/tcpip.c
Invoking: MCU C Compiler
arm-none-eabi-gcc -D__MULTICORE_NONE -DDEBUG -D__CODE_RED -DCORE_M4 -D__USE_LPCOPEN -D__LPC43XX__ -D__REDLIB__ -I"/home/pato/Embebidos/TpFinal/Workspaces/TpFinal/ControlAcuario/lwIP/inc/arch" -I"/home/pato/Embebidos/TpFinal/Workspaces/TpFinal/ControlAcuario/lwIP/inc/ipv4" -I"/home/pato/Embebidos/TpFinal/Workspaces/TpFinal/ControlAcuario/lwIP/inc/lwip" -I"/home/pato/Embebidos/TpFinal/Workspaces/TpFinal/ControlAcuario/lwIP/inc/netif" -I"/home/pato/Embebidos/TpFinal/Workspaces/TpFinal/ControlAcuario/lwIP/inc/posix" -I"/home/pato/Embebidos/TpFinal/Workspaces/TpFinal/ControlAcuario/Board/inc" -I"/home/pato/Embebidos/TpFinal/Workspaces/TpFinal/ControlAcuario/freeRTOS/inc" -I"/home/pato/Embebidos/TpFinal/Workspaces/TpFinal/ControlAcuario/lwIP/inc" -I"/home/pato/Embebidos/TpFinal/Workspaces/TpFinal/ControlAcuario/inc" -I"/home/pato/Embebidos/TpFinal/Workspaces/TpFinal/lpc_chip_43xx/inc" -I"/home/pato/Embebidos/TpFinal/Workspaces/TpFinal/lpc_chip_43xx/inc/usbd" -O0 -g3 -Wall -c -fmessage-length=0 -fno-builtin -ffunction-sections -fdata-sections -mcpu=cortex-m4 -mfpu=fpv4-sp-d16 -mfloat-abi=softfp -mthumb -D__REDLIB__ -specs=redlib.specs -MMD -MP -MF"lwIP/src/api/tcpip.d" -MT"lwIP/src/api/tcpip.o" -MT"lwIP/src/api/tcpip.d" -o "lwIP/src/api/tcpip.o" "../lwIP/src/api/tcpip.c"
Finished building: ../lwIP/src/api/tcpip.c
 
Building file: ../freeRTOS/src/FreeRTOSCommonHooks.c
Invoking: MCU C Compiler
arm-none-eabi-gcc -D__MULTICORE_NONE -DDEBUG -D__CODE_RED -DCORE_M4 -D__USE_LPCOPEN -D__LPC43XX__ -D__REDLIB__ -I"/home/pato/Embebidos/TpFinal/Workspaces/TpFinal/ControlAcuario/lwIP/inc/arch" -I"/home/pato/Embebidos/TpFinal/Workspaces/TpFinal/ControlAcuario/lwIP/inc/ipv4" -I"/home/pato/Embebidos/TpFinal/Workspaces/TpFinal/ControlAcuario/lwIP/inc/lwip" -I"/home/pato/Embebidos/TpFinal/Workspaces/TpFinal/ControlAcuario/lwIP/inc/netif" -I"/home/pato/Embebidos/TpFinal/Workspaces/TpFinal/ControlAcuario/lwIP/inc/posix" -I"/home/pato/Embebidos/TpFinal/Workspaces/TpFinal/ControlAcuario/Board/inc" -I"/home/pato/Embebidos/TpFinal/Workspaces/TpFinal/ControlAcuario/freeRTOS/inc" -I"/home/pato/Embebidos/TpFinal/Workspaces/TpFinal/ControlAcuario/lwIP/inc" -I"/home/pato/Embebidos/TpFinal/Workspaces/TpFinal/ControlAcuario/inc" -I"/home/pato/Embebidos/TpFinal/Workspaces/TpFinal/lpc_chip_43xx/inc" -I"/home/pato/Embebidos/TpFinal/Workspaces/TpFinal/lpc_chip_43xx/inc/usbd" -O0 -g3 -Wall -c -fmessage-length=0 -fno-builtin -ffunction-sections -fdata-sections -mcpu=cortex-m4 -mfpu=fpv4-sp-d16 -mfloat-abi=softfp -mthumb -D__REDLIB__ -specs=redlib.specs -MMD -MP -MF"freeRTOS/src/FreeRTOSCommonHooks.d" -MT"freeRTOS/src/FreeRTOSCommonHooks.o" -MT"freeRTOS/src/FreeRTOSCommonHooks.d" -o "freeRTOS/src/FreeRTOSCommonHooks.o" "../freeRTOS/src/FreeRTOSCommonHooks.c"
Finished building: ../freeRTOS/src/FreeRTOSCommonHooks.c
 
Building file: ../freeRTOS/src/croutine.c
Invoking: MCU C Compiler
arm-none-eabi-gcc -D__MULTICORE_NONE -DDEBUG -D__CODE_RED -DCORE_M4 -D__USE_LPCOPEN -D__LPC43XX__ -D__REDLIB__ -I"/home/pato/Embebidos/TpFinal/Workspaces/TpFinal/ControlAcuario/lwIP/inc/arch" -I"/home/pato/Embebidos/TpFinal/Workspaces/TpFinal/ControlAcuario/lwIP/inc/ipv4" -I"/home/pato/Embebidos/TpFinal/Workspaces/TpFinal/ControlAcuario/lwIP/inc/lwip" -I"/home/pato/Embebidos/TpFinal/Workspaces/TpFinal/ControlAcuario/lwIP/inc/netif" -I"/home/pato/Embebidos/TpFinal/Workspaces/TpFinal/ControlAcuario/lwIP/inc/posix" -I"/home/pato/Embebidos/TpFinal/Workspaces/TpFinal/ControlAcuario/Board/inc" -I"/home/pato/Embebidos/TpFinal/Workspaces/TpFinal/ControlAcuario/freeRTOS/inc" -I"/home/pato/Embebidos/TpFinal/Workspaces/TpFinal/ControlAcuario/lwIP/inc" -I"/home/pato/Embebidos/TpFinal/Workspaces/TpFinal/ControlAcuario/inc" -I"/home/pato/Embebidos/TpFinal/Workspaces/TpFinal/lpc_chip_43xx/inc" -I"/home/pato/Embebidos/TpFinal/Workspaces/TpFinal/lpc_chip_43xx/inc/usbd" -O0 -g3 -Wall -c -fmessage-length=0 -fno-builtin -ffunction-sections -fdata-sections -mcpu=cortex-m4 -mfpu=fpv4-sp-d16 -mfloat-abi=softfp -mthumb -D__REDLIB__ -specs=redlib.specs -MMD -MP -MF"freeRTOS/src/croutine.d" -MT"freeRTOS/src/croutine.o" -MT"freeRTOS/src/croutine.d" -o "freeRTOS/src/croutine.o" "../freeRTOS/src/croutine.c"
Finished building: ../freeRTOS/src/croutine.c
 
Building file: ../freeRTOS/src/event_groups.c
Invoking: MCU C Compiler
arm-none-eabi-gcc -D__MULTICORE_NONE -DDEBUG -D__CODE_RED -DCORE_M4 -D__USE_LPCOPEN -D__LPC43XX__ -D__REDLIB__ -I"/home/pato/Embebidos/TpFinal/Workspaces/TpFinal/ControlAcuario/lwIP/inc/arch" -I"/home/pato/Embebidos/TpFinal/Workspaces/TpFinal/ControlAcuario/lwIP/inc/ipv4" -I"/home/pato/Embebidos/TpFinal/Workspaces/TpFinal/ControlAcuario/lwIP/inc/lwip" -I"/home/pato/Embebidos/TpFinal/Workspaces/TpFinal/ControlAcuario/lwIP/inc/netif" -I"/home/pato/Embebidos/TpFinal/Workspaces/TpFinal/ControlAcuario/lwIP/inc/posix" -I"/home/pato/Embebidos/TpFinal/Workspaces/TpFinal/ControlAcuario/Board/inc" -I"/home/pato/Embebidos/TpFinal/Workspaces/TpFinal/ControlAcuario/freeRTOS/inc" -I"/home/pato/Embebidos/TpFinal/Workspaces/TpFinal/ControlAcuario/lwIP/inc" -I"/home/pato/Embebidos/TpFinal/Workspaces/TpFinal/ControlAcuario/inc" -I"/home/pato/Embebidos/TpFinal/Workspaces/TpFinal/lpc_chip_43xx/inc" -I"/home/pato/Embebidos/TpFinal/Workspaces/TpFinal/lpc_chip_43xx/inc/usbd" -O0 -g3 -Wall -c -fmessage-length=0 -fno-builtin -ffunction-sections -fdata-sections -mcpu=cortex-m4 -mfpu=fpv4-sp-d16 -mfloat-abi=softfp -mthumb -D__REDLIB__ -specs=redlib.specs -MMD -MP -MF"freeRTOS/src/event_groups.d" -MT"freeRTOS/src/event_groups.o" -MT"freeRTOS/src/event_groups.d" -o "freeRTOS/src/event_groups.o" "../freeRTOS/src/event_groups.c"
Finished building: ../freeRTOS/src/event_groups.c
 
Building file: ../freeRTOS/src/heap_4.c
Invoking: MCU C Compiler
arm-none-eabi-gcc -D__MULTICORE_NONE -DDEBUG -D__CODE_RED -DCORE_M4 -D__USE_LPCOPEN -D__LPC43XX__ -D__REDLIB__ -I"/home/pato/Embebidos/TpFinal/Workspaces/TpFinal/ControlAcuario/lwIP/inc/arch" -I"/home/pato/Embebidos/TpFinal/Workspaces/TpFinal/ControlAcuario/lwIP/inc/ipv4" -I"/home/pato/Embebidos/TpFinal/Workspaces/TpFinal/ControlAcuario/lwIP/inc/lwip" -I"/home/pato/Embebidos/TpFinal/Workspaces/TpFinal/ControlAcuario/lwIP/inc/netif" -I"/home/pato/Embebidos/TpFinal/Workspaces/TpFinal/ControlAcuario/lwIP/inc/posix" -I"/home/pato/Embebidos/TpFinal/Workspaces/TpFinal/ControlAcuario/Board/inc" -I"/home/pato/Embebidos/TpFinal/Workspaces/TpFinal/ControlAcuario/freeRTOS/inc" -I"/home/pato/Embebidos/TpFinal/Workspaces/TpFinal/ControlAcuario/lwIP/inc" -I"/home/pato/Embebidos/TpFinal/Workspaces/TpFinal/ControlAcuario/inc" -I"/home/pato/Embebidos/TpFinal/Workspaces/TpFinal/lpc_chip_43xx/inc" -I"/home/pato/Embebidos/TpFinal/Workspaces/TpFinal/lpc_chip_43xx/inc/usbd" -O0 -g3 -Wall -c -fmessage-length=0 -fno-builtin -ffunction-sections -fdata-sections -mcpu=cortex-m4 -mfpu=fpv4-sp-d16 -mfloat-abi=softfp -mthumb -D__REDLIB__ -specs=redlib.specs -MMD -MP -MF"freeRTOS/src/heap_4.d" -MT"freeRTOS/src/heap_4.o" -MT"freeRTOS/src/heap_4.d" -o "freeRTOS/src/heap_4.o" "../freeRTOS/src/heap_4.c"
Finished building: ../freeRTOS/src/heap_4.c
 
Building file: ../freeRTOS/src/list.c
Invoking: MCU C Compiler
arm-none-eabi-gcc -D__MULTICORE_NONE -DDEBUG -D__CODE_RED -DCORE_M4 -D__USE_LPCOPEN -D__LPC43XX__ -D__REDLIB__ -I"/home/pato/Embebidos/TpFinal/Workspaces/TpFinal/ControlAcuario/lwIP/inc/arch" -I"/home/pato/Embebidos/TpFinal/Workspaces/TpFinal/ControlAcuario/lwIP/inc/ipv4" -I"/home/pato/Embebidos/TpFinal/Workspaces/TpFinal/ControlAcuario/lwIP/inc/lwip" -I"/home/pato/Embebidos/TpFinal/Workspaces/TpFinal/ControlAcuario/lwIP/inc/netif" -I"/home/pato/Embebidos/TpFinal/Workspaces/TpFinal/ControlAcuario/lwIP/inc/posix" -I"/home/pato/Embebidos/TpFinal/Workspaces/TpFinal/ControlAcuario/Board/inc" -I"/home/pato/Embebidos/TpFinal/Workspaces/TpFinal/ControlAcuario/freeRTOS/inc" -I"/home/pato/Embebidos/TpFinal/Workspaces/TpFinal/ControlAcuario/lwIP/inc" -I"/home/pato/Embebidos/TpFinal/Workspaces/TpFinal/ControlAcuario/inc" -I"/home/pato/Embebidos/TpFinal/Workspaces/TpFinal/lpc_chip_43xx/inc" -I"/home/pato/Embebidos/TpFinal/Workspaces/TpFinal/lpc_chip_43xx/inc/usbd" -O0 -g3 -Wall -c -fmessage-length=0 -fno-builtin -ffunction-sections -fdata-sections -mcpu=cortex-m4 -mfpu=fpv4-sp-d16 -mfloat-abi=softfp -mthumb -D__REDLIB__ -specs=redlib.specs -MMD -MP -MF"freeRTOS/src/list.d" -MT"freeRTOS/src/list.o" -MT"freeRTOS/src/list.d" -o "freeRTOS/src/list.o" "../freeRTOS/src/list.c"
Finished building: ../freeRTOS/src/list.c
 
Building file: ../freeRTOS/src/port.c
Invoking: MCU C Compiler
arm-none-eabi-gcc -D__MULTICORE_NONE -DDEBUG -D__CODE_RED -DCORE_M4 -D__USE_LPCOPEN -D__LPC43XX__ -D__REDLIB__ -I"/home/pato/Embebidos/TpFinal/Workspaces/TpFinal/ControlAcuario/lwIP/inc/arch" -I"/home/pato/Embebidos/TpFinal/Workspaces/TpFinal/ControlAcuario/lwIP/inc/ipv4" -I"/home/pato/Embebidos/TpFinal/Workspaces/TpFinal/ControlAcuario/lwIP/inc/lwip" -I"/home/pato/Embebidos/TpFinal/Workspaces/TpFinal/ControlAcuario/lwIP/inc/netif" -I"/home/pato/Embebidos/TpFinal/Workspaces/TpFinal/ControlAcuario/lwIP/inc/posix" -I"/home/pato/Embebidos/TpFinal/Workspaces/TpFinal/ControlAcuario/Board/inc" -I"/home/pato/Embebidos/TpFinal/Workspaces/TpFinal/ControlAcuario/freeRTOS/inc" -I"/home/pato/Embebidos/TpFinal/Workspaces/TpFinal/ControlAcuario/lwIP/inc" -I"/home/pato/Embebidos/TpFinal/Workspaces/TpFinal/ControlAcuario/inc" -I"/home/pato/Embebidos/TpFinal/Workspaces/TpFinal/lpc_chip_43xx/inc" -I"/home/pato/Embebidos/TpFinal/Workspaces/TpFinal/lpc_chip_43xx/inc/usbd" -O0 -g3 -Wall -c -fmessage-length=0 -fno-builtin -ffunction-sections -fdata-sections -mcpu=cortex-m4 -mfpu=fpv4-sp-d16 -mfloat-abi=softfp -mthumb -D__REDLIB__ -specs=redlib.specs -MMD -MP -MF"freeRTOS/src/port.d" -MT"freeRTOS/src/port.o" -MT"freeRTOS/src/port.d" -o "freeRTOS/src/port.o" "../freeRTOS/src/port.c"
Finished building: ../freeRTOS/src/port.c
 
Building file: ../freeRTOS/src/queue.c
Invoking: MCU C Compiler
arm-none-eabi-gcc -D__MULTICORE_NONE -DDEBUG -D__CODE_RED -DCORE_M4 -D__USE_LPCOPEN -D__LPC43XX__ -D__REDLIB__ -I"/home/pato/Embebidos/TpFinal/Workspaces/TpFinal/ControlAcuario/lwIP/inc/arch" -I"/home/pato/Embebidos/TpFinal/Workspaces/TpFinal/ControlAcuario/lwIP/inc/ipv4" -I"/home/pato/Embebidos/TpFinal/Workspaces/TpFinal/ControlAcuario/lwIP/inc/lwip" -I"/home/pato/Embebidos/TpFinal/Workspaces/TpFinal/ControlAcuario/lwIP/inc/netif" -I"/home/pato/Embebidos/TpFinal/Workspaces/TpFinal/ControlAcuario/lwIP/inc/posix" -I"/home/pato/Embebidos/TpFinal/Workspaces/TpFinal/ControlAcuario/Board/inc" -I"/home/pato/Embebidos/TpFinal/Workspaces/TpFinal/ControlAcuario/freeRTOS/inc" -I"/home/pato/Embebidos/TpFinal/Workspaces/TpFinal/ControlAcuario/lwIP/inc" -I"/home/pato/Embebidos/TpFinal/Workspaces/TpFinal/ControlAcuario/inc" -I"/home/pato/Embebidos/TpFinal/Workspaces/TpFinal/lpc_chip_43xx/inc" -I"/home/pato/Embebidos/TpFinal/Workspaces/TpFinal/lpc_chip_43xx/inc/usbd" -O0 -g3 -Wall -c -fmessage-length=0 -fno-builtin -ffunction-sections -fdata-sections -mcpu=cortex-m4 -mfpu=fpv4-sp-d16 -mfloat-abi=softfp -mthumb -D__REDLIB__ -specs=redlib.specs -MMD -MP -MF"freeRTOS/src/queue.d" -MT"freeRTOS/src/queue.o" -MT"freeRTOS/src/queue.d" -o "freeRTOS/src/queue.o" "../freeRTOS/src/queue.c"
Finished building: ../freeRTOS/src/queue.c
 
Building file: ../freeRTOS/src/redlib_memfix.c
Invoking: MCU C Compiler
arm-none-eabi-gcc -D__MULTICORE_NONE -DDEBUG -D__CODE_RED -DCORE_M4 -D__USE_LPCOPEN -D__LPC43XX__ -D__REDLIB__ -I"/home/pato/Embebidos/TpFinal/Workspaces/TpFinal/ControlAcuario/lwIP/inc/arch" -I"/home/pato/Embebidos/TpFinal/Workspaces/TpFinal/ControlAcuario/lwIP/inc/ipv4" -I"/home/pato/Embebidos/TpFinal/Workspaces/TpFinal/ControlAcuario/lwIP/inc/lwip" -I"/home/pato/Embebidos/TpFinal/Workspaces/TpFinal/ControlAcuario/lwIP/inc/netif" -I"/home/pato/Embebidos/TpFinal/Workspaces/TpFinal/ControlAcuario/lwIP/inc/posix" -I"/home/pato/Embebidos/TpFinal/Workspaces/TpFinal/ControlAcuario/Board/inc" -I"/home/pato/Embebidos/TpFinal/Workspaces/TpFinal/ControlAcuario/freeRTOS/inc" -I"/home/pato/Embebidos/TpFinal/Workspaces/TpFinal/ControlAcuario/lwIP/inc" -I"/home/pato/Embebidos/TpFinal/Workspaces/TpFinal/ControlAcuario/inc" -I"/home/pato/Embebidos/TpFinal/Workspaces/TpFinal/lpc_chip_43xx/inc" -I"/home/pato/Embebidos/TpFinal/Workspaces/TpFinal/lpc_chip_43xx/inc/usbd" -O0 -g3 -Wall -c -fmessage-length=0 -fno-builtin -ffunction-sections -fdata-sections -mcpu=cortex-m4 -mfpu=fpv4-sp-d16 -mfloat-abi=softfp -mthumb -D__REDLIB__ -specs=redlib.specs -MMD -MP -MF"freeRTOS/src/redlib_memfix.d" -MT"freeRTOS/src/redlib_memfix.o" -MT"freeRTOS/src/redlib_memfix.d" -o "freeRTOS/src/redlib_memfix.o" "../freeRTOS/src/redlib_memfix.c"
Finished building: ../freeRTOS/src/redlib_memfix.c
 
Building file: ../freeRTOS/src/tasks.c
Invoking: MCU C Compiler
arm-none-eabi-gcc -D__MULTICORE_NONE -DDEBUG -D__CODE_RED -DCORE_M4 -D__USE_LPCOPEN -D__LPC43XX__ -D__REDLIB__ -I"/home/pato/Embebidos/TpFinal/Workspaces/TpFinal/ControlAcuario/lwIP/inc/arch" -I"/home/pato/Embebidos/TpFinal/Workspaces/TpFinal/ControlAcuario/lwIP/inc/ipv4" -I"/home/pato/Embebidos/TpFinal/Workspaces/TpFinal/ControlAcuario/lwIP/inc/lwip" -I"/home/pato/Embebidos/TpFinal/Workspaces/TpFinal/ControlAcuario/lwIP/inc/netif" -I"/home/pato/Embebidos/TpFinal/Workspaces/TpFinal/ControlAcuario/lwIP/inc/posix" -I"/home/pato/Embebidos/TpFinal/Workspaces/TpFinal/ControlAcuario/Board/inc" -I"/home/pato/Embebidos/TpFinal/Workspaces/TpFinal/ControlAcuario/freeRTOS/inc" -I"/home/pato/Embebidos/TpFinal/Workspaces/TpFinal/ControlAcuario/lwIP/inc" -I"/home/pato/Embebidos/TpFinal/Workspaces/TpFinal/ControlAcuario/inc" -I"/home/pato/Embebidos/TpFinal/Workspaces/TpFinal/lpc_chip_43xx/inc" -I"/home/pato/Embebidos/TpFinal/Workspaces/TpFinal/lpc_chip_43xx/inc/usbd" -O0 -g3 -Wall -c -fmessage-length=0 -fno-builtin -ffunction-sections -fdata-sections -mcpu=cortex-m4 -mfpu=fpv4-sp-d16 -mfloat-abi=softfp -mthumb -D__REDLIB__ -specs=redlib.specs -MMD -MP -MF"freeRTOS/src/tasks.d" -MT"freeRTOS/src/tasks.o" -MT"freeRTOS/src/tasks.d" -o "freeRTOS/src/tasks.o" "../freeRTOS/src/tasks.c"
Finished building: ../freeRTOS/src/tasks.c
 
Building file: ../freeRTOS/src/timers.c
Invoking: MCU C Compiler
arm-none-eabi-gcc -D__MULTICORE_NONE -DDEBUG -D__CODE_RED -DCORE_M4 -D__USE_LPCOPEN -D__LPC43XX__ -D__REDLIB__ -I"/home/pato/Embebidos/TpFinal/Workspaces/TpFinal/ControlAcuario/lwIP/inc/arch" -I"/home/pato/Embebidos/TpFinal/Workspaces/TpFinal/ControlAcuario/lwIP/inc/ipv4" -I"/home/pato/Embebidos/TpFinal/Workspaces/TpFinal/ControlAcuario/lwIP/inc/lwip" -I"/home/pato/Embebidos/TpFinal/Workspaces/TpFinal/ControlAcuario/lwIP/inc/netif" -I"/home/pato/Embebidos/TpFinal/Workspaces/TpFinal/ControlAcuario/lwIP/inc/posix" -I"/home/pato/Embebidos/TpFinal/Workspaces/TpFinal/ControlAcuario/Board/inc" -I"/home/pato/Embebidos/TpFinal/Workspaces/TpFinal/ControlAcuario/freeRTOS/inc" -I"/home/pato/Embebidos/TpFinal/Workspaces/TpFinal/ControlAcuario/lwIP/inc" -I"/home/pato/Embebidos/TpFinal/Workspaces/TpFinal/ControlAcuario/inc" -I"/home/pato/Embebidos/TpFinal/Workspaces/TpFinal/lpc_chip_43xx/inc" -I"/home/pato/Embebidos/TpFinal/Workspaces/TpFinal/lpc_chip_43xx/inc/usbd" -O0 -g3 -Wall -c -fmessage-length=0 -fno-builtin -ffunction-sections -fdata-sections -mcpu=cortex-m4 -mfpu=fpv4-sp-d16 -mfloat-abi=softfp -mthumb -D__REDLIB__ -specs=redlib.specs -MMD -MP -MF"freeRTOS/src/timers.d" -MT"freeRTOS/src/timers.o" -MT"freeRTOS/src/timers.d" -o "freeRTOS/src/timers.o" "../freeRTOS/src/timers.c"
Finished building: ../freeRTOS/src/timers.c
 
Building file: ../Board/src/board.c
Invoking: MCU C Compiler
arm-none-eabi-gcc -D__MULTICORE_NONE -DDEBUG -D__CODE_RED -DCORE_M4 -D__USE_LPCOPEN -D__LPC43XX__ -D__REDLIB__ -I"/home/pato/Embebidos/TpFinal/Workspaces/TpFinal/ControlAcuario/lwIP/inc/arch" -I"/home/pato/Embebidos/TpFinal/Workspaces/TpFinal/ControlAcuario/lwIP/inc/ipv4" -I"/home/pato/Embebidos/TpFinal/Workspaces/TpFinal/ControlAcuario/lwIP/inc/lwip" -I"/home/pato/Embebidos/TpFinal/Workspaces/TpFinal/ControlAcuario/lwIP/inc/netif" -I"/home/pato/Embebidos/TpFinal/Workspaces/TpFinal/ControlAcuario/lwIP/inc/posix" -I"/home/pato/Embebidos/TpFinal/Workspaces/TpFinal/ControlAcuario/Board/inc" -I"/home/pato/Embebidos/TpFinal/Workspaces/TpFinal/ControlAcuario/freeRTOS/inc" -I"/home/pato/Embebidos/TpFinal/Workspaces/TpFinal/ControlAcuario/lwIP/inc" -I"/home/pato/Embebidos/TpFinal/Workspaces/TpFinal/ControlAcuario/inc" -I"/home/pato/Embebidos/TpFinal/Workspaces/TpFinal/lpc_chip_43xx/inc" -I"/home/pato/Embebidos/TpFinal/Workspaces/TpFinal/lpc_chip_43xx/inc/usbd" -O0 -g3 -Wall -c -fmessage-length=0 -fno-builtin -ffunction-sections -fdata-sections -mcpu=cortex-m4 -mfpu=fpv4-sp-d16 -mfloat-abi=softfp -mthumb -D__REDLIB__ -specs=redlib.specs -MMD -MP -MF"Board/src/board.d" -MT"Board/src/board.o" -MT"Board/src/board.d" -o "Board/src/board.o" "../Board/src/board.c"
../Board/src/board.c:50:17: warning: 'lcd_cfg_val' defined but not used [-Wunused-variable]
 static uint32_t lcd_cfg_val;
                 ^
Finished building: ../Board/src/board.c
 
Building file: ../Board/src/board_sysinit.c
Invoking: MCU C Compiler
arm-none-eabi-gcc -D__MULTICORE_NONE -DDEBUG -D__CODE_RED -DCORE_M4 -D__USE_LPCOPEN -D__LPC43XX__ -D__REDLIB__ -I"/home/pato/Embebidos/TpFinal/Workspaces/TpFinal/ControlAcuario/lwIP/inc/arch" -I"/home/pato/Embebidos/TpFinal/Workspaces/TpFinal/ControlAcuario/lwIP/inc/ipv4" -I"/home/pato/Embebidos/TpFinal/Workspaces/TpFinal/ControlAcuario/lwIP/inc/lwip" -I"/home/pato/Embebidos/TpFinal/Workspaces/TpFinal/ControlAcuario/lwIP/inc/netif" -I"/home/pato/Embebidos/TpFinal/Workspaces/TpFinal/ControlAcuario/lwIP/inc/posix" -I"/home/pato/Embebidos/TpFinal/Workspaces/TpFinal/ControlAcuario/Board/inc" -I"/home/pato/Embebidos/TpFinal/Workspaces/TpFinal/ControlAcuario/freeRTOS/inc" -I"/home/pato/Embebidos/TpFinal/Workspaces/TpFinal/ControlAcuario/lwIP/inc" -I"/home/pato/Embebidos/TpFinal/Workspaces/TpFinal/ControlAcuario/inc" -I"/home/pato/Embebidos/TpFinal/Workspaces/TpFinal/lpc_chip_43xx/inc" -I"/home/pato/Embebidos/TpFinal/Workspaces/TpFinal/lpc_chip_43xx/inc/usbd" -O0 -g3 -Wall -c -fmessage-length=0 -fno-builtin -ffunction-sections -fdata-sections -mcpu=cortex-m4 -mfpu=fpv4-sp-d16 -mfloat-abi=softfp -mthumb -D__REDLIB__ -specs=redlib.specs -MMD -MP -MF"Board/src/board_sysinit.d" -MT"Board/src/board_sysinit.o" -MT"Board/src/board_sysinit.d" -o "Board/src/board_sysinit.o" "../Board/src/board_sysinit.c"
Finished building: ../Board/src/board_sysinit.c
 
Building file: ../Board/src/lpc_phy_smsc87x0.c
Invoking: MCU C Compiler
arm-none-eabi-gcc -D__MULTICORE_NONE -DDEBUG -D__CODE_RED -DCORE_M4 -D__USE_LPCOPEN -D__LPC43XX__ -D__REDLIB__ -I"/home/pato/Embebidos/TpFinal/Workspaces/TpFinal/ControlAcuario/lwIP/inc/arch" -I"/home/pato/Embebidos/TpFinal/Workspaces/TpFinal/ControlAcuario/lwIP/inc/ipv4" -I"/home/pato/Embebidos/TpFinal/Workspaces/TpFinal/ControlAcuario/lwIP/inc/lwip" -I"/home/pato/Embebidos/TpFinal/Workspaces/TpFinal/ControlAcuario/lwIP/inc/netif" -I"/home/pato/Embebidos/TpFinal/Workspaces/TpFinal/ControlAcuario/lwIP/inc/posix" -I"/home/pato/Embebidos/TpFinal/Workspaces/TpFinal/ControlAcuario/Board/inc" -I"/home/pato/Embebidos/TpFinal/Workspaces/TpFinal/ControlAcuario/freeRTOS/inc" -I"/home/pato/Embebidos/TpFinal/Workspaces/TpFinal/ControlAcuario/lwIP/inc" -I"/home/pato/Embebidos/TpFinal/Workspaces/TpFinal/ControlAcuario/inc" -I"/home/pato/Embebidos/TpFinal/Workspaces/TpFinal/lpc_chip_43xx/inc" -I"/home/pato/Embebidos/TpFinal/Workspaces/TpFinal/lpc_chip_43xx/inc/usbd" -O0 -g3 -Wall -c -fmessage-length=0 -fno-builtin -ffunction-sections -fdata-sections -mcpu=cortex-m4 -mfpu=fpv4-sp-d16 -mfloat-abi=softfp -mthumb -D__REDLIB__ -specs=redlib.specs -MMD -MP -MF"Board/src/lpc_phy_smsc87x0.d" -MT"Board/src/lpc_phy_smsc87x0.o" -MT"Board/src/lpc_phy_smsc87x0.d" -o "Board/src/lpc_phy_smsc87x0.o" "../Board/src/lpc_phy_smsc87x0.c"
Finished building: ../Board/src/lpc_phy_smsc87x0.c
 
Building target: ControlAcuario.axf
Invoking: MCU Linker
arm-none-eabi-gcc -nostdlib -L"/home/pato/Embebidos/TpFinal/Workspaces/TpFinal/lpc_chip_43xx/Debug" -Xlinker -Map="ControlAcuario.map" -Xlinker --gc-sections -mcpu=cortex-m4 -mthumb -T "ControlAcuario_Debug.ld" -o "ControlAcuario.axf"  ./src/ControlAcuario.o ./src/cr_startup_lpc43xx.o ./src/crp.o ./src/sysinit.o  ./lwIP/src/netif/etharp.o ./lwIP/src/netif/ethernetif.o  ./lwIP/src/core/ipv4/autoip.o ./lwIP/src/core/ipv4/icmp.o ./lwIP/src/core/ipv4/igmp.o ./lwIP/src/core/ipv4/inet.o ./lwIP/src/core/ipv4/inet_chksum.o ./lwIP/src/core/ipv4/ip.o ./lwIP/src/core/ipv4/ip_addr.o ./lwIP/src/core/ipv4/ip_frag.o  ./lwIP/src/core/def.o ./lwIP/src/core/dhcp.o ./lwIP/src/core/dns.o ./lwIP/src/core/init.o ./lwIP/src/core/mem.o ./lwIP/src/core/memp.o ./lwIP/src/core/netif.o ./lwIP/src/core/pbuf.o ./lwIP/src/core/raw.o ./lwIP/src/core/stats.o ./lwIP/src/core/sys.o ./lwIP/src/core/tcp.o ./lwIP/src/core/tcp_in.o ./lwIP/src/core/tcp_out.o ./lwIP/src/core/timers.o ./lwIP/src/core/udp.o  ./lwIP/src/arch/lpc18xx_43xx_emac.o ./lwIP/src/arch/lpc_debug.o ./lwIP/src/arch/sys_arch_freertos.o  ./lwIP/src/api/api_lib.o ./lwIP/src/api/api_msg.o ./lwIP/src/api/err.o ./lwIP/src/api/netbuf.o ./lwIP/src/api/netdb.o ./lwIP/src/api/netifapi.o ./lwIP/src/api/sockets.o ./lwIP/src/api/tcpip.o  ./freeRTOS/src/FreeRTOSCommonHooks.o ./freeRTOS/src/croutine.o ./freeRTOS/src/event_groups.o ./freeRTOS/src/heap_4.o ./freeRTOS/src/list.o ./freeRTOS/src/port.o ./freeRTOS/src/queue.o ./freeRTOS/src/redlib_memfix.o ./freeRTOS/src/tasks.o ./freeRTOS/src/timers.o  ./Board/src/board.o ./Board/src/board_sysinit.o ./Board/src/lpc_phy_smsc87x0.o   -llpc_chip_43xx
Finished building target: ControlAcuario.axf
 
make --no-print-directory post-build
Performing post-build steps
arm-none-eabi-size "ControlAcuario.axf"; # arm-none-eabi-objcopy -v -O binary "ControlAcuario.axf" "ControlAcuario.bin" ; # checksum -p LPC4337 -d "ControlAcuario.bin";
   text	   data	    bss	    dec	    hex	filename
   6204	      4	    152	   6360	   18d8	ControlAcuario.axf
 

14:56:40 Build Finished (took 5s.733ms)

