Archive member included because of file (symbol)

/home/pato/Embebidos/tpfinal/test/lpc_board_nxp_lpcxpresso_4337/Debug/liblpc_board_nxp_lpcxpresso_4337.a(board.o)
                              ./freertos/src/FreeRTOSCommonHooks.o (Board_UARTPutSTR)
/home/pato/Embebidos/tpfinal/test/lpc_board_nxp_lpcxpresso_4337/Debug/liblpc_board_nxp_lpcxpresso_4337.a(board_sysinit.o)
                              ./example/src/sysinit.o (Board_SystemInit)
/home/pato/Embebidos/tpfinal/test/lpc_board_nxp_lpcxpresso_4337/Debug/liblpc_board_nxp_lpcxpresso_4337.a(wm8904.o)
                              /home/pato/Embebidos/tpfinal/test/lpc_board_nxp_lpcxpresso_4337/Debug/liblpc_board_nxp_lpcxpresso_4337.a(board.o) (WM8904_Init)
/home/pato/Embebidos/tpfinal/test/lpc_chip_43xx/Debug/liblpc_chip_43xx.a(chip_18xx_43xx.o)
                              ./freertos/src/port.o (SystemCoreClock)
/home/pato/Embebidos/tpfinal/test/lpc_chip_43xx/Debug/liblpc_chip_43xx.a(clock_18xx_43xx.o)
                              /home/pato/Embebidos/tpfinal/test/lpc_chip_43xx/Debug/liblpc_chip_43xx.a(chip_18xx_43xx.o) (Chip_Clock_GetClockInputHz)
/home/pato/Embebidos/tpfinal/test/lpc_chip_43xx/Debug/liblpc_chip_43xx.a(fpu_init.o)
                              ./example/src/sysinit.o (fpuInit)
/home/pato/Embebidos/tpfinal/test/lpc_chip_43xx/Debug/liblpc_chip_43xx.a(gpio_18xx_43xx.o)
                              /home/pato/Embebidos/tpfinal/test/lpc_board_nxp_lpcxpresso_4337/Debug/liblpc_board_nxp_lpcxpresso_4337.a(board.o) (Chip_GPIO_Init)
/home/pato/Embebidos/tpfinal/test/lpc_chip_43xx/Debug/liblpc_chip_43xx.a(i2c_18xx_43xx.o)
                              /home/pato/Embebidos/tpfinal/test/lpc_board_nxp_lpcxpresso_4337/Debug/liblpc_board_nxp_lpcxpresso_4337.a(wm8904.o) (Chip_I2C_EventHandlerPolling)
/home/pato/Embebidos/tpfinal/test/lpc_chip_43xx/Debug/liblpc_chip_43xx.a(ssp_18xx_43xx.o)
                              /home/pato/Embebidos/tpfinal/test/lpc_board_nxp_lpcxpresso_4337/Debug/liblpc_board_nxp_lpcxpresso_4337.a(board.o) (Chip_SSP_WriteFrames_Blocking)
/home/pato/Embebidos/tpfinal/test/lpc_chip_43xx/Debug/liblpc_chip_43xx.a(sysinit_18xx_43xx.o)
                              /home/pato/Embebidos/tpfinal/test/lpc_board_nxp_lpcxpresso_4337/Debug/liblpc_board_nxp_lpcxpresso_4337.a(board_sysinit.o) (Chip_SetupCoreClock)
/home/pato/Embebidos/tpfinal/test/lpc_chip_43xx/Debug/liblpc_chip_43xx.a(uart_18xx_43xx.o)
                              /home/pato/Embebidos/tpfinal/test/lpc_board_nxp_lpcxpresso_4337/Debug/liblpc_board_nxp_lpcxpresso_4337.a(board.o) (Chip_UART_Init)
/home/pato/Embebidos/tpfinal/test/lpc_chip_43xx/Debug/liblpc_chip_43xx.a(ring_buffer.o)
                              /home/pato/Embebidos/tpfinal/test/lpc_chip_43xx/Debug/liblpc_chip_43xx.a(uart_18xx_43xx.o) (RingBuffer_Insert)
/usr/local/lpcxpresso_8.0.0_526/lpcxpresso/tools/bin/../lib/gcc/arm-none-eabi/4.9.3/../../../../arm-none-eabi/lib/armv7e-m/softfp/libcr_nohost.a(_cr__main.o)
                              ./example/src/cr_startup_lpc43xx.o (__main)
/usr/local/lpcxpresso_8.0.0_526/lpcxpresso/tools/bin/../lib/gcc/arm-none-eabi/4.9.3/../../../../arm-none-eabi/lib/armv7e-m/softfp/libcr_c.a(memcpy.o)
                              ./freertos/src/queue.o (memcpy)
/usr/local/lpcxpresso_8.0.0_526/lpcxpresso/tools/bin/../lib/gcc/arm-none-eabi/4.9.3/../../../../arm-none-eabi/lib/armv7e-m/softfp/libcr_c.a(memset.o)
                              ./freertos/src/tasks.o (memset)
/usr/local/lpcxpresso_8.0.0_526/lpcxpresso/tools/bin/../lib/gcc/arm-none-eabi/4.9.3/../../../../arm-none-eabi/lib/armv7e-m/softfp/libcr_c.a(alloc.o)
                              ./freertos/src/heap_3.o (malloc)
/usr/local/lpcxpresso_8.0.0_526/lpcxpresso/tools/bin/../lib/gcc/arm-none-eabi/4.9.3/../../../../arm-none-eabi/lib/armv7e-m/softfp/libcr_c.a(fpprintf.o)
                              ./freertos/src/FreeRTOSCommonHooks.o (printf)
/usr/local/lpcxpresso_8.0.0_526/lpcxpresso/tools/bin/../lib/gcc/arm-none-eabi/4.9.3/../../../../arm-none-eabi/lib/armv7e-m/softfp/libcr_c.a(initio.o)
                              /usr/local/lpcxpresso_8.0.0_526/lpcxpresso/tools/bin/../lib/gcc/arm-none-eabi/4.9.3/../../../../arm-none-eabi/lib/armv7e-m/softfp/libcr_nohost.a(_cr__main.o) (_initio)
/usr/local/lpcxpresso_8.0.0_526/lpcxpresso/tools/bin/../lib/gcc/arm-none-eabi/4.9.3/../../../../arm-none-eabi/lib/armv7e-m/softfp/libcr_c.a(printf.o)
                              /usr/local/lpcxpresso_8.0.0_526/lpcxpresso/tools/bin/../lib/gcc/arm-none-eabi/4.9.3/../../../../arm-none-eabi/lib/armv7e-m/softfp/libcr_c.a(fpprintf.o) (__vfprintf)
/usr/local/lpcxpresso_8.0.0_526/lpcxpresso/tools/bin/../lib/gcc/arm-none-eabi/4.9.3/../../../../arm-none-eabi/lib/armv7e-m/softfp/libcr_c.a(setvbuf.o)
                              /usr/local/lpcxpresso_8.0.0_526/lpcxpresso/tools/bin/../lib/gcc/arm-none-eabi/4.9.3/../../../../arm-none-eabi/lib/armv7e-m/softfp/libcr_c.a(initio.o) (setvbuf)
[...]
Memory Configuration

Name             Origin             Length             Attributes
MFlashA512       0x1a000000         0x00080000         xr
MFlashB512       0x1b000000         0x00080000         xr
RamLoc32         0x10000000         0x00008000         xrw
RamLoc40         0x10080000         0x0000a000         xrw
RamAHB32         0x20000000         0x00008000         xrw
RamAHB16         0x20008000         0x00004000         xrw
RamAHB_ETB16     0x2000c000         0x00004000         xrw
*default*        0x00000000         0xffffffff

Linker script and memory map

LOAD ./freertos/src/FreeRTOSCommonHooks.o
LOAD ./freertos/src/croutine.o
LOAD ./freertos/src/event_groups.o
LOAD ./freertos/src/heap_3.o
LOAD ./freertos/src/list.o
LOAD ./freertos/src/port.o
LOAD ./freertos/src/queue.o
LOAD ./freertos/src/redlib_memfix.o
LOAD ./freertos/src/tasks.o
LOAD ./freertos/src/timers.o
LOAD ./example/src/blinky.o
LOAD ./example/src/cr_startup_lpc43xx.o
LOAD ./example/src/sysinit.o
LOAD /home/pato/Embebidos/tpfinal/test/lpc_board_nxp_lpcxpresso_4337/Debug/liblpc_board_nxp_lpcxpresso_4337.a
LOAD /home/pato/Embebidos/tpfinal/test/lpc_chip_43xx/Debug/liblpc_chip_43xx.a
START GROUP
LOAD /usr/local/lpcxpresso_8.0.0_526/lpcxpresso/tools/bin/../lib/gcc/arm-none-eabi/4.9.3/../../../../arm-none-eabi/lib/armv7e-m/softfp/libcr_nohost.a
LOAD /usr/local/lpcxpresso_8.0.0_526/lpcxpresso/tools/bin/../lib/gcc/arm-none-eabi/4.9.3/../../../../arm-none-eabi/lib/armv7e-m/softfp/libcr_c.a
LOAD /usr/local/lpcxpresso_8.0.0_526/lpcxpresso/tools/bin/../lib/gcc/arm-none-eabi/4.9.3/armv7e-m/softfp/libcr_eabihelpers.a
END GROUP
                0x1a000000                __base_MFlashA512 = 0x1a000000
                0x1a000000                __base_Flash = 0x1a000000
                0x1a080000                __top_MFlashA512 = 0x1a080000
                0x1a080000                __top_Flash = 0x1a080000
                0x1b000000                __base_MFlashB512 = 0x1b000000
                0x1b000000                __base_Flash2 = 0x1b000000
                0x1b080000                __top_MFlashB512 = 0x1b080000
                0x1b080000                __top_Flash2 = 0x1b080000
                0x10000000                __base_RamLoc32 = 0x10000000
                0x10000000                __base_RAM = 0x10000000
                0x10008000                __top_RamLoc32 = 0x10008000
                0x10008000                __top_RAM = 0x10008000
                0x10080000                __base_RamLoc40 = 0x10080000
                0x10080000                __base_RAM2 = 0x10080000
                0x1008a000                __top_RamLoc40 = 0x1008a000
                0x1008a000                __top_RAM2 = 0x1008a000
                0x20000000                __base_RamAHB32 = 0x20000000
                0x20000000                __base_RAM3 = 0x20000000
                0x20008000                __top_RamAHB32 = 0x20008000
                0x20008000                __top_RAM3 = 0x20008000
                0x20008000                __base_RamAHB16 = 0x20008000
                0x20008000                __base_RAM4 = 0x20008000
                0x2000c000                __top_RamAHB16 = 0x2000c000
                0x2000c000                __top_RAM4 = 0x2000c000
                0x2000c000                __base_RamAHB_ETB16 = 0x2000c000
                0x2000c000                __base_RAM5 = 0x2000c000
                0x20010000                __top_RamAHB_ETB16 = 0x20010000
                0x20010000                __top_RAM5 = 0x20010000

.text_Flash2    0x1b000000        0x0
 FILL mask 0xff
 *(.text_Flash2*)
 *(.text_MFlashB512*)
 *(.text.$Flash2*)
 *(.text.$MFlashB512*)
 *(.rodata.$Flash2*)
 *(.rodata.$MFlashB512*)

.text           0x1a000000     0x5118
 FILL mask 0xff
                0x1a000000                __vectors_start__ = ABSOLUTE (.)
 *(.isr_vector)
 .isr_vector    0x1a000000      0x114 ./example/src/cr_startup_lpc43xx.o
                0x1a000000                g_pfnVectors
                0x1a000114                . = ALIGN (0x4)
                0x1a000114                __section_table_start = .
                0x1a000114                __data_section_table = .
                0x1a000114        0x4 LONG 0x1a005118 LOADADDR (.data)
                0x1a000118        0x4 LONG 0x10000000 ADDR (.data)
                0x1a00011c        0x4 LONG 0x8 SIZEOF (.data)
                0x1a000120        0x4 LONG 0x1a005118 LOADADDR (.data_RAM2)
                0x1a000124        0x4 LONG 0x10080000 ADDR (.data_RAM2)
                0x1a000128        0x4 LONG 0x0 SIZEOF (.data_RAM2)
                0x1a00012c        0x4 LONG 0x1a005118 LOADADDR (.data_RAM3)
                0x1a000130        0x4 LONG 0x20000000 ADDR (.data_RAM3)
                0x1a000134        0x4 LONG 0x0 SIZEOF (.data_RAM3)
                0x1a000138        0x4 LONG 0x1a005118 LOADADDR (.data_RAM4)
                0x1a00013c        0x4 LONG 0x20008000 ADDR (.data_RAM4)
                0x1a000140        0x4 LONG 0x0 SIZEOF (.data_RAM4)
                0x1a000144        0x4 LONG 0x1a005118 LOADADDR (.data_RAM5)
                0x1a000148        0x4 LONG 0x2000c000 ADDR (.data_RAM5)
                0x1a00014c        0x4 LONG 0x0 SIZEOF (.data_RAM5)
                0x1a000150                __data_section_table_end = .
                0x1a000150                __bss_section_table = .
                0x1a000150        0x4 LONG 0x10000008 ADDR (.bss)
                0x1a000154        0x4 LONG 0x2a0 SIZEOF (.bss)
                0x1a000158        0x4 LONG 0x10080000 ADDR (.bss_RAM2)
                0x1a00015c        0x4 LONG 0x0 SIZEOF (.bss_RAM2)
                0x1a000160        0x4 LONG 0x20000000 ADDR (.bss_RAM3)
                0x1a000164        0x4 LONG 0x0 SIZEOF (.bss_RAM3)
                0x1a000168        0x4 LONG 0x20008000 ADDR (.bss_RAM4)
                0x1a00016c        0x4 LONG 0x0 SIZEOF (.bss_RAM4)
                0x1a000170        0x4 LONG 0x2000c000 ADDR (.bss_RAM5)
                0x1a000174        0x4 LONG 0x0 SIZEOF (.bss_RAM5)
                0x1a000178                __bss_section_table_end = .
                0x1a000178                __section_table_end = .
 *(.after_vectors*)
 .after_vectors
                0x1a000178       0xcc ./example/src/cr_startup_lpc43xx.o
                0x1a000178                data_init
                0x1a0001bc                bss_init
                0x1a0001f4                NMI_Handler
                0x1a0001fc                HardFault_Handler
                0x1a000204                MemManage_Handler
                0x1a00020c                BusFault_Handler
                0x1a000214                UsageFault_Handler
                0x1a000224                DebugMon_Handler
                0x1a00023c                TIMER2_IRQHandler
                0x1a00023c                RIT_IRQHandler
                0x1a00023c                ADCHS_IRQHandler
                0x1a00023c                FLASH_EEPROM_IRQHandler
                0x1a00023c                I2C0_IRQHandler
                0x1a00023c                SDIO_IRQHandler
                0x1a00023c                ATIMER_IRQHandler
                0x1a00023c                I2C1_IRQHandler
                0x1a00023c                UART1_IRQHandler
                0x1a00023c                GPIO5_IRQHandler
                0x1a00023c                CAN1_IRQHandler
                0x1a00023c                USB1_IRQHandler
                0x1a00023c                I2S0_IRQHandler
                0x1a00023c                TIMER3_IRQHandler
                0x1a00023c                UART0_IRQHandler
                0x1a00023c                SGPIO_IRQHandler
                0x1a00023c                ADC0_IRQHandler
                0x1a00023c                GPIO6_IRQHandler
                0x1a00023c                IntDefaultHandler
                0x1a00023c                GPIO1_IRQHandler
                0x1a00023c                SSP0_IRQHandler
                0x1a00023c                ADC1_IRQHandler
                0x1a00023c                RTC_IRQHandler
                0x1a00023c                TIMER0_IRQHandler
                0x1a00023c                SPI_IRQHandler
                0x1a00023c                LCD_IRQHandler
                0x1a00023c                TIMER1_IRQHandler
                0x1a00023c                UART2_IRQHandler
                0x1a00023c                GPIO2_IRQHandler
                0x1a00023c                I2S1_IRQHandler
                0x1a00023c                SSP1_IRQHandler
                0x1a00023c                USB0_IRQHandler
                0x1a00023c                GPIO3_IRQHandler
                0x1a00023c                SCT_IRQHandler
                0x1a00023c                WDT_IRQHandler
                0x1a00023c                GPIO7_IRQHandler
                0x1a00023c                SPIFI_IRQHandler
                0x1a00023c                QEI_IRQHandler
                0x1a00023c                ETH_IRQHandler
                0x1a00023c                CAN0_IRQHandler
                0x1a00023c                GINT0_IRQHandler
                0x1a00023c                DAC_IRQHandler
                0x1a00023c                M0SUB_IRQHandler
                0x1a00023c                GPIO0_IRQHandler
                0x1a00023c                DMA_IRQHandler
                0x1a00023c                EVRT_IRQHandler
                0x1a00023c                UART3_IRQHandler
                0x1a00023c                MCPWM_IRQHandler
                0x1a00023c                M0APP_IRQHandler
                0x1a00023c                GINT1_IRQHandler
                0x1a00023c                GPIO4_IRQHandler
 *(.text*)
 .text.vApplicationIdleHook
                0x1a000244       0x10 ./freertos/src/FreeRTOSCommonHooks.o
                0x1a000244                vApplicationIdleHook
 .text.pvPortMalloc
                0x1a000254       0x24 ./freertos/src/heap_3.o
                0x1a000254                pvPortMalloc
 .text.vPortFree
                0x1a000278       0x24 ./freertos/src/heap_3.o
                0x1a000278                vPortFree
 .text.vListInitialise
                0x1a00029c       0x40 ./freertos/src/list.o
                0x1a00029c                vListInitialise
 .text.vListInitialiseItem
                0x1a0002dc       0x18 ./freertos/src/list.o
                0x1a0002dc                vListInitialiseItem
 .text.vListInsertEnd
                0x1a0002f4       0x48 ./freertos/src/list.o
                0x1a0002f4                vListInsertEnd
 .text.vListInsert
                0x1a00033c       0x70 ./freertos/src/list.o
                0x1a00033c                vListInsert
 .text.uxListRemove
                0x1a0003ac       0x54 ./freertos/src/list.o
                0x1a0003ac                uxListRemove
 .text.pxPortInitialiseStack
                0x1a000400       0x64 ./freertos/src/port.o
                0x1a000400                pxPortInitialiseStack
 .text.prvTaskExitError
                0x1a000464        0xc ./freertos/src/port.o
 .text.SVC_Handler
                0x1a000470       0x20 ./freertos/src/port.o
                0x1a000470                SVC_Handler
 .text.prvPortStartFirstTask
                0x1a000490       0x1c ./freertos/src/port.o
 .text.xPortStartScheduler
                0x1a0004ac       0x50 ./freertos/src/port.o
                0x1a0004ac                xPortStartScheduler
 .text.vPortYield
                0x1a0004fc       0x20 ./freertos/src/port.o
                0x1a0004fc                vPortYield
 .text.vPortEnterCritical
                0x1a00051c       0x20 ./freertos/src/port.o
                0x1a00051c                vPortEnterCritical
 .text.vPortExitCritical
                0x1a00053c       0x24 ./freertos/src/port.o
                0x1a00053c                vPortExitCritical
 .text.ulPortSetInterruptMask
                0x1a000560       0x14 ./freertos/src/port.o
                0x1a000560                ulPortSetInterruptMask
 .text.vPortClearInterruptMask
                0x1a000574        0x8 ./freertos/src/port.o
                0x1a000574                vPortClearInterruptMask
 .text.PendSV_Handler
                0x1a00057c       0x58 ./freertos/src/port.o
                0x1a00057c                PendSV_Handler
 .text.SysTick_Handler
                0x1a0005d4       0x28 ./freertos/src/port.o
                0x1a0005d4                SysTick_Handler
 .text.vPortSuppressTicksAndSleep
                0x1a0005fc      0x178 ./freertos/src/port.o
                0x1a0005fc                vPortSuppressTicksAndSleep
 .text.vPortSetupTimerInterrupt
                0x1a000774       0x78 ./freertos/src/port.o
                0x1a000774                vPortSetupTimerInterrupt
 .text.vPortEnableVFP
                0x1a0007ec       0x14 ./freertos/src/port.o
 .text.__check_heap_overflow
                0x1a000800       0x30 ./freertos/src/redlib_memfix.o
                0x1a000800                __check_heap_overflow
 .text.xTaskGenericCreate
                0x1a000830      0x140 ./freertos/src/tasks.o
                0x1a000830                xTaskGenericCreate
 .text.vTaskDelay
                0x1a000970       0x50 ./freertos/src/tasks.o
                0x1a000970                vTaskDelay
 .text.vTaskStartScheduler
                0x1a0009c0       0x54 ./freertos/src/tasks.o
                0x1a0009c0                vTaskStartScheduler
 .text.vTaskSuspendAll
                0x1a000a14       0x1c ./freertos/src/tasks.o
                0x1a000a14                vTaskSuspendAll
 .text.prvGetExpectedIdleTime
                0x1a000a30       0x50 ./freertos/src/tasks.o
 .text.xTaskResumeAll
                0x1a000a80       0xfc ./freertos/src/tasks.o
                0x1a000a80                xTaskResumeAll
 .text.vTaskStepTick
                0x1a000b7c       0x24 ./freertos/src/tasks.o
                0x1a000b7c                vTaskStepTick
 .text.xTaskIncrementTick
                0x1a000ba0      0x15c ./freertos/src/tasks.o
                0x1a000ba0                xTaskIncrementTick
 .text.vTaskSwitchContext
                0x1a000cfc       0x98 ./freertos/src/tasks.o
                0x1a000cfc                vTaskSwitchContext
 .text.prvIdleTask
                0x1a000d94       0x48 ./freertos/src/tasks.o
 .text.eTaskConfirmSleepModeStatus
                0x1a000ddc       0x5c ./freertos/src/tasks.o
                0x1a000ddc                eTaskConfirmSleepModeStatus
 .text.prvInitialiseTCBVariables
                0x1a000e38       0x90 ./freertos/src/tasks.o
 .text.prvInitialiseTaskLists
                0x1a000ec8       0x7c ./freertos/src/tasks.o
 .text.prvCheckTasksWaitingTermination
                0x1a000f44       0x74 ./freertos/src/tasks.o
 .text.prvAddCurrentTaskToDelayedList
                0x1a000fb8       0x6c ./freertos/src/tasks.o
 .text.prvAllocateTCBAndStack
                0x1a001024       0x64 ./freertos/src/tasks.o
 .text.prvDeleteTCB
                0x1a001088       0x20 ./freertos/src/tasks.o
 .text.prvResetNextTaskUnblockTime
                0x1a0010a8       0x48 ./freertos/src/tasks.o
 .text.prvSetupHardware
                0x1a0010f0       0x18 ./example/src/blinky.o
 .text.vLEDTask1
                0x1a001108       0x28 ./example/src/blinky.o
 .text.vLEDTask2
                0x1a001130       0x28 ./example/src/blinky.o
 .text.vUARTTask
                0x1a001158       0x28 ./example/src/blinky.o
 .text.main     0x1a001180       0x84 ./example/src/blinky.o
                0x1a001180                main
 .text.ResetISR
                0x1a001204       0xc4 ./example/src/cr_startup_lpc43xx.o
                0x1a001204                ResetISR
 .text.SystemInit
                0x1a0012c8       0x28 ./example/src/sysinit.o
                0x1a0012c8                SystemInit
 .text.Chip_SCU_PinMuxSet
                0x1a0012f0       0x30 /home/pato/Embebidos/tpfinal/test/lpc_board_nxp_lpcxpresso_4337/Debug/liblpc_board_nxp_lpcxpresso_4337.a(board.o)
 .text.Chip_SCU_PinMux
                0x1a001320       0x3c /home/pato/Embebidos/tpfinal/test/lpc_board_nxp_lpcxpresso_4337/Debug/liblpc_board_nxp_lpcxpresso_4337.a(board.o)
 .text.Chip_ENET_RMIIEnable
                0x1a00135c       0x28 /home/pato/Embebidos/tpfinal/test/lpc_board_nxp_lpcxpresso_4337/Debug/liblpc_board_nxp_lpcxpresso_4337.a(board.o)
 .text.Chip_GPIO_SetPinState
                0x1a001384       0x38 /home/pato/Embebidos/tpfinal/test/lpc_board_nxp_lpcxpresso_4337/Debug/liblpc_board_nxp_lpcxpresso_4337.a(board.o)
 .text.Chip_GPIO_SetPinDIROutput
                0x1a0013bc       0x3c /home/pato/Embebidos/tpfinal/test/lpc_board_nxp_lpcxpresso_4337/Debug/liblpc_board_nxp_lpcxpresso_4337.a(board.o)
 .text.Chip_UART_TXEnable
                0x1a0013f8       0x18 /home/pato/Embebidos/tpfinal/test/lpc_board_nxp_lpcxpresso_4337/Debug/liblpc_board_nxp_lpcxpresso_4337.a(board.o)
 .text.Chip_UART_SendByte
                0x1a001410       0x1c /home/pato/Embebidos/tpfinal/test/lpc_board_nxp_lpcxpresso_4337/Debug/liblpc_board_nxp_lpcxpresso_4337.a(board.o)
 .text.Chip_UART_SetupFIFOS
                0x1a00142c       0x1c /home/pato/Embebidos/tpfinal/test/lpc_board_nxp_lpcxpresso_4337/Debug/liblpc_board_nxp_lpcxpresso_4337.a(board.o)
 .text.Chip_UART_ConfigData
                0x1a001448       0x1c /home/pato/Embebidos/tpfinal/test/lpc_board_nxp_lpcxpresso_4337/Debug/liblpc_board_nxp_lpcxpresso_4337.a(board.o)
 .text.Chip_UART_ReadLineStatus
                0x1a001464       0x18 /home/pato/Embebidos/tpfinal/test/lpc_board_nxp_lpcxpresso_4337/Debug/liblpc_board_nxp_lpcxpresso_4337.a(board.o)
 .text.__sys_write
                0x1a00147c       0x38 /home/pato/Embebidos/tpfinal/test/lpc_board_nxp_lpcxpresso_4337/Debug/liblpc_board_nxp_lpcxpresso_4337.a(board.o)
                0x1a00147c                __sys_write
 .text.Board_UART_Init
                0x1a0014b4       0x28 /home/pato/Embebidos/tpfinal/test/lpc_board_nxp_lpcxpresso_4337/Debug/liblpc_board_nxp_lpcxpresso_4337.a(board.o)
                0x1a0014b4                Board_UART_Init
 .text.Board_Debug_Init
                0x1a0014dc       0x38 /home/pato/Embebidos/tpfinal/test/lpc_board_nxp_lpcxpresso_4337/Debug/liblpc_board_nxp_lpcxpresso_4337.a(board.o)
                0x1a0014dc                Board_Debug_Init
 .text.Board_UARTPutChar
                0x1a001514       0x30 /home/pato/Embebidos/tpfinal/test/lpc_board_nxp_lpcxpresso_4337/Debug/liblpc_board_nxp_lpcxpresso_4337.a(board.o)
                0x1a001514                Board_UARTPutChar
 .text.Board_LED_Init
                0x1a001544       0x30 /home/pato/Embebidos/tpfinal/test/lpc_board_nxp_lpcxpresso_4337/Debug/liblpc_board_nxp_lpcxpresso_4337.a(board.o)
 .text.initLed  0x1a001574       0x9c /home/pato/Embebidos/tpfinal/test/lpc_board_nxp_lpcxpresso_4337/Debug/liblpc_board_nxp_lpcxpresso_4337.a(board.o)
                0x1a001574                initLed
 .text.Board_LED_Set
                0x1a001610       0x54 /home/pato/Embebidos/tpfinal/test/lpc_board_nxp_lpcxpresso_4337/Debug/liblpc_board_nxp_lpcxpresso_4337.a(board.o)
                0x1a001610                Board_LED_Set
 .text.Board_Init
                0x1a001664       0x24 /home/pato/Embebidos/tpfinal/test/lpc_board_nxp_lpcxpresso_4337/Debug/liblpc_board_nxp_lpcxpresso_4337.a(board.o)
                0x1a001664                Board_Init
 .text.Chip_SCU_PinMuxSet
                0x1a001688       0x30 /home/pato/Embebidos/tpfinal/test/lpc_board_nxp_lpcxpresso_4337/Debug/liblpc_board_nxp_lpcxpresso_4337.a(board_sysinit.o)
 .text.Chip_SCU_SetPinMuxing
                0x1a0016b8       0x48 /home/pato/Embebidos/tpfinal/test/lpc_board_nxp_lpcxpresso_4337/Debug/liblpc_board_nxp_lpcxpresso_4337.a(board_sysinit.o)
 .text.Chip_CREG_SetFlashAcceleration
                0x1a001700       0x54 /home/pato/Embebidos/tpfinal/test/lpc_board_nxp_lpcxpresso_4337/Debug/liblpc_board_nxp_lpcxpresso_4337.a(board_sysinit.o)
 .text.Board_SetupMuxing
                0x1a001754       0x14 /home/pato/Embebidos/tpfinal/test/lpc_board_nxp_lpcxpresso_4337/Debug/liblpc_board_nxp_lpcxpresso_4337.a(board_sysinit.o)
                0x1a001754                Board_SetupMuxing
 .text.Board_SetupClocking
                0x1a001768       0x80 /home/pato/Embebidos/tpfinal/test/lpc_board_nxp_lpcxpresso_4337/Debug/liblpc_board_nxp_lpcxpresso_4337.a(board_sysinit.o)
                0x1a001768                Board_SetupClocking
 .text.Board_SystemInit
                0x1a0017e8       0x10 /home/pato/Embebidos/tpfinal/test/lpc_board_nxp_lpcxpresso_4337/Debug/liblpc_board_nxp_lpcxpresso_4337.a(board_sysinit.o)
                0x1a0017e8                Board_SystemInit
 .text.SystemCoreClockUpdate
                0x1a0017f8       0x18 /home/pato/Embebidos/tpfinal/test/lpc_chip_43xx/Debug/liblpc_chip_43xx.a(chip_18xx_43xx.o)
                0x1a0017f8                SystemCoreClockUpdate
 .text.ABS      0x1a001810       0x24 /home/pato/Embebidos/tpfinal/test/lpc_chip_43xx/Debug/liblpc_chip_43xx.a(clock_18xx_43xx.o)
 .text.pll_calc_divs
                0x1a001834      0x11c /home/pato/Embebidos/tpfinal/test/lpc_chip_43xx/Debug/liblpc_chip_43xx.a(clock_18xx_43xx.o)
 .text.pll_get_frac
                0x1a001950      0x178 /home/pato/Embebidos/tpfinal/test/lpc_chip_43xx/Debug/liblpc_chip_43xx.a(clock_18xx_43xx.o)
 .text.Chip_Clock_GetDivRate
                0x1a001ac8       0x40 /home/pato/Embebidos/tpfinal/test/lpc_chip_43xx/Debug/liblpc_chip_43xx.a(clock_18xx_43xx.o)
 .text.Chip_Clock_FindBaseClock
                0x1a001b08       0x88 /home/pato/Embebidos/tpfinal/test/lpc_chip_43xx/Debug/liblpc_chip_43xx.a(clock_18xx_43xx.o)
 .text.Chip_Clock_EnableCrystal
                0x1a001b90       0x6c /home/pato/Embebidos/tpfinal/test/lpc_chip_43xx/Debug/liblpc_chip_43xx.a(clock_18xx_43xx.o)
                0x1a001b90                Chip_Clock_EnableCrystal
 .text.Chip_Clock_CalcMainPLLValue
                0x1a001bfc       0xd8 /home/pato/Embebidos/tpfinal/test/lpc_chip_43xx/Debug/liblpc_chip_43xx.a(clock_18xx_43xx.o)
                0x1a001bfc                Chip_Clock_CalcMainPLLValue
 .text.Chip_Clock_GetMainPLLHz
                0x1a001cd4       0xc0 /home/pato/Embebidos/tpfinal/test/lpc_chip_43xx/Debug/liblpc_chip_43xx.a(clock_18xx_43xx.o)
                0x1a001cd4                Chip_Clock_GetMainPLLHz
 .text.Chip_Clock_GetDividerSource
                0x1a001d94       0x40 /home/pato/Embebidos/tpfinal/test/lpc_chip_43xx/Debug/liblpc_chip_43xx.a(clock_18xx_43xx.o)
                0x1a001d94                Chip_Clock_GetDividerSource
 .text.Chip_Clock_GetDividerDivisor
                0x1a001dd4       0x38 /home/pato/Embebidos/tpfinal/test/lpc_chip_43xx/Debug/liblpc_chip_43xx.a(clock_18xx_43xx.o)
                0x1a001dd4                Chip_Clock_GetDividerDivisor
 .text.Chip_Clock_GetClockInputHz
                0x1a001e0c      0x140 /home/pato/Embebidos/tpfinal/test/lpc_chip_43xx/Debug/liblpc_chip_43xx.a(clock_18xx_43xx.o)
                0x1a001e0c                Chip_Clock_GetClockInputHz
 .text.Chip_Clock_GetBaseClocktHz
                0x1a001f4c       0x24 /home/pato/Embebidos/tpfinal/test/lpc_chip_43xx/Debug/liblpc_chip_43xx.a(clock_18xx_43xx.o)
                0x1a001f4c                Chip_Clock_GetBaseClocktHz
 .text.Chip_Clock_SetBaseClock
                0x1a001f70       0x9c /home/pato/Embebidos/tpfinal/test/lpc_chip_43xx/Debug/liblpc_chip_43xx.a(clock_18xx_43xx.o)
                0x1a001f70                Chip_Clock_SetBaseClock
 .text.Chip_Clock_GetBaseClock
                0x1a00200c       0x4c /home/pato/Embebidos/tpfinal/test/lpc_chip_43xx/Debug/liblpc_chip_43xx.a(clock_18xx_43xx.o)
                0x1a00200c                Chip_Clock_GetBaseClock
 .text.Chip_Clock_EnableOpts
                0x1a002058       0x7c /home/pato/Embebidos/tpfinal/test/lpc_chip_43xx/Debug/liblpc_chip_43xx.a(clock_18xx_43xx.o)
                0x1a002058                Chip_Clock_EnableOpts
 .text.Chip_Clock_GetRate
                0x1a0020d4       0x88 /home/pato/Embebidos/tpfinal/test/lpc_chip_43xx/Debug/liblpc_chip_43xx.a(clock_18xx_43xx.o)
                0x1a0020d4                Chip_Clock_GetRate
 .text.fpuInit  0x1a00215c       0x74 /home/pato/Embebidos/tpfinal/test/lpc_chip_43xx/Debug/liblpc_chip_43xx.a(fpu_init.o)
                0x1a00215c                fpuInit
 .text.Chip_GPIO_Init
                0x1a0021d0       0x14 /home/pato/Embebidos/tpfinal/test/lpc_chip_43xx/Debug/liblpc_chip_43xx.a(gpio_18xx_43xx.o)
                0x1a0021d0                Chip_GPIO_Init
 .text.Chip_Clock_DisableMainPLL
                0x1a0021e4       0x1c /home/pato/Embebidos/tpfinal/test/lpc_chip_43xx/Debug/liblpc_chip_43xx.a(sysinit_18xx_43xx.o)
 .text.Chip_Clock_SetupMainPLL
                0x1a002200       0x40 /home/pato/Embebidos/tpfinal/test/lpc_chip_43xx/Debug/liblpc_chip_43xx.a(sysinit_18xx_43xx.o)
 .text.Chip_Clock_MainPLLLocked
                0x1a002240       0x24 /home/pato/Embebidos/tpfinal/test/lpc_chip_43xx/Debug/liblpc_chip_43xx.a(sysinit_18xx_43xx.o)
 .text.Chip_SetupCoreClock
                0x1a002264      0x15c /home/pato/Embebidos/tpfinal/test/lpc_chip_43xx/Debug/liblpc_chip_43xx.a(sysinit_18xx_43xx.o)
                0x1a002264                Chip_SetupCoreClock
 .text.Chip_UART_TXDisable
                0x1a0023c0       0x18 /home/pato/Embebidos/tpfinal/test/lpc_chip_43xx/Debug/liblpc_chip_43xx.a(uart_18xx_43xx.o)
 .text.Chip_UART_SetupFIFOS
                0x1a0023d8       0x1c /home/pato/Embebidos/tpfinal/test/lpc_chip_43xx/Debug/liblpc_chip_43xx.a(uart_18xx_43xx.o)
 .text.Chip_UART_ConfigData
                0x1a0023f4       0x1c /home/pato/Embebidos/tpfinal/test/lpc_chip_43xx/Debug/liblpc_chip_43xx.a(uart_18xx_43xx.o)
 .text.Chip_UART_EnableDivisorAccess
                0x1a002410       0x20 /home/pato/Embebidos/tpfinal/test/lpc_chip_43xx/Debug/liblpc_chip_43xx.a(uart_18xx_43xx.o)
 .text.Chip_UART_DisableDivisorAccess
                0x1a002430       0x20 /home/pato/Embebidos/tpfinal/test/lpc_chip_43xx/Debug/liblpc_chip_43xx.a(uart_18xx_43xx.o)
 .text.Chip_UART_SetDivisorLatches
                0x1a002450       0x28 /home/pato/Embebidos/tpfinal/test/lpc_chip_43xx/Debug/liblpc_chip_43xx.a(uart_18xx_43xx.o)
 .text.Chip_UART_GetIndex
                0x1a002478       0x60 /home/pato/Embebidos/tpfinal/test/lpc_chip_43xx/Debug/liblpc_chip_43xx.a(uart_18xx_43xx.o)
 .text.Chip_UART_Init
                0x1a0024d8       0x84 /home/pato/Embebidos/tpfinal/test/lpc_chip_43xx/Debug/liblpc_chip_43xx.a(uart_18xx_43xx.o)
                0x1a0024d8                Chip_UART_Init
 .text.Chip_UART_SetBaudFDR
                0x1a00255c      0x174 /home/pato/Embebidos/tpfinal/test/lpc_chip_43xx/Debug/liblpc_chip_43xx.a(uart_18xx_43xx.o)
                0x1a00255c                Chip_UART_SetBaudFDR
 .text.__main   0x1a0026d0       0x14 /usr/local/lpcxpresso_8.0.0_526/lpcxpresso/tools/bin/../lib/gcc/arm-none-eabi/4.9.3/../../../../arm-none-eabi/lib/armv7e-m/softfp/libcr_nohost.a(_cr__main.o)
                0x1a0026d0                __main
 .text.memset   0x1a0026e4        0x4 /usr/local/lpcxpresso_8.0.0_526/lpcxpresso/tools/bin/../lib/gcc/arm-none-eabi/4.9.3/../../../../arm-none-eabi/lib/armv7e-m/softfp/libcr_c.a(memset.o)
                0x1a0026e4                memset
 .text.malloc   0x1a0026e8       0xcc /usr/local/lpcxpresso_8.0.0_526/lpcxpresso/tools/bin/../lib/gcc/arm-none-eabi/4.9.3/../../../../arm-none-eabi/lib/armv7e-m/softfp/libcr_c.a(alloc.o)
                0x1a0026e8                malloc
 .text.free     0x1a0027b4       0x30 /usr/local/lpcxpresso_8.0.0_526/lpcxpresso/tools/bin/../lib/gcc/arm-none-eabi/4.9.3/../../../../arm-none-eabi/lib/armv7e-m/softfp/libcr_c.a(alloc.o)
                0x1a0027b4                free
 .text._Csys_alloc
                0x1a0027e4       0x20 /usr/local/lpcxpresso_8.0.0_526/lpcxpresso/tools/bin/../lib/gcc/arm-none-eabi/4.9.3/../../../../arm-none-eabi/lib/armv7e-m/softfp/libcr_c.a(alloc.o)
                0x1a0027e4                _Csys_alloc
 .text.fp_round
                0x1a002804       0x4c /usr/local/lpcxpresso_8.0.0_526/lpcxpresso/tools/bin/../lib/gcc/arm-none-eabi/4.9.3/../../../../arm-none-eabi/lib/armv7e-m/softfp/libcr_c.a(fpprintf.o)
 .text.pr_dec.constprop.1
                0x1a002850       0x26 /usr/local/lpcxpresso_8.0.0_526/lpcxpresso/tools/bin/../lib/gcc/arm-none-eabi/4.9.3/../../../../arm-none-eabi/lib/armv7e-m/softfp/libcr_c.a(fpprintf.o)
 *fill*         0x1a002876        0x2 
 .text.sprintf  0x1a002878       0x6c /usr/local/lpcxpresso_8.0.0_526/lpcxpresso/tools/bin/../lib/gcc/arm-none-eabi/4.9.3/../../../../arm-none-eabi/lib/armv7e-m/softfp/libcr_c.a(fpprintf.o)
                0x1a002878                sprintf
 *fill*         0x1a0028e4        0x4 
 .text.fp_display
                0x1a0028e8      0x900 /usr/local/lpcxpresso_8.0.0_526/lpcxpresso/tools/bin/../lib/gcc/arm-none-eabi/4.9.3/../../../../arm-none-eabi/lib/armv7e-m/softfp/libcr_c.a(fpprintf.o)
 .text.vsnprintf
                0x1a0031e8       0x5c /usr/local/lpcxpresso_8.0.0_526/lpcxpresso/tools/bin/../lib/gcc/arm-none-eabi/4.9.3/../../../../arm-none-eabi/lib/armv7e-m/softfp/libcr_c.a(fpprintf.o)
                0x1a0031e8                vsnprintf
 .text.printf   0x1a003244       0x54 /usr/local/lpcxpresso_8.0.0_526/lpcxpresso/tools/bin/../lib/gcc/arm-none-eabi/4.9.3/../../../../arm-none-eabi/lib/armv7e-m/softfp/libcr_c.a(fpprintf.o)
                0x1a003244                printf
 .text._initio  0x1a003298       0xa4 /usr/local/lpcxpresso_8.0.0_526/lpcxpresso/tools/bin/../lib/gcc/arm-none-eabi/4.9.3/../../../../arm-none-eabi/lib/armv7e-m/softfp/libcr_c.a(initio.o)
                0x1a003298                _initio
 .text.__vfprintf
                0x1a00333c      0xcc0 /usr/local/lpcxpresso_8.0.0_526/lpcxpresso/tools/bin/../lib/gcc/arm-none-eabi/4.9.3/../../../../arm-none-eabi/lib/armv7e-m/softfp/libcr_c.a(printf.o)
                0x1a00333c                __vfprintf
 .text.setvbuf  0x1a003ffc       0x40 /usr/local/lpcxpresso_8.0.0_526/lpcxpresso/tools/bin/../lib/gcc/arm-none-eabi/4.9.3/../../../../arm-none-eabi/lib/armv7e-m/softfp/libcr_c.a(setvbuf.o)
                0x1a003ffc                setvbuf
 .text.strlen   0x1a00403c       0x4a /usr/local/lpcxpresso_8.0.0_526/lpcxpresso/tools/bin/../lib/gcc/arm-none-eabi/4.9.3/../../../../arm-none-eabi/lib/armv7e-m/softfp/libcr_c.a(strlen.o)
                0x1a00403c                strlen
 *fill*         0x1a004086        0x2 
 .text._sbrk    0x1a004088       0x40 /usr/local/lpcxpresso_8.0.0_526/lpcxpresso/tools/bin/../lib/gcc/arm-none-eabi/4.9.3/../../../../arm-none-eabi/lib/armv7e-m/softfp/libcr_c.a(_cr_sbrk.o)
                0x1a004088                _sbrk
 .text._deferredlazyseek
                0x1a0040c8       0x44 /usr/local/lpcxpresso_8.0.0_526/lpcxpresso/tools/bin/../lib/gcc/arm-none-eabi/4.9.3/../../../../arm-none-eabi/lib/armv7e-m/softfp/libcr_c.a(_deferredlazyseek.o)
                0x1a0040c8                _deferredlazyseek
 .text.__flsbuf
                0x1a00410c      0x142 /usr/local/lpcxpresso_8.0.0_526/lpcxpresso/tools/bin/../lib/gcc/arm-none-eabi/4.9.3/../../../../arm-none-eabi/lib/armv7e-m/softfp/libcr_c.a(_deferredlazyseek.o)
                0x1a00410c                __flsbuf
 .text._fdopen  0x1a00424e       0x6a /usr/local/lpcxpresso_8.0.0_526/lpcxpresso/tools/bin/../lib/gcc/arm-none-eabi/4.9.3/../../../../arm-none-eabi/lib/armv7e-m/softfp/libcr_c.a(_fdopen.o)
                0x1a00424e                _fdopen
 .text._fflush  0x1a0042b8       0x58 /usr/local/lpcxpresso_8.0.0_526/lpcxpresso/tools/bin/../lib/gcc/arm-none-eabi/4.9.3/../../../../arm-none-eabi/lib/armv7e-m/softfp/libcr_c.a(_fflush.o)
                0x1a0042b8                _fflush
 .text._frexpl  0x1a004310       0x5a /usr/local/lpcxpresso_8.0.0_526/lpcxpresso/tools/bin/../lib/gcc/arm-none-eabi/4.9.3/../../../../arm-none-eabi/lib/armv7e-m/softfp/libcr_c.a(_frexpl.o)
                0x1a004310                _frexpl
 *fill*         0x1a00436a        0x2 
 .text._ldexpl  0x1a00436c       0x4c /usr/local/lpcxpresso_8.0.0_526/lpcxpresso/tools/bin/../lib/gcc/arm-none-eabi/4.9.3/../../../../arm-none-eabi/lib/armv7e-m/softfp/libcr_c.a(_ldexpl.o)
                0x1a00436c                _ldexpl
 .text._Cwritebuf
                0x1a0043b8       0x68 /usr/local/lpcxpresso_8.0.0_526/lpcxpresso/tools/bin/../lib/gcc/arm-none-eabi/4.9.3/../../../../arm-none-eabi/lib/armv7e-m/softfp/libcr_c.a(_writebuf.o)
                0x1a0043b8                _Cwritebuf
 .text.fclose   0x1a004420       0x6c /usr/local/lpcxpresso_8.0.0_526/lpcxpresso/tools/bin/../lib/gcc/arm-none-eabi/4.9.3/../../../../arm-none-eabi/lib/armv7e-m/softfp/libcr_c.a(fclose.o)
                0x1a004420                fclose
 .text.fflush   0x1a00448c       0x30 /usr/local/lpcxpresso_8.0.0_526/lpcxpresso/tools/bin/../lib/gcc/arm-none-eabi/4.9.3/../../../../arm-none-eabi/lib/armv7e-m/softfp/libcr_c.a(fflush.o)
                0x1a00448c                fflush
 .text.fseek    0x1a0044bc      0x110 /usr/local/lpcxpresso_8.0.0_526/lpcxpresso/tools/bin/../lib/gcc/arm-none-eabi/4.9.3/../../../../arm-none-eabi/lib/armv7e-m/softfp/libcr_c.a(fseek.o)
                0x1a0044bc                fseek
 .text.ftell    0x1a0045cc       0x4c /usr/local/lpcxpresso_8.0.0_526/lpcxpresso/tools/bin/../lib/gcc/arm-none-eabi/4.9.3/../../../../arm-none-eabi/lib/armv7e-m/softfp/libcr_c.a(ftell.o)
                0x1a0045cc                ftell
 .text.remove   0x1a004618       0x14 /usr/local/lpcxpresso_8.0.0_526/lpcxpresso/tools/bin/../lib/gcc/arm-none-eabi/4.9.3/../../../../arm-none-eabi/lib/armv7e-m/softfp/libcr_c.a(remove.o)
                0x1a004618                remove
 .text._do_fflush
                0x1a00462c       0x44 /usr/local/lpcxpresso_8.0.0_526/lpcxpresso/tools/bin/../lib/gcc/arm-none-eabi/4.9.3/../../../../arm-none-eabi/lib/armv7e-m/softfp/libcr_c.a(_do_fflush.o)
                0x1a00462c                _do_fflush
 .text.__aeabi_division_uldivmod
                0x1a004670      0x174 /usr/local/lpcxpresso_8.0.0_526/lpcxpresso/tools/bin/../lib/gcc/arm-none-eabi/4.9.3/armv7e-m/softfp/libcr_eabihelpers.a(division_64.o)
                0x1a004670                __aeabi_uldivmod
                0x1a004674                __bhs_ldivmod1
 .text.__aeabi_division_idiv0
                0x1a0047e4        0x2 /usr/local/lpcxpresso_8.0.0_526/lpcxpresso/tools/bin/../lib/gcc/arm-none-eabi/4.9.3/armv7e-m/softfp/libcr_eabihelpers.a(division_idiv0.o)
                0x1a0047e4                __aeabi_idiv0
 *fill*         0x1a0047e6        0x2 
 .text.__aeabi_dmul
                0x1a0047e8      0x110 /usr/local/lpcxpresso_8.0.0_526/lpcxpresso/tools/bin/../lib/gcc/arm-none-eabi/4.9.3/armv7e-m/softfp/libcr_eabihelpers.a(double.o)
                0x1a0047e8                __aeabi_dmul
 .text.__aeabi_ddiv
                0x1a0048f8      0x140 /usr/local/lpcxpresso_8.0.0_526/lpcxpresso/tools/bin/../lib/gcc/arm-none-eabi/4.9.3/armv7e-m/softfp/libcr_eabihelpers.a(double.o)
                0x1a0048f8                __aeabi_ddiv
 .text.__aeabi_dsub
                0x1a004a38      0x1b8 /usr/local/lpcxpresso_8.0.0_526/lpcxpresso/tools/bin/../lib/gcc/arm-none-eabi/4.9.3/armv7e-m/softfp/libcr_eabihelpers.a(double.o)
                0x1a004a38                __aeabi_dsub
 .text.__aeabi_dadd
                0x1a004bf0      0x128 /usr/local/lpcxpresso_8.0.0_526/lpcxpresso/tools/bin/../lib/gcc/arm-none-eabi/4.9.3/armv7e-m/softfp/libcr_eabihelpers.a(double.o)
                0x1a004bf0                __aeabi_dadd
 .text.__aeabi_d2iz
                0x1a004d18       0x40 /usr/local/lpcxpresso_8.0.0_526/lpcxpresso/tools/bin/../lib/gcc/arm-none-eabi/4.9.3/armv7e-m/softfp/libcr_eabihelpers.a(double.o)
                0x1a004d18                __aeabi_d2iz
 .text.__bhs_ui2d
                0x1a004d58       0x46 /usr/local/lpcxpresso_8.0.0_526/lpcxpresso/tools/bin/../lib/gcc/arm-none-eabi/4.9.3/armv7e-m/softfp/libcr_eabihelpers.a(double.o)
                0x1a004d58                __bhs_ui2d
 .text.__aeabi_i2d
                0x1a004d9e       0x10 /usr/local/lpcxpresso_8.0.0_526/lpcxpresso/tools/bin/../lib/gcc/arm-none-eabi/4.9.3/armv7e-m/softfp/libcr_eabihelpers.a(double.o)
                0x1a004d9e                __aeabi_i2d
 .text.__aeabi_dcmpeq
                0x1a004dae       0x30 /usr/local/lpcxpresso_8.0.0_526/lpcxpresso/tools/bin/../lib/gcc/arm-none-eabi/4.9.3/armv7e-m/softfp/libcr_eabihelpers.a(double.o)
                0x1a004dae                __aeabi_dcmpeq
 .text.__aeabi_dcmplt
                0x1a004dde       0x52 /usr/local/lpcxpresso_8.0.0_526/lpcxpresso/tools/bin/../lib/gcc/arm-none-eabi/4.9.3/armv7e-m/softfp/libcr_eabihelpers.a(double.o)
                0x1a004dde                __aeabi_dcmplt
 .text.__aeabi_dcmple
                0x1a004e30       0x54 /usr/local/lpcxpresso_8.0.0_526/lpcxpresso/tools/bin/../lib/gcc/arm-none-eabi/4.9.3/armv7e-m/softfp/libcr_eabihelpers.a(double.o)
                0x1a004e30                __aeabi_dcmple
 .text.__aeabi_dcmpge
                0x1a004e84       0x54 /usr/local/lpcxpresso_8.0.0_526/lpcxpresso/tools/bin/../lib/gcc/arm-none-eabi/4.9.3/armv7e-m/softfp/libcr_eabihelpers.a(double.o)
                0x1a004e84                __aeabi_dcmpge
 .text.__aeabi_memset_lowlevel
                0x1a004ed8       0x32 /usr/local/lpcxpresso_8.0.0_526/lpcxpresso/tools/bin/../lib/gcc/arm-none-eabi/4.9.3/armv7e-m/softfp/libcr_eabihelpers.a(memcpy.o)
                0x1a004ed8                __aeabi_lowlevel_memset
 .text.__sys_appexit
                0x1a004f0a        0x2 /usr/local/lpcxpresso_8.0.0_526/lpcxpresso/tools/bin/../lib/gcc/arm-none-eabi/4.9.3/../../../../arm-none-eabi/lib/armv7e-m/softfp/libcr_nohost.a(__sys_appexit.o)
                0x1a004f0a                __exit
                0x1a004f0a                __sys_appexit
 .text.__sys_close
                0x1a004f0c        0x6 /usr/local/lpcxpresso_8.0.0_526/lpcxpresso/tools/bin/../lib/gcc/arm-none-eabi/4.9.3/../../../../arm-none-eabi/lib/armv7e-m/softfp/libcr_nohost.a(__sys_close.o)
                0x1a004f0c                __sys_close
 .text.__sys_flen
                0x1a004f12        0x6 /usr/local/lpcxpresso_8.0.0_526/lpcxpresso/tools/bin/../lib/gcc/arm-none-eabi/4.9.3/../../../../arm-none-eabi/lib/armv7e-m/softfp/libcr_nohost.a(__sys_flen.o)
                0x1a004f12                __sys_flen
 .text.__sys_istty
                0x1a004f18        0x6 /usr/local/lpcxpresso_8.0.0_526/lpcxpresso/tools/bin/../lib/gcc/arm-none-eabi/4.9.3/../../../../arm-none-eabi/lib/armv7e-m/softfp/libcr_nohost.a(__sys_istty.o)
                0x1a004f18                __sys_istty
 .text.__sys_remove
                0x1a004f1e        0x6 /usr/local/lpcxpresso_8.0.0_526/lpcxpresso/tools/bin/../lib/gcc/arm-none-eabi/4.9.3/../../../../arm-none-eabi/lib/armv7e-m/softfp/libcr_nohost.a(__sys_remove.o)
                0x1a004f1e                __sys_remove
 .text.__sys_seek
                0x1a004f24        0x6 /usr/local/lpcxpresso_8.0.0_526/lpcxpresso/tools/bin/../lib/gcc/arm-none-eabi/4.9.3/../../../../arm-none-eabi/lib/armv7e-m/softfp/libcr_nohost.a(__sys_seek.o)
                0x1a004f24                __sys_seek
 .text.__sys_tmpnam
                0x1a004f2a        0x6 /usr/local/lpcxpresso_8.0.0_526/lpcxpresso/tools/bin/../lib/gcc/arm-none-eabi/4.9.3/../../../../arm-none-eabi/lib/armv7e-m/softfp/libcr_nohost.a(__sys_tmpnam.o)
                0x1a004f2a                __sys_tmpnam
 *(.rodata .rodata.* .constdata .constdata.*)
 .rodata        0x1a004f30        0x5 ./freertos/src/tasks.o
 *fill*         0x1a004f35        0x3 
 .rodata        0x1a004f38       0x2e ./example/src/blinky.o
 *fill*         0x1a004f66        0x2 
 .rodata.led    0x1a004f68        0x4 /home/pato/Embebidos/tpfinal/test/lpc_board_nxp_lpcxpresso_4337/Debug/liblpc_board_nxp_lpcxpresso_4337.a(board.o)
 .rodata.ExtRateIn
                0x1a004f6c        0x4 /home/pato/Embebidos/tpfinal/test/lpc_board_nxp_lpcxpresso_4337/Debug/liblpc_board_nxp_lpcxpresso_4337.a(board.o)
                0x1a004f6c                ExtRateIn
 .rodata.OscRateIn
                0x1a004f70        0x4 /home/pato/Embebidos/tpfinal/test/lpc_board_nxp_lpcxpresso_4337/Debug/liblpc_board_nxp_lpcxpresso_4337.a(board.o)
                0x1a004f70                OscRateIn
 .rodata.gpioLEDPins
                0x1a004f74       0x18 /home/pato/Embebidos/tpfinal/test/lpc_board_nxp_lpcxpresso_4337/Debug/liblpc_board_nxp_lpcxpresso_4337.a(board.o)
 .rodata.InitClkStates
                0x1a004f8c        0xc /home/pato/Embebidos/tpfinal/test/lpc_board_nxp_lpcxpresso_4337/Debug/liblpc_board_nxp_lpcxpresso_4337.a(board_sysinit.o)
 .rodata.pinmuxing
                0x1a004f98       0x24 /home/pato/Embebidos/tpfinal/test/lpc_board_nxp_lpcxpresso_4337/Debug/liblpc_board_nxp_lpcxpresso_4337.a(board_sysinit.o)
 .rodata.periph_to_base
                0x1a004fbc       0x6c /home/pato/Embebidos/tpfinal/test/lpc_chip_43xx/Debug/liblpc_chip_43xx.a(clock_18xx_43xx.o)
 .rodata        0x1a005028        0xa /home/pato/Embebidos/tpfinal/test/lpc_chip_43xx/Debug/liblpc_chip_43xx.a(clock_18xx_43xx.o)
 *fill*         0x1a005032        0x2 
 .rodata.InitClkStates
                0x1a005034       0x48 /home/pato/Embebidos/tpfinal/test/lpc_chip_43xx/Debug/liblpc_chip_43xx.a(sysinit_18xx_43xx.o)
 .rodata.UART_PClock
                0x1a00507c        0x8 /home/pato/Embebidos/tpfinal/test/lpc_chip_43xx/Debug/liblpc_chip_43xx.a(uart_18xx_43xx.o)
 .rodata.UART_BClock
                0x1a005084        0x8 /home/pato/Embebidos/tpfinal/test/lpc_chip_43xx/Debug/liblpc_chip_43xx.a(uart_18xx_43xx.o)
 .rodata.str1.1
                0x1a00508c       0x18 /usr/local/lpcxpresso_8.0.0_526/lpcxpresso/tools/bin/../lib/gcc/arm-none-eabi/4.9.3/../../../../arm-none-eabi/lib/armv7e-m/softfp/libcr_c.a(alloc.o)
 .rodata.str1.1
                0x1a0050a4       0x34 /usr/local/lpcxpresso_8.0.0_526/lpcxpresso/tools/bin/../lib/gcc/arm-none-eabi/4.9.3/../../../../arm-none-eabi/lib/armv7e-m/softfp/libcr_c.a(fpprintf.o)
                                 0x35 (size before relaxing)
 .rodata.str1.1
                0x1a0050d8        0x4 /usr/local/lpcxpresso_8.0.0_526/lpcxpresso/tools/bin/../lib/gcc/arm-none-eabi/4.9.3/../../../../arm-none-eabi/lib/armv7e-m/softfp/libcr_c.a(initio.o)
 .rodata.str1.1
                0x1a0050dc       0x31 /usr/local/lpcxpresso_8.0.0_526/lpcxpresso/tools/bin/../lib/gcc/arm-none-eabi/4.9.3/../../../../arm-none-eabi/lib/armv7e-m/softfp/libcr_c.a(printf.o)
                                 0x38 (size before relaxing)
 *fill*         0x1a00510d        0x3 
 .rodata.__huge_vall
                0x1a005110        0x8 /usr/local/lpcxpresso_8.0.0_526/lpcxpresso/tools/bin/../lib/gcc/arm-none-eabi/4.9.3/../../../../arm-none-eabi/lib/armv7e-m/softfp/libcr_c.a(_hugeval.o)
                0x1a005110                __huge_vall
                0x1a005118                . = ALIGN (0x4)

.glue_7         0x1a005118        0x0
 .glue_7        0x00000000        0x0 linker stubs

.glue_7t        0x1a005118        0x0
 .glue_7t       0x00000000        0x0 linker stubs

.vfp11_veneer   0x1a005118        0x0
 .vfp11_veneer  0x00000000        0x0 linker stubs

.v4_bx          0x1a005118        0x0
 .v4_bx         0x00000000        0x0 linker stubs

.iplt           0x1a005118        0x0
 .iplt          0x00000000        0x0 ./freertos/src/FreeRTOSCommonHooks.o

.rel.dyn        0x1a005118        0x0
 .rel.iplt      0x00000000        0x0 ./freertos/src/FreeRTOSCommonHooks.o

.ARM.extab
 *(.ARM.extab* .gnu.linkonce.armextab.*)
                0x1a005118                __exidx_start = .

.ARM.exidx
 *(.ARM.exidx* .gnu.linkonce.armexidx.*)
                0x1a005118                __exidx_end = .
                0x1a005118                _etext = .

.data_RAM2      0x10080000        0x0 load address 0x1a005118
 FILL mask 0xff
                0x10080000                PROVIDE (__start_data_RAM2, .)
 *(.ramfunc.$RAM2)
 *(.ramfunc.$RamLoc40)
 *(.data.$RAM2*)
 *(.data.$RamLoc40*)
                0x10080000                . = ALIGN (0x4)
                0x10080000                PROVIDE (__end_data_RAM2, .)

.data_RAM3      0x20000000        0x0 load address 0x1a005118
 FILL mask 0xff
                0x20000000                PROVIDE (__start_data_RAM3, .)
 *(.ramfunc.$RAM3)
 *(.ramfunc.$RamAHB32)
 *(.data.$RAM3*)
 *(.data.$RamAHB32*)
                0x20000000                . = ALIGN (0x4)
                0x20000000                PROVIDE (__end_data_RAM3, .)

.data_RAM4      0x20008000        0x0 load address 0x1a005118
 FILL mask 0xff
                0x20008000                PROVIDE (__start_data_RAM4, .)
 *(.ramfunc.$RAM4)
 *(.ramfunc.$RamAHB16)
 *(.data.$RAM4*)
 *(.data.$RamAHB16*)
                0x20008000                . = ALIGN (0x4)
                0x20008000                PROVIDE (__end_data_RAM4, .)

.data_RAM5      0x2000c000        0x0 load address 0x1a005118
 FILL mask 0xff
                0x2000c000                PROVIDE (__start_data_RAM5, .)
 *(.ramfunc.$RAM5)
 *(.ramfunc.$RamAHB_ETB16)
 *(.data.$RAM5*)
 *(.data.$RamAHB_ETB16*)
                0x2000c000                . = ALIGN (0x4)
                0x2000c000                PROVIDE (__end_data_RAM5, .)

.uninit_RESERVED
                0x10000000        0x0
 *(.bss.$RESERVED*)
                0x10000000                . = ALIGN (0x4)
                0x10000000                _end_uninit_RESERVED = .

.data           0x10000000        0x8 load address 0x1a005118
 FILL mask 0xff
                0x10000000                _data = .
 *(vtable)
 *(.ramfunc*)
 *(.data*)
 .data.uxCriticalNesting
                0x10000000        0x4 ./freertos/src/port.o
 .data.xNextTaskUnblockTime
                0x10000004        0x4 ./freertos/src/tasks.o
                0x10000008                . = ALIGN (0x4)
                0x10000008                _edata = .

.igot.plt       0x10000008        0x0 load address 0x1a005120
 .igot.plt      0x00000000        0x0 ./freertos/src/FreeRTOSCommonHooks.o

.bss_RAM2       0x10080000        0x0
                0x10080000                PROVIDE (__start_bss_RAM2, .)
 *(.bss.$RAM2*)
 *(.bss.$RamLoc40*)
                0x10080000                . = ALIGN ((. != 0x0)?0x4:0x1)
                0x10080000                PROVIDE (__end_bss_RAM2, .)

.bss_RAM3       0x20000000        0x0
                0x20000000                PROVIDE (__start_bss_RAM3, .)
 *(.bss.$RAM3*)
 *(.bss.$RamAHB32*)
                0x20000000                . = ALIGN ((. != 0x0)?0x4:0x1)
                0x20000000                PROVIDE (__end_bss_RAM3, .)

.bss_RAM4       0x20008000        0x0
                0x20008000                PROVIDE (__start_bss_RAM4, .)
 *(.bss.$RAM4*)
 *(.bss.$RamAHB16*)
                0x20008000                . = ALIGN ((. != 0x0)?0x4:0x1)
                0x20008000                PROVIDE (__end_bss_RAM4, .)

.bss_RAM5       0x2000c000        0x0
                0x2000c000                PROVIDE (__start_bss_RAM5, .)
 *(.bss.$RAM5*)
 *(.bss.$RamAHB_ETB16*)
                0x2000c000                . = ALIGN ((. != 0x0)?0x4:0x1)
                0x2000c000                PROVIDE (__end_bss_RAM5, .)

.bss            0x10000008      0x2a0
                0x10000008                _bss = .
 *(.bss*)
 .bss.ulTimerCountsForOneTick
                0x10000008        0x4 ./freertos/src/port.o
 .bss.xMaximumPossibleSuppressedTicks
                0x1000000c        0x4 ./freertos/src/port.o
 .bss.ulStoppedTimerCompensation
                0x10000010        0x4 ./freertos/src/port.o
 .bss.pxCurrentTCB
                0x10000014        0x4 ./freertos/src/tasks.o
                0x10000014                pxCurrentTCB
 .bss.pxReadyTasksLists
                0x10000018       0xa0 ./freertos/src/tasks.o
 .bss.xDelayedTaskList1
                0x100000b8       0x14 ./freertos/src/tasks.o
 .bss.xDelayedTaskList2
                0x100000cc       0x14 ./freertos/src/tasks.o
 .bss.pxDelayedTaskList
                0x100000e0        0x4 ./freertos/src/tasks.o
 .bss.pxOverflowDelayedTaskList
                0x100000e4        0x4 ./freertos/src/tasks.o
 .bss.xPendingReadyList
                0x100000e8       0x14 ./freertos/src/tasks.o
 .bss.xTasksWaitingTermination
                0x100000fc       0x14 ./freertos/src/tasks.o
 .bss.uxTasksDeleted
                0x10000110        0x4 ./freertos/src/tasks.o
 .bss.xSuspendedTaskList
                0x10000114       0x14 ./freertos/src/tasks.o
 .bss.uxCurrentNumberOfTasks
                0x10000128        0x4 ./freertos/src/tasks.o
 .bss.xTickCount
                0x1000012c        0x4 ./freertos/src/tasks.o
 .bss.uxTopReadyPriority
                0x10000130        0x4 ./freertos/src/tasks.o
 .bss.xSchedulerRunning
                0x10000134        0x4 ./freertos/src/tasks.o
 .bss.uxPendedTicks
                0x10000138        0x4 ./freertos/src/tasks.o
 .bss.xYieldPending
                0x1000013c        0x4 ./freertos/src/tasks.o
 .bss.xNumOfOverflows
                0x10000140        0x4 ./freertos/src/tasks.o
 .bss.uxTaskNumber
                0x10000144        0x4 ./freertos/src/tasks.o
 .bss.uxSchedulerSuspended
                0x10000148        0x4 ./freertos/src/tasks.o
 .bss.audio_usb_pll_freq
                0x1000014c        0x8 /home/pato/Embebidos/tpfinal/test/lpc_chip_43xx/Debug/liblpc_chip_43xx.a(clock_18xx_43xx.o)
 .bss.errno     0x10000154        0x4 /usr/local/lpcxpresso_8.0.0_526/lpcxpresso/tools/bin/../lib/gcc/arm-none-eabi/4.9.3/../../../../arm-none-eabi/lib/armv7e-m/softfp/libcr_c.a(errno.o)
                0x10000154                errno
 *(COMMON)
 COMMON         0x10000158        0x4 /home/pato/Embebidos/tpfinal/test/lpc_chip_43xx/Debug/liblpc_chip_43xx.a(chip_18xx_43xx.o)
                0x10000158                SystemCoreClock
 COMMON         0x1000015c        0x4 /usr/local/lpcxpresso_8.0.0_526/lpcxpresso/tools/bin/../lib/gcc/arm-none-eabi/4.9.3/../../../../arm-none-eabi/lib/armv7e-m/softfp/libcr_c.a(initio.o)
                0x1000015c                _extra
 COMMON         0x10000160      0x140 /usr/local/lpcxpresso_8.0.0_526/lpcxpresso/tools/bin/../lib/gcc/arm-none-eabi/4.9.3/../../../../arm-none-eabi/lib/armv7e-m/softfp/libcr_c.a(stdio.o)
                0x10000160                __Ciob
 COMMON         0x100002a0        0x8 /usr/local/lpcxpresso_8.0.0_526/lpcxpresso/tools/bin/../lib/gcc/arm-none-eabi/4.9.3/../../../../arm-none-eabi/lib/armv7e-m/softfp/libcr_c.a(__init_alloc.o)
                0x100002a0                __heaps
                0x100002a4                __end_of_heap
                0x100002a8                . = ALIGN (0x4)
                0x100002a8                _ebss = .
                0x100002a8                PROVIDE (end, .)

.noinit_RAM2    0x10080000        0x0
 *(.noinit.$RAM2*)
 *(.noinit.$RamLoc40*)
                0x10080000                . = ALIGN (0x4)

.noinit_RAM3    0x20000000        0x0
 *(.noinit.$RAM3*)
 *(.noinit.$RamAHB32*)
                0x20000000                . = ALIGN (0x4)

.noinit_RAM4    0x20008000        0x0
 *(.noinit.$RAM4*)
 *(.noinit.$RamAHB16*)
                0x20008000                . = ALIGN (0x4)

.noinit_RAM5    0x2000c000        0x0
 *(.noinit.$RAM5*)
 *(.noinit.$RamAHB_ETB16*)
                0x2000c000                . = ALIGN (0x4)

.noinit         0x100002a8        0x0
                0x100002a8                _noinit = .
 *(.noinit*)
                0x100002a8                . = ALIGN (0x4)
                0x100002a8                _end_noinit = .
                0x100002a8                PROVIDE (_pvHeapStart, DEFINED (__user_heap_base)?__user_heap_base:.)
                0x10008000                PROVIDE (_vStackTop, DEFINED (__user_stack_top)?__user_stack_top:(__top_RamLoc32 - 0x0))
                0x53ff63e2                PROVIDE (__valid_user_code_checksum, (0x0 - ((((((_vStackTop + (ResetISR + 0x1)) + (NMI_Handler + 0x1)) + (HardFault_Handler + 0x1)) + (DEFINED (MemManage_Handler)?MemManage_Handler:0x0 + 0x1)) + (DEFINED (BusFault_Handler)?BusFault_Handler:0x0 + 0x1)) + (DEFINED (UsageFault_Handler)?UsageFault_Handler:0x0 + 0x1))))
OUTPUT(freertos_blinky.axf elf32-littlearm)

.debug_info     0x00000000     0xa7bb
 .debug_info    0x00000000      0x662 ./freertos/src/FreeRTOSCommonHooks.o
 .debug_info    0x00000662      0x5f7 ./freertos/src/heap_3.o
 .debug_info    0x00000c59      0x7a2 ./freertos/src/list.o
 .debug_info    0x000013fb      0x82f ./freertos/src/port.o
 .debug_info    0x00001c2a       0x70 ./freertos/src/redlib_memfix.o
 .debug_info    0x00001c9a     0x1764 ./freertos/src/tasks.o
 .debug_info    0x000033fe      0x67b ./example/src/blinky.o
 .debug_info    0x00003a79      0x292 ./example/src/cr_startup_lpc43xx.o
 .debug_info    0x00003d0b      0x5d3 ./example/src/sysinit.o
 .debug_info    0x000042de     0x1af4 /home/pato/Embebidos/tpfinal/test/lpc_board_nxp_lpcxpresso_4337/Debug/liblpc_board_nxp_lpcxpresso_4337.a(board.o)
 .debug_info    0x00005dd2      0xb6b /home/pato/Embebidos/tpfinal/test/lpc_board_nxp_lpcxpresso_4337/Debug/liblpc_board_nxp_lpcxpresso_4337.a(board_sysinit.o)
 .debug_info    0x0000693d      0xa25 /home/pato/Embebidos/tpfinal/test/lpc_chip_43xx/Debug/liblpc_chip_43xx.a(chip_18xx_43xx.o)
 .debug_info    0x00007362     0x156e /home/pato/Embebidos/tpfinal/test/lpc_chip_43xx/Debug/liblpc_chip_43xx.a(clock_18xx_43xx.o)
 .debug_info    0x000088d0      0x128 /home/pato/Embebidos/tpfinal/test/lpc_chip_43xx/Debug/liblpc_chip_43xx.a(fpu_init.o)
 .debug_info    0x000089f8      0x42b /home/pato/Embebidos/tpfinal/test/lpc_chip_43xx/Debug/liblpc_chip_43xx.a(gpio_18xx_43xx.o)
 .debug_info    0x00008e23      0x8ec /home/pato/Embebidos/tpfinal/test/lpc_chip_43xx/Debug/liblpc_chip_43xx.a(sysinit_18xx_43xx.o)
 .debug_info    0x0000970f     0x10ac /home/pato/Embebidos/tpfinal/test/lpc_chip_43xx/Debug/liblpc_chip_43xx.a(uart_18xx_43xx.o)

.debug_abbrev   0x00000000     0x19c1
 .debug_abbrev  0x00000000      0x15e ./freertos/src/FreeRTOSCommonHooks.o
 .debug_abbrev  0x0000015e      0x109 ./freertos/src/heap_3.o
 .debug_abbrev  0x00000267      0x121 ./freertos/src/list.o
 .debug_abbrev  0x00000388      0x1f5 ./freertos/src/port.o
 .debug_abbrev  0x0000057d       0x63 ./freertos/src/redlib_memfix.o
 .debug_abbrev  0x000005e0      0x269 ./freertos/src/tasks.o
 .debug_abbrev  0x00000849      0x10c ./example/src/blinky.o
 .debug_abbrev  0x00000955       0xed ./example/src/cr_startup_lpc43xx.o
 .debug_abbrev  0x00000a42       0xe9 ./example/src/sysinit.o
 .debug_abbrev  0x00000b2b      0x33f /home/pato/Embebidos/tpfinal/test/lpc_board_nxp_lpcxpresso_4337/Debug/liblpc_board_nxp_lpcxpresso_4337.a(board.o)
 .debug_abbrev  0x00000e6a      0x18d /home/pato/Embebidos/tpfinal/test/lpc_board_nxp_lpcxpresso_4337/Debug/liblpc_board_nxp_lpcxpresso_4337.a(board_sysinit.o)
 .debug_abbrev  0x00000ff7      0x148 /home/pato/Embebidos/tpfinal/test/lpc_chip_43xx/Debug/liblpc_chip_43xx.a(chip_18xx_43xx.o)
 .debug_abbrev  0x0000113f      0x2c0 /home/pato/Embebidos/tpfinal/test/lpc_chip_43xx/Debug/liblpc_chip_43xx.a(clock_18xx_43xx.o)
 .debug_abbrev  0x000013ff       0x84 /home/pato/Embebidos/tpfinal/test/lpc_chip_43xx/Debug/liblpc_chip_43xx.a(fpu_init.o)
 .debug_abbrev  0x00001483      0x111 /home/pato/Embebidos/tpfinal/test/lpc_chip_43xx/Debug/liblpc_chip_43xx.a(gpio_18xx_43xx.o)
 .debug_abbrev  0x00001594      0x181 /home/pato/Embebidos/tpfinal/test/lpc_chip_43xx/Debug/liblpc_chip_43xx.a(sysinit_18xx_43xx.o)
 .debug_abbrev  0x00001715      0x2ac /home/pato/Embebidos/tpfinal/test/lpc_chip_43xx/Debug/liblpc_chip_43xx.a(uart_18xx_43xx.o)

.debug_aranges  0x00000000      0x910
 .debug_aranges
                0x00000000       0x40 ./freertos/src/FreeRTOSCommonHooks.o
 .debug_aranges
                0x00000040       0x28 ./freertos/src/heap_3.o
 .debug_aranges
                0x00000068       0x40 ./freertos/src/list.o
 .debug_aranges
                0x000000a8       0x98 ./freertos/src/port.o
 .debug_aranges
                0x00000140       0x20 ./freertos/src/redlib_memfix.o
 .debug_aranges
                0x00000160      0x190 ./freertos/src/tasks.o
 .debug_aranges
                0x000002f0       0x40 ./example/src/blinky.o
 .debug_aranges
                0x00000330       0x80 ./example/src/cr_startup_lpc43xx.o
 .debug_aranges
                0x000003b0       0x20 ./example/src/sysinit.o
 .debug_aranges
                0x000003d0      0x190 /home/pato/Embebidos/tpfinal/test/lpc_board_nxp_lpcxpresso_4337/Debug/liblpc_board_nxp_lpcxpresso_4337.a(board.o)
 .debug_aranges
                0x00000560       0x48 /home/pato/Embebidos/tpfinal/test/lpc_board_nxp_lpcxpresso_4337/Debug/liblpc_board_nxp_lpcxpresso_4337.a(board_sysinit.o)
 .debug_aranges
                0x000005a8       0x40 /home/pato/Embebidos/tpfinal/test/lpc_chip_43xx/Debug/liblpc_chip_43xx.a(chip_18xx_43xx.o)
 .debug_aranges
                0x000005e8      0x138 /home/pato/Embebidos/tpfinal/test/lpc_chip_43xx/Debug/liblpc_chip_43xx.a(clock_18xx_43xx.o)
 .debug_aranges
                0x00000720       0x20 /home/pato/Embebidos/tpfinal/test/lpc_chip_43xx/Debug/liblpc_chip_43xx.a(fpu_init.o)
 .debug_aranges
                0x00000740       0x68 /home/pato/Embebidos/tpfinal/test/lpc_chip_43xx/Debug/liblpc_chip_43xx.a(gpio_18xx_43xx.o)
 .debug_aranges
                0x000007a8       0x50 /home/pato/Embebidos/tpfinal/test/lpc_chip_43xx/Debug/liblpc_chip_43xx.a(sysinit_18xx_43xx.o)
 .debug_aranges
                0x000007f8      0x118 /home/pato/Embebidos/tpfinal/test/lpc_chip_43xx/Debug/liblpc_chip_43xx.a(uart_18xx_43xx.o)

.debug_ranges   0x00000000      0x800
 .debug_ranges  0x00000000       0x30 ./freertos/src/FreeRTOSCommonHooks.o
 .debug_ranges  0x00000030       0x18 ./freertos/src/heap_3.o
 .debug_ranges  0x00000048       0x30 ./freertos/src/list.o
 .debug_ranges  0x00000078       0x88 ./freertos/src/port.o
 .debug_ranges  0x00000100       0x10 ./freertos/src/redlib_memfix.o
 .debug_ranges  0x00000110      0x180 ./freertos/src/tasks.o
 .debug_ranges  0x00000290       0x30 ./example/src/blinky.o
 .debug_ranges  0x000002c0       0x70 ./example/src/cr_startup_lpc43xx.o
 .debug_ranges  0x00000330       0x10 ./example/src/sysinit.o
 .debug_ranges  0x00000340      0x180 /home/pato/Embebidos/tpfinal/test/lpc_board_nxp_lpcxpresso_4337/Debug/liblpc_board_nxp_lpcxpresso_4337.a(board.o)
 .debug_ranges  0x000004c0       0x38 /home/pato/Embebidos/tpfinal/test/lpc_board_nxp_lpcxpresso_4337/Debug/liblpc_board_nxp_lpcxpresso_4337.a(board_sysinit.o)
 .debug_ranges  0x000004f8       0x30 /home/pato/Embebidos/tpfinal/test/lpc_chip_43xx/Debug/liblpc_chip_43xx.a(chip_18xx_43xx.o)
 .debug_ranges  0x00000528      0x128 /home/pato/Embebidos/tpfinal/test/lpc_chip_43xx/Debug/liblpc_chip_43xx.a(clock_18xx_43xx.o)
 .debug_ranges  0x00000650       0x10 /home/pato/Embebidos/tpfinal/test/lpc_chip_43xx/Debug/liblpc_chip_43xx.a(fpu_init.o)
 .debug_ranges  0x00000660       0x58 /home/pato/Embebidos/tpfinal/test/lpc_chip_43xx/Debug/liblpc_chip_43xx.a(gpio_18xx_43xx.o)
 .debug_ranges  0x000006b8       0x40 /home/pato/Embebidos/tpfinal/test/lpc_chip_43xx/Debug/liblpc_chip_43xx.a(sysinit_18xx_43xx.o)
 .debug_ranges  0x000006f8      0x108 /home/pato/Embebidos/tpfinal/test/lpc_chip_43xx/Debug/liblpc_chip_43xx.a(uart_18xx_43xx.o)

.debug_macro    0x00000000     0x8aa6
 .debug_macro   0x00000000      0x39b ./freertos/src/FreeRTOSCommonHooks.o
 .debug_macro   0x0000039b      0x88c ./freertos/src/FreeRTOSCommonHooks.o
 .debug_macro   0x00000c27       0x10 ./freertos/src/FreeRTOSCommonHooks.o
 .debug_macro   0x00000c37      0x12d ./freertos/src/FreeRTOSCommonHooks.o
 .debug_macro   0x00000d64       0x16 ./freertos/src/FreeRTOSCommonHooks.o
 .debug_macro   0x00000d7a      0x5b2 ./freertos/src/FreeRTOSCommonHooks.o
 .debug_macro   0x0000132c       0x40 ./freertos/src/FreeRTOSCommonHooks.o
 .debug_macro   0x0000136c       0x10 ./freertos/src/FreeRTOSCommonHooks.o
 .debug_macro   0x0000137c       0x22 ./freertos/src/FreeRTOSCommonHooks.o
 .debug_macro   0x0000139e       0x74 ./freertos/src/FreeRTOSCommonHooks.o
 .debug_macro   0x00001412       0x28 ./freertos/src/FreeRTOSCommonHooks.o
 .debug_macro   0x0000143a       0x3b ./freertos/src/FreeRTOSCommonHooks.o
 .debug_macro   0x00001475       0x2d ./freertos/src/FreeRTOSCommonHooks.o
 .debug_macro   0x000014a2       0x42 ./freertos/src/FreeRTOSCommonHooks.o
 .debug_macro   0x000014e4      0xd39 ./freertos/src/FreeRTOSCommonHooks.o
 .debug_macro   0x0000221d      0x2bc ./freertos/src/FreeRTOSCommonHooks.o
 .debug_macro   0x000024d9      0x112 ./freertos/src/FreeRTOSCommonHooks.o
 .debug_macro   0x000025eb       0x11 ./freertos/src/FreeRTOSCommonHooks.o
 .debug_macro   0x000025fc       0x2a ./freertos/src/FreeRTOSCommonHooks.o
 .debug_macro   0x00002626       0x16 ./freertos/src/FreeRTOSCommonHooks.o
 .debug_macro   0x0000263c      0x2e6 ./freertos/src/FreeRTOSCommonHooks.o
 .debug_macro   0x00002922       0x82 ./freertos/src/FreeRTOSCommonHooks.o
 .debug_macro   0x000029a4      0x13d ./freertos/src/FreeRTOSCommonHooks.o
 .debug_macro   0x00002ae1      0x198 ./freertos/src/FreeRTOSCommonHooks.o
 .debug_macro   0x00002c79       0x34 ./freertos/src/FreeRTOSCommonHooks.o
 .debug_macro   0x00002cad       0x58 ./freertos/src/FreeRTOSCommonHooks.o
 .debug_macro   0x00002d05      0x236 ./freertos/src/FreeRTOSCommonHooks.o
 .debug_macro   0x00002f3b      0x572 ./freertos/src/FreeRTOSCommonHooks.o
 .debug_macro   0x000034ad       0x16 ./freertos/src/FreeRTOSCommonHooks.o
 .debug_macro   0x000034c3      0x18a ./freertos/src/FreeRTOSCommonHooks.o
 .debug_macro   0x0000364d       0x88 ./freertos/src/FreeRTOSCommonHooks.o
 .debug_macro   0x000036d5      0x1b9 ./freertos/src/FreeRTOSCommonHooks.o
 .debug_macro   0x0000388e      0x1da ./freertos/src/FreeRTOSCommonHooks.o
 .debug_macro   0x00003a68       0x40 ./freertos/src/FreeRTOSCommonHooks.o
 .debug_macro   0x00003aa8       0x1c ./freertos/src/FreeRTOSCommonHooks.o
 .debug_macro   0x00003ac4       0x2e ./freertos/src/FreeRTOSCommonHooks.o
 .debug_macro   0x00003af2       0x2e ./freertos/src/FreeRTOSCommonHooks.o
 .debug_macro   0x00003b20       0x22 ./freertos/src/FreeRTOSCommonHooks.o
 .debug_macro   0x00003b42      0x201 ./freertos/src/FreeRTOSCommonHooks.o
 .debug_macro   0x00003d43       0xe0 ./freertos/src/FreeRTOSCommonHooks.o
 .debug_macro   0x00003e23      0x34c ./freertos/src/FreeRTOSCommonHooks.o
 .debug_macro   0x0000416f       0xdc ./freertos/src/FreeRTOSCommonHooks.o
 .debug_macro   0x0000424b       0xc4 ./freertos/src/FreeRTOSCommonHooks.o
 .debug_macro   0x0000430f       0x94 ./freertos/src/FreeRTOSCommonHooks.o
 .debug_macro   0x000043a3       0xb8 ./freertos/src/FreeRTOSCommonHooks.o
 .debug_macro   0x0000445b       0x4c ./freertos/src/FreeRTOSCommonHooks.o
 .debug_macro   0x000044a7       0x16 ./freertos/src/FreeRTOSCommonHooks.o
 .debug_macro   0x000044bd      0x328 ./freertos/src/FreeRTOSCommonHooks.o
 .debug_macro   0x000047e5       0x3a ./freertos/src/FreeRTOSCommonHooks.o
 .debug_macro   0x0000481f       0xd0 ./freertos/src/FreeRTOSCommonHooks.o
 .debug_macro   0x000048ef       0x11 ./freertos/src/FreeRTOSCommonHooks.o
 .debug_macro   0x00004900       0x22 ./freertos/src/FreeRTOSCommonHooks.o
 .debug_macro   0x00004922       0x40 ./freertos/src/FreeRTOSCommonHooks.o
 .debug_macro   0x00004962      0x13e ./freertos/src/FreeRTOSCommonHooks.o
 .debug_macro   0x00004aa0       0x9a ./freertos/src/FreeRTOSCommonHooks.o
 .debug_macro   0x00004b3a       0x20 ./freertos/src/FreeRTOSCommonHooks.o
 .debug_macro   0x00004b5a       0xef ./freertos/src/FreeRTOSCommonHooks.o
 .debug_macro   0x00004c49       0xaf ./freertos/src/FreeRTOSCommonHooks.o
 .debug_macro   0x00004cf8       0x12 ./freertos/src/FreeRTOSCommonHooks.o
 .debug_macro   0x00004d0a       0x1f ./freertos/src/FreeRTOSCommonHooks.o
 .debug_macro   0x00004d29      0x35a ./freertos/src/FreeRTOSCommonHooks.o
 .debug_macro   0x00005083       0x79 ./freertos/src/FreeRTOSCommonHooks.o
 .debug_macro   0x000050fc       0x69 ./freertos/src/FreeRTOSCommonHooks.o
 .debug_macro   0x00005165      0x3ab ./freertos/src/heap_3.o
 .debug_macro   0x00005510      0x390 ./freertos/src/list.o
 .debug_macro   0x000058a0      0x434 ./freertos/src/port.o
 .debug_macro   0x00005cd4       0x17 ./freertos/src/redlib_memfix.o
 .debug_macro   0x00005ceb      0x43c ./freertos/src/tasks.o
 .debug_macro   0x00006127       0x16 ./freertos/src/tasks.o
 .debug_macro   0x0000613d      0x385 ./example/src/blinky.o
 .debug_macro   0x000064c2       0x7b ./example/src/blinky.o
 .debug_macro   0x0000653d       0x18 ./example/src/blinky.o
 .debug_macro   0x00006555       0x10 ./example/src/blinky.o
 .debug_macro   0x00006565       0xf5 ./example/src/blinky.o
 .debug_macro   0x0000665a       0x1d ./example/src/cr_startup_lpc43xx.o
 .debug_macro   0x00006677      0x310 ./example/src/sysinit.o
 .debug_macro   0x00006987      0x336 /home/pato/Embebidos/tpfinal/test/lpc_board_nxp_lpcxpresso_4337/Debug/liblpc_board_nxp_lpcxpresso_4337.a(board.o)
 .debug_macro   0x00006cbd      0x886 /home/pato/Embebidos/tpfinal/test/lpc_board_nxp_lpcxpresso_4337/Debug/liblpc_board_nxp_lpcxpresso_4337.a(board.o)
 .debug_macro   0x00007543       0x12 /home/pato/Embebidos/tpfinal/test/lpc_board_nxp_lpcxpresso_4337/Debug/liblpc_board_nxp_lpcxpresso_4337.a(board.o)
 .debug_macro   0x00007555      0x339 /home/pato/Embebidos/tpfinal/test/lpc_board_nxp_lpcxpresso_4337/Debug/liblpc_board_nxp_lpcxpresso_4337.a(board.o)
 .debug_macro   0x0000788e      0x310 /home/pato/Embebidos/tpfinal/test/lpc_board_nxp_lpcxpresso_4337/Debug/liblpc_board_nxp_lpcxpresso_4337.a(board_sysinit.o)
 .debug_macro   0x00007b9e      0x2da /home/pato/Embebidos/tpfinal/test/lpc_chip_43xx/Debug/liblpc_chip_43xx.a(chip_18xx_43xx.o)
 .debug_macro   0x00007e78      0x2e0 /home/pato/Embebidos/tpfinal/test/lpc_chip_43xx/Debug/liblpc_chip_43xx.a(clock_18xx_43xx.o)
 .debug_macro   0x00008158       0xc0 /home/pato/Embebidos/tpfinal/test/lpc_chip_43xx/Debug/liblpc_chip_43xx.a(fpu_init.o)
 .debug_macro   0x00008218      0x2da /home/pato/Embebidos/tpfinal/test/lpc_chip_43xx/Debug/liblpc_chip_43xx.a(gpio_18xx_43xx.o)
 .debug_macro   0x000084f2      0x2da /home/pato/Embebidos/tpfinal/test/lpc_chip_43xx/Debug/liblpc_chip_43xx.a(sysinit_18xx_43xx.o)
 .debug_macro   0x000087cc      0x2da /home/pato/Embebidos/tpfinal/test/lpc_chip_43xx/Debug/liblpc_chip_43xx.a(uart_18xx_43xx.o)

.debug_line     0x00000000     0x77ba
 .debug_line    0x00000000      0x7c1 ./freertos/src/FreeRTOSCommonHooks.o
 .debug_line    0x000007c1      0x766 ./freertos/src/heap_3.o
 .debug_line    0x00000f27      0x7b2 ./freertos/src/list.o
 .debug_line    0x000016d9      0x8a0 ./freertos/src/port.o
 .debug_line    0x00001f79       0x52 ./freertos/src/redlib_memfix.o
 .debug_line    0x00001fcb      0xeea ./freertos/src/tasks.o
 .debug_line    0x00002eb5      0x7c5 ./example/src/blinky.o
 .debug_line    0x0000367a      0x102 ./example/src/cr_startup_lpc43xx.o
 .debug_line    0x0000377c      0x648 ./example/src/sysinit.o
 .debug_line    0x00003dc4      0xa6d /home/pato/Embebidos/tpfinal/test/lpc_board_nxp_lpcxpresso_4337/Debug/liblpc_board_nxp_lpcxpresso_4337.a(board.o)
 .debug_line    0x00004831      0x6cf /home/pato/Embebidos/tpfinal/test/lpc_board_nxp_lpcxpresso_4337/Debug/liblpc_board_nxp_lpcxpresso_4337.a(board_sysinit.o)
 .debug_line    0x00004f00      0x63e /home/pato/Embebidos/tpfinal/test/lpc_chip_43xx/Debug/liblpc_chip_43xx.a(chip_18xx_43xx.o)
 .debug_line    0x0000553e      0xa37 /home/pato/Embebidos/tpfinal/test/lpc_chip_43xx/Debug/liblpc_chip_43xx.a(clock_18xx_43xx.o)
 .debug_line    0x00005f75      0x1ee /home/pato/Embebidos/tpfinal/test/lpc_chip_43xx/Debug/liblpc_chip_43xx.a(fpu_init.o)
 .debug_line    0x00006163      0x68f /home/pato/Embebidos/tpfinal/test/lpc_chip_43xx/Debug/liblpc_chip_43xx.a(gpio_18xx_43xx.o)
 .debug_line    0x000067f2      0x6b0 /home/pato/Embebidos/tpfinal/test/lpc_chip_43xx/Debug/liblpc_chip_43xx.a(sysinit_18xx_43xx.o)
 .debug_line    0x00006ea2      0x918 /home/pato/Embebidos/tpfinal/test/lpc_chip_43xx/Debug/liblpc_chip_43xx.a(uart_18xx_43xx.o)

.debug_str      0x00000000    0x1d435
 .debug_str     0x00000000    0x1889c ./freertos/src/FreeRTOSCommonHooks.o
                              0x189c6 (size before relaxing)
 .debug_str     0x0001889c      0x103 ./freertos/src/heap_3.o
                              0x189bc (size before relaxing)
 .debug_str     0x0001899f      0x139 ./freertos/src/list.o
                              0x186d4 (size before relaxing)
 .debug_str     0x00018ad8      0x7cd ./freertos/src/port.o
                              0x190f3 (size before relaxing)
 .debug_str     0x000192a5       0x62 ./freertos/src/redlib_memfix.o
                               0x256f (size before relaxing)
 .debug_str     0x00019307     0x16bc ./freertos/src/tasks.o
                              0x1a200 (size before relaxing)
 .debug_str     0x0001a9c3       0x93 ./example/src/blinky.o
                              0x18975 (size before relaxing)
 .debug_str     0x0001aa56      0x1bb ./example/src/cr_startup_lpc43xx.o
                               0x26f5 (size before relaxing)
 .debug_str     0x0001ac11       0x23 ./example/src/sysinit.o
                              0x16113 (size before relaxing)
 .debug_str     0x0001ac34     0x1a82 /home/pato/Embebidos/tpfinal/test/lpc_board_nxp_lpcxpresso_4337/Debug/liblpc_board_nxp_lpcxpresso_4337.a(board.o)
                              0x17bdf (size before relaxing)
 .debug_str     0x0001c6b6      0x125 /home/pato/Embebidos/tpfinal/test/lpc_board_nxp_lpcxpresso_4337/Debug/liblpc_board_nxp_lpcxpresso_4337.a(board_sysinit.o)
                              0x1648e (size before relaxing)
 .debug_str     0x0001c7db       0xd7 /home/pato/Embebidos/tpfinal/test/lpc_chip_43xx/Debug/liblpc_chip_43xx.a(chip_18xx_43xx.o)
                              0x15d57 (size before relaxing)
 .debug_str     0x0001c8b2      0x5e7 /home/pato/Embebidos/tpfinal/test/lpc_chip_43xx/Debug/liblpc_chip_43xx.a(clock_18xx_43xx.o)
                              0x162da (size before relaxing)
 .debug_str     0x0001ce99       0xb5 /home/pato/Embebidos/tpfinal/test/lpc_chip_43xx/Debug/liblpc_chip_43xx.a(fpu_init.o)
                               0x98f0 (size before relaxing)
 .debug_str     0x0001cf4e       0xe4 /home/pato/Embebidos/tpfinal/test/lpc_chip_43xx/Debug/liblpc_chip_43xx.a(gpio_18xx_43xx.o)
                              0x15159 (size before relaxing)
 .debug_str     0x0001d032       0xb4 /home/pato/Embebidos/tpfinal/test/lpc_chip_43xx/Debug/liblpc_chip_43xx.a(sysinit_18xx_43xx.o)
                              0x15d26 (size before relaxing)
 .debug_str     0x0001d0e6      0x34f /home/pato/Embebidos/tpfinal/test/lpc_chip_43xx/Debug/liblpc_chip_43xx.a(uart_18xx_43xx.o)
                              0x15e8a (size before relaxing)

.comment        0x00000000       0xe0
 .comment       0x00000000       0x70 ./freertos/src/FreeRTOSCommonHooks.o
                                 0x71 (size before relaxing)
 .comment       0x00000000       0x71 ./freertos/src/heap_3.o
 .comment       0x00000000       0x71 ./freertos/src/list.o
 .comment       0x00000000       0x71 ./freertos/src/port.o
 .comment       0x00000000       0x71 ./freertos/src/redlib_memfix.o
 .comment       0x00000000       0x71 ./freertos/src/tasks.o
 .comment       0x00000000       0x71 ./example/src/blinky.o
 .comment       0x00000000       0x71 ./example/src/cr_startup_lpc43xx.o
 .comment       0x00000000       0x71 ./example/src/sysinit.o
 .comment       0x00000000       0x71 /home/pato/Embebidos/tpfinal/test/lpc_board_nxp_lpcxpresso_4337/Debug/liblpc_board_nxp_lpcxpresso_4337.a(board.o)
 .comment       0x00000000       0x71 /home/pato/Embebidos/tpfinal/test/lpc_board_nxp_lpcxpresso_4337/Debug/liblpc_board_nxp_lpcxpresso_4337.a(board_sysinit.o)
 .comment       0x00000000       0x71 /home/pato/Embebidos/tpfinal/test/lpc_chip_43xx/Debug/liblpc_chip_43xx.a(chip_18xx_43xx.o)
 .comment       0x00000000       0x71 /home/pato/Embebidos/tpfinal/test/lpc_chip_43xx/Debug/liblpc_chip_43xx.a(clock_18xx_43xx.o)
 .comment       0x00000000       0x71 /home/pato/Embebidos/tpfinal/test/lpc_chip_43xx/Debug/liblpc_chip_43xx.a(fpu_init.o)
 .comment       0x00000000       0x71 /home/pato/Embebidos/tpfinal/test/lpc_chip_43xx/Debug/liblpc_chip_43xx.a(gpio_18xx_43xx.o)
 .comment       0x00000000       0x71 /home/pato/Embebidos/tpfinal/test/lpc_chip_43xx/Debug/liblpc_chip_43xx.a(sysinit_18xx_43xx.o)
 .comment       0x00000000       0x71 /home/pato/Embebidos/tpfinal/test/lpc_chip_43xx/Debug/liblpc_chip_43xx.a(uart_18xx_43xx.o)
 .comment       0x00000070       0x70 /usr/local/lpcxpresso_8.0.0_526/lpcxpresso/tools/bin/../lib/gcc/arm-none-eabi/4.9.3/../../../../arm-none-eabi/lib/armv7e-m/softfp/libcr_nohost.a(_cr__main.o)
                                 0x71 (size before relaxing)
 .comment       0x00000000       0x71 /usr/local/lpcxpresso_8.0.0_526/lpcxpresso/tools/bin/../lib/gcc/arm-none-eabi/4.9.3/../../../../arm-none-eabi/lib/armv7e-m/softfp/libcr_c.a(memset.o)
 .comment       0x00000000       0x71 /usr/local/lpcxpresso_8.0.0_526/lpcxpresso/tools/bin/../lib/gcc/arm-none-eabi/4.9.3/../../../../arm-none-eabi/lib/armv7e-m/softfp/libcr_c.a(alloc.o)
 .comment       0x00000000       0x71 /usr/local/lpcxpresso_8.0.0_526/lpcxpresso/tools/bin/../lib/gcc/arm-none-eabi/4.9.3/../../../../arm-none-eabi/lib/armv7e-m/softfp/libcr_c.a(fpprintf.o)
 .comment       0x00000000       0x71 /usr/local/lpcxpresso_8.0.0_526/lpcxpresso/tools/bin/../lib/gcc/arm-none-eabi/4.9.3/../../../../arm-none-eabi/lib/armv7e-m/softfp/libcr_c.a(initio.o)
 .comment       0x00000000       0x71 /usr/local/lpcxpresso_8.0.0_526/lpcxpresso/tools/bin/../lib/gcc/arm-none-eabi/4.9.3/../../../../arm-none-eabi/lib/armv7e-m/softfp/libcr_c.a(printf.o)
 .comment       0x00000000       0x71 /usr/local/lpcxpresso_8.0.0_526/lpcxpresso/tools/bin/../lib/gcc/arm-none-eabi/4.9.3/../../../../arm-none-eabi/lib/armv7e-m/softfp/libcr_c.a(setvbuf.o)
 .comment       0x00000000       0x71 /usr/local/lpcxpresso_8.0.0_526/lpcxpresso/tools/bin/../lib/gcc/arm-none-eabi/4.9.3/../../../../arm-none-eabi/lib/armv7e-m/softfp/libcr_c.a(stdio.o)
 .comment       0x00000000       0x71 /usr/local/lpcxpresso_8.0.0_526/lpcxpresso/tools/bin/../lib/gcc/arm-none-eabi/4.9.3/../../../../arm-none-eabi/lib/armv7e-m/softfp/libcr_c.a(strlen.o)
 .comment       0x00000000       0x71 /usr/local/lpcxpresso_8.0.0_526/lpcxpresso/tools/bin/../lib/gcc/arm-none-eabi/4.9.3/../../../../arm-none-eabi/lib/armv7e-m/softfp/libcr_c.a(__init_alloc.o)
 .comment       0x00000000       0x71 /usr/local/lpcxpresso_8.0.0_526/lpcxpresso/tools/bin/../lib/gcc/arm-none-eabi/4.9.3/../../../../arm-none-eabi/lib/armv7e-m/softfp/libcr_c.a(_cr_sbrk.o)
 .comment       0x00000000       0x71 /usr/local/lpcxpresso_8.0.0_526/lpcxpresso/tools/bin/../lib/gcc/arm-none-eabi/4.9.3/../../../../arm-none-eabi/lib/armv7e-m/softfp/libcr_c.a(_deferredlazyseek.o)
 .comment       0x00000000       0x71 /usr/local/lpcxpresso_8.0.0_526/lpcxpresso/tools/bin/../lib/gcc/arm-none-eabi/4.9.3/../../../../arm-none-eabi/lib/armv7e-m/softfp/libcr_c.a(_fdopen.o)
 .comment       0x00000000       0x71 /usr/local/lpcxpresso_8.0.0_526/lpcxpresso/tools/bin/../lib/gcc/arm-none-eabi/4.9.3/../../../../arm-none-eabi/lib/armv7e-m/softfp/libcr_c.a(_fflush.o)
 .comment       0x00000000       0x71 /usr/local/lpcxpresso_8.0.0_526/lpcxpresso/tools/bin/../lib/gcc/arm-none-eabi/4.9.3/../../../../arm-none-eabi/lib/armv7e-m/softfp/libcr_c.a(_frexpl.o)
 .comment       0x00000000       0x71 /usr/local/lpcxpresso_8.0.0_526/lpcxpresso/tools/bin/../lib/gcc/arm-none-eabi/4.9.3/../../../../arm-none-eabi/lib/armv7e-m/softfp/libcr_c.a(_ldexpl.o)
 .comment       0x00000000       0x71 /usr/local/lpcxpresso_8.0.0_526/lpcxpresso/tools/bin/../lib/gcc/arm-none-eabi/4.9.3/../../../../arm-none-eabi/lib/armv7e-m/softfp/libcr_c.a(_writebuf.o)
 .comment       0x00000000       0x71 /usr/local/lpcxpresso_8.0.0_526/lpcxpresso/tools/bin/../lib/gcc/arm-none-eabi/4.9.3/../../../../arm-none-eabi/lib/armv7e-m/softfp/libcr_c.a(errno.o)
 .comment       0x00000000       0x71 /usr/local/lpcxpresso_8.0.0_526/lpcxpresso/tools/bin/../lib/gcc/arm-none-eabi/4.9.3/../../../../arm-none-eabi/lib/armv7e-m/softfp/libcr_c.a(fclose.o)
 .comment       0x00000000       0x71 /usr/local/lpcxpresso_8.0.0_526/lpcxpresso/tools/bin/../lib/gcc/arm-none-eabi/4.9.3/../../../../arm-none-eabi/lib/armv7e-m/softfp/libcr_c.a(fflush.o)
 .comment       0x00000000       0x71 /usr/local/lpcxpresso_8.0.0_526/lpcxpresso/tools/bin/../lib/gcc/arm-none-eabi/4.9.3/../../../../arm-none-eabi/lib/armv7e-m/softfp/libcr_c.a(fseek.o)
 .comment       0x00000000       0x71 /usr/local/lpcxpresso_8.0.0_526/lpcxpresso/tools/bin/../lib/gcc/arm-none-eabi/4.9.3/../../../../arm-none-eabi/lib/armv7e-m/softfp/libcr_c.a(ftell.o)
 .comment       0x00000000       0x71 /usr/local/lpcxpresso_8.0.0_526/lpcxpresso/tools/bin/../lib/gcc/arm-none-eabi/4.9.3/../../../../arm-none-eabi/lib/armv7e-m/softfp/libcr_c.a(remove.o)
 .comment       0x00000000       0x71 /usr/local/lpcxpresso_8.0.0_526/lpcxpresso/tools/bin/../lib/gcc/arm-none-eabi/4.9.3/../../../../arm-none-eabi/lib/armv7e-m/softfp/libcr_c.a(_do_fflush.o)
 .comment       0x00000000       0x71 /usr/local/lpcxpresso_8.0.0_526/lpcxpresso/tools/bin/../lib/gcc/arm-none-eabi/4.9.3/../../../../arm-none-eabi/lib/armv7e-m/softfp/libcr_c.a(_hugeval.o)
 .comment       0x00000000       0x71 /usr/local/lpcxpresso_8.0.0_526/lpcxpresso/tools/bin/../lib/gcc/arm-none-eabi/4.9.3/armv7e-m/softfp/libcr_eabihelpers.a(double.o)
 .comment       0x00000000       0x71 /usr/local/lpcxpresso_8.0.0_526/lpcxpresso/tools/bin/../lib/gcc/arm-none-eabi/4.9.3/../../../../arm-none-eabi/lib/armv7e-m/softfp/libcr_nohost.a(__sys_appexit.o)
 .comment       0x00000000       0x71 /usr/local/lpcxpresso_8.0.0_526/lpcxpresso/tools/bin/../lib/gcc/arm-none-eabi/4.9.3/../../../../arm-none-eabi/lib/armv7e-m/softfp/libcr_nohost.a(__sys_close.o)
 .comment       0x00000000       0x71 /usr/local/lpcxpresso_8.0.0_526/lpcxpresso/tools/bin/../lib/gcc/arm-none-eabi/4.9.3/../../../../arm-none-eabi/lib/armv7e-m/softfp/libcr_nohost.a(__sys_flen.o)
 .comment       0x00000000       0x71 /usr/local/lpcxpresso_8.0.0_526/lpcxpresso/tools/bin/../lib/gcc/arm-none-eabi/4.9.3/../../../../arm-none-eabi/lib/armv7e-m/softfp/libcr_nohost.a(__sys_istty.o)
 .comment       0x00000000       0x71 /usr/local/lpcxpresso_8.0.0_526/lpcxpresso/tools/bin/../lib/gcc/arm-none-eabi/4.9.3/../../../../arm-none-eabi/lib/armv7e-m/softfp/libcr_nohost.a(__sys_remove.o)
 .comment       0x00000000       0x71 /usr/local/lpcxpresso_8.0.0_526/lpcxpresso/tools/bin/../lib/gcc/arm-none-eabi/4.9.3/../../../../arm-none-eabi/lib/armv7e-m/softfp/libcr_nohost.a(__sys_seek.o)
 .comment       0x00000000       0x71 /usr/local/lpcxpresso_8.0.0_526/lpcxpresso/tools/bin/../lib/gcc/arm-none-eabi/4.9.3/../../../../arm-none-eabi/lib/armv7e-m/softfp/libcr_nohost.a(__sys_tmpnam.o)

.ARM.attributes
                0x00000000       0x35
 .ARM.attributes
                0x00000000       0x37 ./freertos/src/FreeRTOSCommonHooks.o
 .ARM.attributes
                0x00000037       0x37 ./freertos/src/heap_3.o
 .ARM.attributes
                0x0000006e       0x37 ./freertos/src/list.o
 .ARM.attributes
                0x000000a5       0x37 ./freertos/src/port.o
 .ARM.attributes
                0x000000dc       0x37 ./freertos/src/redlib_memfix.o
 .ARM.attributes
                0x00000113       0x37 ./freertos/src/tasks.o
 .ARM.attributes
                0x0000014a       0x37 ./example/src/blinky.o
 .ARM.attributes
                0x00000181       0x37 ./example/src/cr_startup_lpc43xx.o
 .ARM.attributes
                0x000001b8       0x37 ./example/src/sysinit.o
 .ARM.attributes
                0x000001ef       0x37 /home/pato/Embebidos/tpfinal/test/lpc_board_nxp_lpcxpresso_4337/Debug/liblpc_board_nxp_lpcxpresso_4337.a(board.o)
 .ARM.attributes
                0x00000226       0x37 /home/pato/Embebidos/tpfinal/test/lpc_board_nxp_lpcxpresso_4337/Debug/liblpc_board_nxp_lpcxpresso_4337.a(board_sysinit.o)
 .ARM.attributes
                0x0000025d       0x37 /home/pato/Embebidos/tpfinal/test/lpc_chip_43xx/Debug/liblpc_chip_43xx.a(chip_18xx_43xx.o)
 .ARM.attributes
                0x00000294       0x37 /home/pato/Embebidos/tpfinal/test/lpc_chip_43xx/Debug/liblpc_chip_43xx.a(clock_18xx_43xx.o)
 .ARM.attributes
                0x000002cb       0x37 /home/pato/Embebidos/tpfinal/test/lpc_chip_43xx/Debug/liblpc_chip_43xx.a(fpu_init.o)
 .ARM.attributes
                0x00000302       0x37 /home/pato/Embebidos/tpfinal/test/lpc_chip_43xx/Debug/liblpc_chip_43xx.a(gpio_18xx_43xx.o)
 .ARM.attributes
                0x00000339       0x37 /home/pato/Embebidos/tpfinal/test/lpc_chip_43xx/Debug/liblpc_chip_43xx.a(sysinit_18xx_43xx.o)
 .ARM.attributes
                0x00000370       0x37 /home/pato/Embebidos/tpfinal/test/lpc_chip_43xx/Debug/liblpc_chip_43xx.a(uart_18xx_43xx.o)
 .ARM.attributes
                0x000003a7       0x37 /usr/local/lpcxpresso_8.0.0_526/lpcxpresso/tools/bin/../lib/gcc/arm-none-eabi/4.9.3/../../../../arm-none-eabi/lib/armv7e-m/softfp/libcr_nohost.a(_cr__main.o)
 .ARM.attributes
                0x000003de       0x37 /usr/local/lpcxpresso_8.0.0_526/lpcxpresso/tools/bin/../lib/gcc/arm-none-eabi/4.9.3/../../../../arm-none-eabi/lib/armv7e-m/softfp/libcr_c.a(memset.o)
 .ARM.attributes
                0x00000415       0x37 /usr/local/lpcxpresso_8.0.0_526/lpcxpresso/tools/bin/../lib/gcc/arm-none-eabi/4.9.3/../../../../arm-none-eabi/lib/armv7e-m/softfp/libcr_c.a(alloc.o)
 .ARM.attributes
                0x0000044c       0x37 /usr/local/lpcxpresso_8.0.0_526/lpcxpresso/tools/bin/../lib/gcc/arm-none-eabi/4.9.3/../../../../arm-none-eabi/lib/armv7e-m/softfp/libcr_c.a(fpprintf.o)
 .ARM.attributes
                0x00000483       0x37 /usr/local/lpcxpresso_8.0.0_526/lpcxpresso/tools/bin/../lib/gcc/arm-none-eabi/4.9.3/../../../../arm-none-eabi/lib/armv7e-m/softfp/libcr_c.a(initio.o)
 .ARM.attributes
                0x000004ba       0x37 /usr/local/lpcxpresso_8.0.0_526/lpcxpresso/tools/bin/../lib/gcc/arm-none-eabi/4.9.3/../../../../arm-none-eabi/lib/armv7e-m/softfp/libcr_c.a(printf.o)
 .ARM.attributes
                0x000004f1       0x37 /usr/local/lpcxpresso_8.0.0_526/lpcxpresso/tools/bin/../lib/gcc/arm-none-eabi/4.9.3/../../../../arm-none-eabi/lib/armv7e-m/softfp/libcr_c.a(setvbuf.o)
 .ARM.attributes
                0x00000528       0x37 /usr/local/lpcxpresso_8.0.0_526/lpcxpresso/tools/bin/../lib/gcc/arm-none-eabi/4.9.3/../../../../arm-none-eabi/lib/armv7e-m/softfp/libcr_c.a(stdio.o)
 .ARM.attributes
                0x0000055f       0x37 /usr/local/lpcxpresso_8.0.0_526/lpcxpresso/tools/bin/../lib/gcc/arm-none-eabi/4.9.3/../../../../arm-none-eabi/lib/armv7e-m/softfp/libcr_c.a(strlen.o)
 .ARM.attributes
                0x00000596       0x37 /usr/local/lpcxpresso_8.0.0_526/lpcxpresso/tools/bin/../lib/gcc/arm-none-eabi/4.9.3/../../../../arm-none-eabi/lib/armv7e-m/softfp/libcr_c.a(__init_alloc.o)
 .ARM.attributes
                0x000005cd       0x37 /usr/local/lpcxpresso_8.0.0_526/lpcxpresso/tools/bin/../lib/gcc/arm-none-eabi/4.9.3/../../../../arm-none-eabi/lib/armv7e-m/softfp/libcr_c.a(_cr_sbrk.o)
 .ARM.attributes
                0x00000604       0x37 /usr/local/lpcxpresso_8.0.0_526/lpcxpresso/tools/bin/../lib/gcc/arm-none-eabi/4.9.3/../../../../arm-none-eabi/lib/armv7e-m/softfp/libcr_c.a(_deferredlazyseek.o)
 .ARM.attributes
                0x0000063b       0x37 /usr/local/lpcxpresso_8.0.0_526/lpcxpresso/tools/bin/../lib/gcc/arm-none-eabi/4.9.3/../../../../arm-none-eabi/lib/armv7e-m/softfp/libcr_c.a(_fdopen.o)
 .ARM.attributes
                0x00000672       0x37 /usr/local/lpcxpresso_8.0.0_526/lpcxpresso/tools/bin/../lib/gcc/arm-none-eabi/4.9.3/../../../../arm-none-eabi/lib/armv7e-m/softfp/libcr_c.a(_fflush.o)
 .ARM.attributes
                0x000006a9       0x37 /usr/local/lpcxpresso_8.0.0_526/lpcxpresso/tools/bin/../lib/gcc/arm-none-eabi/4.9.3/../../../../arm-none-eabi/lib/armv7e-m/softfp/libcr_c.a(_frexpl.o)
 .ARM.attributes
                0x000006e0       0x37 /usr/local/lpcxpresso_8.0.0_526/lpcxpresso/tools/bin/../lib/gcc/arm-none-eabi/4.9.3/../../../../arm-none-eabi/lib/armv7e-m/softfp/libcr_c.a(_ldexpl.o)
 .ARM.attributes
                0x00000717       0x37 /usr/local/lpcxpresso_8.0.0_526/lpcxpresso/tools/bin/../lib/gcc/arm-none-eabi/4.9.3/../../../../arm-none-eabi/lib/armv7e-m/softfp/libcr_c.a(_writebuf.o)
 .ARM.attributes
                0x0000074e       0x37 /usr/local/lpcxpresso_8.0.0_526/lpcxpresso/tools/bin/../lib/gcc/arm-none-eabi/4.9.3/../../../../arm-none-eabi/lib/armv7e-m/softfp/libcr_c.a(errno.o)
 .ARM.attributes
                0x00000785       0x37 /usr/local/lpcxpresso_8.0.0_526/lpcxpresso/tools/bin/../lib/gcc/arm-none-eabi/4.9.3/../../../../arm-none-eabi/lib/armv7e-m/softfp/libcr_c.a(fclose.o)
 .ARM.attributes
                0x000007bc       0x37 /usr/local/lpcxpresso_8.0.0_526/lpcxpresso/tools/bin/../lib/gcc/arm-none-eabi/4.9.3/../../../../arm-none-eabi/lib/armv7e-m/softfp/libcr_c.a(fflush.o)
 .ARM.attributes
                0x000007f3       0x37 /usr/local/lpcxpresso_8.0.0_526/lpcxpresso/tools/bin/../lib/gcc/arm-none-eabi/4.9.3/../../../../arm-none-eabi/lib/armv7e-m/softfp/libcr_c.a(fseek.o)
 .ARM.attributes
                0x0000082a       0x37 /usr/local/lpcxpresso_8.0.0_526/lpcxpresso/tools/bin/../lib/gcc/arm-none-eabi/4.9.3/../../../../arm-none-eabi/lib/armv7e-m/softfp/libcr_c.a(ftell.o)
 .ARM.attributes
                0x00000861       0x37 /usr/local/lpcxpresso_8.0.0_526/lpcxpresso/tools/bin/../lib/gcc/arm-none-eabi/4.9.3/../../../../arm-none-eabi/lib/armv7e-m/softfp/libcr_c.a(remove.o)
 .ARM.attributes
                0x00000898       0x37 /usr/local/lpcxpresso_8.0.0_526/lpcxpresso/tools/bin/../lib/gcc/arm-none-eabi/4.9.3/../../../../arm-none-eabi/lib/armv7e-m/softfp/libcr_c.a(_do_fflush.o)
 .ARM.attributes
                0x000008cf       0x37 /usr/local/lpcxpresso_8.0.0_526/lpcxpresso/tools/bin/../lib/gcc/arm-none-eabi/4.9.3/../../../../arm-none-eabi/lib/armv7e-m/softfp/libcr_c.a(_hugeval.o)
 .ARM.attributes
                0x00000906       0x25 /usr/local/lpcxpresso_8.0.0_526/lpcxpresso/tools/bin/../lib/gcc/arm-none-eabi/4.9.3/armv7e-m/softfp/libcr_eabihelpers.a(division_64.o)
 .ARM.attributes
                0x0000092b       0x25 /usr/local/lpcxpresso_8.0.0_526/lpcxpresso/tools/bin/../lib/gcc/arm-none-eabi/4.9.3/armv7e-m/softfp/libcr_eabihelpers.a(division_idiv0.o)
 .ARM.attributes
                0x00000950       0x37 /usr/local/lpcxpresso_8.0.0_526/lpcxpresso/tools/bin/../lib/gcc/arm-none-eabi/4.9.3/armv7e-m/softfp/libcr_eabihelpers.a(double.o)
 .ARM.attributes
                0x00000987       0x25 /usr/local/lpcxpresso_8.0.0_526/lpcxpresso/tools/bin/../lib/gcc/arm-none-eabi/4.9.3/armv7e-m/softfp/libcr_eabihelpers.a(memcpy.o)
 .ARM.attributes
                0x000009ac       0x37 /usr/local/lpcxpresso_8.0.0_526/lpcxpresso/tools/bin/../lib/gcc/arm-none-eabi/4.9.3/../../../../arm-none-eabi/lib/armv7e-m/softfp/libcr_nohost.a(__sys_appexit.o)
 .ARM.attributes
                0x000009e3       0x37 /usr/local/lpcxpresso_8.0.0_526/lpcxpresso/tools/bin/../lib/gcc/arm-none-eabi/4.9.3/../../../../arm-none-eabi/lib/armv7e-m/softfp/libcr_nohost.a(__sys_close.o)
 .ARM.attributes
                0x00000a1a       0x37 /usr/local/lpcxpresso_8.0.0_526/lpcxpresso/tools/bin/../lib/gcc/arm-none-eabi/4.9.3/../../../../arm-none-eabi/lib/armv7e-m/softfp/libcr_nohost.a(__sys_flen.o)
 .ARM.attributes
                0x00000a51       0x37 /usr/local/lpcxpresso_8.0.0_526/lpcxpresso/tools/bin/../lib/gcc/arm-none-eabi/4.9.3/../../../../arm-none-eabi/lib/armv7e-m/softfp/libcr_nohost.a(__sys_istty.o)
 .ARM.attributes
                0x00000a88       0x37 /usr/local/lpcxpresso_8.0.0_526/lpcxpresso/tools/bin/../lib/gcc/arm-none-eabi/4.9.3/../../../../arm-none-eabi/lib/armv7e-m/softfp/libcr_nohost.a(__sys_remove.o)
 .ARM.attributes
                0x00000abf       0x37 /usr/local/lpcxpresso_8.0.0_526/lpcxpresso/tools/bin/../lib/gcc/arm-none-eabi/4.9.3/../../../../arm-none-eabi/lib/armv7e-m/softfp/libcr_nohost.a(__sys_seek.o)
 .ARM.attributes
                0x00000af6       0x37 /usr/local/lpcxpresso_8.0.0_526/lpcxpresso/tools/bin/../lib/gcc/arm-none-eabi/4.9.3/../../../../arm-none-eabi/lib/armv7e-m/softfp/libcr_nohost.a(__sys_tmpnam.o)

.debug_frame    0x00000000     0x2248
 .debug_frame   0x00000000       0xb0 ./freertos/src/FreeRTOSCommonHooks.o
 .debug_frame   0x000000b0       0x58 ./freertos/src/heap_3.o
 .debug_frame   0x00000108       0xd8 ./freertos/src/list.o
 .debug_frame   0x000001e0      0x1a8 ./freertos/src/port.o
 .debug_frame   0x00000388       0x38 ./freertos/src/redlib_memfix.o
 .debug_frame   0x000003c0      0x6cc ./freertos/src/tasks.o
 .debug_frame   0x00000a8c       0xb0 ./example/src/blinky.o
 .debug_frame   0x00000b3c      0x170 ./example/src/cr_startup_lpc43xx.o
 .debug_frame   0x00000cac       0x34 ./example/src/sysinit.o
 .debug_frame   0x00000ce0      0x6d4 /home/pato/Embebidos/tpfinal/test/lpc_board_nxp_lpcxpresso_4337/Debug/liblpc_board_nxp_lpcxpresso_4337.a(board.o)
 .debug_frame   0x000013b4       0xe4 /home/pato/Embebidos/tpfinal/test/lpc_board_nxp_lpcxpresso_4337/Debug/liblpc_board_nxp_lpcxpresso_4337.a(board_sysinit.o)
 .debug_frame   0x00001498       0xa0 /home/pato/Embebidos/tpfinal/test/lpc_chip_43xx/Debug/liblpc_chip_43xx.a(chip_18xx_43xx.o)
 .debug_frame   0x00001538      0x568 /home/pato/Embebidos/tpfinal/test/lpc_chip_43xx/Debug/liblpc_chip_43xx.a(clock_18xx_43xx.o)
 .debug_frame   0x00001aa0       0x38 /home/pato/Embebidos/tpfinal/test/lpc_chip_43xx/Debug/liblpc_chip_43xx.a(fpu_init.o)
 .debug_frame   0x00001ad8      0x198 /home/pato/Embebidos/tpfinal/test/lpc_chip_43xx/Debug/liblpc_chip_43xx.a(gpio_18xx_43xx.o)
 .debug_frame   0x00001c70       0xf4 /home/pato/Embebidos/tpfinal/test/lpc_chip_43xx/Debug/liblpc_chip_43xx.a(sysinit_18xx_43xx.o)
 .debug_frame   0x00001d64      0x4e4 /home/pato/Embebidos/tpfinal/test/lpc_chip_43xx/Debug/liblpc_chip_43xx.a(uart_18xx_43xx.o)
