Archive member included because of file (symbol)

/home/patricio/Embebidos/tpfinal/Workspace LPCOPEN/ciaa_board_nxp_lpcxpresso_4337/Debug/libciaa_board_nxp_lpcxpresso_4337.a(board.o)
                              ./example/src/systick.o (Board_LED_Toggle)
/home/patricio/Embebidos/tpfinal/Workspace LPCOPEN/ciaa_board_nxp_lpcxpresso_4337/Debug/libciaa_board_nxp_lpcxpresso_4337.a(board_sysinit.o)
                              ./example/src/sysinit.o (Board_SystemInit)
/home/patricio/Embebidos/tpfinal/Workspace LPCOPEN/ciaa_board_nxp_lpcxpresso_4337/Debug/libciaa_board_nxp_lpcxpresso_4337.a(wm8904.o)
                              /home/patricio/Embebidos/tpfinal/Workspace LPCOPEN/ciaa_board_nxp_lpcxpresso_4337/Debug/libciaa_board_nxp_lpcxpresso_4337.a(board.o) (WM8904_Init)
/home/patricio/Embebidos/tpfinal/Workspace LPCOPEN/lpc_chip_43xx/Debug/liblpc_chip_43xx.a(chip_18xx_43xx.o)
                              ./example/src/systick.o (SystemCoreClock)
/home/patricio/Embebidos/tpfinal/Workspace LPCOPEN/lpc_chip_43xx/Debug/liblpc_chip_43xx.a(clock_18xx_43xx.o)
                              /home/patricio/Embebidos/tpfinal/Workspace LPCOPEN/lpc_chip_43xx/Debug/liblpc_chip_43xx.a(chip_18xx_43xx.o) (Chip_Clock_GetClockInputHz)
/home/patricio/Embebidos/tpfinal/Workspace LPCOPEN/lpc_chip_43xx/Debug/liblpc_chip_43xx.a(fpu_init.o)
                              ./example/src/sysinit.o (fpuInit)
/home/patricio/Embebidos/tpfinal/Workspace LPCOPEN/lpc_chip_43xx/Debug/liblpc_chip_43xx.a(gpio_18xx_43xx.o)
                              /home/patricio/Embebidos/tpfinal/Workspace LPCOPEN/ciaa_board_nxp_lpcxpresso_4337/Debug/libciaa_board_nxp_lpcxpresso_4337.a(board.o) (Chip_GPIO_Init)
/home/patricio/Embebidos/tpfinal/Workspace LPCOPEN/lpc_chip_43xx/Debug/liblpc_chip_43xx.a(i2c_18xx_43xx.o)
                              /home/patricio/Embebidos/tpfinal/Workspace LPCOPEN/ciaa_board_nxp_lpcxpresso_4337/Debug/libciaa_board_nxp_lpcxpresso_4337.a(wm8904.o) (Chip_I2C_EventHandlerPolling)
/home/patricio/Embebidos/tpfinal/Workspace LPCOPEN/lpc_chip_43xx/Debug/liblpc_chip_43xx.a(ssp_18xx_43xx.o)
                              /home/patricio/Embebidos/tpfinal/Workspace LPCOPEN/ciaa_board_nxp_lpcxpresso_4337/Debug/libciaa_board_nxp_lpcxpresso_4337.a(board.o) (Chip_SSP_WriteFrames_Blocking)
/home/patricio/Embebidos/tpfinal/Workspace LPCOPEN/lpc_chip_43xx/Debug/liblpc_chip_43xx.a(sysinit_18xx_43xx.o)
                              /home/patricio/Embebidos/tpfinal/Workspace LPCOPEN/ciaa_board_nxp_lpcxpresso_4337/Debug/libciaa_board_nxp_lpcxpresso_4337.a(board_sysinit.o) (Chip_SetupCoreClock)
/home/patricio/Embebidos/tpfinal/Workspace LPCOPEN/lpc_chip_43xx/Debug/liblpc_chip_43xx.a(uart_18xx_43xx.o)
                              /home/patricio/Embebidos/tpfinal/Workspace LPCOPEN/ciaa_board_nxp_lpcxpresso_4337/Debug/libciaa_board_nxp_lpcxpresso_4337.a(board.o) (Chip_UART_Init)
/home/patricio/Embebidos/tpfinal/Workspace LPCOPEN/lpc_chip_43xx/Debug/liblpc_chip_43xx.a(ring_buffer.o)
                              /home/patricio/Embebidos/tpfinal/Workspace LPCOPEN/lpc_chip_43xx/Debug/liblpc_chip_43xx.a(uart_18xx_43xx.o) (RingBuffer_Insert)
/usr/local/lpcxpresso_8.0.0_526/lpcxpresso/tools/bin/../lib/gcc/arm-none-eabi/4.9.3/../../../../arm-none-eabi/lib/armv7e-m/softfp/libcr_nohost.a(_cr__main.o)
                              ./example/src/cr_startup_lpc43xx.o (__main)
/usr/local/lpcxpresso_8.0.0_526/lpcxpresso/tools/bin/../lib/gcc/arm-none-eabi/4.9.3/../../../../arm-none-eabi/lib/armv7e-m/softfp/libcr_c.a(memcpy.o)
                              /home/patricio/Embebidos/tpfinal/Workspace LPCOPEN/ciaa_board_nxp_lpcxpresso_4337/Debug/libciaa_board_nxp_lpcxpresso_4337.a(board.o) (memcpy)
/usr/local/lpcxpresso_8.0.0_526/lpcxpresso/tools/bin/../lib/gcc/arm-none-eabi/4.9.3/../../../../arm-none-eabi/lib/armv7e-m/softfp/libcr_c.a(memset.o)
                              /home/patricio/Embebidos/tpfinal/Workspace LPCOPEN/lpc_chip_43xx/Debug/liblpc_chip_43xx.a(clock_18xx_43xx.o) (memset)
/usr/local/lpcxpresso_8.0.0_526/lpcxpresso/tools/bin/../lib/gcc/arm-none-eabi/4.9.3/../../../../arm-none-eabi/lib/armv7e-m/softfp/libcr_c.a(initio.o)
                              /usr/local/lpcxpresso_8.0.0_526/lpcxpresso/tools/bin/../lib/gcc/arm-none-eabi/4.9.3/../../../../arm-none-eabi/lib/armv7e-m/softfp/libcr_nohost.a(_cr__main.o) (_initio)
/usr/local/lpcxpresso_8.0.0_526/lpcxpresso/tools/bin/../lib/gcc/arm-none-eabi/4.9.3/../../../../arm-none-eabi/lib/armv7e-m/softfp/libcr_c.a(setvbuf.o)
                              /usr/local/lpcxpresso_8.0.0_526/lpcxpresso/tools/bin/../lib/gcc/arm-none-eabi/4.9.3/../../../../arm-none-eabi/lib/armv7e-m/softfp/libcr_c.a(initio.o) (setvbuf)
/usr/local/lpcxpresso_8.0.0_526/lpcxpresso/tools/bin/../lib/gcc/arm-none-eabi/4.9.3/../../../../arm-none-eabi/lib/armv7e-m/softfp/libcr_c.a(stdio.o)
[...]
Memory Configuration

Name             Origin             Length             Attributes
MFlashA512       0x1a000000         0x00080000         xr
MFlashB512       0x1b000000         0x00080000         xr
RamLoc32         0x10000000         0x00008000         xrw
RamLoc40         0x10080000         0x0000a000         xrw
RamAHB32         0x20000000         0x00008000         xrw
RamAHB16         0x20008000         0x00004000         xrw
RamAHB_ETB16     0x2000c000         0x00004000         xrw
*default*        0x00000000         0xffffffff

Linker script and memory map

LOAD ./example/src/cr_startup_lpc43xx.o
LOAD ./example/src/sysinit.o
LOAD ./example/src/systick.o
LOAD /home/patricio/Embebidos/tpfinal/Workspace LPCOPEN/ciaa_board_nxp_lpcxpresso_4337/Debug/libciaa_board_nxp_lpcxpresso_4337.a
LOAD /home/patricio/Embebidos/tpfinal/Workspace LPCOPEN/lpc_chip_43xx/Debug/liblpc_chip_43xx.a
START GROUP
LOAD /usr/local/lpcxpresso_8.0.0_526/lpcxpresso/tools/bin/../lib/gcc/arm-none-eabi/4.9.3/../../../../arm-none-eabi/lib/armv7e-m/softfp/libcr_nohost.a
LOAD /usr/local/lpcxpresso_8.0.0_526/lpcxpresso/tools/bin/../lib/gcc/arm-none-eabi/4.9.3/../../../../arm-none-eabi/lib/armv7e-m/softfp/libcr_c.a
LOAD /usr/local/lpcxpresso_8.0.0_526/lpcxpresso/tools/bin/../lib/gcc/arm-none-eabi/4.9.3/armv7e-m/softfp/libcr_eabihelpers.a
END GROUP
                0x1a000000                __base_MFlashA512 = 0x1a000000
                0x1a000000                __base_Flash = 0x1a000000
                0x1a080000                __top_MFlashA512 = 0x1a080000
                0x1a080000                __top_Flash = 0x1a080000
                0x1b000000                __base_MFlashB512 = 0x1b000000
                0x1b000000                __base_Flash2 = 0x1b000000
                0x1b080000                __top_MFlashB512 = 0x1b080000
                0x1b080000                __top_Flash2 = 0x1b080000
                0x10000000                __base_RamLoc32 = 0x10000000
                0x10000000                __base_RAM = 0x10000000
                0x10008000                __top_RamLoc32 = 0x10008000
                0x10008000                __top_RAM = 0x10008000
                0x10080000                __base_RamLoc40 = 0x10080000
                0x10080000                __base_RAM2 = 0x10080000
                0x1008a000                __top_RamLoc40 = 0x1008a000
                0x1008a000                __top_RAM2 = 0x1008a000
                0x20000000                __base_RamAHB32 = 0x20000000
                0x20000000                __base_RAM3 = 0x20000000
                0x20008000                __top_RamAHB32 = 0x20008000
                0x20008000                __top_RAM3 = 0x20008000
                0x20008000                __base_RamAHB16 = 0x20008000
                0x20008000                __base_RAM4 = 0x20008000
                0x2000c000                __top_RamAHB16 = 0x2000c000
                0x2000c000                __top_RAM4 = 0x2000c000
                0x2000c000                __base_RamAHB_ETB16 = 0x2000c000
                0x2000c000                __base_RAM5 = 0x2000c000
                0x20010000                __top_RamAHB_ETB16 = 0x20010000
                0x20010000                __top_RAM5 = 0x20010000

.text_Flash2    0x1b000000        0x0
 FILL mask 0xff
 *(.text_Flash2*)
 *(.text_MFlashB512*)
 *(.text.$Flash2*)
 *(.text.$MFlashB512*)
 *(.rodata.$Flash2*)
 *(.rodata.$MFlashB512*)

.text           0x1a000000     0x21ac
 FILL mask 0xff
                0x1a000000                __vectors_start__ = ABSOLUTE (.)
 *(.isr_vector)
 .isr_vector    0x1a000000      0x114 ./example/src/cr_startup_lpc43xx.o
                0x1a000000                g_pfnVectors
                0x1a000114                . = ALIGN (0x4)
                0x1a000114                __section_table_start = .
                0x1a000114                __data_section_table = .
                0x1a000114        0x4 LONG 0x1a0021ac LOADADDR (.data)
                0x1a000118        0x4 LONG 0x10000000 ADDR (.data)
                0x1a00011c        0x4 LONG 0x0 SIZEOF (.data)
                0x1a000120        0x4 LONG 0x1a0021ac LOADADDR (.data_RAM2)
                0x1a000124        0x4 LONG 0x10080000 ADDR (.data_RAM2)
                0x1a000128        0x4 LONG 0x0 SIZEOF (.data_RAM2)
                0x1a00012c        0x4 LONG 0x1a0021ac LOADADDR (.data_RAM3)
                0x1a000130        0x4 LONG 0x20000000 ADDR (.data_RAM3)
                0x1a000134        0x4 LONG 0x0 SIZEOF (.data_RAM3)
                0x1a000138        0x4 LONG 0x1a0021ac LOADADDR (.data_RAM4)
                0x1a00013c        0x4 LONG 0x20008000 ADDR (.data_RAM4)
                0x1a000140        0x4 LONG 0x0 SIZEOF (.data_RAM4)
                0x1a000144        0x4 LONG 0x1a0021ac LOADADDR (.data_RAM5)
                0x1a000148        0x4 LONG 0x2000c000 ADDR (.data_RAM5)
                0x1a00014c        0x4 LONG 0x0 SIZEOF (.data_RAM5)
                0x1a000150                __data_section_table_end = .
                0x1a000150                __bss_section_table = .
                0x1a000150        0x4 LONG 0x10000000 ADDR (.bss)
                0x1a000154        0x4 LONG 0x164 SIZEOF (.bss)
                0x1a000158        0x4 LONG 0x10080000 ADDR (.bss_RAM2)
                0x1a00015c        0x4 LONG 0x0 SIZEOF (.bss_RAM2)
                0x1a000160        0x4 LONG 0x20000000 ADDR (.bss_RAM3)
                0x1a000164        0x4 LONG 0x0 SIZEOF (.bss_RAM3)
                0x1a000168        0x4 LONG 0x20008000 ADDR (.bss_RAM4)
                0x1a00016c        0x4 LONG 0x0 SIZEOF (.bss_RAM4)
                0x1a000170        0x4 LONG 0x2000c000 ADDR (.bss_RAM5)
                0x1a000174        0x4 LONG 0x0 SIZEOF (.bss_RAM5)
                0x1a000178                __bss_section_table_end = .
                0x1a000178                __section_table_end = .
 *(.after_vectors*)
 .after_vectors
                0x1a000178       0xcc ./example/src/cr_startup_lpc43xx.o
                0x1a000178                data_init
                0x1a0001bc                bss_init
                0x1a0001f4                NMI_Handler
                0x1a0001fc                HardFault_Handler
                0x1a000204                MemManage_Handler
                0x1a00020c                BusFault_Handler
                0x1a000214                UsageFault_Handler
                0x1a00021c                SVC_Handler
                0x1a000224                DebugMon_Handler
                0x1a00022c                PendSV_Handler
                0x1a00023c                TIMER2_IRQHandler
                0x1a00023c                RIT_IRQHandler
                0x1a00023c                ADCHS_IRQHandler
                0x1a00023c                FLASH_EEPROM_IRQHandler
                0x1a00023c                I2C0_IRQHandler
                0x1a00023c                SDIO_IRQHandler
                0x1a00023c                ATIMER_IRQHandler
                0x1a00023c                I2C1_IRQHandler
                0x1a00023c                UART1_IRQHandler
                0x1a00023c                GPIO5_IRQHandler
                0x1a00023c                CAN1_IRQHandler
                0x1a00023c                USB1_IRQHandler
                0x1a00023c                I2S0_IRQHandler
                0x1a00023c                TIMER3_IRQHandler
                0x1a00023c                UART0_IRQHandler
                0x1a00023c                SGPIO_IRQHandler
                0x1a00023c                ADC0_IRQHandler
                0x1a00023c                GPIO6_IRQHandler
                0x1a00023c                IntDefaultHandler
                0x1a00023c                GPIO1_IRQHandler
                0x1a00023c                SSP0_IRQHandler
                0x1a00023c                ADC1_IRQHandler
                0x1a00023c                RTC_IRQHandler
                0x1a00023c                TIMER0_IRQHandler
                0x1a00023c                SPI_IRQHandler
                0x1a00023c                LCD_IRQHandler
                0x1a00023c                TIMER1_IRQHandler
                0x1a00023c                UART2_IRQHandler
                0x1a00023c                GPIO2_IRQHandler
                0x1a00023c                I2S1_IRQHandler
                0x1a00023c                SSP1_IRQHandler
                0x1a00023c                USB0_IRQHandler
                0x1a00023c                GPIO3_IRQHandler
                0x1a00023c                SCT_IRQHandler
                0x1a00023c                WDT_IRQHandler
                0x1a00023c                GPIO7_IRQHandler
                0x1a00023c                SPIFI_IRQHandler
                0x1a00023c                QEI_IRQHandler
                0x1a00023c                ETH_IRQHandler
                0x1a00023c                CAN0_IRQHandler
                0x1a00023c                GINT0_IRQHandler
                0x1a00023c                DAC_IRQHandler
                0x1a00023c                M0SUB_IRQHandler
                0x1a00023c                GPIO0_IRQHandler
                0x1a00023c                DMA_IRQHandler
                0x1a00023c                EVRT_IRQHandler
                0x1a00023c                UART3_IRQHandler
                0x1a00023c                MCPWM_IRQHandler
                0x1a00023c                M0APP_IRQHandler
                0x1a00023c                GINT1_IRQHandler
                0x1a00023c                GPIO4_IRQHandler
 *(.text*)
 .text.ResetISR
                0x1a000244       0xc4 ./example/src/cr_startup_lpc43xx.o
                0x1a000244                ResetISR
 .text.SystemInit
                0x1a000308       0x28 ./example/src/sysinit.o
                0x1a000308                SystemInit
 .text.NVIC_SetPriority
                0x1a000330       0x54 ./example/src/systick.o
 .text.SysTick_Config
                0x1a000384       0x44 ./example/src/systick.o
 .text.SysTick_Handler
                0x1a0003c8       0x58 ./example/src/systick.o
                0x1a0003c8                SysTick_Handler
 .text.main     0x1a000420       0x2c ./example/src/systick.o
                0x1a000420                main
 .text.Chip_SCU_PinMuxSet
                0x1a00044c       0x30 /home/patricio/Embebidos/tpfinal/Workspace LPCOPEN/ciaa_board_nxp_lpcxpresso_4337/Debug/libciaa_board_nxp_lpcxpresso_4337.a(board.o)
 .text.Chip_ENET_RMIIEnable
                0x1a00047c       0x28 /home/patricio/Embebidos/tpfinal/Workspace LPCOPEN/ciaa_board_nxp_lpcxpresso_4337/Debug/libciaa_board_nxp_lpcxpresso_4337.a(board.o)
 .text.Chip_GPIO_SetPinState
                0x1a0004a4       0x38 /home/patricio/Embebidos/tpfinal/Workspace LPCOPEN/ciaa_board_nxp_lpcxpresso_4337/Debug/libciaa_board_nxp_lpcxpresso_4337.a(board.o)
 .text.Chip_GPIO_GetPinState
                0x1a0004dc       0x38 /home/patricio/Embebidos/tpfinal/Workspace LPCOPEN/ciaa_board_nxp_lpcxpresso_4337/Debug/libciaa_board_nxp_lpcxpresso_4337.a(board.o)
 .text.Chip_GPIO_SetPinDIROutput
                0x1a000514       0x3c /home/patricio/Embebidos/tpfinal/Workspace LPCOPEN/ciaa_board_nxp_lpcxpresso_4337/Debug/libciaa_board_nxp_lpcxpresso_4337.a(board.o)
 .text.Chip_UART_TXEnable
                0x1a000550       0x18 /home/patricio/Embebidos/tpfinal/Workspace LPCOPEN/ciaa_board_nxp_lpcxpresso_4337/Debug/libciaa_board_nxp_lpcxpresso_4337.a(board.o)
 .text.Chip_UART_SendByte
                0x1a000568       0x1c /home/patricio/Embebidos/tpfinal/Workspace LPCOPEN/ciaa_board_nxp_lpcxpresso_4337/Debug/libciaa_board_nxp_lpcxpresso_4337.a(board.o)
 .text.Chip_UART_ConfigData
                0x1a000584       0x1c /home/patricio/Embebidos/tpfinal/Workspace LPCOPEN/ciaa_board_nxp_lpcxpresso_4337/Debug/libciaa_board_nxp_lpcxpresso_4337.a(board.o)
 .text.Chip_UART_ReadLineStatus
                0x1a0005a0       0x18 /home/patricio/Embebidos/tpfinal/Workspace LPCOPEN/ciaa_board_nxp_lpcxpresso_4337/Debug/libciaa_board_nxp_lpcxpresso_4337.a(board.o)
 .text.__sys_write
                0x1a0005b8       0x38 /home/patricio/Embebidos/tpfinal/Workspace LPCOPEN/ciaa_board_nxp_lpcxpresso_4337/Debug/libciaa_board_nxp_lpcxpresso_4337.a(board.o)
                0x1a0005b8                __sys_write
 .text.Board_UART_Init
                0x1a0005f0       0x24 /home/patricio/Embebidos/tpfinal/Workspace LPCOPEN/ciaa_board_nxp_lpcxpresso_4337/Debug/libciaa_board_nxp_lpcxpresso_4337.a(board.o)
                0x1a0005f0                Board_UART_Init
 .text.Board_Debug_Init
                0x1a000614       0x30 /home/patricio/Embebidos/tpfinal/Workspace LPCOPEN/ciaa_board_nxp_lpcxpresso_4337/Debug/libciaa_board_nxp_lpcxpresso_4337.a(board.o)
                0x1a000614                Board_Debug_Init
 .text.Board_UARTPutChar
                0x1a000644       0x30 /home/patricio/Embebidos/tpfinal/Workspace LPCOPEN/ciaa_board_nxp_lpcxpresso_4337/Debug/libciaa_board_nxp_lpcxpresso_4337.a(board.o)
                0x1a000644                Board_UARTPutChar
 .text.Board_LED_Init
                0x1a000674       0x7c /home/patricio/Embebidos/tpfinal/Workspace LPCOPEN/ciaa_board_nxp_lpcxpresso_4337/Debug/libciaa_board_nxp_lpcxpresso_4337.a(board.o)
 .text.Board_LED_Set
                0x1a0006f0       0x44 /home/patricio/Embebidos/tpfinal/Workspace LPCOPEN/ciaa_board_nxp_lpcxpresso_4337/Debug/libciaa_board_nxp_lpcxpresso_4337.a(board.o)
                0x1a0006f0                Board_LED_Set
 .text.Board_LED_Test
                0x1a000734       0x48 /home/patricio/Embebidos/tpfinal/Workspace LPCOPEN/ciaa_board_nxp_lpcxpresso_4337/Debug/libciaa_board_nxp_lpcxpresso_4337.a(board.o)
                0x1a000734                Board_LED_Test
 .text.Board_LED_Toggle
                0x1a00077c       0x3c /home/patricio/Embebidos/tpfinal/Workspace LPCOPEN/ciaa_board_nxp_lpcxpresso_4337/Debug/libciaa_board_nxp_lpcxpresso_4337.a(board.o)
                0x1a00077c                Board_LED_Toggle
 .text.Board_Init
                0x1a0007b8       0x24 /home/patricio/Embebidos/tpfinal/Workspace LPCOPEN/ciaa_board_nxp_lpcxpresso_4337/Debug/libciaa_board_nxp_lpcxpresso_4337.a(board.o)
                0x1a0007b8                Board_Init
 .text.Chip_SCU_PinMuxSet
                0x1a0007dc       0x30 /home/patricio/Embebidos/tpfinal/Workspace LPCOPEN/ciaa_board_nxp_lpcxpresso_4337/Debug/libciaa_board_nxp_lpcxpresso_4337.a(board_sysinit.o)
 .text.Chip_SCU_SetPinMuxing
                0x1a00080c       0x48 /home/patricio/Embebidos/tpfinal/Workspace LPCOPEN/ciaa_board_nxp_lpcxpresso_4337/Debug/libciaa_board_nxp_lpcxpresso_4337.a(board_sysinit.o)
 .text.Chip_CREG_SetFlashAcceleration
                0x1a000854       0x54 /home/patricio/Embebidos/tpfinal/Workspace LPCOPEN/ciaa_board_nxp_lpcxpresso_4337/Debug/libciaa_board_nxp_lpcxpresso_4337.a(board_sysinit.o)
 .text.Board_SetupMuxing
                0x1a0008a8       0x14 /home/patricio/Embebidos/tpfinal/Workspace LPCOPEN/ciaa_board_nxp_lpcxpresso_4337/Debug/libciaa_board_nxp_lpcxpresso_4337.a(board_sysinit.o)
                0x1a0008a8                Board_SetupMuxing
 .text.Board_SetupClocking
                0x1a0008bc       0x80 /home/patricio/Embebidos/tpfinal/Workspace LPCOPEN/ciaa_board_nxp_lpcxpresso_4337/Debug/libciaa_board_nxp_lpcxpresso_4337.a(board_sysinit.o)
                0x1a0008bc                Board_SetupClocking
 .text.Board_SystemInit
                0x1a00093c       0x10 /home/patricio/Embebidos/tpfinal/Workspace LPCOPEN/ciaa_board_nxp_lpcxpresso_4337/Debug/libciaa_board_nxp_lpcxpresso_4337.a(board_sysinit.o)
                0x1a00093c                Board_SystemInit
 .text.SystemCoreClockUpdate
                0x1a00094c       0x18 /home/patricio/Embebidos/tpfinal/Workspace LPCOPEN/lpc_chip_43xx/Debug/liblpc_chip_43xx.a(chip_18xx_43xx.o)
                0x1a00094c                SystemCoreClockUpdate
 .text.ABS      0x1a000964       0x24 /home/patricio/Embebidos/tpfinal/Workspace LPCOPEN/lpc_chip_43xx/Debug/liblpc_chip_43xx.a(clock_18xx_43xx.o)
 .text.pll_calc_divs
                0x1a000988      0x11c /home/patricio/Embebidos/tpfinal/Workspace LPCOPEN/lpc_chip_43xx/Debug/liblpc_chip_43xx.a(clock_18xx_43xx.o)
 .text.pll_get_frac
                0x1a000aa4      0x178 /home/patricio/Embebidos/tpfinal/Workspace LPCOPEN/lpc_chip_43xx/Debug/liblpc_chip_43xx.a(clock_18xx_43xx.o)
 .text.Chip_Clock_GetDivRate
                0x1a000c1c       0x40 /home/patricio/Embebidos/tpfinal/Workspace LPCOPEN/lpc_chip_43xx/Debug/liblpc_chip_43xx.a(clock_18xx_43xx.o)
 .text.Chip_Clock_FindBaseClock
                0x1a000c5c       0x88 /home/patricio/Embebidos/tpfinal/Workspace LPCOPEN/lpc_chip_43xx/Debug/liblpc_chip_43xx.a(clock_18xx_43xx.o)
 .text.Chip_Clock_EnableCrystal
                0x1a000ce4       0x6c /home/patricio/Embebidos/tpfinal/Workspace LPCOPEN/lpc_chip_43xx/Debug/liblpc_chip_43xx.a(clock_18xx_43xx.o)
                0x1a000ce4                Chip_Clock_EnableCrystal
 .text.Chip_Clock_CalcMainPLLValue
                0x1a000d50       0xd8 /home/patricio/Embebidos/tpfinal/Workspace LPCOPEN/lpc_chip_43xx/Debug/liblpc_chip_43xx.a(clock_18xx_43xx.o)
                0x1a000d50                Chip_Clock_CalcMainPLLValue
 .text.Chip_Clock_GetMainPLLHz
                0x1a000e28       0xc0 /home/patricio/Embebidos/tpfinal/Workspace LPCOPEN/lpc_chip_43xx/Debug/liblpc_chip_43xx.a(clock_18xx_43xx.o)
                0x1a000e28                Chip_Clock_GetMainPLLHz
 .text.Chip_Clock_GetDividerSource
                0x1a000ee8       0x40 /home/patricio/Embebidos/tpfinal/Workspace LPCOPEN/lpc_chip_43xx/Debug/liblpc_chip_43xx.a(clock_18xx_43xx.o)
                0x1a000ee8                Chip_Clock_GetDividerSource
 .text.Chip_Clock_GetDividerDivisor
                0x1a000f28       0x38 /home/patricio/Embebidos/tpfinal/Workspace LPCOPEN/lpc_chip_43xx/Debug/liblpc_chip_43xx.a(clock_18xx_43xx.o)
                0x1a000f28                Chip_Clock_GetDividerDivisor
 .text.Chip_Clock_GetClockInputHz
                0x1a000f60      0x140 /home/patricio/Embebidos/tpfinal/Workspace LPCOPEN/lpc_chip_43xx/Debug/liblpc_chip_43xx.a(clock_18xx_43xx.o)
                0x1a000f60                Chip_Clock_GetClockInputHz
 .text.Chip_Clock_GetBaseClocktHz
                0x1a0010a0       0x24 /home/patricio/Embebidos/tpfinal/Workspace LPCOPEN/lpc_chip_43xx/Debug/liblpc_chip_43xx.a(clock_18xx_43xx.o)
                0x1a0010a0                Chip_Clock_GetBaseClocktHz
 .text.Chip_Clock_SetBaseClock
                0x1a0010c4       0x9c /home/patricio/Embebidos/tpfinal/Workspace LPCOPEN/lpc_chip_43xx/Debug/liblpc_chip_43xx.a(clock_18xx_43xx.o)
                0x1a0010c4                Chip_Clock_SetBaseClock
 .text.Chip_Clock_GetBaseClock
                0x1a001160       0x4c /home/patricio/Embebidos/tpfinal/Workspace LPCOPEN/lpc_chip_43xx/Debug/liblpc_chip_43xx.a(clock_18xx_43xx.o)
                0x1a001160                Chip_Clock_GetBaseClock
 .text.Chip_Clock_EnableOpts
                0x1a0011ac       0x7c /home/patricio/Embebidos/tpfinal/Workspace LPCOPEN/lpc_chip_43xx/Debug/liblpc_chip_43xx.a(clock_18xx_43xx.o)
                0x1a0011ac                Chip_Clock_EnableOpts
 .text.Chip_Clock_GetRate
                0x1a001228       0x88 /home/patricio/Embebidos/tpfinal/Workspace LPCOPEN/lpc_chip_43xx/Debug/liblpc_chip_43xx.a(clock_18xx_43xx.o)
                0x1a001228                Chip_Clock_GetRate
 .text.fpuInit  0x1a0012b0       0x74 /home/patricio/Embebidos/tpfinal/Workspace LPCOPEN/lpc_chip_43xx/Debug/liblpc_chip_43xx.a(fpu_init.o)
                0x1a0012b0                fpuInit
 .text.Chip_GPIO_Init
                0x1a001324       0x14 /home/patricio/Embebidos/tpfinal/Workspace LPCOPEN/lpc_chip_43xx/Debug/liblpc_chip_43xx.a(gpio_18xx_43xx.o)
                0x1a001324                Chip_GPIO_Init
 .text.Chip_Clock_DisableMainPLL
                0x1a001338       0x1c /home/patricio/Embebidos/tpfinal/Workspace LPCOPEN/lpc_chip_43xx/Debug/liblpc_chip_43xx.a(sysinit_18xx_43xx.o)
 .text.Chip_Clock_SetupMainPLL
                0x1a001354       0x40 /home/patricio/Embebidos/tpfinal/Workspace LPCOPEN/lpc_chip_43xx/Debug/liblpc_chip_43xx.a(sysinit_18xx_43xx.o)
 .text.Chip_Clock_MainPLLLocked
                0x1a001394       0x24 /home/patricio/Embebidos/tpfinal/Workspace LPCOPEN/lpc_chip_43xx/Debug/liblpc_chip_43xx.a(sysinit_18xx_43xx.o)
 .text.Chip_SetupCoreClock
                0x1a0013b8      0x15c /home/patricio/Embebidos/tpfinal/Workspace LPCOPEN/lpc_chip_43xx/Debug/liblpc_chip_43xx.a(sysinit_18xx_43xx.o)
                0x1a0013b8                Chip_SetupCoreClock
 .text.Chip_UART_TXDisable
                0x1a001514       0x18 /home/patricio/Embebidos/tpfinal/Workspace LPCOPEN/lpc_chip_43xx/Debug/liblpc_chip_43xx.a(uart_18xx_43xx.o)
 .text.Chip_UART_SetupFIFOS
                0x1a00152c       0x1c /home/patricio/Embebidos/tpfinal/Workspace LPCOPEN/lpc_chip_43xx/Debug/liblpc_chip_43xx.a(uart_18xx_43xx.o)
 .text.Chip_UART_ConfigData
                0x1a001548       0x1c /home/patricio/Embebidos/tpfinal/Workspace LPCOPEN/lpc_chip_43xx/Debug/liblpc_chip_43xx.a(uart_18xx_43xx.o)
 .text.Chip_UART_EnableDivisorAccess
                0x1a001564       0x20 /home/patricio/Embebidos/tpfinal/Workspace LPCOPEN/lpc_chip_43xx/Debug/liblpc_chip_43xx.a(uart_18xx_43xx.o)
 .text.Chip_UART_DisableDivisorAccess
                0x1a001584       0x20 /home/patricio/Embebidos/tpfinal/Workspace LPCOPEN/lpc_chip_43xx/Debug/liblpc_chip_43xx.a(uart_18xx_43xx.o)
 .text.Chip_UART_SetDivisorLatches
                0x1a0015a4       0x28 /home/patricio/Embebidos/tpfinal/Workspace LPCOPEN/lpc_chip_43xx/Debug/liblpc_chip_43xx.a(uart_18xx_43xx.o)
 .text.Chip_UART_GetIndex
                0x1a0015cc       0x60 /home/patricio/Embebidos/tpfinal/Workspace LPCOPEN/lpc_chip_43xx/Debug/liblpc_chip_43xx.a(uart_18xx_43xx.o)
 .text.Chip_UART_Init
                0x1a00162c       0x84 /home/patricio/Embebidos/tpfinal/Workspace LPCOPEN/lpc_chip_43xx/Debug/liblpc_chip_43xx.a(uart_18xx_43xx.o)
                0x1a00162c                Chip_UART_Init
 .text.Chip_UART_SetBaudFDR
                0x1a0016b0      0x174 /home/patricio/Embebidos/tpfinal/Workspace LPCOPEN/lpc_chip_43xx/Debug/liblpc_chip_43xx.a(uart_18xx_43xx.o)
                0x1a0016b0                Chip_UART_SetBaudFDR
 .text.__main   0x1a001824       0x14 /usr/local/lpcxpresso_8.0.0_526/lpcxpresso/tools/bin/../lib/gcc/arm-none-eabi/4.9.3/../../../../arm-none-eabi/lib/armv7e-m/softfp/libcr_nohost.a(_cr__main.o)
                0x1a001824                __main
 .text.memset   0x1a001838        0x4 /usr/local/lpcxpresso_8.0.0_526/lpcxpresso/tools/bin/../lib/gcc/arm-none-eabi/4.9.3/../../../../arm-none-eabi/lib/armv7e-m/softfp/libcr_c.a(memset.o)
                0x1a001838                memset
 .text._initio  0x1a00183c       0xa4 /usr/local/lpcxpresso_8.0.0_526/lpcxpresso/tools/bin/../lib/gcc/arm-none-eabi/4.9.3/../../../../arm-none-eabi/lib/armv7e-m/softfp/libcr_c.a(initio.o)
                0x1a00183c                _initio
 .text.setvbuf  0x1a0018e0       0x40 /usr/local/lpcxpresso_8.0.0_526/lpcxpresso/tools/bin/../lib/gcc/arm-none-eabi/4.9.3/../../../../arm-none-eabi/lib/armv7e-m/softfp/libcr_c.a(setvbuf.o)
                0x1a0018e0                setvbuf
 .text._deferredlazyseek
                0x1a001920       0x44 /usr/local/lpcxpresso_8.0.0_526/lpcxpresso/tools/bin/../lib/gcc/arm-none-eabi/4.9.3/../../../../arm-none-eabi/lib/armv7e-m/softfp/libcr_c.a(_deferredlazyseek.o)
                0x1a001920                _deferredlazyseek
 .text._fdopen  0x1a001964       0x6a /usr/local/lpcxpresso_8.0.0_526/lpcxpresso/tools/bin/../lib/gcc/arm-none-eabi/4.9.3/../../../../arm-none-eabi/lib/armv7e-m/softfp/libcr_c.a(_fdopen.o)
                0x1a001964                _fdopen
 .text._fflush  0x1a0019ce       0x58 /usr/local/lpcxpresso_8.0.0_526/lpcxpresso/tools/bin/../lib/gcc/arm-none-eabi/4.9.3/../../../../arm-none-eabi/lib/armv7e-m/softfp/libcr_c.a(_fflush.o)
                0x1a0019ce                _fflush
 *fill*         0x1a001a26        0x2 
 .text._Cwritebuf
                0x1a001a28       0x68 /usr/local/lpcxpresso_8.0.0_526/lpcxpresso/tools/bin/../lib/gcc/arm-none-eabi/4.9.3/../../../../arm-none-eabi/lib/armv7e-m/softfp/libcr_c.a(_writebuf.o)
                0x1a001a28                _Cwritebuf
 .text.malloc   0x1a001a90       0xcc /usr/local/lpcxpresso_8.0.0_526/lpcxpresso/tools/bin/../lib/gcc/arm-none-eabi/4.9.3/../../../../arm-none-eabi/lib/armv7e-m/softfp/libcr_c.a(alloc.o)
                0x1a001a90                malloc
 .text.free     0x1a001b5c       0x30 /usr/local/lpcxpresso_8.0.0_526/lpcxpresso/tools/bin/../lib/gcc/arm-none-eabi/4.9.3/../../../../arm-none-eabi/lib/armv7e-m/softfp/libcr_c.a(alloc.o)
                0x1a001b5c                free
 .text._Csys_alloc
                0x1a001b8c       0x20 /usr/local/lpcxpresso_8.0.0_526/lpcxpresso/tools/bin/../lib/gcc/arm-none-eabi/4.9.3/../../../../arm-none-eabi/lib/armv7e-m/softfp/libcr_c.a(alloc.o)
                0x1a001b8c                _Csys_alloc
 .text.fclose   0x1a001bac       0x6c /usr/local/lpcxpresso_8.0.0_526/lpcxpresso/tools/bin/../lib/gcc/arm-none-eabi/4.9.3/../../../../arm-none-eabi/lib/armv7e-m/softfp/libcr_c.a(fclose.o)
                0x1a001bac                fclose
 .text.fflush   0x1a001c18       0x30 /usr/local/lpcxpresso_8.0.0_526/lpcxpresso/tools/bin/../lib/gcc/arm-none-eabi/4.9.3/../../../../arm-none-eabi/lib/armv7e-m/softfp/libcr_c.a(fflush.o)
                0x1a001c18                fflush
 .text.fseek    0x1a001c48      0x110 /usr/local/lpcxpresso_8.0.0_526/lpcxpresso/tools/bin/../lib/gcc/arm-none-eabi/4.9.3/../../../../arm-none-eabi/lib/armv7e-m/softfp/libcr_c.a(fseek.o)
                0x1a001c48                fseek
 .text.ftell    0x1a001d58       0x4c /usr/local/lpcxpresso_8.0.0_526/lpcxpresso/tools/bin/../lib/gcc/arm-none-eabi/4.9.3/../../../../arm-none-eabi/lib/armv7e-m/softfp/libcr_c.a(ftell.o)
                0x1a001d58                ftell
 .text.remove   0x1a001da4       0x14 /usr/local/lpcxpresso_8.0.0_526/lpcxpresso/tools/bin/../lib/gcc/arm-none-eabi/4.9.3/../../../../arm-none-eabi/lib/armv7e-m/softfp/libcr_c.a(remove.o)
                0x1a001da4                remove
 .text.strlen   0x1a001db8       0x4a /usr/local/lpcxpresso_8.0.0_526/lpcxpresso/tools/bin/../lib/gcc/arm-none-eabi/4.9.3/../../../../arm-none-eabi/lib/armv7e-m/softfp/libcr_c.a(strlen.o)
                0x1a001db8                strlen
 *fill*         0x1a001e02        0x2 
 .text._sbrk    0x1a001e04       0x40 /usr/local/lpcxpresso_8.0.0_526/lpcxpresso/tools/bin/../lib/gcc/arm-none-eabi/4.9.3/../../../../arm-none-eabi/lib/armv7e-m/softfp/libcr_c.a(_cr_sbrk.o)
                0x1a001e04                _sbrk
 .text._do_fflush
                0x1a001e44       0x44 /usr/local/lpcxpresso_8.0.0_526/lpcxpresso/tools/bin/../lib/gcc/arm-none-eabi/4.9.3/../../../../arm-none-eabi/lib/armv7e-m/softfp/libcr_c.a(_do_fflush.o)
                0x1a001e44                _do_fflush
 .text.__check_heap_overflow
                0x1a001e88       0x18 /usr/local/lpcxpresso_8.0.0_526/lpcxpresso/tools/bin/../lib/gcc/arm-none-eabi/4.9.3/../../../../arm-none-eabi/lib/armv7e-m/softfp/libcr_c.a(_cr_check_heap.o)
                0x1a001e88                __check_heap_overflow
 .text.__aeabi_division_uldivmod
                0x1a001ea0      0x174 /usr/local/lpcxpresso_8.0.0_526/lpcxpresso/tools/bin/../lib/gcc/arm-none-eabi/4.9.3/armv7e-m/softfp/libcr_eabihelpers.a(division_64.o)
                0x1a001ea0                __aeabi_uldivmod
                0x1a001ea4                __bhs_ldivmod1
 .text.__aeabi_division_idiv0
                0x1a002014        0x2 /usr/local/lpcxpresso_8.0.0_526/lpcxpresso/tools/bin/../lib/gcc/arm-none-eabi/4.9.3/armv7e-m/softfp/libcr_eabihelpers.a(division_idiv0.o)
                0x1a002014                __aeabi_idiv0
 .text.__aeabi_memset_lowlevel
                0x1a002016       0x32 /usr/local/lpcxpresso_8.0.0_526/lpcxpresso/tools/bin/../lib/gcc/arm-none-eabi/4.9.3/armv7e-m/softfp/libcr_eabihelpers.a(memcpy.o)
                0x1a002016                __aeabi_lowlevel_memset
 .text.__sys_appexit
                0x1a002048        0x2 /usr/local/lpcxpresso_8.0.0_526/lpcxpresso/tools/bin/../lib/gcc/arm-none-eabi/4.9.3/../../../../arm-none-eabi/lib/armv7e-m/softfp/libcr_nohost.a(__sys_appexit.o)
                0x1a002048                __exit
                0x1a002048                __sys_appexit
 .text.__sys_close
                0x1a00204a        0x6 /usr/local/lpcxpresso_8.0.0_526/lpcxpresso/tools/bin/../lib/gcc/arm-none-eabi/4.9.3/../../../../arm-none-eabi/lib/armv7e-m/softfp/libcr_nohost.a(__sys_close.o)
                0x1a00204a                __sys_close
 .text.__sys_flen
                0x1a002050        0x6 /usr/local/lpcxpresso_8.0.0_526/lpcxpresso/tools/bin/../lib/gcc/arm-none-eabi/4.9.3/../../../../arm-none-eabi/lib/armv7e-m/softfp/libcr_nohost.a(__sys_flen.o)
                0x1a002050                __sys_flen
 .text.__sys_istty
                0x1a002056        0x6 /usr/local/lpcxpresso_8.0.0_526/lpcxpresso/tools/bin/../lib/gcc/arm-none-eabi/4.9.3/../../../../arm-none-eabi/lib/armv7e-m/softfp/libcr_nohost.a(__sys_istty.o)
                0x1a002056                __sys_istty
 .text.__sys_remove
                0x1a00205c        0x6 /usr/local/lpcxpresso_8.0.0_526/lpcxpresso/tools/bin/../lib/gcc/arm-none-eabi/4.9.3/../../../../arm-none-eabi/lib/armv7e-m/softfp/libcr_nohost.a(__sys_remove.o)
                0x1a00205c                __sys_remove
 .text.__sys_seek
                0x1a002062        0x6 /usr/local/lpcxpresso_8.0.0_526/lpcxpresso/tools/bin/../lib/gcc/arm-none-eabi/4.9.3/../../../../arm-none-eabi/lib/armv7e-m/softfp/libcr_nohost.a(__sys_seek.o)
                0x1a002062                __sys_seek
 .text.__sys_tmpnam
                0x1a002068        0x6 /usr/local/lpcxpresso_8.0.0_526/lpcxpresso/tools/bin/../lib/gcc/arm-none-eabi/4.9.3/../../../../arm-none-eabi/lib/armv7e-m/softfp/libcr_nohost.a(__sys_tmpnam.o)
                0x1a002068                __sys_tmpnam
 *(.rodata .rodata.* .constdata .constdata.*)
 *fill*         0x1a00206e        0x2 
 .rodata.ExtRateIn
                0x1a002070        0x4 /home/patricio/Embebidos/tpfinal/Workspace LPCOPEN/ciaa_board_nxp_lpcxpresso_4337/Debug/libciaa_board_nxp_lpcxpresso_4337.a(board.o)
                0x1a002070                ExtRateIn
 .rodata.OscRateIn
                0x1a002074        0x4 /home/patricio/Embebidos/tpfinal/Workspace LPCOPEN/ciaa_board_nxp_lpcxpresso_4337/Debug/libciaa_board_nxp_lpcxpresso_4337.a(board.o)
                0x1a002074                OscRateIn
 .rodata.gpioLEDBits
                0x1a002078        0x6 /home/patricio/Embebidos/tpfinal/Workspace LPCOPEN/ciaa_board_nxp_lpcxpresso_4337/Debug/libciaa_board_nxp_lpcxpresso_4337.a(board.o)
 *fill*         0x1a00207e        0x2 
 .rodata.InitClkStates
                0x1a002080        0xc /home/patricio/Embebidos/tpfinal/Workspace LPCOPEN/ciaa_board_nxp_lpcxpresso_4337/Debug/libciaa_board_nxp_lpcxpresso_4337.a(board_sysinit.o)
 .rodata.pinmuxing
                0x1a00208c       0x34 /home/patricio/Embebidos/tpfinal/Workspace LPCOPEN/ciaa_board_nxp_lpcxpresso_4337/Debug/libciaa_board_nxp_lpcxpresso_4337.a(board_sysinit.o)
 .rodata.periph_to_base
                0x1a0020c0       0x6c /home/patricio/Embebidos/tpfinal/Workspace LPCOPEN/lpc_chip_43xx/Debug/liblpc_chip_43xx.a(clock_18xx_43xx.o)
 .rodata        0x1a00212c        0xa /home/patricio/Embebidos/tpfinal/Workspace LPCOPEN/lpc_chip_43xx/Debug/liblpc_chip_43xx.a(clock_18xx_43xx.o)
 *fill*         0x1a002136        0x2 
 .rodata.InitClkStates
                0x1a002138       0x48 /home/patricio/Embebidos/tpfinal/Workspace LPCOPEN/lpc_chip_43xx/Debug/liblpc_chip_43xx.a(sysinit_18xx_43xx.o)
 .rodata.UART_PClock
                0x1a002180        0x8 /home/patricio/Embebidos/tpfinal/Workspace LPCOPEN/lpc_chip_43xx/Debug/liblpc_chip_43xx.a(uart_18xx_43xx.o)
 .rodata.UART_BClock
                0x1a002188        0x8 /home/patricio/Embebidos/tpfinal/Workspace LPCOPEN/lpc_chip_43xx/Debug/liblpc_chip_43xx.a(uart_18xx_43xx.o)
 .rodata.str1.1
                0x1a002190        0x4 /usr/local/lpcxpresso_8.0.0_526/lpcxpresso/tools/bin/../lib/gcc/arm-none-eabi/4.9.3/../../../../arm-none-eabi/lib/armv7e-m/softfp/libcr_c.a(initio.o)
 .rodata.str1.1
                0x1a002194       0x18 /usr/local/lpcxpresso_8.0.0_526/lpcxpresso/tools/bin/../lib/gcc/arm-none-eabi/4.9.3/../../../../arm-none-eabi/lib/armv7e-m/softfp/libcr_c.a(alloc.o)
                0x1a0021ac                . = ALIGN (0x4)

.glue_7         0x1a0021ac        0x0
 .glue_7        0x00000000        0x0 linker stubs

.glue_7t        0x1a0021ac        0x0
 .glue_7t       0x00000000        0x0 linker stubs

.vfp11_veneer   0x1a0021ac        0x0
 .vfp11_veneer  0x00000000        0x0 linker stubs

.v4_bx          0x1a0021ac        0x0
 .v4_bx         0x00000000        0x0 linker stubs

.iplt           0x1a0021ac        0x0
 .iplt          0x00000000        0x0 ./example/src/cr_startup_lpc43xx.o

.rel.dyn        0x1a0021ac        0x0
 .rel.iplt      0x00000000        0x0 ./example/src/cr_startup_lpc43xx.o

.ARM.extab
 *(.ARM.extab* .gnu.linkonce.armextab.*)
                0x1a0021ac                __exidx_start = .

.ARM.exidx
 *(.ARM.exidx* .gnu.linkonce.armexidx.*)
                0x1a0021ac                __exidx_end = .
                0x1a0021ac                _etext = .

.data_RAM2      0x10080000        0x0 load address 0x1a0021ac
 FILL mask 0xff
                0x10080000                PROVIDE (__start_data_RAM2, .)
 *(.ramfunc.$RAM2)
 *(.ramfunc.$RamLoc40)
 *(.data.$RAM2*)
 *(.data.$RamLoc40*)
                0x10080000                . = ALIGN (0x4)
                0x10080000                PROVIDE (__end_data_RAM2, .)

.data_RAM3      0x20000000        0x0 load address 0x1a0021ac
 FILL mask 0xff
                0x20000000                PROVIDE (__start_data_RAM3, .)
 *(.ramfunc.$RAM3)
 *(.ramfunc.$RamAHB32)
 *(.data.$RAM3*)
 *(.data.$RamAHB32*)
                0x20000000                . = ALIGN (0x4)
                0x20000000                PROVIDE (__end_data_RAM3, .)

.data_RAM4      0x20008000        0x0 load address 0x1a0021ac
 FILL mask 0xff
                0x20008000                PROVIDE (__start_data_RAM4, .)
 *(.ramfunc.$RAM4)
 *(.ramfunc.$RamAHB16)
 *(.data.$RAM4*)
 *(.data.$RamAHB16*)
                0x20008000                . = ALIGN (0x4)
                0x20008000                PROVIDE (__end_data_RAM4, .)

.data_RAM5      0x2000c000        0x0 load address 0x1a0021ac
 FILL mask 0xff
                0x2000c000                PROVIDE (__start_data_RAM5, .)
 *(.ramfunc.$RAM5)
 *(.ramfunc.$RamAHB_ETB16)
 *(.data.$RAM5*)
 *(.data.$RamAHB_ETB16*)
                0x2000c000                . = ALIGN (0x4)
                0x2000c000                PROVIDE (__end_data_RAM5, .)

.uninit_RESERVED
                0x10000000        0x0
 *(.bss.$RESERVED*)
                0x10000000                . = ALIGN (0x4)
                0x10000000                _end_uninit_RESERVED = .

.data           0x10000000        0x0 load address 0x1a0021ac
 FILL mask 0xff
                0x10000000                _data = .
 *(vtable)
 *(.ramfunc*)
 *(.data*)
                0x10000000                . = ALIGN (0x4)
                0x10000000                _edata = .

.igot.plt       0x10000000        0x0 load address 0x1a0021ac
 .igot.plt      0x00000000        0x0 ./example/src/cr_startup_lpc43xx.o

.bss_RAM2       0x10080000        0x0
                0x10080000                PROVIDE (__start_bss_RAM2, .)
 *(.bss.$RAM2*)
 *(.bss.$RamLoc40*)
                0x10080000                . = ALIGN ((. != 0x0)?0x4:0x1)
                0x10080000                PROVIDE (__end_bss_RAM2, .)

.bss_RAM3       0x20000000        0x0
                0x20000000                PROVIDE (__start_bss_RAM3, .)
 *(.bss.$RAM3*)
 *(.bss.$RamAHB32*)
                0x20000000                . = ALIGN ((. != 0x0)?0x4:0x1)
                0x20000000                PROVIDE (__end_bss_RAM3, .)

.bss_RAM4       0x20008000        0x0
                0x20008000                PROVIDE (__start_bss_RAM4, .)
 *(.bss.$RAM4*)
 *(.bss.$RamAHB16*)
                0x20008000                . = ALIGN ((. != 0x0)?0x4:0x1)
                0x20008000                PROVIDE (__end_bss_RAM4, .)

.bss_RAM5       0x2000c000        0x0
                0x2000c000                PROVIDE (__start_bss_RAM5, .)
 *(.bss.$RAM5*)
 *(.bss.$RamAHB_ETB16*)
                0x2000c000                . = ALIGN ((. != 0x0)?0x4:0x1)
                0x2000c000                PROVIDE (__end_bss_RAM5, .)

.bss            0x10000000      0x164
                0x10000000                _bss = .
 *(.bss*)
 .bss.tick_ct   0x10000000        0x4 ./example/src/systick.o
 .bss.led_number
                0x10000004        0x4 ./example/src/systick.o
 .bss.audio_usb_pll_freq
                0x10000008        0x8 /home/patricio/Embebidos/tpfinal/Workspace LPCOPEN/lpc_chip_43xx/Debug/liblpc_chip_43xx.a(clock_18xx_43xx.o)
 .bss.errno     0x10000010        0x4 /usr/local/lpcxpresso_8.0.0_526/lpcxpresso/tools/bin/../lib/gcc/arm-none-eabi/4.9.3/../../../../arm-none-eabi/lib/armv7e-m/softfp/libcr_c.a(errno.o)
                0x10000010                errno
 *(COMMON)
 COMMON         0x10000014        0x4 /home/patricio/Embebidos/tpfinal/Workspace LPCOPEN/lpc_chip_43xx/Debug/liblpc_chip_43xx.a(chip_18xx_43xx.o)
                0x10000014                SystemCoreClock
 COMMON         0x10000018        0x4 /usr/local/lpcxpresso_8.0.0_526/lpcxpresso/tools/bin/../lib/gcc/arm-none-eabi/4.9.3/../../../../arm-none-eabi/lib/armv7e-m/softfp/libcr_c.a(initio.o)
                0x10000018                _extra
 COMMON         0x1000001c      0x140 /usr/local/lpcxpresso_8.0.0_526/lpcxpresso/tools/bin/../lib/gcc/arm-none-eabi/4.9.3/../../../../arm-none-eabi/lib/armv7e-m/softfp/libcr_c.a(stdio.o)
                0x1000001c                __Ciob
 COMMON         0x1000015c        0x8 /usr/local/lpcxpresso_8.0.0_526/lpcxpresso/tools/bin/../lib/gcc/arm-none-eabi/4.9.3/../../../../arm-none-eabi/lib/armv7e-m/softfp/libcr_c.a(__init_alloc.o)
                0x1000015c                __heaps
                0x10000160                __end_of_heap
                0x10000164                . = ALIGN (0x4)
                0x10000164                _ebss = .
                0x10000164                PROVIDE (end, .)

.noinit_RAM2    0x10080000        0x0
 *(.noinit.$RAM2*)
 *(.noinit.$RamLoc40*)
                0x10080000                . = ALIGN (0x4)

.noinit_RAM3    0x20000000        0x0
 *(.noinit.$RAM3*)
 *(.noinit.$RamAHB32*)
                0x20000000                . = ALIGN (0x4)

.noinit_RAM4    0x20008000        0x0
 *(.noinit.$RAM4*)
 *(.noinit.$RamAHB16*)
                0x20008000                . = ALIGN (0x4)

.noinit_RAM5    0x2000c000        0x0
 *(.noinit.$RAM5*)
 *(.noinit.$RamAHB_ETB16*)
                0x2000c000                . = ALIGN (0x4)

.noinit         0x10000164        0x0
                0x10000164                _noinit = .
 *(.noinit*)
                0x10000164                . = ALIGN (0x4)
                0x10000164                _end_noinit = .
                0x10000164                PROVIDE (_pvHeapStart, DEFINED (__user_heap_base)?__user_heap_base:.)
                0x10008000                PROVIDE (_vStackTop, DEFINED (__user_stack_top)?__user_stack_top:(__top_RamLoc32 - 0x0))
                0x53ff73a2                PROVIDE (__valid_user_code_checksum, (0x0 - ((((((_vStackTop + (ResetISR + 0x1)) + (NMI_Handler + 0x1)) + (HardFault_Handler + 0x1)) + (DEFINED (MemManage_Handler)?MemManage_Handler:0x0 + 0x1)) + (DEFINED (BusFault_Handler)?BusFault_Handler:0x0 + 0x1)) + (DEFINED (UsageFault_Handler)?UsageFault_Handler:0x0 + 0x1))))
OUTPUT(ciaa_periph_blinky.axf elf32-littlearm)

.debug_info     0x00000000     0x71ad
 .debug_info    0x00000000      0x292 ./example/src/cr_startup_lpc43xx.o
 .debug_info    0x00000292       0xea ./example/src/sysinit.o
 .debug_info    0x0000037c      0xae8 ./example/src/systick.o
 .debug_info    0x00000e64     0x1986 /home/patricio/Embebidos/tpfinal/Workspace LPCOPEN/ciaa_board_nxp_lpcxpresso_4337/Debug/libciaa_board_nxp_lpcxpresso_4337.a(board.o)
 .debug_info    0x000027ea      0xb45 /home/patricio/Embebidos/tpfinal/Workspace LPCOPEN/ciaa_board_nxp_lpcxpresso_4337/Debug/libciaa_board_nxp_lpcxpresso_4337.a(board_sysinit.o)
 .debug_info    0x0000332f      0xa25 /home/patricio/Embebidos/tpfinal/Workspace LPCOPEN/lpc_chip_43xx/Debug/liblpc_chip_43xx.a(chip_18xx_43xx.o)
 .debug_info    0x00003d54     0x156e /home/patricio/Embebidos/tpfinal/Workspace LPCOPEN/lpc_chip_43xx/Debug/liblpc_chip_43xx.a(clock_18xx_43xx.o)
 .debug_info    0x000052c2      0x128 /home/patricio/Embebidos/tpfinal/Workspace LPCOPEN/lpc_chip_43xx/Debug/liblpc_chip_43xx.a(fpu_init.o)
 .debug_info    0x000053ea      0x42b /home/patricio/Embebidos/tpfinal/Workspace LPCOPEN/lpc_chip_43xx/Debug/liblpc_chip_43xx.a(gpio_18xx_43xx.o)
 .debug_info    0x00005815      0x8ec /home/patricio/Embebidos/tpfinal/Workspace LPCOPEN/lpc_chip_43xx/Debug/liblpc_chip_43xx.a(sysinit_18xx_43xx.o)
 .debug_info    0x00006101     0x10ac /home/patricio/Embebidos/tpfinal/Workspace LPCOPEN/lpc_chip_43xx/Debug/liblpc_chip_43xx.a(uart_18xx_43xx.o)

.debug_abbrev   0x00000000     0x119e
 .debug_abbrev  0x00000000       0xed ./example/src/cr_startup_lpc43xx.o
 .debug_abbrev  0x000000ed       0x9c ./example/src/sysinit.o
 .debug_abbrev  0x00000189      0x1af ./example/src/systick.o
 .debug_abbrev  0x00000338      0x30f /home/patricio/Embebidos/tpfinal/Workspace LPCOPEN/ciaa_board_nxp_lpcxpresso_4337/Debug/libciaa_board_nxp_lpcxpresso_4337.a(board.o)
 .debug_abbrev  0x00000647      0x18d /home/patricio/Embebidos/tpfinal/Workspace LPCOPEN/ciaa_board_nxp_lpcxpresso_4337/Debug/libciaa_board_nxp_lpcxpresso_4337.a(board_sysinit.o)
 .debug_abbrev  0x000007d4      0x148 /home/patricio/Embebidos/tpfinal/Workspace LPCOPEN/lpc_chip_43xx/Debug/liblpc_chip_43xx.a(chip_18xx_43xx.o)
 .debug_abbrev  0x0000091c      0x2c0 /home/patricio/Embebidos/tpfinal/Workspace LPCOPEN/lpc_chip_43xx/Debug/liblpc_chip_43xx.a(clock_18xx_43xx.o)
 .debug_abbrev  0x00000bdc       0x84 /home/patricio/Embebidos/tpfinal/Workspace LPCOPEN/lpc_chip_43xx/Debug/liblpc_chip_43xx.a(fpu_init.o)
 .debug_abbrev  0x00000c60      0x111 /home/patricio/Embebidos/tpfinal/Workspace LPCOPEN/lpc_chip_43xx/Debug/liblpc_chip_43xx.a(gpio_18xx_43xx.o)
 .debug_abbrev  0x00000d71      0x181 /home/patricio/Embebidos/tpfinal/Workspace LPCOPEN/lpc_chip_43xx/Debug/liblpc_chip_43xx.a(sysinit_18xx_43xx.o)
 .debug_abbrev  0x00000ef2      0x2ac /home/patricio/Embebidos/tpfinal/Workspace LPCOPEN/lpc_chip_43xx/Debug/liblpc_chip_43xx.a(uart_18xx_43xx.o)

.debug_aranges  0x00000000      0x5f8
 .debug_aranges
                0x00000000       0x80 ./example/src/cr_startup_lpc43xx.o
 .debug_aranges
                0x00000080       0x20 ./example/src/sysinit.o
 .debug_aranges
                0x000000a0       0x38 ./example/src/systick.o
 .debug_aranges
                0x000000d8      0x170 /home/patricio/Embebidos/tpfinal/Workspace LPCOPEN/ciaa_board_nxp_lpcxpresso_4337/Debug/libciaa_board_nxp_lpcxpresso_4337.a(board.o)
 .debug_aranges
                0x00000248       0x48 /home/patricio/Embebidos/tpfinal/Workspace LPCOPEN/ciaa_board_nxp_lpcxpresso_4337/Debug/libciaa_board_nxp_lpcxpresso_4337.a(board_sysinit.o)
 .debug_aranges
                0x00000290       0x40 /home/patricio/Embebidos/tpfinal/Workspace LPCOPEN/lpc_chip_43xx/Debug/liblpc_chip_43xx.a(chip_18xx_43xx.o)
 .debug_aranges
                0x000002d0      0x138 /home/patricio/Embebidos/tpfinal/Workspace LPCOPEN/lpc_chip_43xx/Debug/liblpc_chip_43xx.a(clock_18xx_43xx.o)
 .debug_aranges
                0x00000408       0x20 /home/patricio/Embebidos/tpfinal/Workspace LPCOPEN/lpc_chip_43xx/Debug/liblpc_chip_43xx.a(fpu_init.o)
 .debug_aranges
                0x00000428       0x68 /home/patricio/Embebidos/tpfinal/Workspace LPCOPEN/lpc_chip_43xx/Debug/liblpc_chip_43xx.a(gpio_18xx_43xx.o)
 .debug_aranges
                0x00000490       0x50 /home/patricio/Embebidos/tpfinal/Workspace LPCOPEN/lpc_chip_43xx/Debug/liblpc_chip_43xx.a(sysinit_18xx_43xx.o)
 .debug_aranges
                0x000004e0      0x118 /home/patricio/Embebidos/tpfinal/Workspace LPCOPEN/lpc_chip_43xx/Debug/liblpc_chip_43xx.a(uart_18xx_43xx.o)

.debug_ranges   0x00000000      0x548
 .debug_ranges  0x00000000       0x70 ./example/src/cr_startup_lpc43xx.o
 .debug_ranges  0x00000070       0x10 ./example/src/sysinit.o
 .debug_ranges  0x00000080       0x28 ./example/src/systick.o
 .debug_ranges  0x000000a8      0x160 /home/patricio/Embebidos/tpfinal/Workspace LPCOPEN/ciaa_board_nxp_lpcxpresso_4337/Debug/libciaa_board_nxp_lpcxpresso_4337.a(board.o)
 .debug_ranges  0x00000208       0x38 /home/patricio/Embebidos/tpfinal/Workspace LPCOPEN/ciaa_board_nxp_lpcxpresso_4337/Debug/libciaa_board_nxp_lpcxpresso_4337.a(board_sysinit.o)
 .debug_ranges  0x00000240       0x30 /home/patricio/Embebidos/tpfinal/Workspace LPCOPEN/lpc_chip_43xx/Debug/liblpc_chip_43xx.a(chip_18xx_43xx.o)
 .debug_ranges  0x00000270      0x128 /home/patricio/Embebidos/tpfinal/Workspace LPCOPEN/lpc_chip_43xx/Debug/liblpc_chip_43xx.a(clock_18xx_43xx.o)
 .debug_ranges  0x00000398       0x10 /home/patricio/Embebidos/tpfinal/Workspace LPCOPEN/lpc_chip_43xx/Debug/liblpc_chip_43xx.a(fpu_init.o)
 .debug_ranges  0x000003a8       0x58 /home/patricio/Embebidos/tpfinal/Workspace LPCOPEN/lpc_chip_43xx/Debug/liblpc_chip_43xx.a(gpio_18xx_43xx.o)
 .debug_ranges  0x00000400       0x40 /home/patricio/Embebidos/tpfinal/Workspace LPCOPEN/lpc_chip_43xx/Debug/liblpc_chip_43xx.a(sysinit_18xx_43xx.o)
 .debug_ranges  0x00000440      0x108 /home/patricio/Embebidos/tpfinal/Workspace LPCOPEN/lpc_chip_43xx/Debug/liblpc_chip_43xx.a(uart_18xx_43xx.o)

.debug_macro    0x00000000     0x6ea8
 .debug_macro   0x00000000       0x1d ./example/src/cr_startup_lpc43xx.o
 .debug_macro   0x0000001d      0x88c ./example/src/cr_startup_lpc43xx.o
 .debug_macro   0x000008a9      0x310 ./example/src/sysinit.o
 .debug_macro   0x00000bb9       0x10 ./example/src/sysinit.o
 .debug_macro   0x00000bc9       0x10 ./example/src/sysinit.o
 .debug_macro   0x00000bd9      0x12d ./example/src/sysinit.o
 .debug_macro   0x00000d06      0x5b2 ./example/src/sysinit.o
 .debug_macro   0x000012b8       0x22 ./example/src/sysinit.o
 .debug_macro   0x000012da       0x7b ./example/src/sysinit.o
 .debug_macro   0x00001355       0x28 ./example/src/sysinit.o
 .debug_macro   0x0000137d       0x3b ./example/src/sysinit.o
 .debug_macro   0x000013b8       0x2d ./example/src/sysinit.o
 .debug_macro   0x000013e5       0x42 ./example/src/sysinit.o
 .debug_macro   0x00001427      0xd39 ./example/src/sysinit.o
 .debug_macro   0x00002160      0x2bc ./example/src/sysinit.o
 .debug_macro   0x0000241c      0x112 ./example/src/sysinit.o
 .debug_macro   0x0000252e       0x11 ./example/src/sysinit.o
 .debug_macro   0x0000253f       0x2a ./example/src/sysinit.o
 .debug_macro   0x00002569       0x16 ./example/src/sysinit.o
 .debug_macro   0x0000257f      0x2e6 ./example/src/sysinit.o
 .debug_macro   0x00002865       0x82 ./example/src/sysinit.o
 .debug_macro   0x000028e7      0x13d ./example/src/sysinit.o
 .debug_macro   0x00002a24      0x198 ./example/src/sysinit.o
 .debug_macro   0x00002bbc       0x34 ./example/src/sysinit.o
 .debug_macro   0x00002bf0       0x58 ./example/src/sysinit.o
 .debug_macro   0x00002c48      0x236 ./example/src/sysinit.o
 .debug_macro   0x00002e7e      0x572 ./example/src/sysinit.o
 .debug_macro   0x000033f0       0x16 ./example/src/sysinit.o
 .debug_macro   0x00003406      0x18a ./example/src/sysinit.o
 .debug_macro   0x00003590       0x88 ./example/src/sysinit.o
 .debug_macro   0x00003618      0x1b9 ./example/src/sysinit.o
 .debug_macro   0x000037d1      0x1da ./example/src/sysinit.o
 .debug_macro   0x000039ab       0x40 ./example/src/sysinit.o
 .debug_macro   0x000039eb       0x1c ./example/src/sysinit.o
 .debug_macro   0x00003a07       0x2e ./example/src/sysinit.o
 .debug_macro   0x00003a35       0x2e ./example/src/sysinit.o
 .debug_macro   0x00003a63       0x22 ./example/src/sysinit.o
 .debug_macro   0x00003a85      0x201 ./example/src/sysinit.o
 .debug_macro   0x00003c86       0xe0 ./example/src/sysinit.o
 .debug_macro   0x00003d66      0x34c ./example/src/sysinit.o
 .debug_macro   0x000040b2       0xdc ./example/src/sysinit.o
 .debug_macro   0x0000418e       0xc4 ./example/src/sysinit.o
 .debug_macro   0x00004252       0x94 ./example/src/sysinit.o
 .debug_macro   0x000042e6       0xb8 ./example/src/sysinit.o
 .debug_macro   0x0000439e       0x4c ./example/src/sysinit.o
 .debug_macro   0x000043ea       0x16 ./example/src/sysinit.o
 .debug_macro   0x00004400      0x328 ./example/src/sysinit.o
 .debug_macro   0x00004728       0x3a ./example/src/sysinit.o
 .debug_macro   0x00004762       0xd0 ./example/src/sysinit.o
 .debug_macro   0x00004832       0x18 ./example/src/sysinit.o
 .debug_macro   0x0000484a       0x22 ./example/src/sysinit.o
 .debug_macro   0x0000486c       0x40 ./example/src/sysinit.o
 .debug_macro   0x000048ac      0x10d ./example/src/sysinit.o
 .debug_macro   0x000049b9       0x9a ./example/src/sysinit.o
 .debug_macro   0x00004a53       0x20 ./example/src/sysinit.o
 .debug_macro   0x00004a73      0x316 ./example/src/systick.o
 .debug_macro   0x00004d89      0x336 /home/patricio/Embebidos/tpfinal/Workspace LPCOPEN/ciaa_board_nxp_lpcxpresso_4337/Debug/libciaa_board_nxp_lpcxpresso_4337.a(board.o)
 .debug_macro   0x000050bf      0x886 /home/patricio/Embebidos/tpfinal/Workspace LPCOPEN/ciaa_board_nxp_lpcxpresso_4337/Debug/libciaa_board_nxp_lpcxpresso_4337.a(board.o)
 .debug_macro   0x00005945       0x12 /home/patricio/Embebidos/tpfinal/Workspace LPCOPEN/ciaa_board_nxp_lpcxpresso_4337/Debug/libciaa_board_nxp_lpcxpresso_4337.a(board.o)
 .debug_macro   0x00005957      0x339 /home/patricio/Embebidos/tpfinal/Workspace LPCOPEN/ciaa_board_nxp_lpcxpresso_4337/Debug/libciaa_board_nxp_lpcxpresso_4337.a(board.o)
 .debug_macro   0x00005c90      0x310 /home/patricio/Embebidos/tpfinal/Workspace LPCOPEN/ciaa_board_nxp_lpcxpresso_4337/Debug/libciaa_board_nxp_lpcxpresso_4337.a(board_sysinit.o)
 .debug_macro   0x00005fa0      0x2da /home/patricio/Embebidos/tpfinal/Workspace LPCOPEN/lpc_chip_43xx/Debug/liblpc_chip_43xx.a(chip_18xx_43xx.o)
 .debug_macro   0x0000627a      0x2e0 /home/patricio/Embebidos/tpfinal/Workspace LPCOPEN/lpc_chip_43xx/Debug/liblpc_chip_43xx.a(clock_18xx_43xx.o)
 .debug_macro   0x0000655a       0xc0 /home/patricio/Embebidos/tpfinal/Workspace LPCOPEN/lpc_chip_43xx/Debug/liblpc_chip_43xx.a(fpu_init.o)
 .debug_macro   0x0000661a      0x2da /home/patricio/Embebidos/tpfinal/Workspace LPCOPEN/lpc_chip_43xx/Debug/liblpc_chip_43xx.a(gpio_18xx_43xx.o)
 .debug_macro   0x000068f4      0x2da /home/patricio/Embebidos/tpfinal/Workspace LPCOPEN/lpc_chip_43xx/Debug/liblpc_chip_43xx.a(sysinit_18xx_43xx.o)
 .debug_macro   0x00006bce      0x2da /home/patricio/Embebidos/tpfinal/Workspace LPCOPEN/lpc_chip_43xx/Debug/liblpc_chip_43xx.a(uart_18xx_43xx.o)

.debug_line     0x00000000     0x4888
 .debug_line    0x00000000      0x102 ./example/src/cr_startup_lpc43xx.o
 .debug_line    0x00000102      0x66b ./example/src/sysinit.o
 .debug_line    0x0000076d      0x6c8 ./example/src/systick.o
 .debug_line    0x00000e35      0xa41 /home/patricio/Embebidos/tpfinal/Workspace LPCOPEN/ciaa_board_nxp_lpcxpresso_4337/Debug/libciaa_board_nxp_lpcxpresso_4337.a(board.o)
 .debug_line    0x00001876      0x6f2 /home/patricio/Embebidos/tpfinal/Workspace LPCOPEN/ciaa_board_nxp_lpcxpresso_4337/Debug/libciaa_board_nxp_lpcxpresso_4337.a(board_sysinit.o)
 .debug_line    0x00001f68      0x64f /home/patricio/Embebidos/tpfinal/Workspace LPCOPEN/lpc_chip_43xx/Debug/liblpc_chip_43xx.a(chip_18xx_43xx.o)
 .debug_line    0x000025b7      0xa48 /home/patricio/Embebidos/tpfinal/Workspace LPCOPEN/lpc_chip_43xx/Debug/liblpc_chip_43xx.a(clock_18xx_43xx.o)
 .debug_line    0x00002fff      0x1ff /home/patricio/Embebidos/tpfinal/Workspace LPCOPEN/lpc_chip_43xx/Debug/liblpc_chip_43xx.a(fpu_init.o)
 .debug_line    0x000031fe      0x6a0 /home/patricio/Embebidos/tpfinal/Workspace LPCOPEN/lpc_chip_43xx/Debug/liblpc_chip_43xx.a(gpio_18xx_43xx.o)
 .debug_line    0x0000389e      0x6c1 /home/patricio/Embebidos/tpfinal/Workspace LPCOPEN/lpc_chip_43xx/Debug/liblpc_chip_43xx.a(sysinit_18xx_43xx.o)
 .debug_line    0x00003f5f      0x929 /home/patricio/Embebidos/tpfinal/Workspace LPCOPEN/lpc_chip_43xx/Debug/liblpc_chip_43xx.a(uart_18xx_43xx.o)

.debug_str      0x00000000    0x18e73
 .debug_str     0x00000000     0x26e9 ./example/src/cr_startup_lpc43xx.o
                               0x2701 (size before relaxing)
 .debug_str     0x000026e9    0x1311c ./example/src/sysinit.o
                              0x156ef (size before relaxing)
 .debug_str     0x00015805      0xe6c ./example/src/systick.o
                              0x16576 (size before relaxing)
 .debug_str     0x00016671     0x1a5d /home/patricio/Embebidos/tpfinal/Workspace LPCOPEN/ciaa_board_nxp_lpcxpresso_4337/Debug/libciaa_board_nxp_lpcxpresso_4337.a(board.o)
                              0x17b7c (size before relaxing)
 .debug_str     0x000180ce      0x125 /home/patricio/Embebidos/tpfinal/Workspace LPCOPEN/ciaa_board_nxp_lpcxpresso_4337/Debug/libciaa_board_nxp_lpcxpresso_4337.a(board_sysinit.o)
                              0x1648d (size before relaxing)
 .debug_str     0x000181f3       0xe8 /home/patricio/Embebidos/tpfinal/Workspace LPCOPEN/lpc_chip_43xx/Debug/liblpc_chip_43xx.a(chip_18xx_43xx.o)
                              0x15d68 (size before relaxing)
 .debug_str     0x000182db      0x5e7 /home/patricio/Embebidos/tpfinal/Workspace LPCOPEN/lpc_chip_43xx/Debug/liblpc_chip_43xx.a(clock_18xx_43xx.o)
                              0x162eb (size before relaxing)
 .debug_str     0x000188c2       0xb5 /home/patricio/Embebidos/tpfinal/Workspace LPCOPEN/lpc_chip_43xx/Debug/liblpc_chip_43xx.a(fpu_init.o)
                               0x9901 (size before relaxing)
 .debug_str     0x00018977       0xe4 /home/patricio/Embebidos/tpfinal/Workspace LPCOPEN/lpc_chip_43xx/Debug/liblpc_chip_43xx.a(gpio_18xx_43xx.o)
                              0x1516a (size before relaxing)
 .debug_str     0x00018a5b       0xb4 /home/patricio/Embebidos/tpfinal/Workspace LPCOPEN/lpc_chip_43xx/Debug/liblpc_chip_43xx.a(sysinit_18xx_43xx.o)
                              0x15d37 (size before relaxing)
 .debug_str     0x00018b0f      0x364 /home/patricio/Embebidos/tpfinal/Workspace LPCOPEN/lpc_chip_43xx/Debug/liblpc_chip_43xx.a(uart_18xx_43xx.o)
                              0x15e9b (size before relaxing)

.comment        0x00000000       0xe0
 .comment       0x00000000       0x70 ./example/src/cr_startup_lpc43xx.o
                                 0x71 (size before relaxing)
 .comment       0x00000000       0x71 ./example/src/sysinit.o
 .comment       0x00000000       0x71 ./example/src/systick.o
 .comment       0x00000000       0x71 /home/patricio/Embebidos/tpfinal/Workspace LPCOPEN/ciaa_board_nxp_lpcxpresso_4337/Debug/libciaa_board_nxp_lpcxpresso_4337.a(board.o)
 .comment       0x00000000       0x71 /home/patricio/Embebidos/tpfinal/Workspace LPCOPEN/ciaa_board_nxp_lpcxpresso_4337/Debug/libciaa_board_nxp_lpcxpresso_4337.a(board_sysinit.o)
 .comment       0x00000000       0x71 /home/patricio/Embebidos/tpfinal/Workspace LPCOPEN/lpc_chip_43xx/Debug/liblpc_chip_43xx.a(chip_18xx_43xx.o)
 .comment       0x00000000       0x71 /home/patricio/Embebidos/tpfinal/Workspace LPCOPEN/lpc_chip_43xx/Debug/liblpc_chip_43xx.a(clock_18xx_43xx.o)
 .comment       0x00000000       0x71 /home/patricio/Embebidos/tpfinal/Workspace LPCOPEN/lpc_chip_43xx/Debug/liblpc_chip_43xx.a(fpu_init.o)
 .comment       0x00000000       0x71 /home/patricio/Embebidos/tpfinal/Workspace LPCOPEN/lpc_chip_43xx/Debug/liblpc_chip_43xx.a(gpio_18xx_43xx.o)
 .comment       0x00000000       0x71 /home/patricio/Embebidos/tpfinal/Workspace LPCOPEN/lpc_chip_43xx/Debug/liblpc_chip_43xx.a(sysinit_18xx_43xx.o)
 .comment       0x00000000       0x71 /home/patricio/Embebidos/tpfinal/Workspace LPCOPEN/lpc_chip_43xx/Debug/liblpc_chip_43xx.a(uart_18xx_43xx.o)
 .comment       0x00000070       0x70 /usr/local/lpcxpresso_8.0.0_526/lpcxpresso/tools/bin/../lib/gcc/arm-none-eabi/4.9.3/../../../../arm-none-eabi/lib/armv7e-m/softfp/libcr_nohost.a(_cr__main.o)
                                 0x71 (size before relaxing)
 .comment       0x00000000       0x71 /usr/local/lpcxpresso_8.0.0_526/lpcxpresso/tools/bin/../lib/gcc/arm-none-eabi/4.9.3/../../../../arm-none-eabi/lib/armv7e-m/softfp/libcr_c.a(memset.o)
 .comment       0x00000000       0x71 /usr/local/lpcxpresso_8.0.0_526/lpcxpresso/tools/bin/../lib/gcc/arm-none-eabi/4.9.3/../../../../arm-none-eabi/lib/armv7e-m/softfp/libcr_c.a(initio.o)
 .comment       0x00000000       0x71 /usr/local/lpcxpresso_8.0.0_526/lpcxpresso/tools/bin/../lib/gcc/arm-none-eabi/4.9.3/../../../../arm-none-eabi/lib/armv7e-m/softfp/libcr_c.a(setvbuf.o)
 .comment       0x00000000       0x71 /usr/local/lpcxpresso_8.0.0_526/lpcxpresso/tools/bin/../lib/gcc/arm-none-eabi/4.9.3/../../../../arm-none-eabi/lib/armv7e-m/softfp/libcr_c.a(stdio.o)
 .comment       0x00000000       0x71 /usr/local/lpcxpresso_8.0.0_526/lpcxpresso/tools/bin/../lib/gcc/arm-none-eabi/4.9.3/../../../../arm-none-eabi/lib/armv7e-m/softfp/libcr_c.a(_deferredlazyseek.o)
 .comment       0x00000000       0x71 /usr/local/lpcxpresso_8.0.0_526/lpcxpresso/tools/bin/../lib/gcc/arm-none-eabi/4.9.3/../../../../arm-none-eabi/lib/armv7e-m/softfp/libcr_c.a(_fdopen.o)
 .comment       0x00000000       0x71 /usr/local/lpcxpresso_8.0.0_526/lpcxpresso/tools/bin/../lib/gcc/arm-none-eabi/4.9.3/../../../../arm-none-eabi/lib/armv7e-m/softfp/libcr_c.a(_fflush.o)
 .comment       0x00000000       0x71 /usr/local/lpcxpresso_8.0.0_526/lpcxpresso/tools/bin/../lib/gcc/arm-none-eabi/4.9.3/../../../../arm-none-eabi/lib/armv7e-m/softfp/libcr_c.a(_writebuf.o)
 .comment       0x00000000       0x71 /usr/local/lpcxpresso_8.0.0_526/lpcxpresso/tools/bin/../lib/gcc/arm-none-eabi/4.9.3/../../../../arm-none-eabi/lib/armv7e-m/softfp/libcr_c.a(alloc.o)
 .comment       0x00000000       0x71 /usr/local/lpcxpresso_8.0.0_526/lpcxpresso/tools/bin/../lib/gcc/arm-none-eabi/4.9.3/../../../../arm-none-eabi/lib/armv7e-m/softfp/libcr_c.a(fclose.o)
 .comment       0x00000000       0x71 /usr/local/lpcxpresso_8.0.0_526/lpcxpresso/tools/bin/../lib/gcc/arm-none-eabi/4.9.3/../../../../arm-none-eabi/lib/armv7e-m/softfp/libcr_c.a(fflush.o)
 .comment       0x00000000       0x71 /usr/local/lpcxpresso_8.0.0_526/lpcxpresso/tools/bin/../lib/gcc/arm-none-eabi/4.9.3/../../../../arm-none-eabi/lib/armv7e-m/softfp/libcr_c.a(fseek.o)
 .comment       0x00000000       0x71 /usr/local/lpcxpresso_8.0.0_526/lpcxpresso/tools/bin/../lib/gcc/arm-none-eabi/4.9.3/../../../../arm-none-eabi/lib/armv7e-m/softfp/libcr_c.a(ftell.o)
 .comment       0x00000000       0x71 /usr/local/lpcxpresso_8.0.0_526/lpcxpresso/tools/bin/../lib/gcc/arm-none-eabi/4.9.3/../../../../arm-none-eabi/lib/armv7e-m/softfp/libcr_c.a(remove.o)
 .comment       0x00000000       0x71 /usr/local/lpcxpresso_8.0.0_526/lpcxpresso/tools/bin/../lib/gcc/arm-none-eabi/4.9.3/../../../../arm-none-eabi/lib/armv7e-m/softfp/libcr_c.a(strlen.o)
 .comment       0x00000000       0x71 /usr/local/lpcxpresso_8.0.0_526/lpcxpresso/tools/bin/../lib/gcc/arm-none-eabi/4.9.3/../../../../arm-none-eabi/lib/armv7e-m/softfp/libcr_c.a(__init_alloc.o)
 .comment       0x00000000       0x71 /usr/local/lpcxpresso_8.0.0_526/lpcxpresso/tools/bin/../lib/gcc/arm-none-eabi/4.9.3/../../../../arm-none-eabi/lib/armv7e-m/softfp/libcr_c.a(_cr_sbrk.o)
 .comment       0x00000000       0x71 /usr/local/lpcxpresso_8.0.0_526/lpcxpresso/tools/bin/../lib/gcc/arm-none-eabi/4.9.3/../../../../arm-none-eabi/lib/armv7e-m/softfp/libcr_c.a(_do_fflush.o)
 .comment       0x00000000       0x71 /usr/local/lpcxpresso_8.0.0_526/lpcxpresso/tools/bin/../lib/gcc/arm-none-eabi/4.9.3/../../../../arm-none-eabi/lib/armv7e-m/softfp/libcr_c.a(errno.o)
 .comment       0x00000000       0x71 /usr/local/lpcxpresso_8.0.0_526/lpcxpresso/tools/bin/../lib/gcc/arm-none-eabi/4.9.3/../../../../arm-none-eabi/lib/armv7e-m/softfp/libcr_c.a(_cr_check_heap.o)
 .comment       0x00000000       0x71 /usr/local/lpcxpresso_8.0.0_526/lpcxpresso/tools/bin/../lib/gcc/arm-none-eabi/4.9.3/../../../../arm-none-eabi/lib/armv7e-m/softfp/libcr_nohost.a(__sys_appexit.o)
 .comment       0x00000000       0x71 /usr/local/lpcxpresso_8.0.0_526/lpcxpresso/tools/bin/../lib/gcc/arm-none-eabi/4.9.3/../../../../arm-none-eabi/lib/armv7e-m/softfp/libcr_nohost.a(__sys_close.o)
 .comment       0x00000000       0x71 /usr/local/lpcxpresso_8.0.0_526/lpcxpresso/tools/bin/../lib/gcc/arm-none-eabi/4.9.3/../../../../arm-none-eabi/lib/armv7e-m/softfp/libcr_nohost.a(__sys_flen.o)
 .comment       0x00000000       0x71 /usr/local/lpcxpresso_8.0.0_526/lpcxpresso/tools/bin/../lib/gcc/arm-none-eabi/4.9.3/../../../../arm-none-eabi/lib/armv7e-m/softfp/libcr_nohost.a(__sys_istty.o)
 .comment       0x00000000       0x71 /usr/local/lpcxpresso_8.0.0_526/lpcxpresso/tools/bin/../lib/gcc/arm-none-eabi/4.9.3/../../../../arm-none-eabi/lib/armv7e-m/softfp/libcr_nohost.a(__sys_remove.o)
 .comment       0x00000000       0x71 /usr/local/lpcxpresso_8.0.0_526/lpcxpresso/tools/bin/../lib/gcc/arm-none-eabi/4.9.3/../../../../arm-none-eabi/lib/armv7e-m/softfp/libcr_nohost.a(__sys_seek.o)
 .comment       0x00000000       0x71 /usr/local/lpcxpresso_8.0.0_526/lpcxpresso/tools/bin/../lib/gcc/arm-none-eabi/4.9.3/../../../../arm-none-eabi/lib/armv7e-m/softfp/libcr_nohost.a(__sys_tmpnam.o)

.ARM.attributes
                0x00000000       0x35
 .ARM.attributes
                0x00000000       0x37 ./example/src/cr_startup_lpc43xx.o
 .ARM.attributes
                0x00000037       0x37 ./example/src/sysinit.o
 .ARM.attributes
                0x0000006e       0x37 ./example/src/systick.o
 .ARM.attributes
                0x000000a5       0x37 /home/patricio/Embebidos/tpfinal/Workspace LPCOPEN/ciaa_board_nxp_lpcxpresso_4337/Debug/libciaa_board_nxp_lpcxpresso_4337.a(board.o)
 .ARM.attributes
                0x000000dc       0x37 /home/patricio/Embebidos/tpfinal/Workspace LPCOPEN/ciaa_board_nxp_lpcxpresso_4337/Debug/libciaa_board_nxp_lpcxpresso_4337.a(board_sysinit.o)
 .ARM.attributes
                0x00000113       0x37 /home/patricio/Embebidos/tpfinal/Workspace LPCOPEN/lpc_chip_43xx/Debug/liblpc_chip_43xx.a(chip_18xx_43xx.o)
 .ARM.attributes
                0x0000014a       0x37 /home/patricio/Embebidos/tpfinal/Workspace LPCOPEN/lpc_chip_43xx/Debug/liblpc_chip_43xx.a(clock_18xx_43xx.o)
 .ARM.attributes
                0x00000181       0x37 /home/patricio/Embebidos/tpfinal/Workspace LPCOPEN/lpc_chip_43xx/Debug/liblpc_chip_43xx.a(fpu_init.o)
 .ARM.attributes
                0x000001b8       0x37 /home/patricio/Embebidos/tpfinal/Workspace LPCOPEN/lpc_chip_43xx/Debug/liblpc_chip_43xx.a(gpio_18xx_43xx.o)
 .ARM.attributes
                0x000001ef       0x37 /home/patricio/Embebidos/tpfinal/Workspace LPCOPEN/lpc_chip_43xx/Debug/liblpc_chip_43xx.a(sysinit_18xx_43xx.o)
 .ARM.attributes
                0x00000226       0x37 /home/patricio/Embebidos/tpfinal/Workspace LPCOPEN/lpc_chip_43xx/Debug/liblpc_chip_43xx.a(uart_18xx_43xx.o)
 .ARM.attributes
                0x0000025d       0x37 /usr/local/lpcxpresso_8.0.0_526/lpcxpresso/tools/bin/../lib/gcc/arm-none-eabi/4.9.3/../../../../arm-none-eabi/lib/armv7e-m/softfp/libcr_nohost.a(_cr__main.o)
 .ARM.attributes
                0x00000294       0x37 /usr/local/lpcxpresso_8.0.0_526/lpcxpresso/tools/bin/../lib/gcc/arm-none-eabi/4.9.3/../../../../arm-none-eabi/lib/armv7e-m/softfp/libcr_c.a(memset.o)
 .ARM.attributes
                0x000002cb       0x37 /usr/local/lpcxpresso_8.0.0_526/lpcxpresso/tools/bin/../lib/gcc/arm-none-eabi/4.9.3/../../../../arm-none-eabi/lib/armv7e-m/softfp/libcr_c.a(initio.o)
 .ARM.attributes
                0x00000302       0x37 /usr/local/lpcxpresso_8.0.0_526/lpcxpresso/tools/bin/../lib/gcc/arm-none-eabi/4.9.3/../../../../arm-none-eabi/lib/armv7e-m/softfp/libcr_c.a(setvbuf.o)
 .ARM.attributes
                0x00000339       0x37 /usr/local/lpcxpresso_8.0.0_526/lpcxpresso/tools/bin/../lib/gcc/arm-none-eabi/4.9.3/../../../../arm-none-eabi/lib/armv7e-m/softfp/libcr_c.a(stdio.o)
 .ARM.attributes
                0x00000370       0x37 /usr/local/lpcxpresso_8.0.0_526/lpcxpresso/tools/bin/../lib/gcc/arm-none-eabi/4.9.3/../../../../arm-none-eabi/lib/armv7e-m/softfp/libcr_c.a(_deferredlazyseek.o)
 .ARM.attributes
                0x000003a7       0x37 /usr/local/lpcxpresso_8.0.0_526/lpcxpresso/tools/bin/../lib/gcc/arm-none-eabi/4.9.3/../../../../arm-none-eabi/lib/armv7e-m/softfp/libcr_c.a(_fdopen.o)
 .ARM.attributes
                0x000003de       0x37 /usr/local/lpcxpresso_8.0.0_526/lpcxpresso/tools/bin/../lib/gcc/arm-none-eabi/4.9.3/../../../../arm-none-eabi/lib/armv7e-m/softfp/libcr_c.a(_fflush.o)
 .ARM.attributes
                0x00000415       0x37 /usr/local/lpcxpresso_8.0.0_526/lpcxpresso/tools/bin/../lib/gcc/arm-none-eabi/4.9.3/../../../../arm-none-eabi/lib/armv7e-m/softfp/libcr_c.a(_writebuf.o)
 .ARM.attributes
                0x0000044c       0x37 /usr/local/lpcxpresso_8.0.0_526/lpcxpresso/tools/bin/../lib/gcc/arm-none-eabi/4.9.3/../../../../arm-none-eabi/lib/armv7e-m/softfp/libcr_c.a(alloc.o)
 .ARM.attributes
                0x00000483       0x37 /usr/local/lpcxpresso_8.0.0_526/lpcxpresso/tools/bin/../lib/gcc/arm-none-eabi/4.9.3/../../../../arm-none-eabi/lib/armv7e-m/softfp/libcr_c.a(fclose.o)
 .ARM.attributes
                0x000004ba       0x37 /usr/local/lpcxpresso_8.0.0_526/lpcxpresso/tools/bin/../lib/gcc/arm-none-eabi/4.9.3/../../../../arm-none-eabi/lib/armv7e-m/softfp/libcr_c.a(fflush.o)
 .ARM.attributes
                0x000004f1       0x37 /usr/local/lpcxpresso_8.0.0_526/lpcxpresso/tools/bin/../lib/gcc/arm-none-eabi/4.9.3/../../../../arm-none-eabi/lib/armv7e-m/softfp/libcr_c.a(fseek.o)
 .ARM.attributes
                0x00000528       0x37 /usr/local/lpcxpresso_8.0.0_526/lpcxpresso/tools/bin/../lib/gcc/arm-none-eabi/4.9.3/../../../../arm-none-eabi/lib/armv7e-m/softfp/libcr_c.a(ftell.o)
 .ARM.attributes
                0x0000055f       0x37 /usr/local/lpcxpresso_8.0.0_526/lpcxpresso/tools/bin/../lib/gcc/arm-none-eabi/4.9.3/../../../../arm-none-eabi/lib/armv7e-m/softfp/libcr_c.a(remove.o)
 .ARM.attributes
                0x00000596       0x37 /usr/local/lpcxpresso_8.0.0_526/lpcxpresso/tools/bin/../lib/gcc/arm-none-eabi/4.9.3/../../../../arm-none-eabi/lib/armv7e-m/softfp/libcr_c.a(strlen.o)
 .ARM.attributes
                0x000005cd       0x37 /usr/local/lpcxpresso_8.0.0_526/lpcxpresso/tools/bin/../lib/gcc/arm-none-eabi/4.9.3/../../../../arm-none-eabi/lib/armv7e-m/softfp/libcr_c.a(__init_alloc.o)
 .ARM.attributes
                0x00000604       0x37 /usr/local/lpcxpresso_8.0.0_526/lpcxpresso/tools/bin/../lib/gcc/arm-none-eabi/4.9.3/../../../../arm-none-eabi/lib/armv7e-m/softfp/libcr_c.a(_cr_sbrk.o)
 .ARM.attributes
                0x0000063b       0x37 /usr/local/lpcxpresso_8.0.0_526/lpcxpresso/tools/bin/../lib/gcc/arm-none-eabi/4.9.3/../../../../arm-none-eabi/lib/armv7e-m/softfp/libcr_c.a(_do_fflush.o)
 .ARM.attributes
                0x00000672       0x37 /usr/local/lpcxpresso_8.0.0_526/lpcxpresso/tools/bin/../lib/gcc/arm-none-eabi/4.9.3/../../../../arm-none-eabi/lib/armv7e-m/softfp/libcr_c.a(errno.o)
 .ARM.attributes
                0x000006a9       0x37 /usr/local/lpcxpresso_8.0.0_526/lpcxpresso/tools/bin/../lib/gcc/arm-none-eabi/4.9.3/../../../../arm-none-eabi/lib/armv7e-m/softfp/libcr_c.a(_cr_check_heap.o)
 .ARM.attributes
                0x000006e0       0x25 /usr/local/lpcxpresso_8.0.0_526/lpcxpresso/tools/bin/../lib/gcc/arm-none-eabi/4.9.3/armv7e-m/softfp/libcr_eabihelpers.a(division_64.o)
 .ARM.attributes
                0x00000705       0x25 /usr/local/lpcxpresso_8.0.0_526/lpcxpresso/tools/bin/../lib/gcc/arm-none-eabi/4.9.3/armv7e-m/softfp/libcr_eabihelpers.a(division_idiv0.o)
 .ARM.attributes
                0x0000072a       0x25 /usr/local/lpcxpresso_8.0.0_526/lpcxpresso/tools/bin/../lib/gcc/arm-none-eabi/4.9.3/armv7e-m/softfp/libcr_eabihelpers.a(memcpy.o)
 .ARM.attributes
                0x0000074f       0x37 /usr/local/lpcxpresso_8.0.0_526/lpcxpresso/tools/bin/../lib/gcc/arm-none-eabi/4.9.3/../../../../arm-none-eabi/lib/armv7e-m/softfp/libcr_nohost.a(__sys_appexit.o)
 .ARM.attributes
                0x00000786       0x37 /usr/local/lpcxpresso_8.0.0_526/lpcxpresso/tools/bin/../lib/gcc/arm-none-eabi/4.9.3/../../../../arm-none-eabi/lib/armv7e-m/softfp/libcr_nohost.a(__sys_close.o)
 .ARM.attributes
                0x000007bd       0x37 /usr/local/lpcxpresso_8.0.0_526/lpcxpresso/tools/bin/../lib/gcc/arm-none-eabi/4.9.3/../../../../arm-none-eabi/lib/armv7e-m/softfp/libcr_nohost.a(__sys_flen.o)
 .ARM.attributes
                0x000007f4       0x37 /usr/local/lpcxpresso_8.0.0_526/lpcxpresso/tools/bin/../lib/gcc/arm-none-eabi/4.9.3/../../../../arm-none-eabi/lib/armv7e-m/softfp/libcr_nohost.a(__sys_istty.o)
 .ARM.attributes
                0x0000082b       0x37 /usr/local/lpcxpresso_8.0.0_526/lpcxpresso/tools/bin/../lib/gcc/arm-none-eabi/4.9.3/../../../../arm-none-eabi/lib/armv7e-m/softfp/libcr_nohost.a(__sys_remove.o)
 .ARM.attributes
                0x00000862       0x37 /usr/local/lpcxpresso_8.0.0_526/lpcxpresso/tools/bin/../lib/gcc/arm-none-eabi/4.9.3/../../../../arm-none-eabi/lib/armv7e-m/softfp/libcr_nohost.a(__sys_seek.o)
 .ARM.attributes
                0x00000899       0x37 /usr/local/lpcxpresso_8.0.0_526/lpcxpresso/tools/bin/../lib/gcc/arm-none-eabi/4.9.3/../../../../arm-none-eabi/lib/armv7e-m/softfp/libcr_nohost.a(__sys_tmpnam.o)

.debug_frame    0x00000000     0x16f8
 .debug_frame   0x00000000      0x170 ./example/src/cr_startup_lpc43xx.o
 .debug_frame   0x00000170       0x34 ./example/src/sysinit.o
 .debug_frame   0x000001a4       0x94 ./example/src/systick.o
 .debug_frame   0x00000238      0x62c /home/patricio/Embebidos/tpfinal/Workspace LPCOPEN/ciaa_board_nxp_lpcxpresso_4337/Debug/libciaa_board_nxp_lpcxpresso_4337.a(board.o)
 .debug_frame   0x00000864       0xe4 /home/patricio/Embebidos/tpfinal/Workspace LPCOPEN/ciaa_board_nxp_lpcxpresso_4337/Debug/libciaa_board_nxp_lpcxpresso_4337.a(board_sysinit.o)
 .debug_frame   0x00000948       0xa0 /home/patricio/Embebidos/tpfinal/Workspace LPCOPEN/lpc_chip_43xx/Debug/liblpc_chip_43xx.a(chip_18xx_43xx.o)
 .debug_frame   0x000009e8      0x568 /home/patricio/Embebidos/tpfinal/Workspace LPCOPEN/lpc_chip_43xx/Debug/liblpc_chip_43xx.a(clock_18xx_43xx.o)
 .debug_frame   0x00000f50       0x38 /home/patricio/Embebidos/tpfinal/Workspace LPCOPEN/lpc_chip_43xx/Debug/liblpc_chip_43xx.a(fpu_init.o)
 .debug_frame   0x00000f88      0x198 /home/patricio/Embebidos/tpfinal/Workspace LPCOPEN/lpc_chip_43xx/Debug/liblpc_chip_43xx.a(gpio_18xx_43xx.o)
 .debug_frame   0x00001120       0xf4 /home/patricio/Embebidos/tpfinal/Workspace LPCOPEN/lpc_chip_43xx/Debug/liblpc_chip_43xx.a(sysinit_18xx_43xx.o)
 .debug_frame   0x00001214      0x4e4 /home/patricio/Embebidos/tpfinal/Workspace LPCOPEN/lpc_chip_43xx/Debug/liblpc_chip_43xx.a(uart_18xx_43xx.o)
