09:30:44 **** Incremental Build of configuration Debug for project Webserver ****
make -r all 
Building target: Webserver.axf
Invoking: MCU Linker
arm-none-eabi-gcc -nostdlib -Xlinker -Map="Webserver.map" -Xlinker --gc-sections -mcpu=cortex-m4 -mfpu=fpv4-sp-d16 -mfloat-abi=softfp -mthumb -T "Webserver_Debug.ld" -o "Webserver.axf"  ./lwIP/src/netif/etharp.o ./lwIP/src/netif/ethernetif.o  ./lwIP/src/core/ipv4/autoip.o ./lwIP/src/core/ipv4/icmp.o ./lwIP/src/core/ipv4/igmp.o ./lwIP/src/core/ipv4/inet.o ./lwIP/src/core/ipv4/inet_chksum.o ./lwIP/src/core/ipv4/ip.o ./lwIP/src/core/ipv4/ip_addr.o ./lwIP/src/core/ipv4/ip_frag.o  ./lwIP/src/core/def.o ./lwIP/src/core/dhcp.o ./lwIP/src/core/dns.o ./lwIP/src/core/init.o ./lwIP/src/core/mem.o ./lwIP/src/core/memp.o ./lwIP/src/core/netif.o ./lwIP/src/core/pbuf.o ./lwIP/src/core/raw.o ./lwIP/src/core/stats.o ./lwIP/src/core/sys.o ./lwIP/src/core/tcp.o ./lwIP/src/core/tcp_in.o ./lwIP/src/core/tcp_out.o ./lwIP/src/core/timers.o ./lwIP/src/core/udp.o  ./lwIP/src/arch/lpc18xx_43xx_emac.o ./lwIP/src/arch/lpc_debug.o ./lwIP/src/arch/sys_arch_freertos.o  ./lwIP/src/api/api_lib.o ./lwIP/src/api/api_msg.o ./lwIP/src/api/err.o ./lwIP/src/api/netbuf.o ./lwIP/src/api/netdb.o ./lwIP/src/api/netifapi.o ./lwIP/src/api/sockets.o ./lwIP/src/api/tcpip.o  ./freeRTOS/src/FreeRTOSCommonHooks.o ./freeRTOS/src/croutine.o ./freeRTOS/src/event_groups.o ./freeRTOS/src/heap_4.o ./freeRTOS/src/list.o ./freeRTOS/src/port.o ./freeRTOS/src/queue.o ./freeRTOS/src/redlib_memfix.o ./freeRTOS/src/tasks.o ./freeRTOS/src/timers.o  ./HAL/Chip/src/adc_18xx_43xx.o ./HAL/Chip/src/aes_18xx_43xx.o ./HAL/Chip/src/atimer_18xx_43xx.o ./HAL/Chip/src/ccan_18xx_43xx.o ./HAL/Chip/src/chip_18xx_43xx.o ./HAL/Chip/src/clock_18xx_43xx.o ./HAL/Chip/src/dac_18xx_43xx.o ./HAL/Chip/src/eeprom_18xx_43xx.o ./HAL/Chip/src/emc_18xx_43xx.o ./HAL/Chip/src/enet_18xx_43xx.o ./HAL/Chip/src/evrt_18xx_43xx.o ./HAL/Chip/src/fpu_init.o ./HAL/Chip/src/gpdma_18xx_43xx.o ./HAL/Chip/src/gpio_18xx_43xx.o ./HAL/Chip/src/gpiogroup_18xx_43xx.o ./HAL/Chip/src/hsadc_18xx_43xx.o ./HAL/Chip/src/i2c_18xx_43xx.o ./HAL/Chip/src/i2cm_18xx_43xx.o ./HAL/Chip/src/i2s_18xx_43xx.o ./HAL/Chip/src/iap_18xx_43xx.o ./HAL/Chip/src/lcd_18xx_43xx.o ./HAL/Chip/src/otp_18xx_43xx.o ./HAL/Chip/src/pinint_18xx_43xx.o ./HAL/Chip/src/pmc_18xx_43xx.o ./HAL/Chip/src/ring_buffer.o ./HAL/Chip/src/ritimer_18xx_43xx.o ./HAL/Chip/src/rtc_18xx_43xx.o ./HAL/Chip/src/sct_18xx_43xx.o ./HAL/Chip/src/sct_pwm_18xx_43xx.o ./HAL/Chip/src/sdif_18xx_43xx.o ./HAL/Chip/src/sdio_18xx_43xx.o ./HAL/Chip/src/sdmmc_18xx_43xx.o ./HAL/Chip/src/spi_18xx_43xx.o ./HAL/Chip/src/ssp_18xx_43xx.o ./HAL/Chip/src/stopwatch_18xx_43xx.o ./HAL/Chip/src/sysinit_18xx_43xx.o ./HAL/Chip/src/timer_18xx_43xx.o ./HAL/Chip/src/uart_18xx_43xx.o ./HAL/Chip/src/wwdt_18xx_43xx.o  ./HAL/Board/src/board.o ./HAL/Board/src/board_sysinit.o ./HAL/Board/src/lpc_phy_smsc87x0.o  ./HAL/Base/cr_startup_lpc43xx.o ./HAL/Base/crp.o ./HAL/Base/sysinit.o  ./Control/src/cr_redlib_heap_fix.o ./Control/src/lwip_tcpecho_freertos.o ./Control/src/newlib_stubs.o ./Control/src/tcpecho.o   
Finished building target: Webserver.axf
 
make --no-print-directory post-build
Performing post-build steps
arm-none-eabi-size "Webserver.axf"; # arm-none-eabi-objcopy -v -O binary "Webserver.axf" "Webserver.bin" ; # checksum -p LPC4337 -d "Webserver.bin";
   text	   data	    bss	    dec	    hex	filename
  56484	  32788	   1420	  90692	  16244	Webserver.axf
 

09:30:45 Build Finished (took 1s.412ms)

