Archive member included because of file (symbol)

/home/pato/Embebidos/tpfinal/test/lpc_board_nxp_lpcxpresso_4337/Debug/liblpc_board_nxp_lpcxpresso_4337.a(board.o)
                              ./freertos/src/FreeRTOSCommonHooks.o (Board_UARTPutSTR)
/home/pato/Embebidos/tpfinal/test/lpc_board_nxp_lpcxpresso_4337/Debug/liblpc_board_nxp_lpcxpresso_4337.a(board_sysinit.o)
                              ./example/src/sysinit.o (Board_SystemInit)
/home/pato/Embebidos/tpfinal/test/lpc_board_nxp_lpcxpresso_4337/Debug/liblpc_board_nxp_lpcxpresso_4337.a(lpc_phy_smsc87x0.o)
                              ./lwip/src/arch/lpc18xx_43xx_emac.o (lpc_phy_init)
/home/pato/Embebidos/tpfinal/test/lpc_chip_43xx/Debug/liblpc_chip_43xx.a(chip_18xx_43xx.o)
                              ./freertos/src/port.o (SystemCoreClock)
/home/pato/Embebidos/tpfinal/test/lpc_chip_43xx/Debug/liblpc_chip_43xx.a(clock_18xx_43xx.o)
                              /home/pato/Embebidos/tpfinal/test/lpc_chip_43xx/Debug/liblpc_chip_43xx.a(chip_18xx_43xx.o) (Chip_Clock_GetClockInputHz)
/home/pato/Embebidos/tpfinal/test/lpc_chip_43xx/Debug/liblpc_chip_43xx.a(enet_18xx_43xx.o)
                              ./lwip/src/arch/lpc18xx_43xx_emac.o (Chip_ENET_Init)
/home/pato/Embebidos/tpfinal/test/lpc_chip_43xx/Debug/liblpc_chip_43xx.a(fpu_init.o)
                              ./example/src/sysinit.o (fpuInit)
/home/pato/Embebidos/tpfinal/test/lpc_chip_43xx/Debug/liblpc_chip_43xx.a(gpio_18xx_43xx.o)
                              /home/pato/Embebidos/tpfinal/test/lpc_board_nxp_lpcxpresso_4337/Debug/liblpc_board_nxp_lpcxpresso_4337.a(board.o) (Chip_GPIO_Init)
/home/pato/Embebidos/tpfinal/test/lpc_chip_43xx/Debug/liblpc_chip_43xx.a(sysinit_18xx_43xx.o)
                              /home/pato/Embebidos/tpfinal/test/lpc_board_nxp_lpcxpresso_4337/Debug/liblpc_board_nxp_lpcxpresso_4337.a(board_sysinit.o) (Chip_SetupCoreClock)
/home/pato/Embebidos/tpfinal/test/lpc_chip_43xx/Debug/liblpc_chip_43xx.a(uart_18xx_43xx.o)
                              /home/pato/Embebidos/tpfinal/test/lpc_board_nxp_lpcxpresso_4337/Debug/liblpc_board_nxp_lpcxpresso_4337.a(board.o) (Chip_UART_Init)
/home/pato/Embebidos/tpfinal/test/lpc_chip_43xx/Debug/liblpc_chip_43xx.a(ring_buffer.o)
                              /home/pato/Embebidos/tpfinal/test/lpc_chip_43xx/Debug/liblpc_chip_43xx.a(uart_18xx_43xx.o) (RingBuffer_Insert)
/usr/local/lpcxpresso_8.0.0_526/lpcxpresso/tools/bin/../lib/gcc/arm-none-eabi/4.9.3/../../../../arm-none-eabi/lib/armv7e-m/softfp/libcr_nohost.a(_cr__main.o)
                              ./example/src/cr_startup_lpc43xx.o (__main)
/usr/local/lpcxpresso_8.0.0_526/lpcxpresso/tools/bin/../lib/gcc/arm-none-eabi/4.9.3/../../../../arm-none-eabi/lib/armv7e-m/softfp/libcr_c.a(memcpy.o)
                              ./lwip/src/netif/etharp.o (memcpy)
/usr/local/lpcxpresso_8.0.0_526/lpcxpresso/tools/bin/../lib/gcc/arm-none-eabi/4.9.3/../../../../arm-none-eabi/lib/armv7e-m/softfp/libcr_c.a(memset.o)
                              ./lwip/src/core/ipv4/ip_frag.o (memset)
/usr/local/lpcxpresso_8.0.0_526/lpcxpresso/tools/bin/../lib/gcc/arm-none-eabi/4.9.3/../../../../arm-none-eabi/lib/armv7e-m/softfp/libcr_c.a(fpprintf.o)
                              ./freertos/src/FreeRTOSCommonHooks.o (printf)
/usr/local/lpcxpresso_8.0.0_526/lpcxpresso/tools/bin/../lib/gcc/arm-none-eabi/4.9.3/../../../../arm-none-eabi/lib/armv7e-m/softfp/libcr_c.a(initio.o)
                              /usr/local/lpcxpresso_8.0.0_526/lpcxpresso/tools/bin/../lib/gcc/arm-none-eabi/4.9.3/../../../../arm-none-eabi/lib/armv7e-m/softfp/libcr_nohost.a(_cr__main.o) (_initio)
/usr/local/lpcxpresso_8.0.0_526/lpcxpresso/tools/bin/../lib/gcc/arm-none-eabi/4.9.3/../../../../arm-none-eabi/lib/armv7e-m/softfp/libcr_c.a(memcmp.o)
                              ./lwip/src/netif/etharp.o (memcmp)
/usr/local/lpcxpresso_8.0.0_526/lpcxpresso/tools/bin/../lib/gcc/arm-none-eabi/4.9.3/../../../../arm-none-eabi/lib/armv7e-m/softfp/libcr_c.a(printf.o)
                              /usr/local/lpcxpresso_8.0.0_526/lpcxpresso/tools/bin/../lib/gcc/arm-none-eabi/4.9.3/../../../../arm-none-eabi/lib/armv7e-m/softfp/libcr_c.a(fpprintf.o) (__vfprintf)
/usr/local/lpcxpresso_8.0.0_526/lpcxpresso/tools/bin/../lib/gcc/arm-none-eabi/4.9.3/../../../../arm-none-eabi/lib/armv7e-m/softfp/libcr_c.a(setvbuf.o)
                              /usr/local/lpcxpresso_8.0.0_526/lpcxpresso/tools/bin/../lib/gcc/arm-none-eabi/4.9.3/../../../../arm-none-eabi/lib/armv7e-m/softfp/libcr_c.a(initio.o) (setvbuf)
/usr/local/lpcxpresso_8.0.0_526/lpcxpresso/tools/bin/../lib/gcc/arm-none-eabi/4.9.3/../../../../arm-none-eabi/lib/armv7e-m/softfp/libcr_c.a(stdio.o)
                              /usr/local/lpcxpresso_8.0.0_526/lpcxpresso/tools/bin/../lib/gcc/arm-none-eabi/4.9.3/../../../../arm-none-eabi/lib/armv7e-m/softfp/libcr_c.a(fpprintf.o) (__Ciob)
[...]
Memory Configuration

Name             Origin             Length             Attributes
MFlashA512       0x1a000000         0x00080000         xr
MFlashB512       0x1b000000         0x00080000         xr
RamLoc32         0x10000000         0x00008000         xrw
RamLoc40         0x10080000         0x0000a000         xrw
RamAHB32         0x20000000         0x00008000         xrw
RamAHB16         0x20008000         0x00004000         xrw
RamAHB_ETB16     0x2000c000         0x00004000         xrw
*default*        0x00000000         0xffffffff

Linker script and memory map

LOAD ./lwip/src/netif/etharp.o
LOAD ./lwip/src/netif/ethernetif.o
LOAD ./lwip/src/core/ipv4/autoip.o
LOAD ./lwip/src/core/ipv4/icmp.o
LOAD ./lwip/src/core/ipv4/igmp.o
LOAD ./lwip/src/core/ipv4/inet.o
LOAD ./lwip/src/core/ipv4/inet_chksum.o
LOAD ./lwip/src/core/ipv4/ip.o
LOAD ./lwip/src/core/ipv4/ip_addr.o
LOAD ./lwip/src/core/ipv4/ip_frag.o
LOAD ./lwip/src/core/def.o
LOAD ./lwip/src/core/dhcp.o
LOAD ./lwip/src/core/dns.o
LOAD ./lwip/src/core/init.o
LOAD ./lwip/src/core/mem.o
LOAD ./lwip/src/core/memp.o
LOAD ./lwip/src/core/netif.o
LOAD ./lwip/src/core/pbuf.o
LOAD ./lwip/src/core/raw.o
LOAD ./lwip/src/core/stats.o
LOAD ./lwip/src/core/sys.o
LOAD ./lwip/src/core/tcp.o
LOAD ./lwip/src/core/tcp_in.o
LOAD ./lwip/src/core/tcp_out.o
LOAD ./lwip/src/core/timers.o
LOAD ./lwip/src/core/udp.o
LOAD ./lwip/src/arch/lpc18xx_43xx_emac.o
LOAD ./lwip/src/arch/lpc_debug.o
LOAD ./lwip/src/arch/sys_arch_freertos.o
LOAD ./lwip/src/api/api_lib.o
LOAD ./lwip/src/api/api_msg.o
LOAD ./lwip/src/api/err.o
LOAD ./lwip/src/api/netbuf.o
LOAD ./lwip/src/api/netdb.o
LOAD ./lwip/src/api/netifapi.o
LOAD ./lwip/src/api/sockets.o
LOAD ./lwip/src/api/tcpip.o
LOAD ./freertos/src/FreeRTOSCommonHooks.o
LOAD ./freertos/src/croutine.o
LOAD ./freertos/src/event_groups.o
LOAD ./freertos/src/heap_4.o
LOAD ./freertos/src/list.o
LOAD ./freertos/src/port.o
LOAD ./freertos/src/queue.o
LOAD ./freertos/src/tasks.o
LOAD ./freertos/src/timers.o
LOAD ./example/src/cr_startup_lpc43xx.o
LOAD ./example/src/freertos_tcpecho.o
LOAD ./example/src/sysinit.o
LOAD ./example/src/tcpecho.o
LOAD /home/pato/Embebidos/tpfinal/test/lpc_board_nxp_lpcxpresso_4337/Debug/liblpc_board_nxp_lpcxpresso_4337.a
LOAD /home/pato/Embebidos/tpfinal/test/lpc_chip_43xx/Debug/liblpc_chip_43xx.a
START GROUP
LOAD /usr/local/lpcxpresso_8.0.0_526/lpcxpresso/tools/bin/../lib/gcc/arm-none-eabi/4.9.3/../../../../arm-none-eabi/lib/armv7e-m/softfp/libcr_nohost.a
LOAD /usr/local/lpcxpresso_8.0.0_526/lpcxpresso/tools/bin/../lib/gcc/arm-none-eabi/4.9.3/../../../../arm-none-eabi/lib/armv7e-m/softfp/libcr_c.a
LOAD /usr/local/lpcxpresso_8.0.0_526/lpcxpresso/tools/bin/../lib/gcc/arm-none-eabi/4.9.3/armv7e-m/softfp/libcr_eabihelpers.a
END GROUP
                0x1a000000                __base_MFlashA512 = 0x1a000000
                0x1a000000                __base_Flash = 0x1a000000
                0x1a080000                __top_MFlashA512 = 0x1a080000
                0x1a080000                __top_Flash = 0x1a080000
                0x1b000000                __base_MFlashB512 = 0x1b000000
                0x1b000000                __base_Flash2 = 0x1b000000
                0x1b080000                __top_MFlashB512 = 0x1b080000
                0x1b080000                __top_Flash2 = 0x1b080000
                0x10000000                __base_RamLoc32 = 0x10000000
                0x10000000                __base_RAM = 0x10000000
                0x10008000                __top_RamLoc32 = 0x10008000
                0x10008000                __top_RAM = 0x10008000
                0x10080000                __base_RamLoc40 = 0x10080000
                0x10080000                __base_RAM2 = 0x10080000
                0x1008a000                __top_RamLoc40 = 0x1008a000
                0x1008a000                __top_RAM2 = 0x1008a000
                0x20000000                __base_RamAHB32 = 0x20000000
                0x20000000                __base_RAM3 = 0x20000000
                0x20008000                __top_RamAHB32 = 0x20008000
                0x20008000                __top_RAM3 = 0x20008000
                0x20008000                __base_RamAHB16 = 0x20008000
                0x20008000                __base_RAM4 = 0x20008000
                0x2000c000                __top_RamAHB16 = 0x2000c000
                0x2000c000                __top_RAM4 = 0x2000c000
                0x2000c000                __base_RamAHB_ETB16 = 0x2000c000
                0x2000c000                __base_RAM5 = 0x2000c000
                0x20010000                __top_RamAHB_ETB16 = 0x20010000
                0x20010000                __top_RAM5 = 0x20010000

.text_Flash2    0x1b000000        0x0
 FILL mask 0xff
 *(.text_Flash2*)
 *(.text_MFlashB512*)
 *(.text.$Flash2*)
 *(.text.$MFlashB512*)
 *(.rodata.$Flash2*)
 *(.rodata.$MFlashB512*)

.text           0x1a000000    0x11330
 FILL mask 0xff
                0x1a000000                __vectors_start__ = ABSOLUTE (.)
 *(.isr_vector)
 .isr_vector    0x1a000000      0x114 ./example/src/cr_startup_lpc43xx.o
                0x1a000000                g_pfnVectors
                0x1a000114                . = ALIGN (0x4)
                0x1a000114                __section_table_start = .
                0x1a000114                __data_section_table = .
                0x1a000114        0x4 LONG 0x1a01b330 LOADADDR (.data)
                0x1a000118        0x4 LONG 0x10000000 ADDR (.data)
                0x1a00011c        0x4 LONG 0x14 SIZEOF (.data)
                0x1a000120        0x4 LONG 0x1a011330 LOADADDR (.data_RAM2)
                0x1a000124        0x4 LONG 0x10080000 ADDR (.data_RAM2)
                0x1a000128        0x4 LONG 0xa000 SIZEOF (.data_RAM2)
                0x1a00012c        0x4 LONG 0x1a01b330 LOADADDR (.data_RAM3)
                0x1a000130        0x4 LONG 0x20000000 ADDR (.data_RAM3)
                0x1a000134        0x4 LONG 0x0 SIZEOF (.data_RAM3)
                0x1a000138        0x4 LONG 0x1a01b330 LOADADDR (.data_RAM4)
                0x1a00013c        0x4 LONG 0x20008000 ADDR (.data_RAM4)
                0x1a000140        0x4 LONG 0x0 SIZEOF (.data_RAM4)
                0x1a000144        0x4 LONG 0x1a01b330 LOADADDR (.data_RAM5)
                0x1a000148        0x4 LONG 0x2000c000 ADDR (.data_RAM5)
                0x1a00014c        0x4 LONG 0x0 SIZEOF (.data_RAM5)
                0x1a000150                __data_section_table_end = .
                0x1a000150                __bss_section_table = .
                0x1a000150        0x4 LONG 0x10000014 ADDR (.bss)
                0x1a000154        0x4 LONG 0x6ec SIZEOF (.bss)
                0x1a000158        0x4 LONG 0x1008a000 ADDR (.bss_RAM2)
                0x1a00015c        0x4 LONG 0x0 SIZEOF (.bss_RAM2)
                0x1a000160        0x4 LONG 0x20000000 ADDR (.bss_RAM3)
                0x1a000164        0x4 LONG 0x0 SIZEOF (.bss_RAM3)
                0x1a000168        0x4 LONG 0x20008000 ADDR (.bss_RAM4)
                0x1a00016c        0x4 LONG 0x0 SIZEOF (.bss_RAM4)
                0x1a000170        0x4 LONG 0x2000c000 ADDR (.bss_RAM5)
                0x1a000174        0x4 LONG 0x0 SIZEOF (.bss_RAM5)
                0x1a000178                __bss_section_table_end = .
                0x1a000178                __section_table_end = .
 *(.after_vectors*)
 .after_vectors
                0x1a000178       0xcc ./example/src/cr_startup_lpc43xx.o
                0x1a000178                data_init
                0x1a0001bc                bss_init
                0x1a0001f4                NMI_Handler
                0x1a0001fc                HardFault_Handler
                0x1a000204                MemManage_Handler
                0x1a00020c                BusFault_Handler
                0x1a000214                UsageFault_Handler
                0x1a000224                DebugMon_Handler
                0x1a00023c                TIMER2_IRQHandler
                0x1a00023c                RIT_IRQHandler
                0x1a00023c                ADCHS_IRQHandler
                0x1a00023c                FLASH_EEPROM_IRQHandler
                0x1a00023c                I2C0_IRQHandler
                0x1a00023c                SDIO_IRQHandler
                0x1a00023c                ATIMER_IRQHandler
                0x1a00023c                I2C1_IRQHandler
                0x1a00023c                UART1_IRQHandler
                0x1a00023c                GPIO5_IRQHandler
                0x1a00023c                CAN1_IRQHandler
                0x1a00023c                USB1_IRQHandler
                0x1a00023c                I2S0_IRQHandler
                0x1a00023c                TIMER3_IRQHandler
                0x1a00023c                UART0_IRQHandler
                0x1a00023c                SGPIO_IRQHandler
                0x1a00023c                ADC0_IRQHandler
                0x1a00023c                GPIO6_IRQHandler
                0x1a00023c                IntDefaultHandler
                0x1a00023c                GPIO1_IRQHandler
                0x1a00023c                SSP0_IRQHandler
                0x1a00023c                ADC1_IRQHandler
                0x1a00023c                RTC_IRQHandler
                0x1a00023c                TIMER0_IRQHandler
                0x1a00023c                SPI_IRQHandler
                0x1a00023c                LCD_IRQHandler
                0x1a00023c                TIMER1_IRQHandler
                0x1a00023c                UART2_IRQHandler
                0x1a00023c                GPIO2_IRQHandler
                0x1a00023c                I2S1_IRQHandler
                0x1a00023c                SSP1_IRQHandler
                0x1a00023c                USB0_IRQHandler
                0x1a00023c                GPIO3_IRQHandler
                0x1a00023c                SCT_IRQHandler
                0x1a00023c                WDT_IRQHandler
                0x1a00023c                GPIO7_IRQHandler
                0x1a00023c                SPIFI_IRQHandler
                0x1a00023c                QEI_IRQHandler
                0x1a00023c                CAN0_IRQHandler
                0x1a00023c                GINT0_IRQHandler
                0x1a00023c                DAC_IRQHandler
                0x1a00023c                M0SUB_IRQHandler
                0x1a00023c                GPIO0_IRQHandler
                0x1a00023c                DMA_IRQHandler
                0x1a00023c                EVRT_IRQHandler
                0x1a00023c                UART3_IRQHandler
                0x1a00023c                MCPWM_IRQHandler
                0x1a00023c                M0APP_IRQHandler
                0x1a00023c                GINT1_IRQHandler
                0x1a00023c                GPIO4_IRQHandler
 *(.text*)
 .text.etharp_free_entry
                0x1a000244       0x64 ./lwip/src/netif/etharp.o
 .text.etharp_tmr
                0x1a0002a8       0xdc ./lwip/src/netif/etharp.o
                0x1a0002a8                etharp_tmr
 .text.etharp_find_entry
                0x1a000384      0x23c ./lwip/src/netif/etharp.o
 .text.etharp_send_ip
                0x1a0005c0       0x60 ./lwip/src/netif/etharp.o
 .text.etharp_update_arp_entry
                0x1a000620      0x12c ./lwip/src/netif/etharp.o
 .text.etharp_arp_input
                0x1a00074c      0x194 ./lwip/src/netif/etharp.o
 .text.etharp_output_to_arp_index
                0x1a0008e0       0xb8 ./lwip/src/netif/etharp.o
 .text.etharp_output
                0x1a000998      0x1b0 ./lwip/src/netif/etharp.o
                0x1a000998                etharp_output
 .text.etharp_query
                0x1a000b48      0x248 ./lwip/src/netif/etharp.o
                0x1a000b48                etharp_query
 .text.etharp_raw
                0x1a000d90      0x118 ./lwip/src/netif/etharp.o
 .text.etharp_request
                0x1a000ea8       0x48 ./lwip/src/netif/etharp.o
                0x1a000ea8                etharp_request
 .text.ethernet_input
                0x1a000ef0      0x100 ./lwip/src/netif/etharp.o
                0x1a000ef0                ethernet_input
 .text.icmp_input
                0x1a000ff0      0x210 ./lwip/src/core/ipv4/icmp.o
                0x1a000ff0                icmp_input
 .text.icmp_dest_unreach
                0x1a001200       0x20 ./lwip/src/core/ipv4/icmp.o
                0x1a001200                icmp_dest_unreach
 .text.icmp_time_exceeded
                0x1a001220       0x20 ./lwip/src/core/ipv4/icmp.o
                0x1a001220                icmp_time_exceeded
 .text.icmp_send_response
                0x1a001240       0xb8 ./lwip/src/core/ipv4/icmp.o
 .text.lwip_standard_chksum
                0x1a0012f8       0x9c ./lwip/src/core/ipv4/inet_chksum.o
 .text.inet_chksum_pseudo
                0x1a001394      0x110 ./lwip/src/core/ipv4/inet_chksum.o
                0x1a001394                inet_chksum_pseudo
 .text.inet_chksum_pseudo_partial
                0x1a0014a4      0x13c ./lwip/src/core/ipv4/inet_chksum.o
                0x1a0014a4                inet_chksum_pseudo_partial
 .text.inet_chksum
                0x1a0015e0       0x24 ./lwip/src/core/ipv4/inet_chksum.o
                0x1a0015e0                inet_chksum
 .text.inet_chksum_pbuf
                0x1a001604       0x98 ./lwip/src/core/ipv4/inet_chksum.o
                0x1a001604                inet_chksum_pbuf
 .text.lwip_chksum_copy
                0x1a00169c       0x30 ./lwip/src/core/ipv4/inet_chksum.o
                0x1a00169c                lwip_chksum_copy
 .text.ip_route
                0x1a0016cc       0x78 ./lwip/src/core/ipv4/ip.o
                0x1a0016cc                ip_route
 .text.ip_input
                0x1a001744      0x214 ./lwip/src/core/ipv4/ip.o
                0x1a001744                ip_input
 .text.ip_output_if
                0x1a001958      0x1c0 ./lwip/src/core/ipv4/ip.o
                0x1a001958                ip_output_if
 .text.ip_output
                0x1a001b18       0x58 ./lwip/src/core/ipv4/ip.o
                0x1a001b18                ip_output
 .text.ip4_addr_isbroadcast
                0x1a001b70       0x78 ./lwip/src/core/ipv4/ip_addr.o
                0x1a001b70                ip4_addr_isbroadcast
 .text.ipaddr_ntoa_r
                0x1a001be8      0x104 ./lwip/src/core/ipv4/ip_addr.o
                0x1a001be8                ipaddr_ntoa_r
 .text.ip_reass_tmr
                0x1a001cec       0x54 ./lwip/src/core/ipv4/ip_frag.o
                0x1a001cec                ip_reass_tmr
 .text.ip_reass_free_complete_datagram
                0x1a001d40      0x10c ./lwip/src/core/ipv4/ip_frag.o
 .text.ip_reass_remove_oldest_datagram
                0x1a001e4c       0xb8 ./lwip/src/core/ipv4/ip_frag.o
 .text.ip_reass_enqueue_new_datagram
                0x1a001f04       0x80 ./lwip/src/core/ipv4/ip_frag.o
 .text.ip_reass_dequeue_datagram
                0x1a001f84       0x40 ./lwip/src/core/ipv4/ip_frag.o
 .text.ip_reass_chain_frag_into_datagram_and_validate
                0x1a001fc4      0x250 ./lwip/src/core/ipv4/ip_frag.o
 .text.ip_reass
                0x1a002214      0x244 ./lwip/src/core/ipv4/ip_frag.o
                0x1a002214                ip_reass
 .text.ip_frag_alloc_pbuf_custom_ref
                0x1a002458       0x18 ./lwip/src/core/ipv4/ip_frag.o
 .text.ip_frag_free_pbuf_custom_ref
                0x1a002470       0x20 ./lwip/src/core/ipv4/ip_frag.o
 .text.ipfrag_free_pbuf_custom
                0x1a002490       0x40 ./lwip/src/core/ipv4/ip_frag.o
 .text.ip_frag  0x1a0024d0      0x208 ./lwip/src/core/ipv4/ip_frag.o
                0x1a0024d0                ip_frag
 .text.lwip_htons
                0x1a0026d8       0x2c ./lwip/src/core/def.o
                0x1a0026d8                lwip_htons
 .text.lwip_ntohs
                0x1a002704       0x1c ./lwip/src/core/def.o
                0x1a002704                lwip_ntohs
 .text.lwip_htonl
                0x1a002720       0x34 ./lwip/src/core/def.o
                0x1a002720                lwip_htonl
 .text.lwip_ntohl
                0x1a002754       0x18 ./lwip/src/core/def.o
                0x1a002754                lwip_ntohl
 .text.lwip_init
                0x1a00276c       0x1c ./lwip/src/core/init.o
                0x1a00276c                lwip_init
 .text.netif_init
                0x1a002788        0xc ./lwip/src/core/netif.o
                0x1a002788                netif_init
 .text.netif_add
                0x1a002794       0x8c ./lwip/src/core/netif.o
                0x1a002794                netif_add
 .text.netif_set_addr
                0x1a002820       0x2c ./lwip/src/core/netif.o
                0x1a002820                netif_set_addr
 .text.netif_set_ipaddr
                0x1a00284c       0xb0 ./lwip/src/core/netif.o
                0x1a00284c                netif_set_ipaddr
 .text.netif_set_gw
                0x1a0028fc       0x28 ./lwip/src/core/netif.o
                0x1a0028fc                netif_set_gw
 .text.netif_set_netmask
                0x1a002924       0x28 ./lwip/src/core/netif.o
                0x1a002924                netif_set_netmask
 .text.netif_set_default
                0x1a00294c       0x1c ./lwip/src/core/netif.o
                0x1a00294c                netif_set_default
 .text.netif_set_up
                0x1a002968       0x58 ./lwip/src/core/netif.o
                0x1a002968                netif_set_up
 .text.netif_set_link_up
                0x1a0029c0       0x58 ./lwip/src/core/netif.o
                0x1a0029c0                netif_set_link_up
 .text.netif_set_link_down
                0x1a002a18       0x34 ./lwip/src/core/netif.o
                0x1a002a18                netif_set_link_down
 .text.pbuf_free_ooseq
                0x1a002a4c       0x54 ./lwip/src/core/pbuf.o
 .text.pbuf_free_ooseq_callback
                0x1a002aa0       0x14 ./lwip/src/core/pbuf.o
 .text.pbuf_pool_is_empty
                0x1a002ab4       0x54 ./lwip/src/core/pbuf.o
 .text.pbuf_alloc
                0x1a002b08      0x294 ./lwip/src/core/pbuf.o
                0x1a002b08                pbuf_alloc
 .text.pbuf_alloced_custom
                0x1a002d9c       0xb4 ./lwip/src/core/pbuf.o
                0x1a002d9c                pbuf_alloced_custom
 .text.pbuf_realloc
                0x1a002e50       0xe4 ./lwip/src/core/pbuf.o
                0x1a002e50                pbuf_realloc
 .text.pbuf_header
                0x1a002f34       0xf0 ./lwip/src/core/pbuf.o
                0x1a002f34                pbuf_header
 .text.pbuf_free
                0x1a003024       0xf0 ./lwip/src/core/pbuf.o
                0x1a003024                pbuf_free
 .text.pbuf_clen
                0x1a003114       0x30 ./lwip/src/core/pbuf.o
                0x1a003114                pbuf_clen
 .text.pbuf_ref
                0x1a003144       0x2c ./lwip/src/core/pbuf.o
                0x1a003144                pbuf_ref
 .text.pbuf_cat
                0x1a003170       0x78 ./lwip/src/core/pbuf.o
                0x1a003170                pbuf_cat
 .text.pbuf_copy
                0x1a0031e8      0x13c ./lwip/src/core/pbuf.o
                0x1a0031e8                pbuf_copy
 .text.pbuf_copy_partial
                0x1a003324       0xd4 ./lwip/src/core/pbuf.o
                0x1a003324                pbuf_copy_partial
 .text.tcp_init
                0x1a0033f8        0xc ./lwip/src/core/tcp.o
                0x1a0033f8                tcp_init
 .text.tcp_tmr  0x1a003404       0x2c ./lwip/src/core/tcp.o
                0x1a003404                tcp_tmr
 .text.tcp_close_shutdown
                0x1a003430      0x254 ./lwip/src/core/tcp.o
 .text.tcp_close
                0x1a003684       0x30 ./lwip/src/core/tcp.o
                0x1a003684                tcp_close
 .text.tcp_shutdown
                0x1a0036b4       0x8c ./lwip/src/core/tcp.o
                0x1a0036b4                tcp_shutdown
 .text.tcp_abandon
                0x1a003740       0xd8 ./lwip/src/core/tcp.o
                0x1a003740                tcp_abandon
 .text.tcp_abort
                0x1a003818       0x18 ./lwip/src/core/tcp.o
                0x1a003818                tcp_abort
 .text.tcp_bind
                0x1a003830       0xe0 ./lwip/src/core/tcp.o
                0x1a003830                tcp_bind
 .text.tcp_accept_null
                0x1a003910       0x20 ./lwip/src/core/tcp.o
 .text.tcp_listen_with_backlog
                0x1a003930      0x120 ./lwip/src/core/tcp.o
                0x1a003930                tcp_listen_with_backlog
 .text.tcp_update_rcv_ann_wnd
                0x1a003a50       0x8c ./lwip/src/core/tcp.o
                0x1a003a50                tcp_update_rcv_ann_wnd
 .text.tcp_recved
                0x1a003adc       0x7c ./lwip/src/core/tcp.o
                0x1a003adc                tcp_recved
 .text.tcp_new_port
                0x1a003b58       0x8c ./lwip/src/core/tcp.o
 .text.tcp_slowtmr
                0x1a003be4      0x4c8 ./lwip/src/core/tcp.o
                0x1a003be4                tcp_slowtmr
 .text.tcp_fasttmr
                0x1a0040ac       0xa0 ./lwip/src/core/tcp.o
                0x1a0040ac                tcp_fasttmr
 .text.tcp_process_refused_data
                0x1a00414c       0xd0 ./lwip/src/core/tcp.o
                0x1a00414c                tcp_process_refused_data
 .text.tcp_segs_free
                0x1a00421c       0x28 ./lwip/src/core/tcp.o
                0x1a00421c                tcp_segs_free
 .text.tcp_seg_free
                0x1a004244       0x2c ./lwip/src/core/tcp.o
                0x1a004244                tcp_seg_free
 .text.tcp_seg_copy
                0x1a004270       0x40 ./lwip/src/core/tcp.o
                0x1a004270                tcp_seg_copy
 .text.tcp_recv_null
                0x1a0042b0       0x48 ./lwip/src/core/tcp.o
                0x1a0042b0                tcp_recv_null
 .text.tcp_kill_prio
                0x1a0042f8       0x80 ./lwip/src/core/tcp.o
 .text.tcp_kill_timewait
                0x1a004378       0x5c ./lwip/src/core/tcp.o
 .text.tcp_alloc
                0x1a0043d4      0x128 ./lwip/src/core/tcp.o
                0x1a0043d4                tcp_alloc
 .text.tcp_new  0x1a0044fc       0x10 ./lwip/src/core/tcp.o
                0x1a0044fc                tcp_new
 .text.tcp_arg  0x1a00450c       0x1c ./lwip/src/core/tcp.o
                0x1a00450c                tcp_arg
 .text.tcp_recv
                0x1a004528       0x24 ./lwip/src/core/tcp.o
                0x1a004528                tcp_recv
 .text.tcp_sent
                0x1a00454c       0x24 ./lwip/src/core/tcp.o
                0x1a00454c                tcp_sent
 .text.tcp_err  0x1a004570       0x24 ./lwip/src/core/tcp.o
                0x1a004570                tcp_err
 .text.tcp_accept
                0x1a004594       0x1c ./lwip/src/core/tcp.o
                0x1a004594                tcp_accept
 .text.tcp_poll
                0x1a0045b0       0x30 ./lwip/src/core/tcp.o
                0x1a0045b0                tcp_poll
 .text.tcp_pcb_purge
                0x1a0045e0       0x80 ./lwip/src/core/tcp.o
                0x1a0045e0                tcp_pcb_purge
 .text.tcp_pcb_remove
                0x1a004660       0xcc ./lwip/src/core/tcp.o
                0x1a004660                tcp_pcb_remove
 .text.tcp_next_iss
                0x1a00472c       0x28 ./lwip/src/core/tcp.o
                0x1a00472c                tcp_next_iss
 .text.tcp_eff_send_mss
                0x1a004754       0x40 ./lwip/src/core/tcp.o
                0x1a004754                tcp_eff_send_mss
 .text.tcp_input
                0x1a004794      0x670 ./lwip/src/core/tcp_in.o
                0x1a004794                tcp_input
 .text.tcp_listen_input
                0x1a004e04      0x194 ./lwip/src/core/tcp_in.o
 .text.tcp_timewait_input
                0x1a004f98       0xd8 ./lwip/src/core/tcp_in.o
 .text.tcp_process
                0x1a005070      0x6d8 ./lwip/src/core/tcp_in.o
 .text.tcp_oos_insert_segment
                0x1a005748       0xec ./lwip/src/core/tcp_in.o
 .text.tcp_receive
                0x1a005834      0xf70 ./lwip/src/core/tcp_in.o
 .text.tcp_parseopt
                0x1a0067a4      0x104 ./lwip/src/core/tcp_in.o
 .text.tcp_output_alloc_header
                0x1a0068a8       0xe4 ./lwip/src/core/tcp_out.o
 .text.tcp_send_fin
                0x1a00698c       0x80 ./lwip/src/core/tcp_out.o
                0x1a00698c                tcp_send_fin
 .text.tcp_create_segment
                0x1a006a0c      0x128 ./lwip/src/core/tcp_out.o
 .text.tcp_pbuf_prealloc
                0x1a006b34       0xb0 ./lwip/src/core/tcp_out.o
 .text.tcp_seg_add_chksum
                0x1a006be4       0x68 ./lwip/src/core/tcp_out.o
 .text.tcp_write_checks
                0x1a006c4c       0xc4 ./lwip/src/core/tcp_out.o
 .text.tcp_write
                0x1a006d10      0x5ec ./lwip/src/core/tcp_out.o
                0x1a006d10                tcp_write
 .text.tcp_enqueue_flags
                0x1a0072fc      0x1d4 ./lwip/src/core/tcp_out.o
                0x1a0072fc                tcp_enqueue_flags
 .text.tcp_send_empty_ack
                0x1a0074d0       0x90 ./lwip/src/core/tcp_out.o
                0x1a0074d0                tcp_send_empty_ack
 .text.tcp_output
                0x1a007560      0x2c0 ./lwip/src/core/tcp_out.o
                0x1a007560                tcp_output
 .text.tcp_output_segment
                0x1a007820      0x20c ./lwip/src/core/tcp_out.o
 .text.tcp_rst  0x1a007a2c       0xdc ./lwip/src/core/tcp_out.o
                0x1a007a2c                tcp_rst
 .text.tcp_rexmit_rto
                0x1a007b08       0x60 ./lwip/src/core/tcp_out.o
                0x1a007b08                tcp_rexmit_rto
 .text.tcp_rexmit
                0x1a007b68       0x94 ./lwip/src/core/tcp_out.o
                0x1a007b68                tcp_rexmit
 .text.tcp_rexmit_fast
                0x1a007bfc       0xa4 ./lwip/src/core/tcp_out.o
                0x1a007bfc                tcp_rexmit_fast
 .text.tcp_keepalive
                0x1a007ca0       0x74 ./lwip/src/core/tcp_out.o
                0x1a007ca0                tcp_keepalive
 .text.tcp_zero_window_probe
                0x1a007d14      0x10c ./lwip/src/core/tcp_out.o
                0x1a007d14                tcp_zero_window_probe
 .text.tcpip_tcp_timer
                0x1a007e20       0x44 ./lwip/src/core/timers.o
 .text.tcp_timer_needed
                0x1a007e64       0x40 ./lwip/src/core/timers.o
                0x1a007e64                tcp_timer_needed
 .text.ip_reass_timer
                0x1a007ea4       0x24 ./lwip/src/core/timers.o
 .text.arp_timer
                0x1a007ec8       0x24 ./lwip/src/core/timers.o
 .text.sys_timeouts_init
                0x1a007eec       0x28 ./lwip/src/core/timers.o
                0x1a007eec                sys_timeouts_init
 .text.sys_timeout
                0x1a007f14       0xf0 ./lwip/src/core/timers.o
                0x1a007f14                sys_timeout
 .text.sys_untimeout
                0x1a008004       0x8c ./lwip/src/core/timers.o
                0x1a008004                sys_untimeout
 .text.sys_timeouts_mbox_fetch
                0x1a008090       0xac ./lwip/src/core/timers.o
                0x1a008090                sys_timeouts_mbox_fetch
 .text.udp_init
                0x1a00813c        0xc ./lwip/src/core/udp.o
                0x1a00813c                udp_init
 .text.udp_new_port
                0x1a008148       0x74 ./lwip/src/core/udp.o
 .text.udp_input
                0x1a0081bc      0x268 ./lwip/src/core/udp.o
                0x1a0081bc                udp_input
 .text.udp_bind
                0x1a008424       0xc8 ./lwip/src/core/udp.o
                0x1a008424                udp_bind
 .text.udp_recv
                0x1a0084ec       0x24 ./lwip/src/core/udp.o
                0x1a0084ec                udp_recv
 .text.udp_remove
                0x1a008510       0x5c ./lwip/src/core/udp.o
                0x1a008510                udp_remove
 .text.udp_new  0x1a00856c       0x38 ./lwip/src/core/udp.o
                0x1a00856c                udp_new
 .text.Chip_ENET_SetADDR
                0x1a0085a4       0x50 ./lwip/src/arch/lpc18xx_43xx_emac.o
 .text.lpc_rxqueue_pbuf
                0x1a0085f4       0xac ./lwip/src/arch/lpc18xx_43xx_emac.o
 .text.lpc_rx_setup
                0x1a0086a0       0xb8 ./lwip/src/arch/lpc18xx_43xx_emac.o
 .text.lpc_low_level_input
                0x1a008758      0x140 ./lwip/src/arch/lpc18xx_43xx_emac.o
 .text.lpc_tx_setup
                0x1a008898       0xa0 ./lwip/src/arch/lpc18xx_43xx_emac.o
 .text.lpc_low_level_output
                0x1a008938      0x26c ./lwip/src/arch/lpc18xx_43xx_emac.o
 .text.lpc_etharp_output
                0x1a008ba4       0x34 ./lwip/src/arch/lpc18xx_43xx_emac.o
 .text.vPacketReceiveTask
                0x1a008bd8       0x3c ./lwip/src/arch/lpc18xx_43xx_emac.o
 .text.vTransmitCleanupTask
                0x1a008c14       0x28 ./lwip/src/arch/lpc18xx_43xx_emac.o
 .text.low_level_init
                0x1a008c3c      0x104 ./lwip/src/arch/lpc18xx_43xx_emac.o
 .text.lpc_rx_queue
                0x1a008d40       0x60 ./lwip/src/arch/lpc18xx_43xx_emac.o
                0x1a008d40                lpc_rx_queue
 .text.lpc_enetif_input
                0x1a008da0       0x64 ./lwip/src/arch/lpc18xx_43xx_emac.o
                0x1a008da0                lpc_enetif_input
 .text.lpc_tx_reclaim
                0x1a008e04       0xd8 ./lwip/src/arch/lpc18xx_43xx_emac.o
                0x1a008e04                lpc_tx_reclaim
 .text.lpc_tx_ready
                0x1a008edc       0x1c ./lwip/src/arch/lpc18xx_43xx_emac.o
                0x1a008edc                lpc_tx_ready
 .text.ETH_IRQHandler
                0x1a008ef8       0x8c ./lwip/src/arch/lpc18xx_43xx_emac.o
                0x1a008ef8                ETH_IRQHandler
 .text.lpc_enetif_init
                0x1a008f84      0x13c ./lwip/src/arch/lpc18xx_43xx_emac.o
                0x1a008f84                lpc_enetif_init
 .text.assert_loop
                0x1a0090c0        0x8 ./lwip/src/arch/lpc_debug.o
                0x1a0090c0                assert_loop
 .text.sys_mbox_new
                0x1a0090c8       0x38 ./lwip/src/arch/sys_arch_freertos.o
                0x1a0090c8                sys_mbox_new
 .text.sys_mbox_free
                0x1a009100       0x24 ./lwip/src/arch/sys_arch_freertos.o
                0x1a009100                sys_mbox_free
 .text.sys_mbox_post
                0x1a009124       0x2c ./lwip/src/arch/sys_arch_freertos.o
                0x1a009124                sys_mbox_post
 .text.sys_mbox_trypost
                0x1a009150       0x38 ./lwip/src/arch/sys_arch_freertos.o
                0x1a009150                sys_mbox_trypost
 .text.sys_arch_mbox_fetch
                0x1a009188       0x9c ./lwip/src/arch/sys_arch_freertos.o
                0x1a009188                sys_arch_mbox_fetch
 .text.sys_arch_mbox_tryfetch
                0x1a009224       0x44 ./lwip/src/arch/sys_arch_freertos.o
                0x1a009224                sys_arch_mbox_tryfetch
 .text.sys_sem_new
                0x1a009268       0x68 ./lwip/src/arch/sys_arch_freertos.o
                0x1a009268                sys_sem_new
 .text.sys_arch_sem_wait
                0x1a0092d0       0x88 ./lwip/src/arch/sys_arch_freertos.o
                0x1a0092d0                sys_arch_sem_wait
 .text.sys_mutex_new
                0x1a009358       0x30 ./lwip/src/arch/sys_arch_freertos.o
                0x1a009358                sys_mutex_new
 .text.sys_mutex_lock
                0x1a009388       0x28 ./lwip/src/arch/sys_arch_freertos.o
                0x1a009388                sys_mutex_lock
 .text.sys_mutex_unlock
                0x1a0093b0       0x20 ./lwip/src/arch/sys_arch_freertos.o
                0x1a0093b0                sys_mutex_unlock
 .text.sys_sem_signal
                0x1a0093d0       0x20 ./lwip/src/arch/sys_arch_freertos.o
                0x1a0093d0                sys_sem_signal
 .text.sys_sem_free
                0x1a0093f0       0x18 ./lwip/src/arch/sys_arch_freertos.o
                0x1a0093f0                sys_sem_free
 .text.sys_init
                0x1a009408        0xc ./lwip/src/arch/sys_arch_freertos.o
                0x1a009408                sys_init
 .text.sys_thread_new
                0x1a009414       0x4c ./lwip/src/arch/sys_arch_freertos.o
                0x1a009414                sys_thread_new
 .text.sys_arch_protect
                0x1a009460       0x10 ./lwip/src/arch/sys_arch_freertos.o
                0x1a009460                sys_arch_protect
 .text.sys_arch_unprotect
                0x1a009470       0x14 ./lwip/src/arch/sys_arch_freertos.o
                0x1a009470                sys_arch_unprotect
 .text.netconn_new_with_proto_and_callback
                0x1a009484       0x9c ./lwip/src/api/api_lib.o
                0x1a009484                netconn_new_with_proto_and_callback
 .text.netconn_delete
                0x1a009520       0x3c ./lwip/src/api/api_lib.o
                0x1a009520                netconn_delete
 .text.netconn_bind
                0x1a00955c       0x70 ./lwip/src/api/api_lib.o
                0x1a00955c                netconn_bind
 .text.netconn_listen_with_backlog
                0x1a0095cc       0x64 ./lwip/src/api/api_lib.o
                0x1a0095cc                netconn_listen_with_backlog
 .text.netconn_accept
                0x1a009630       0xb4 ./lwip/src/api/api_lib.o
                0x1a009630                netconn_accept
 .text.netconn_recv_data
                0x1a0096e4      0x12c ./lwip/src/api/api_lib.o
 .text.netconn_recv
                0x1a009810       0xe8 ./lwip/src/api/api_lib.o
                0x1a009810                netconn_recv
 .text.netconn_write_partly
                0x1a0098f8       0xe4 ./lwip/src/api/api_lib.o
                0x1a0098f8                netconn_write_partly
 .text.netconn_close_shutdown
                0x1a0099dc       0x68 ./lwip/src/api/api_lib.o
 .text.netconn_close
                0x1a009a44       0x1c ./lwip/src/api/api_lib.o
                0x1a009a44                netconn_close
 .text.recv_udp
                0x1a009a60       0xc8 ./lwip/src/api/api_msg.o
 .text.recv_tcp
                0x1a009b28       0xc8 ./lwip/src/api/api_msg.o
 .text.poll_tcp
                0x1a009bf0       0x94 ./lwip/src/api/api_msg.o
 .text.sent_tcp
                0x1a009c84       0x94 ./lwip/src/api/api_msg.o
 .text.err_tcp  0x1a009d18      0x118 ./lwip/src/api/api_msg.o
 .text.setup_tcp
                0x1a009e30       0x50 ./lwip/src/api/api_msg.o
 .text.accept_function
                0x1a009e80       0xd0 ./lwip/src/api/api_msg.o
 .text.pcb_new  0x1a009f50       0xac ./lwip/src/api/api_msg.o
 .text.do_newconn
                0x1a009ffc       0x30 ./lwip/src/api/api_msg.o
                0x1a009ffc                do_newconn
 .text.netconn_alloc
                0x1a00a02c       0xc4 ./lwip/src/api/api_msg.o
                0x1a00a02c                netconn_alloc
 .text.netconn_free
                0x1a00a0f0       0x48 ./lwip/src/api/api_msg.o
                0x1a00a0f0                netconn_free
 .text.netconn_drain
                0x1a00a138       0xf0 ./lwip/src/api/api_msg.o
 .text.do_close_internal
                0x1a00a228      0x1dc ./lwip/src/api/api_msg.o
 .text.do_delconn
                0x1a00a404      0x130 ./lwip/src/api/api_msg.o
                0x1a00a404                do_delconn
 .text.do_bind  0x1a00a534       0x9c ./lwip/src/api/api_msg.o
                0x1a00a534                do_bind
 .text.do_listen
                0x1a00a5d0      0x110 ./lwip/src/api/api_msg.o
                0x1a00a5d0                do_listen
 .text.do_recv  0x1a00a6e0       0x6c ./lwip/src/api/api_msg.o
                0x1a00a6e0                do_recv
 .text.do_writemore
                0x1a00a74c      0x220 ./lwip/src/api/api_msg.o
 .text.do_write
                0x1a00a96c       0xb0 ./lwip/src/api/api_msg.o
                0x1a00a96c                do_write
 .text.do_close
                0x1a00aa1c       0xc4 ./lwip/src/api/api_msg.o
                0x1a00aa1c                do_close
 .text.netbuf_delete
                0x1a00aae0       0x3c ./lwip/src/api/netbuf.o
                0x1a00aae0                netbuf_delete
 .text.netbuf_data
                0x1a00ab1c       0x64 ./lwip/src/api/netbuf.o
                0x1a00ab1c                netbuf_data
 .text.netbuf_next
                0x1a00ab80       0x48 ./lwip/src/api/netbuf.o
                0x1a00ab80                netbuf_next
 .text.tcpip_thread
                0x1a00abc8      0x110 ./lwip/src/api/tcpip.o
 .text.tcpip_input
                0x1a00acd8       0x6c ./lwip/src/api/tcpip.o
                0x1a00acd8                tcpip_input
 .text.tcpip_callback_with_block
                0x1a00ad44       0x80 ./lwip/src/api/tcpip.o
                0x1a00ad44                tcpip_callback_with_block
 .text.tcpip_apimsg
                0x1a00adc4       0x48 ./lwip/src/api/tcpip.o
                0x1a00adc4                tcpip_apimsg
 .text.tcpip_init
                0x1a00ae0c       0x58 ./lwip/src/api/tcpip.o
                0x1a00ae0c                tcpip_init
 .text.vApplicationIdleHook
                0x1a00ae64       0x10 ./freertos/src/FreeRTOSCommonHooks.o
                0x1a00ae64                vApplicationIdleHook
 .text.vApplicationStackOverflowHook
                0x1a00ae74       0x1c ./freertos/src/FreeRTOSCommonHooks.o
                0x1a00ae74                vApplicationStackOverflowHook
 .text.pvPortMalloc
                0x1a00ae90      0x128 ./freertos/src/heap_4.o
                0x1a00ae90                pvPortMalloc
 .text.vPortFree
                0x1a00afb8       0x70 ./freertos/src/heap_4.o
                0x1a00afb8                vPortFree
 .text.prvHeapInit
                0x1a00b028       0xc4 ./freertos/src/heap_4.o
 .text.prvInsertBlockIntoFreeList
                0x1a00b0ec       0xb0 ./freertos/src/heap_4.o
 .text.vListInitialise
                0x1a00b19c       0x40 ./freertos/src/list.o
                0x1a00b19c                vListInitialise
 .text.vListInitialiseItem
                0x1a00b1dc       0x18 ./freertos/src/list.o
                0x1a00b1dc                vListInitialiseItem
 .text.vListInsertEnd
                0x1a00b1f4       0x48 ./freertos/src/list.o
                0x1a00b1f4                vListInsertEnd
 .text.vListInsert
                0x1a00b23c       0x70 ./freertos/src/list.o
                0x1a00b23c                vListInsert
 .text.uxListRemove
                0x1a00b2ac       0x54 ./freertos/src/list.o
                0x1a00b2ac                uxListRemove
 .text.pxPortInitialiseStack
                0x1a00b300       0x64 ./freertos/src/port.o
                0x1a00b300                pxPortInitialiseStack
 .text.prvTaskExitError
                0x1a00b364        0xc ./freertos/src/port.o
 .text.SVC_Handler
                0x1a00b370       0x20 ./freertos/src/port.o
                0x1a00b370                SVC_Handler
 .text.prvPortStartFirstTask
                0x1a00b390       0x1c ./freertos/src/port.o
 .text.xPortStartScheduler
                0x1a00b3ac       0x50 ./freertos/src/port.o
                0x1a00b3ac                xPortStartScheduler
 .text.vPortYield
                0x1a00b3fc       0x20 ./freertos/src/port.o
                0x1a00b3fc                vPortYield
 .text.vPortEnterCritical
                0x1a00b41c       0x20 ./freertos/src/port.o
                0x1a00b41c                vPortEnterCritical
 .text.vPortExitCritical
                0x1a00b43c       0x24 ./freertos/src/port.o
                0x1a00b43c                vPortExitCritical
 .text.ulPortSetInterruptMask
                0x1a00b460       0x14 ./freertos/src/port.o
                0x1a00b460                ulPortSetInterruptMask
 .text.vPortClearInterruptMask
                0x1a00b474        0x8 ./freertos/src/port.o
                0x1a00b474                vPortClearInterruptMask
 .text.PendSV_Handler
                0x1a00b47c       0x58 ./freertos/src/port.o
                0x1a00b47c                PendSV_Handler
 .text.SysTick_Handler
                0x1a00b4d4       0x28 ./freertos/src/port.o
                0x1a00b4d4                SysTick_Handler
 .text.vPortSetupTimerInterrupt
                0x1a00b4fc       0x34 ./freertos/src/port.o
                0x1a00b4fc                vPortSetupTimerInterrupt
 .text.vPortEnableVFP
                0x1a00b530       0x14 ./freertos/src/port.o
 .text.xQueueGenericReset
                0x1a00b544       0xa4 ./freertos/src/queue.o
                0x1a00b544                xQueueGenericReset
 .text.xQueueGenericCreate
                0x1a00b5e8       0x78 ./freertos/src/queue.o
                0x1a00b5e8                xQueueGenericCreate
 .text.xQueueCreateMutex
                0x1a00b660       0x84 ./freertos/src/queue.o
                0x1a00b660                xQueueCreateMutex
 .text.xQueueCreateCountingSemaphore
                0x1a00b6e4       0x2c ./freertos/src/queue.o
                0x1a00b6e4                xQueueCreateCountingSemaphore
 .text.xQueueGenericSend
                0x1a00b710      0x118 ./freertos/src/queue.o
                0x1a00b710                xQueueGenericSend
 .text.xQueueGenericSendFromISR
                0x1a00b828       0x88 ./freertos/src/queue.o
                0x1a00b828                xQueueGenericSendFromISR
 .text.xQueueGenericReceive
                0x1a00b8b0      0x170 ./freertos/src/queue.o
                0x1a00b8b0                xQueueGenericReceive
 .text.uxQueueMessagesWaiting
                0x1a00ba20       0x20 ./freertos/src/queue.o
                0x1a00ba20                uxQueueMessagesWaiting
 .text.vQueueDelete
                0x1a00ba40       0x30 ./freertos/src/queue.o
                0x1a00ba40                vQueueDelete
 .text.prvCopyDataToQueue
                0x1a00ba70       0xd0 ./freertos/src/queue.o
 .text.prvCopyDataFromQueue
                0x1a00bb40       0x4c ./freertos/src/queue.o
 .text.prvUnlockQueue
                0x1a00bb8c       0x98 ./freertos/src/queue.o
 .text.prvIsQueueEmpty
                0x1a00bc24       0x2c ./freertos/src/queue.o
 .text.prvIsQueueFull
                0x1a00bc50       0x30 ./freertos/src/queue.o
 .text.vQueueUnregisterQueue
                0x1a00bc80       0x44 ./freertos/src/queue.o
                0x1a00bc80                vQueueUnregisterQueue
 .text.xTaskGenericCreate
                0x1a00bcc4      0x140 ./freertos/src/tasks.o
                0x1a00bcc4                xTaskGenericCreate
 .text.vTaskDelay
                0x1a00be04       0x50 ./freertos/src/tasks.o
                0x1a00be04                vTaskDelay
 .text.vTaskStartScheduler
                0x1a00be54       0x54 ./freertos/src/tasks.o
                0x1a00be54                vTaskStartScheduler
 .text.vTaskSuspendAll
                0x1a00bea8       0x1c ./freertos/src/tasks.o
                0x1a00bea8                vTaskSuspendAll
 .text.xTaskResumeAll
                0x1a00bec4       0xfc ./freertos/src/tasks.o
                0x1a00bec4                xTaskResumeAll
 .text.xTaskGetTickCount
                0x1a00bfc0       0x24 ./freertos/src/tasks.o
                0x1a00bfc0                xTaskGetTickCount
 .text.xTaskIncrementTick
                0x1a00bfe4      0x15c ./freertos/src/tasks.o
                0x1a00bfe4                xTaskIncrementTick
 .text.vTaskSwitchContext
                0x1a00c140       0xb8 ./freertos/src/tasks.o
                0x1a00c140                vTaskSwitchContext
 .text.vTaskPlaceOnEventList
                0x1a00c1f8       0x60 ./freertos/src/tasks.o
                0x1a00c1f8                vTaskPlaceOnEventList
 .text.xTaskRemoveFromEventList
                0x1a00c258       0xac ./freertos/src/tasks.o
                0x1a00c258                xTaskRemoveFromEventList
 .text.vTaskSetTimeOutState
                0x1a00c304       0x2c ./freertos/src/tasks.o
                0x1a00c304                vTaskSetTimeOutState
 .text.xTaskCheckForTimeOut
                0x1a00c330       0x88 ./freertos/src/tasks.o
                0x1a00c330                xTaskCheckForTimeOut
 .text.vTaskMissedYield
                0x1a00c3b8       0x18 ./freertos/src/tasks.o
                0x1a00c3b8                vTaskMissedYield
 .text.prvIdleTask
                0x1a00c3d0       0x24 ./freertos/src/tasks.o
 .text.prvInitialiseTCBVariables
                0x1a00c3f4       0x90 ./freertos/src/tasks.o
 .text.prvInitialiseTaskLists
                0x1a00c484       0x7c ./freertos/src/tasks.o
 .text.prvCheckTasksWaitingTermination
                0x1a00c500       0x74 ./freertos/src/tasks.o
 .text.prvAddCurrentTaskToDelayedList
                0x1a00c574       0x6c ./freertos/src/tasks.o
 .text.prvAllocateTCBAndStack
                0x1a00c5e0       0x64 ./freertos/src/tasks.o
 .text.prvDeleteTCB
                0x1a00c644       0x20 ./freertos/src/tasks.o
 .text.prvResetNextTaskUnblockTime
                0x1a00c664       0x48 ./freertos/src/tasks.o
 .text.xTaskGetCurrentTaskHandle
                0x1a00c6ac       0x20 ./freertos/src/tasks.o
                0x1a00c6ac                xTaskGetCurrentTaskHandle
 .text.vTaskPriorityInherit
                0x1a00c6cc       0xbc ./freertos/src/tasks.o
                0x1a00c6cc                vTaskPriorityInherit
 .text.vTaskPriorityDisinherit
                0x1a00c788       0x84 ./freertos/src/tasks.o
                0x1a00c788                vTaskPriorityDisinherit
 .text.ResetISR
                0x1a00c80c       0xc4 ./example/src/cr_startup_lpc43xx.o
                0x1a00c80c                ResetISR
 .text.NVIC_EnableIRQ
                0x1a00c8d0       0x30 ./example/src/freertos_tcpecho.o
 .text.NVIC_SetPriority
                0x1a00c900       0x54 ./example/src/freertos_tcpecho.o
 .text.prvSetupHardware
                0x1a00c954       0x18 ./example/src/freertos_tcpecho.o
 .text.tcpip_init_done_signal
                0x1a00c96c       0x18 ./example/src/freertos_tcpecho.o
 .text.vSetupIFTask
                0x1a00c984      0x1b4 ./example/src/freertos_tcpecho.o
 .text.msDelay  0x1a00cb38       0x2c ./example/src/freertos_tcpecho.o
                0x1a00cb38                msDelay
 .text.main     0x1a00cb64       0x3c ./example/src/freertos_tcpecho.o
                0x1a00cb64                main
 .text.SystemInit
                0x1a00cba0       0x28 ./example/src/sysinit.o
                0x1a00cba0                SystemInit
 .text.tcpecho_thread
                0x1a00cbc8       0xb4 ./example/src/tcpecho.o
 .text.tcpecho_init
                0x1a00cc7c       0x24 ./example/src/tcpecho.o
                0x1a00cc7c                tcpecho_init
 .text.Chip_SCU_PinMuxSet
                0x1a00cca0       0x30 /home/pato/Embebidos/tpfinal/test/lpc_board_nxp_lpcxpresso_4337/Debug/liblpc_board_nxp_lpcxpresso_4337.a(board.o)
 .text.Chip_SCU_PinMux
                0x1a00ccd0       0x3c /home/pato/Embebidos/tpfinal/test/lpc_board_nxp_lpcxpresso_4337/Debug/liblpc_board_nxp_lpcxpresso_4337.a(board.o)
 .text.Chip_ENET_MIIEnable
                0x1a00cd0c       0x28 /home/pato/Embebidos/tpfinal/test/lpc_board_nxp_lpcxpresso_4337/Debug/liblpc_board_nxp_lpcxpresso_4337.a(board.o)
 .text.Chip_GPIO_SetPinState
                0x1a00cd34       0x38 /home/pato/Embebidos/tpfinal/test/lpc_board_nxp_lpcxpresso_4337/Debug/liblpc_board_nxp_lpcxpresso_4337.a(board.o)
 .text.Chip_GPIO_SetPinDIROutput
                0x1a00cd6c       0x3c /home/pato/Embebidos/tpfinal/test/lpc_board_nxp_lpcxpresso_4337/Debug/liblpc_board_nxp_lpcxpresso_4337.a(board.o)
 .text.Chip_UART_TXEnable
                0x1a00cda8       0x18 /home/pato/Embebidos/tpfinal/test/lpc_board_nxp_lpcxpresso_4337/Debug/liblpc_board_nxp_lpcxpresso_4337.a(board.o)
 .text.Chip_UART_SendByte
                0x1a00cdc0       0x1c /home/pato/Embebidos/tpfinal/test/lpc_board_nxp_lpcxpresso_4337/Debug/liblpc_board_nxp_lpcxpresso_4337.a(board.o)
 .text.Chip_UART_SetupFIFOS
                0x1a00cddc       0x1c /home/pato/Embebidos/tpfinal/test/lpc_board_nxp_lpcxpresso_4337/Debug/liblpc_board_nxp_lpcxpresso_4337.a(board.o)
 .text.Chip_UART_ConfigData
                0x1a00cdf8       0x1c /home/pato/Embebidos/tpfinal/test/lpc_board_nxp_lpcxpresso_4337/Debug/liblpc_board_nxp_lpcxpresso_4337.a(board.o)
 .text.Chip_UART_ReadLineStatus
                0x1a00ce14       0x18 /home/pato/Embebidos/tpfinal/test/lpc_board_nxp_lpcxpresso_4337/Debug/liblpc_board_nxp_lpcxpresso_4337.a(board.o)
 .text.__sys_write
                0x1a00ce2c       0x38 /home/pato/Embebidos/tpfinal/test/lpc_board_nxp_lpcxpresso_4337/Debug/liblpc_board_nxp_lpcxpresso_4337.a(board.o)
                0x1a00ce2c                __sys_write
 .text.Board_UART_Init
                0x1a00ce64       0x28 /home/pato/Embebidos/tpfinal/test/lpc_board_nxp_lpcxpresso_4337/Debug/liblpc_board_nxp_lpcxpresso_4337.a(board.o)
                0x1a00ce64                Board_UART_Init
 .text.Board_Debug_Init
                0x1a00ce8c       0x38 /home/pato/Embebidos/tpfinal/test/lpc_board_nxp_lpcxpresso_4337/Debug/liblpc_board_nxp_lpcxpresso_4337.a(board.o)
                0x1a00ce8c                Board_Debug_Init
 .text.Board_UARTPutChar
                0x1a00cec4       0x30 /home/pato/Embebidos/tpfinal/test/lpc_board_nxp_lpcxpresso_4337/Debug/liblpc_board_nxp_lpcxpresso_4337.a(board.o)
                0x1a00cec4                Board_UARTPutChar
 .text.Board_LED_Init
                0x1a00cef4       0x30 /home/pato/Embebidos/tpfinal/test/lpc_board_nxp_lpcxpresso_4337/Debug/liblpc_board_nxp_lpcxpresso_4337.a(board.o)
 .text.initLed  0x1a00cf24       0x9c /home/pato/Embebidos/tpfinal/test/lpc_board_nxp_lpcxpresso_4337/Debug/liblpc_board_nxp_lpcxpresso_4337.a(board.o)
                0x1a00cf24                initLed
 .text.Board_LED_Set
                0x1a00cfc0       0x54 /home/pato/Embebidos/tpfinal/test/lpc_board_nxp_lpcxpresso_4337/Debug/liblpc_board_nxp_lpcxpresso_4337.a(board.o)
                0x1a00cfc0                Board_LED_Set
 .text.Board_ENET_GetMacADDR
                0x1a00d014       0x30 /home/pato/Embebidos/tpfinal/test/lpc_board_nxp_lpcxpresso_4337/Debug/liblpc_board_nxp_lpcxpresso_4337.a(board.o)
                0x1a00d014                Board_ENET_GetMacADDR
 .text.Board_Init
                0x1a00d044       0x24 /home/pato/Embebidos/tpfinal/test/lpc_board_nxp_lpcxpresso_4337/Debug/liblpc_board_nxp_lpcxpresso_4337.a(board.o)
                0x1a00d044                Board_Init
 .text.Chip_SCU_PinMuxSet
                0x1a00d068       0x30 /home/pato/Embebidos/tpfinal/test/lpc_board_nxp_lpcxpresso_4337/Debug/liblpc_board_nxp_lpcxpresso_4337.a(board_sysinit.o)
 .text.Chip_SCU_SetPinMuxing
                0x1a00d098       0x48 /home/pato/Embebidos/tpfinal/test/lpc_board_nxp_lpcxpresso_4337/Debug/liblpc_board_nxp_lpcxpresso_4337.a(board_sysinit.o)
 .text.Chip_CREG_SetFlashAcceleration
                0x1a00d0e0       0x54 /home/pato/Embebidos/tpfinal/test/lpc_board_nxp_lpcxpresso_4337/Debug/liblpc_board_nxp_lpcxpresso_4337.a(board_sysinit.o)
 .text.Board_SetupMuxing
                0x1a00d134       0x14 /home/pato/Embebidos/tpfinal/test/lpc_board_nxp_lpcxpresso_4337/Debug/liblpc_board_nxp_lpcxpresso_4337.a(board_sysinit.o)
                0x1a00d134                Board_SetupMuxing
 .text.Board_SetupClocking
                0x1a00d148       0x80 /home/pato/Embebidos/tpfinal/test/lpc_board_nxp_lpcxpresso_4337/Debug/liblpc_board_nxp_lpcxpresso_4337.a(board_sysinit.o)
                0x1a00d148                Board_SetupClocking
 .text.Board_SystemInit
                0x1a00d1c8       0x10 /home/pato/Embebidos/tpfinal/test/lpc_board_nxp_lpcxpresso_4337/Debug/liblpc_board_nxp_lpcxpresso_4337.a(board_sysinit.o)
                0x1a00d1c8                Board_SystemInit
 .text.Chip_ENET_IsMIIBusy
                0x1a00d1d8       0x28 /home/pato/Embebidos/tpfinal/test/lpc_board_nxp_lpcxpresso_4337/Debug/liblpc_board_nxp_lpcxpresso_4337.a(lpc_phy_smsc87x0.o)
 .text.Chip_ENET_ReadMIIData
                0x1a00d200       0x1c /home/pato/Embebidos/tpfinal/test/lpc_board_nxp_lpcxpresso_4337/Debug/liblpc_board_nxp_lpcxpresso_4337.a(lpc_phy_smsc87x0.o)
 .text.lpc_mii_write
                0x1a00d21c       0x64 /home/pato/Embebidos/tpfinal/test/lpc_board_nxp_lpcxpresso_4337/Debug/liblpc_board_nxp_lpcxpresso_4337.a(lpc_phy_smsc87x0.o)
 .text.lpc_mii_read
                0x1a00d280       0x70 /home/pato/Embebidos/tpfinal/test/lpc_board_nxp_lpcxpresso_4337/Debug/liblpc_board_nxp_lpcxpresso_4337.a(lpc_phy_smsc87x0.o)
 .text.smsc_update_phy_sts
                0x1a00d2f0       0xe8 /home/pato/Embebidos/tpfinal/test/lpc_board_nxp_lpcxpresso_4337/Debug/liblpc_board_nxp_lpcxpresso_4337.a(lpc_phy_smsc87x0.o)
 .text.lpc_phy_init
                0x1a00d3d8       0xac /home/pato/Embebidos/tpfinal/test/lpc_board_nxp_lpcxpresso_4337/Debug/liblpc_board_nxp_lpcxpresso_4337.a(lpc_phy_smsc87x0.o)
                0x1a00d3d8                lpc_phy_init
 .text.lpcPHYStsPoll
                0x1a00d484       0xc0 /home/pato/Embebidos/tpfinal/test/lpc_board_nxp_lpcxpresso_4337/Debug/liblpc_board_nxp_lpcxpresso_4337.a(lpc_phy_smsc87x0.o)
                0x1a00d484                lpcPHYStsPoll
 .text.SystemCoreClockUpdate
                0x1a00d544       0x18 /home/pato/Embebidos/tpfinal/test/lpc_chip_43xx/Debug/liblpc_chip_43xx.a(chip_18xx_43xx.o)
                0x1a00d544                SystemCoreClockUpdate
 .text.ABS      0x1a00d55c       0x24 /home/pato/Embebidos/tpfinal/test/lpc_chip_43xx/Debug/liblpc_chip_43xx.a(clock_18xx_43xx.o)
 .text.pll_calc_divs
                0x1a00d580      0x11c /home/pato/Embebidos/tpfinal/test/lpc_chip_43xx/Debug/liblpc_chip_43xx.a(clock_18xx_43xx.o)
 .text.pll_get_frac
                0x1a00d69c      0x178 /home/pato/Embebidos/tpfinal/test/lpc_chip_43xx/Debug/liblpc_chip_43xx.a(clock_18xx_43xx.o)
 .text.Chip_Clock_GetDivRate
                0x1a00d814       0x40 /home/pato/Embebidos/tpfinal/test/lpc_chip_43xx/Debug/liblpc_chip_43xx.a(clock_18xx_43xx.o)
 .text.Chip_Clock_FindBaseClock
                0x1a00d854       0x88 /home/pato/Embebidos/tpfinal/test/lpc_chip_43xx/Debug/liblpc_chip_43xx.a(clock_18xx_43xx.o)
 .text.Chip_Clock_EnableCrystal
                0x1a00d8dc       0x6c /home/pato/Embebidos/tpfinal/test/lpc_chip_43xx/Debug/liblpc_chip_43xx.a(clock_18xx_43xx.o)
                0x1a00d8dc                Chip_Clock_EnableCrystal
 .text.Chip_Clock_CalcMainPLLValue
                0x1a00d948       0xd8 /home/pato/Embebidos/tpfinal/test/lpc_chip_43xx/Debug/liblpc_chip_43xx.a(clock_18xx_43xx.o)
                0x1a00d948                Chip_Clock_CalcMainPLLValue
 .text.Chip_Clock_GetMainPLLHz
                0x1a00da20       0xc0 /home/pato/Embebidos/tpfinal/test/lpc_chip_43xx/Debug/liblpc_chip_43xx.a(clock_18xx_43xx.o)
                0x1a00da20                Chip_Clock_GetMainPLLHz
 .text.Chip_Clock_GetDividerSource
                0x1a00dae0       0x40 /home/pato/Embebidos/tpfinal/test/lpc_chip_43xx/Debug/liblpc_chip_43xx.a(clock_18xx_43xx.o)
                0x1a00dae0                Chip_Clock_GetDividerSource
 .text.Chip_Clock_GetDividerDivisor
                0x1a00db20       0x38 /home/pato/Embebidos/tpfinal/test/lpc_chip_43xx/Debug/liblpc_chip_43xx.a(clock_18xx_43xx.o)
                0x1a00db20                Chip_Clock_GetDividerDivisor
 .text.Chip_Clock_GetClockInputHz
                0x1a00db58      0x140 /home/pato/Embebidos/tpfinal/test/lpc_chip_43xx/Debug/liblpc_chip_43xx.a(clock_18xx_43xx.o)
                0x1a00db58                Chip_Clock_GetClockInputHz
 .text.Chip_Clock_GetBaseClocktHz
                0x1a00dc98       0x24 /home/pato/Embebidos/tpfinal/test/lpc_chip_43xx/Debug/liblpc_chip_43xx.a(clock_18xx_43xx.o)
                0x1a00dc98                Chip_Clock_GetBaseClocktHz
 .text.Chip_Clock_SetBaseClock
                0x1a00dcbc       0x9c /home/pato/Embebidos/tpfinal/test/lpc_chip_43xx/Debug/liblpc_chip_43xx.a(clock_18xx_43xx.o)
                0x1a00dcbc                Chip_Clock_SetBaseClock
 .text.Chip_Clock_GetBaseClock
                0x1a00dd58       0x4c /home/pato/Embebidos/tpfinal/test/lpc_chip_43xx/Debug/liblpc_chip_43xx.a(clock_18xx_43xx.o)
                0x1a00dd58                Chip_Clock_GetBaseClock
 .text.Chip_Clock_EnableOpts
                0x1a00dda4       0x7c /home/pato/Embebidos/tpfinal/test/lpc_chip_43xx/Debug/liblpc_chip_43xx.a(clock_18xx_43xx.o)
                0x1a00dda4                Chip_Clock_EnableOpts
 .text.Chip_Clock_GetRate
                0x1a00de20       0x88 /home/pato/Embebidos/tpfinal/test/lpc_chip_43xx/Debug/liblpc_chip_43xx.a(clock_18xx_43xx.o)
                0x1a00de20                Chip_Clock_GetRate
 .text.Chip_RGU_TriggerReset
                0x1a00dea8       0x38 /home/pato/Embebidos/tpfinal/test/lpc_chip_43xx/Debug/liblpc_chip_43xx.a(enet_18xx_43xx.o)
 .text.Chip_RGU_InReset
                0x1a00dee0       0x40 /home/pato/Embebidos/tpfinal/test/lpc_chip_43xx/Debug/liblpc_chip_43xx.a(enet_18xx_43xx.o)
 .text.Chip_ENET_Reset
                0x1a00df20       0x28 /home/pato/Embebidos/tpfinal/test/lpc_chip_43xx/Debug/liblpc_chip_43xx.a(enet_18xx_43xx.o)
 .text.reset    0x1a00df48       0x28 /home/pato/Embebidos/tpfinal/test/lpc_chip_43xx/Debug/liblpc_chip_43xx.a(enet_18xx_43xx.o)
 .text.Chip_ENET_CalcMDCClock
                0x1a00df70       0x8c /home/pato/Embebidos/tpfinal/test/lpc_chip_43xx/Debug/liblpc_chip_43xx.a(enet_18xx_43xx.o)
 .text.Chip_ENET_Init
                0x1a00dffc       0x9c /home/pato/Embebidos/tpfinal/test/lpc_chip_43xx/Debug/liblpc_chip_43xx.a(enet_18xx_43xx.o)
                0x1a00dffc                Chip_ENET_Init
 .text.Chip_ENET_SetupMII
                0x1a00e098       0x2c /home/pato/Embebidos/tpfinal/test/lpc_chip_43xx/Debug/liblpc_chip_43xx.a(enet_18xx_43xx.o)
                0x1a00e098                Chip_ENET_SetupMII
 .text.Chip_ENET_StartMIIWrite
                0x1a00e0c4       0x44 /home/pato/Embebidos/tpfinal/test/lpc_chip_43xx/Debug/liblpc_chip_43xx.a(enet_18xx_43xx.o)
                0x1a00e0c4                Chip_ENET_StartMIIWrite
 .text.Chip_ENET_StartMIIRead
                0x1a00e108       0x38 /home/pato/Embebidos/tpfinal/test/lpc_chip_43xx/Debug/liblpc_chip_43xx.a(enet_18xx_43xx.o)
                0x1a00e108                Chip_ENET_StartMIIRead
 .text.Chip_ENET_SetDuplex
                0x1a00e140       0x38 /home/pato/Embebidos/tpfinal/test/lpc_chip_43xx/Debug/liblpc_chip_43xx.a(enet_18xx_43xx.o)
                0x1a00e140                Chip_ENET_SetDuplex
 .text.Chip_ENET_SetSpeed
                0x1a00e178       0x38 /home/pato/Embebidos/tpfinal/test/lpc_chip_43xx/Debug/liblpc_chip_43xx.a(enet_18xx_43xx.o)
                0x1a00e178                Chip_ENET_SetSpeed
 .text.fpuInit  0x1a00e1b0       0x74 /home/pato/Embebidos/tpfinal/test/lpc_chip_43xx/Debug/liblpc_chip_43xx.a(fpu_init.o)
                0x1a00e1b0                fpuInit
 .text.Chip_GPIO_Init
                0x1a00e224       0x14 /home/pato/Embebidos/tpfinal/test/lpc_chip_43xx/Debug/liblpc_chip_43xx.a(gpio_18xx_43xx.o)
                0x1a00e224                Chip_GPIO_Init
 .text.Chip_Clock_DisableMainPLL
                0x1a00e238       0x1c /home/pato/Embebidos/tpfinal/test/lpc_chip_43xx/Debug/liblpc_chip_43xx.a(sysinit_18xx_43xx.o)
 .text.Chip_Clock_SetupMainPLL
                0x1a00e254       0x40 /home/pato/Embebidos/tpfinal/test/lpc_chip_43xx/Debug/liblpc_chip_43xx.a(sysinit_18xx_43xx.o)
 .text.Chip_Clock_MainPLLLocked
                0x1a00e294       0x24 /home/pato/Embebidos/tpfinal/test/lpc_chip_43xx/Debug/liblpc_chip_43xx.a(sysinit_18xx_43xx.o)
 .text.Chip_SetupCoreClock
                0x1a00e2b8      0x15c /home/pato/Embebidos/tpfinal/test/lpc_chip_43xx/Debug/liblpc_chip_43xx.a(sysinit_18xx_43xx.o)
                0x1a00e2b8                Chip_SetupCoreClock
 .text.Chip_UART_TXDisable
                0x1a00e414       0x18 /home/pato/Embebidos/tpfinal/test/lpc_chip_43xx/Debug/liblpc_chip_43xx.a(uart_18xx_43xx.o)
 .text.Chip_UART_SetupFIFOS
                0x1a00e42c       0x1c /home/pato/Embebidos/tpfinal/test/lpc_chip_43xx/Debug/liblpc_chip_43xx.a(uart_18xx_43xx.o)
 .text.Chip_UART_ConfigData
                0x1a00e448       0x1c /home/pato/Embebidos/tpfinal/test/lpc_chip_43xx/Debug/liblpc_chip_43xx.a(uart_18xx_43xx.o)
 .text.Chip_UART_EnableDivisorAccess
                0x1a00e464       0x20 /home/pato/Embebidos/tpfinal/test/lpc_chip_43xx/Debug/liblpc_chip_43xx.a(uart_18xx_43xx.o)
 .text.Chip_UART_DisableDivisorAccess
                0x1a00e484       0x20 /home/pato/Embebidos/tpfinal/test/lpc_chip_43xx/Debug/liblpc_chip_43xx.a(uart_18xx_43xx.o)
 .text.Chip_UART_SetDivisorLatches
                0x1a00e4a4       0x28 /home/pato/Embebidos/tpfinal/test/lpc_chip_43xx/Debug/liblpc_chip_43xx.a(uart_18xx_43xx.o)
 .text.Chip_UART_GetIndex
                0x1a00e4cc       0x60 /home/pato/Embebidos/tpfinal/test/lpc_chip_43xx/Debug/liblpc_chip_43xx.a(uart_18xx_43xx.o)
 .text.Chip_UART_Init
                0x1a00e52c       0x84 /home/pato/Embebidos/tpfinal/test/lpc_chip_43xx/Debug/liblpc_chip_43xx.a(uart_18xx_43xx.o)
                0x1a00e52c                Chip_UART_Init
 .text.Chip_UART_SetBaudFDR
                0x1a00e5b0      0x174 /home/pato/Embebidos/tpfinal/test/lpc_chip_43xx/Debug/liblpc_chip_43xx.a(uart_18xx_43xx.o)
                0x1a00e5b0                Chip_UART_SetBaudFDR
 .text.__main   0x1a00e724       0x14 /usr/local/lpcxpresso_8.0.0_526/lpcxpresso/tools/bin/../lib/gcc/arm-none-eabi/4.9.3/../../../../arm-none-eabi/lib/armv7e-m/softfp/libcr_nohost.a(_cr__main.o)
                0x1a00e724                __main
 .text.memcpy   0x1a00e738        0x4 /usr/local/lpcxpresso_8.0.0_526/lpcxpresso/tools/bin/../lib/gcc/arm-none-eabi/4.9.3/../../../../arm-none-eabi/lib/armv7e-m/softfp/libcr_c.a(memcpy.o)
                0x1a00e738                memcpy
 .text.memset   0x1a00e73c        0x4 /usr/local/lpcxpresso_8.0.0_526/lpcxpresso/tools/bin/../lib/gcc/arm-none-eabi/4.9.3/../../../../arm-none-eabi/lib/armv7e-m/softfp/libcr_c.a(memset.o)
                0x1a00e73c                memset
 .text.fp_round
                0x1a00e740       0x4c /usr/local/lpcxpresso_8.0.0_526/lpcxpresso/tools/bin/../lib/gcc/arm-none-eabi/4.9.3/../../../../arm-none-eabi/lib/armv7e-m/softfp/libcr_c.a(fpprintf.o)
 .text.pr_dec.constprop.1
                0x1a00e78c       0x26 /usr/local/lpcxpresso_8.0.0_526/lpcxpresso/tools/bin/../lib/gcc/arm-none-eabi/4.9.3/../../../../arm-none-eabi/lib/armv7e-m/softfp/libcr_c.a(fpprintf.o)
 *fill*         0x1a00e7b2        0x2 
 .text.sprintf  0x1a00e7b4       0x6c /usr/local/lpcxpresso_8.0.0_526/lpcxpresso/tools/bin/../lib/gcc/arm-none-eabi/4.9.3/../../../../arm-none-eabi/lib/armv7e-m/softfp/libcr_c.a(fpprintf.o)
                0x1a00e7b4                sprintf
 .text.fp_display
                0x1a00e820      0x900 /usr/local/lpcxpresso_8.0.0_526/lpcxpresso/tools/bin/../lib/gcc/arm-none-eabi/4.9.3/../../../../arm-none-eabi/lib/armv7e-m/softfp/libcr_c.a(fpprintf.o)
 .text.vsnprintf
                0x1a00f120       0x5c /usr/local/lpcxpresso_8.0.0_526/lpcxpresso/tools/bin/../lib/gcc/arm-none-eabi/4.9.3/../../../../arm-none-eabi/lib/armv7e-m/softfp/libcr_c.a(fpprintf.o)
                0x1a00f120                vsnprintf
 .text.printf   0x1a00f17c       0x54 /usr/local/lpcxpresso_8.0.0_526/lpcxpresso/tools/bin/../lib/gcc/arm-none-eabi/4.9.3/../../../../arm-none-eabi/lib/armv7e-m/softfp/libcr_c.a(fpprintf.o)
                0x1a00f17c                printf
 .text._initio  0x1a00f1d0       0xa4 /usr/local/lpcxpresso_8.0.0_526/lpcxpresso/tools/bin/../lib/gcc/arm-none-eabi/4.9.3/../../../../arm-none-eabi/lib/armv7e-m/softfp/libcr_c.a(initio.o)
                0x1a00f1d0                _initio
 .text.memcmp   0x1a00f274       0x44 /usr/local/lpcxpresso_8.0.0_526/lpcxpresso/tools/bin/../lib/gcc/arm-none-eabi/4.9.3/../../../../arm-none-eabi/lib/armv7e-m/softfp/libcr_c.a(memcmp.o)
                0x1a00f274                memcmp
 .text.__vfprintf
                0x1a00f2b8      0xcc0 /usr/local/lpcxpresso_8.0.0_526/lpcxpresso/tools/bin/../lib/gcc/arm-none-eabi/4.9.3/../../../../arm-none-eabi/lib/armv7e-m/softfp/libcr_c.a(printf.o)
                0x1a00f2b8                __vfprintf
 .text.setvbuf  0x1a00ff78       0x40 /usr/local/lpcxpresso_8.0.0_526/lpcxpresso/tools/bin/../lib/gcc/arm-none-eabi/4.9.3/../../../../arm-none-eabi/lib/armv7e-m/softfp/libcr_c.a(setvbuf.o)
                0x1a00ff78                setvbuf
 .text.strlen   0x1a00ffb8       0x4a /usr/local/lpcxpresso_8.0.0_526/lpcxpresso/tools/bin/../lib/gcc/arm-none-eabi/4.9.3/../../../../arm-none-eabi/lib/armv7e-m/softfp/libcr_c.a(strlen.o)
                0x1a00ffb8                strlen
 .text._deferredlazyseek
                0x1a010002       0x44 /usr/local/lpcxpresso_8.0.0_526/lpcxpresso/tools/bin/../lib/gcc/arm-none-eabi/4.9.3/../../../../arm-none-eabi/lib/armv7e-m/softfp/libcr_c.a(_deferredlazyseek.o)
                0x1a010002                _deferredlazyseek
 .text.__flsbuf
                0x1a010046      0x142 /usr/local/lpcxpresso_8.0.0_526/lpcxpresso/tools/bin/../lib/gcc/arm-none-eabi/4.9.3/../../../../arm-none-eabi/lib/armv7e-m/softfp/libcr_c.a(_deferredlazyseek.o)
                0x1a010046                __flsbuf
 .text._fdopen  0x1a010188       0x6a /usr/local/lpcxpresso_8.0.0_526/lpcxpresso/tools/bin/../lib/gcc/arm-none-eabi/4.9.3/../../../../arm-none-eabi/lib/armv7e-m/softfp/libcr_c.a(_fdopen.o)
                0x1a010188                _fdopen
 .text._fflush  0x1a0101f2       0x58 /usr/local/lpcxpresso_8.0.0_526/lpcxpresso/tools/bin/../lib/gcc/arm-none-eabi/4.9.3/../../../../arm-none-eabi/lib/armv7e-m/softfp/libcr_c.a(_fflush.o)
                0x1a0101f2                _fflush
 .text._frexpl  0x1a01024a       0x5a /usr/local/lpcxpresso_8.0.0_526/lpcxpresso/tools/bin/../lib/gcc/arm-none-eabi/4.9.3/../../../../arm-none-eabi/lib/armv7e-m/softfp/libcr_c.a(_frexpl.o)
                0x1a01024a                _frexpl
 .text._ldexpl  0x1a0102a4       0x4c /usr/local/lpcxpresso_8.0.0_526/lpcxpresso/tools/bin/../lib/gcc/arm-none-eabi/4.9.3/../../../../arm-none-eabi/lib/armv7e-m/softfp/libcr_c.a(_ldexpl.o)
                0x1a0102a4                _ldexpl
 .text._Cwritebuf
                0x1a0102f0       0x68 /usr/local/lpcxpresso_8.0.0_526/lpcxpresso/tools/bin/../lib/gcc/arm-none-eabi/4.9.3/../../../../arm-none-eabi/lib/armv7e-m/softfp/libcr_c.a(_writebuf.o)
                0x1a0102f0                _Cwritebuf
 .text.malloc   0x1a010358       0xcc /usr/local/lpcxpresso_8.0.0_526/lpcxpresso/tools/bin/../lib/gcc/arm-none-eabi/4.9.3/../../../../arm-none-eabi/lib/armv7e-m/softfp/libcr_c.a(alloc.o)
                0x1a010358                malloc
 .text.free     0x1a010424       0x30 /usr/local/lpcxpresso_8.0.0_526/lpcxpresso/tools/bin/../lib/gcc/arm-none-eabi/4.9.3/../../../../arm-none-eabi/lib/armv7e-m/softfp/libcr_c.a(alloc.o)
                0x1a010424                free
 .text._Csys_alloc
                0x1a010454       0x20 /usr/local/lpcxpresso_8.0.0_526/lpcxpresso/tools/bin/../lib/gcc/arm-none-eabi/4.9.3/../../../../arm-none-eabi/lib/armv7e-m/softfp/libcr_c.a(alloc.o)
                0x1a010454                _Csys_alloc
 .text.fclose   0x1a010474       0x6c /usr/local/lpcxpresso_8.0.0_526/lpcxpresso/tools/bin/../lib/gcc/arm-none-eabi/4.9.3/../../../../arm-none-eabi/lib/armv7e-m/softfp/libcr_c.a(fclose.o)
                0x1a010474                fclose
 .text.fflush   0x1a0104e0       0x30 /usr/local/lpcxpresso_8.0.0_526/lpcxpresso/tools/bin/../lib/gcc/arm-none-eabi/4.9.3/../../../../arm-none-eabi/lib/armv7e-m/softfp/libcr_c.a(fflush.o)
                0x1a0104e0                fflush
 .text.fseek    0x1a010510      0x110 /usr/local/lpcxpresso_8.0.0_526/lpcxpresso/tools/bin/../lib/gcc/arm-none-eabi/4.9.3/../../../../arm-none-eabi/lib/armv7e-m/softfp/libcr_c.a(fseek.o)
                0x1a010510                fseek
 .text.ftell    0x1a010620       0x4c /usr/local/lpcxpresso_8.0.0_526/lpcxpresso/tools/bin/../lib/gcc/arm-none-eabi/4.9.3/../../../../arm-none-eabi/lib/armv7e-m/softfp/libcr_c.a(ftell.o)
                0x1a010620                ftell
 .text.remove   0x1a01066c       0x14 /usr/local/lpcxpresso_8.0.0_526/lpcxpresso/tools/bin/../lib/gcc/arm-none-eabi/4.9.3/../../../../arm-none-eabi/lib/armv7e-m/softfp/libcr_c.a(remove.o)
                0x1a01066c                remove
 .text._sbrk    0x1a010680       0x40 /usr/local/lpcxpresso_8.0.0_526/lpcxpresso/tools/bin/../lib/gcc/arm-none-eabi/4.9.3/../../../../arm-none-eabi/lib/armv7e-m/softfp/libcr_c.a(_cr_sbrk.o)
                0x1a010680                _sbrk
 .text._do_fflush
                0x1a0106c0       0x44 /usr/local/lpcxpresso_8.0.0_526/lpcxpresso/tools/bin/../lib/gcc/arm-none-eabi/4.9.3/../../../../arm-none-eabi/lib/armv7e-m/softfp/libcr_c.a(_do_fflush.o)
                0x1a0106c0                _do_fflush
 .text.__check_heap_overflow
                0x1a010704       0x18 /usr/local/lpcxpresso_8.0.0_526/lpcxpresso/tools/bin/../lib/gcc/arm-none-eabi/4.9.3/../../../../arm-none-eabi/lib/armv7e-m/softfp/libcr_c.a(_cr_check_heap.o)
                0x1a010704                __check_heap_overflow
 .text.__aeabi_division_uldivmod
                0x1a01071c      0x174 /usr/local/lpcxpresso_8.0.0_526/lpcxpresso/tools/bin/../lib/gcc/arm-none-eabi/4.9.3/armv7e-m/softfp/libcr_eabihelpers.a(division_64.o)
                0x1a01071c                __aeabi_uldivmod
                0x1a010720                __bhs_ldivmod1
 .text.__aeabi_division_idiv0
                0x1a010890        0x2 /usr/local/lpcxpresso_8.0.0_526/lpcxpresso/tools/bin/../lib/gcc/arm-none-eabi/4.9.3/armv7e-m/softfp/libcr_eabihelpers.a(division_idiv0.o)
                0x1a010890                __aeabi_idiv0
 *fill*         0x1a010892        0x2 
 .text.__aeabi_dmul
                0x1a010894      0x110 /usr/local/lpcxpresso_8.0.0_526/lpcxpresso/tools/bin/../lib/gcc/arm-none-eabi/4.9.3/armv7e-m/softfp/libcr_eabihelpers.a(double.o)
                0x1a010894                __aeabi_dmul
 .text.__aeabi_ddiv
                0x1a0109a4      0x140 /usr/local/lpcxpresso_8.0.0_526/lpcxpresso/tools/bin/../lib/gcc/arm-none-eabi/4.9.3/armv7e-m/softfp/libcr_eabihelpers.a(double.o)
                0x1a0109a4                __aeabi_ddiv
 .text.__aeabi_dsub
                0x1a010ae4      0x1b8 /usr/local/lpcxpresso_8.0.0_526/lpcxpresso/tools/bin/../lib/gcc/arm-none-eabi/4.9.3/armv7e-m/softfp/libcr_eabihelpers.a(double.o)
                0x1a010ae4                __aeabi_dsub
 .text.__aeabi_dadd
                0x1a010c9c      0x128 /usr/local/lpcxpresso_8.0.0_526/lpcxpresso/tools/bin/../lib/gcc/arm-none-eabi/4.9.3/armv7e-m/softfp/libcr_eabihelpers.a(double.o)
                0x1a010c9c                __aeabi_dadd
 .text.__aeabi_d2iz
                0x1a010dc4       0x40 /usr/local/lpcxpresso_8.0.0_526/lpcxpresso/tools/bin/../lib/gcc/arm-none-eabi/4.9.3/armv7e-m/softfp/libcr_eabihelpers.a(double.o)
                0x1a010dc4                __aeabi_d2iz
 .text.__bhs_ui2d
                0x1a010e04       0x46 /usr/local/lpcxpresso_8.0.0_526/lpcxpresso/tools/bin/../lib/gcc/arm-none-eabi/4.9.3/armv7e-m/softfp/libcr_eabihelpers.a(double.o)
                0x1a010e04                __bhs_ui2d
 .text.__aeabi_i2d
                0x1a010e4a       0x10 /usr/local/lpcxpresso_8.0.0_526/lpcxpresso/tools/bin/../lib/gcc/arm-none-eabi/4.9.3/armv7e-m/softfp/libcr_eabihelpers.a(double.o)
                0x1a010e4a                __aeabi_i2d
 .text.__aeabi_dcmpeq
                0x1a010e5a       0x30 /usr/local/lpcxpresso_8.0.0_526/lpcxpresso/tools/bin/../lib/gcc/arm-none-eabi/4.9.3/armv7e-m/softfp/libcr_eabihelpers.a(double.o)
                0x1a010e5a                __aeabi_dcmpeq
 .text.__aeabi_dcmplt
                0x1a010e8a       0x52 /usr/local/lpcxpresso_8.0.0_526/lpcxpresso/tools/bin/../lib/gcc/arm-none-eabi/4.9.3/armv7e-m/softfp/libcr_eabihelpers.a(double.o)
                0x1a010e8a                __aeabi_dcmplt
 .text.__aeabi_dcmple
                0x1a010edc       0x54 /usr/local/lpcxpresso_8.0.0_526/lpcxpresso/tools/bin/../lib/gcc/arm-none-eabi/4.9.3/armv7e-m/softfp/libcr_eabihelpers.a(double.o)
                0x1a010edc                __aeabi_dcmple
 .text.__aeabi_dcmpge
                0x1a010f30       0x54 /usr/local/lpcxpresso_8.0.0_526/lpcxpresso/tools/bin/../lib/gcc/arm-none-eabi/4.9.3/armv7e-m/softfp/libcr_eabihelpers.a(double.o)
                0x1a010f30                __aeabi_dcmpge
 .text.__aeabi_memcpy
                0x1a010f84       0x34 /usr/local/lpcxpresso_8.0.0_526/lpcxpresso/tools/bin/../lib/gcc/arm-none-eabi/4.9.3/armv7e-m/softfp/libcr_eabihelpers.a(memcpy.o)
                0x1a010f84                __aeabi_memcpy
                0x1a010f8e                __aeabi_memcpy4
                0x1a010f8e                __aeabi_memcpy8
 .text.__aeabi_memset_lowlevel
                0x1a010fb8       0x32 /usr/local/lpcxpresso_8.0.0_526/lpcxpresso/tools/bin/../lib/gcc/arm-none-eabi/4.9.3/armv7e-m/softfp/libcr_eabihelpers.a(memcpy.o)
                0x1a010fb8                __aeabi_lowlevel_memset
 .text.__sys_appexit
                0x1a010fea        0x2 /usr/local/lpcxpresso_8.0.0_526/lpcxpresso/tools/bin/../lib/gcc/arm-none-eabi/4.9.3/../../../../arm-none-eabi/lib/armv7e-m/softfp/libcr_nohost.a(__sys_appexit.o)
                0x1a010fea                __exit
                0x1a010fea                __sys_appexit
 .text.__sys_close
                0x1a010fec        0x6 /usr/local/lpcxpresso_8.0.0_526/lpcxpresso/tools/bin/../lib/gcc/arm-none-eabi/4.9.3/../../../../arm-none-eabi/lib/armv7e-m/softfp/libcr_nohost.a(__sys_close.o)
                0x1a010fec                __sys_close
 .text.__sys_flen
                0x1a010ff2        0x6 /usr/local/lpcxpresso_8.0.0_526/lpcxpresso/tools/bin/../lib/gcc/arm-none-eabi/4.9.3/../../../../arm-none-eabi/lib/armv7e-m/softfp/libcr_nohost.a(__sys_flen.o)
                0x1a010ff2                __sys_flen
 .text.__sys_istty
                0x1a010ff8        0x6 /usr/local/lpcxpresso_8.0.0_526/lpcxpresso/tools/bin/../lib/gcc/arm-none-eabi/4.9.3/../../../../arm-none-eabi/lib/armv7e-m/softfp/libcr_nohost.a(__sys_istty.o)
                0x1a010ff8                __sys_istty
 .text.__sys_remove
                0x1a010ffe        0x6 /usr/local/lpcxpresso_8.0.0_526/lpcxpresso/tools/bin/../lib/gcc/arm-none-eabi/4.9.3/../../../../arm-none-eabi/lib/armv7e-m/softfp/libcr_nohost.a(__sys_remove.o)
                0x1a010ffe                __sys_remove
 .text.__sys_seek
                0x1a011004        0x6 /usr/local/lpcxpresso_8.0.0_526/lpcxpresso/tools/bin/../lib/gcc/arm-none-eabi/4.9.3/../../../../arm-none-eabi/lib/armv7e-m/softfp/libcr_nohost.a(__sys_seek.o)
                0x1a011004                __sys_seek
 .text.__sys_tmpnam
                0x1a01100a        0x6 /usr/local/lpcxpresso_8.0.0_526/lpcxpresso/tools/bin/../lib/gcc/arm-none-eabi/4.9.3/../../../../arm-none-eabi/lib/armv7e-m/softfp/libcr_nohost.a(__sys_tmpnam.o)
                0x1a01100a                __sys_tmpnam
 *(.rodata .rodata.* .constdata .constdata.*)
 .rodata.ethbroadcast
                0x1a011010        0x6 ./lwip/src/netif/etharp.o
                0x1a011010                ethbroadcast
 *fill*         0x1a011016        0x2 
 .rodata.ethzero
                0x1a011018        0x6 ./lwip/src/netif/etharp.o
                0x1a011018                ethzero
 *fill*         0x1a01101e        0x2 
 .rodata.memp_sizes
                0x1a011020       0x1a ./lwip/src/core/memp.o
                0x1a011020                memp_sizes
 *fill*         0x1a01103a        0x2 
 .rodata.tcp_backoff
                0x1a01103c        0xd ./lwip/src/core/tcp.o
                0x1a01103c                tcp_backoff
 *fill*         0x1a011049        0x3 
 .rodata.tcp_persist_backoff
                0x1a01104c        0x7 ./lwip/src/core/tcp.o
                0x1a01104c                tcp_persist_backoff
 *fill*         0x1a011053        0x1 
 .rodata.tcp_pcb_lists
                0x1a011054       0x10 ./lwip/src/core/tcp.o
                0x1a011054                tcp_pcb_lists
 .rodata.slmem  0x1a011064        0x8 ./lwip/src/arch/lpc18xx_43xx_emac.o
 .rodata        0x1a01106c       0x27 ./lwip/src/arch/lpc18xx_43xx_emac.o
 *fill*         0x1a011093        0x1 
 .rodata        0x1a011094        0xd ./lwip/src/api/tcpip.o
 *fill*         0x1a0110a1        0x3 
 .rodata        0x1a0110a4       0x58 ./freertos/src/FreeRTOSCommonHooks.o
 .rodata        0x1a0110fc        0x5 ./freertos/src/tasks.o
 *fill*         0x1a011101        0x3 
 .rodata        0x1a011104       0x61 ./example/src/freertos_tcpecho.o
 *fill*         0x1a011165        0x3 
 .rodata        0x1a011168        0xf ./example/src/tcpecho.o
 *fill*         0x1a011177        0x1 
 .rodata.led    0x1a011178        0x4 /home/pato/Embebidos/tpfinal/test/lpc_board_nxp_lpcxpresso_4337/Debug/liblpc_board_nxp_lpcxpresso_4337.a(board.o)
 .rodata.ExtRateIn
                0x1a01117c        0x4 /home/pato/Embebidos/tpfinal/test/lpc_board_nxp_lpcxpresso_4337/Debug/liblpc_board_nxp_lpcxpresso_4337.a(board.o)
                0x1a01117c                ExtRateIn
 .rodata.OscRateIn
                0x1a011180        0x4 /home/pato/Embebidos/tpfinal/test/lpc_board_nxp_lpcxpresso_4337/Debug/liblpc_board_nxp_lpcxpresso_4337.a(board.o)
                0x1a011180                OscRateIn
 .rodata.gpioLEDPins
                0x1a011184       0x18 /home/pato/Embebidos/tpfinal/test/lpc_board_nxp_lpcxpresso_4337/Debug/liblpc_board_nxp_lpcxpresso_4337.a(board.o)
 .rodata        0x1a01119c        0x6 /home/pato/Embebidos/tpfinal/test/lpc_board_nxp_lpcxpresso_4337/Debug/liblpc_board_nxp_lpcxpresso_4337.a(board.o)
 *fill*         0x1a0111a2        0x2 
 .rodata.InitClkStates
                0x1a0111a4        0xc /home/pato/Embebidos/tpfinal/test/lpc_board_nxp_lpcxpresso_4337/Debug/liblpc_board_nxp_lpcxpresso_4337.a(board_sysinit.o)
 .rodata.pinmuxing
                0x1a0111b0       0x24 /home/pato/Embebidos/tpfinal/test/lpc_board_nxp_lpcxpresso_4337/Debug/liblpc_board_nxp_lpcxpresso_4337.a(board_sysinit.o)
 .rodata.periph_to_base
                0x1a0111d4       0x6c /home/pato/Embebidos/tpfinal/test/lpc_chip_43xx/Debug/liblpc_chip_43xx.a(clock_18xx_43xx.o)
 .rodata        0x1a011240        0xa /home/pato/Embebidos/tpfinal/test/lpc_chip_43xx/Debug/liblpc_chip_43xx.a(clock_18xx_43xx.o)
 *fill*         0x1a01124a        0x2 
 .rodata.InitClkStates
                0x1a01124c       0x48 /home/pato/Embebidos/tpfinal/test/lpc_chip_43xx/Debug/liblpc_chip_43xx.a(sysinit_18xx_43xx.o)
 .rodata.UART_PClock
                0x1a011294        0x8 /home/pato/Embebidos/tpfinal/test/lpc_chip_43xx/Debug/liblpc_chip_43xx.a(uart_18xx_43xx.o)
 .rodata.UART_BClock
                0x1a01129c        0x8 /home/pato/Embebidos/tpfinal/test/lpc_chip_43xx/Debug/liblpc_chip_43xx.a(uart_18xx_43xx.o)
 .rodata.str1.1
                0x1a0112a4       0x34 /usr/local/lpcxpresso_8.0.0_526/lpcxpresso/tools/bin/../lib/gcc/arm-none-eabi/4.9.3/../../../../arm-none-eabi/lib/armv7e-m/softfp/libcr_c.a(fpprintf.o)
                                 0x35 (size before relaxing)
 .rodata.str1.1
                0x1a0112d8        0x4 /usr/local/lpcxpresso_8.0.0_526/lpcxpresso/tools/bin/../lib/gcc/arm-none-eabi/4.9.3/../../../../arm-none-eabi/lib/armv7e-m/softfp/libcr_c.a(initio.o)
 .rodata.str1.1
                0x1a0112dc       0x31 /usr/local/lpcxpresso_8.0.0_526/lpcxpresso/tools/bin/../lib/gcc/arm-none-eabi/4.9.3/../../../../arm-none-eabi/lib/armv7e-m/softfp/libcr_c.a(printf.o)
                                 0x38 (size before relaxing)
 .rodata.str1.1
                0x1a01130d       0x18 /usr/local/lpcxpresso_8.0.0_526/lpcxpresso/tools/bin/../lib/gcc/arm-none-eabi/4.9.3/../../../../arm-none-eabi/lib/armv7e-m/softfp/libcr_c.a(alloc.o)
 *fill*         0x1a011325        0x3 
 .rodata.__huge_vall
                0x1a011328        0x8 /usr/local/lpcxpresso_8.0.0_526/lpcxpresso/tools/bin/../lib/gcc/arm-none-eabi/4.9.3/../../../../arm-none-eabi/lib/armv7e-m/softfp/libcr_c.a(_hugeval.o)
                0x1a011328                __huge_vall
                0x1a011330                . = ALIGN (0x4)

.glue_7         0x1a011330        0x0
 .glue_7        0x00000000        0x0 linker stubs

.glue_7t        0x1a011330        0x0
 .glue_7t       0x00000000        0x0 linker stubs

.vfp11_veneer   0x1a011330        0x0
 .vfp11_veneer  0x00000000        0x0 linker stubs

.v4_bx          0x1a011330        0x0
 .v4_bx         0x00000000        0x0 linker stubs

.iplt           0x1a011330        0x0
 .iplt          0x00000000        0x0 ./lwip/src/netif/etharp.o

.rel.dyn        0x1a011330        0x0
 .rel.iplt      0x00000000        0x0 ./lwip/src/netif/etharp.o

.ARM.extab
 *(.ARM.extab* .gnu.linkonce.armextab.*)
                0x1a011330                __exidx_start = .

.ARM.exidx
 *(.ARM.exidx* .gnu.linkonce.armexidx.*)
                0x1a011330                __exidx_end = .
                0x1a011330                _etext = .

.data_RAM2      0x10080000     0xa000 load address 0x1a011330
 FILL mask 0xff
                0x10080000                PROVIDE (__start_data_RAM2, .)
 *(.ramfunc.$RAM2)
 *(.ramfunc.$RamLoc40)
 *(.data.$RAM2*)
 .data.$RAM2    0x10080000     0xa000 ./freertos/src/heap_4.o
 *(.data.$RamLoc40*)
                0x1008a000                . = ALIGN (0x4)
                0x1008a000                PROVIDE (__end_data_RAM2, .)

.data_RAM3      0x20000000        0x0 load address 0x1a01b330
 FILL mask 0xff
                0x20000000                PROVIDE (__start_data_RAM3, .)
 *(.ramfunc.$RAM3)
 *(.ramfunc.$RamAHB32)
 *(.data.$RAM3*)
 *(.data.$RamAHB32*)
                0x20000000                . = ALIGN (0x4)
                0x20000000                PROVIDE (__end_data_RAM3, .)

.data_RAM4      0x20008000        0x0 load address 0x1a01b330
 FILL mask 0xff
                0x20008000                PROVIDE (__start_data_RAM4, .)
 *(.ramfunc.$RAM4)
 *(.ramfunc.$RamAHB16)
 *(.data.$RAM4*)
 *(.data.$RamAHB16*)
                0x20008000                . = ALIGN (0x4)
                0x20008000                PROVIDE (__end_data_RAM4, .)

.data_RAM5      0x2000c000        0x0 load address 0x1a01b330
 FILL mask 0xff
                0x2000c000                PROVIDE (__start_data_RAM5, .)
 *(.ramfunc.$RAM5)
 *(.ramfunc.$RamAHB_ETB16)
 *(.data.$RAM5*)
 *(.data.$RamAHB_ETB16*)
                0x2000c000                . = ALIGN (0x4)
                0x2000c000                PROVIDE (__end_data_RAM5, .)

.uninit_RESERVED
                0x10000000        0x0
 *(.bss.$RESERVED*)
                0x10000000                . = ALIGN (0x4)
                0x10000000                _end_uninit_RESERVED = .

.data           0x10000000       0x14 load address 0x1a01b330
 FILL mask 0xff
                0x10000000                _data = .
 *(vtable)
 *(.ramfunc*)
 *(.data*)
 .data.tcp_port
                0x10000000        0x2 ./lwip/src/core/tcp.o
 *fill*         0x10000002        0x2 
 .data.iss.10189
                0x10000004        0x4 ./lwip/src/core/tcp.o
 .data.udp_port
                0x10000008        0x2 ./lwip/src/core/udp.o
 *fill*         0x1000000a        0x2 
 .data.uxCriticalNesting
                0x1000000c        0x4 ./freertos/src/port.o
 .data.xNextTaskUnblockTime
                0x10000010        0x4 ./freertos/src/tasks.o
                0x10000014                . = ALIGN (0x4)
                0x10000014                _edata = .

.igot.plt       0x10000014        0x0 load address 0x1a01b344
 .igot.plt      0x00000000        0x0 ./lwip/src/netif/etharp.o

.bss_RAM2       0x1008a000        0x0
                0x1008a000                PROVIDE (__start_bss_RAM2, .)
 *(.bss.$RAM2*)
 *(.bss.$RamLoc40*)
                0x1008a000                . = ALIGN ((. != 0x0)?0x4:0x1)
                0x1008a000                PROVIDE (__end_bss_RAM2, .)

.bss_RAM3       0x20000000        0x0
                0x20000000                PROVIDE (__start_bss_RAM3, .)
 *(.bss.$RAM3*)
 *(.bss.$RamAHB32*)
                0x20000000                . = ALIGN ((. != 0x0)?0x4:0x1)
                0x20000000                PROVIDE (__end_bss_RAM3, .)

.bss_RAM4       0x20008000        0x0
                0x20008000                PROVIDE (__start_bss_RAM4, .)
 *(.bss.$RAM4*)
 *(.bss.$RamAHB16*)
                0x20008000                . = ALIGN ((. != 0x0)?0x4:0x1)
                0x20008000                PROVIDE (__end_bss_RAM4, .)

.bss_RAM5       0x2000c000        0x0
                0x2000c000                PROVIDE (__start_bss_RAM5, .)
 *(.bss.$RAM5*)
 *(.bss.$RamAHB_ETB16*)
                0x2000c000                . = ALIGN ((. != 0x0)?0x4:0x1)
                0x2000c000                PROVIDE (__end_bss_RAM5, .)

.bss            0x10000014      0x6ec
                0x10000014                _bss = .
 *(.bss*)
 .bss.arp_table
                0x10000014       0xc8 ./lwip/src/netif/etharp.o
 .bss.etharp_cached_entry
                0x100000dc        0x1 ./lwip/src/netif/etharp.o
 *fill*         0x100000dd        0x1 
 .bss.ip_id     0x100000de        0x2 ./lwip/src/core/ipv4/ip.o
 .bss.reassdatagrams
                0x100000e0        0x4 ./lwip/src/core/ipv4/ip_frag.o
 .bss.ip_reass_pbufcount
                0x100000e4        0x2 ./lwip/src/core/ipv4/ip_frag.o
 .bss.netif_num
                0x100000e6        0x1 ./lwip/src/core/netif.o
 .bss.tcp_timer
                0x100000e7        0x1 ./lwip/src/core/tcp.o
 .bss.tcp_timer_ctr
                0x100000e8        0x1 ./lwip/src/core/tcp.o
 *fill*         0x100000e9        0x3 
 .bss.inseg     0x100000ec       0x14 ./lwip/src/core/tcp_in.o
 .bss.tcphdr    0x10000100        0x4 ./lwip/src/core/tcp_in.o
 .bss.iphdr     0x10000104        0x4 ./lwip/src/core/tcp_in.o
 .bss.seqno     0x10000108        0x4 ./lwip/src/core/tcp_in.o
 .bss.ackno     0x1000010c        0x4 ./lwip/src/core/tcp_in.o
 .bss.flags     0x10000110        0x1 ./lwip/src/core/tcp_in.o
 *fill*         0x10000111        0x1 
 .bss.tcplen    0x10000112        0x2 ./lwip/src/core/tcp_in.o
 .bss.recv_flags
                0x10000114        0x1 ./lwip/src/core/tcp_in.o
 *fill*         0x10000115        0x3 
 .bss.recv_data
                0x10000118        0x4 ./lwip/src/core/tcp_in.o
 .bss.next_timeout
                0x1000011c        0x4 ./lwip/src/core/timers.o
 .bss.tcpip_tcp_timer_active
                0x10000120        0x4 ./lwip/src/core/timers.o
 .bss.lpc_enetdata
                0x10000124      0x26c ./lwip/src/arch/lpc18xx_43xx_emac.o
 .bss.intMask   0x10000390        0x4 ./lwip/src/arch/lpc18xx_43xx_emac.o
 .bss.tcpip_init_done
                0x10000394        0x4 ./lwip/src/api/tcpip.o
 .bss.tcpip_init_done_arg
                0x10000398        0x4 ./lwip/src/api/tcpip.o
 .bss.mbox      0x1000039c        0x4 ./lwip/src/api/tcpip.o
 .bss.xStart    0x100003a0        0x8 ./freertos/src/heap_4.o
 .bss.pxEnd     0x100003a8        0x4 ./freertos/src/heap_4.o
 .bss.xFreeBytesRemaining
                0x100003ac        0x4 ./freertos/src/heap_4.o
 .bss.xMinimumEverFreeBytesRemaining
                0x100003b0        0x4 ./freertos/src/heap_4.o
 .bss.xBlockAllocatedBit
                0x100003b4        0x4 ./freertos/src/heap_4.o
 .bss.pxCurrentTCB
                0x100003b8        0x4 ./freertos/src/tasks.o
                0x100003b8                pxCurrentTCB
 .bss.pxReadyTasksLists
                0x100003bc       0x64 ./freertos/src/tasks.o
 .bss.xDelayedTaskList1
                0x10000420       0x14 ./freertos/src/tasks.o
 .bss.xDelayedTaskList2
                0x10000434       0x14 ./freertos/src/tasks.o
 .bss.pxDelayedTaskList
                0x10000448        0x4 ./freertos/src/tasks.o
 .bss.pxOverflowDelayedTaskList
                0x1000044c        0x4 ./freertos/src/tasks.o
 .bss.xPendingReadyList
                0x10000450       0x14 ./freertos/src/tasks.o
 .bss.xTasksWaitingTermination
                0x10000464       0x14 ./freertos/src/tasks.o
 .bss.uxTasksDeleted
                0x10000478        0x4 ./freertos/src/tasks.o
 .bss.xSuspendedTaskList
                0x1000047c       0x14 ./freertos/src/tasks.o
 .bss.uxCurrentNumberOfTasks
                0x10000490        0x4 ./freertos/src/tasks.o
 .bss.xTickCount
                0x10000494        0x4 ./freertos/src/tasks.o
 .bss.uxTopReadyPriority
                0x10000498        0x4 ./freertos/src/tasks.o
 .bss.xSchedulerRunning
                0x1000049c        0x4 ./freertos/src/tasks.o
 .bss.uxPendedTicks
                0x100004a0        0x4 ./freertos/src/tasks.o
 .bss.xYieldPending
                0x100004a4        0x4 ./freertos/src/tasks.o
 .bss.xNumOfOverflows
                0x100004a8        0x4 ./freertos/src/tasks.o
 .bss.uxTaskNumber
                0x100004ac        0x4 ./freertos/src/tasks.o
 .bss.uxSchedulerSuspended
                0x100004b0        0x4 ./freertos/src/tasks.o
 .bss.lpc_netif
                0x100004b4       0x34 ./example/src/freertos_tcpecho.o
 .bss.prt_ip.10330
                0x100004e8        0x4 ./example/src/freertos_tcpecho.o
 .bss.tmp_buff.10334
                0x100004ec       0x10 ./example/src/freertos_tcpecho.o
 .bss.physts    0x100004fc        0x4 /home/pato/Embebidos/tpfinal/test/lpc_board_nxp_lpcxpresso_4337/Debug/liblpc_board_nxp_lpcxpresso_4337.a(lpc_phy_smsc87x0.o)
 .bss.olddphysts
                0x10000500        0x4 /home/pato/Embebidos/tpfinal/test/lpc_board_nxp_lpcxpresso_4337/Debug/liblpc_board_nxp_lpcxpresso_4337.a(lpc_phy_smsc87x0.o)
 .bss.phyustate
                0x10000504        0x4 /home/pato/Embebidos/tpfinal/test/lpc_board_nxp_lpcxpresso_4337/Debug/liblpc_board_nxp_lpcxpresso_4337.a(lpc_phy_smsc87x0.o)
 .bss.pDelayMs  0x10000508        0x4 /home/pato/Embebidos/tpfinal/test/lpc_board_nxp_lpcxpresso_4337/Debug/liblpc_board_nxp_lpcxpresso_4337.a(lpc_phy_smsc87x0.o)
 .bss.sts.9166  0x1000050c        0x2 /home/pato/Embebidos/tpfinal/test/lpc_board_nxp_lpcxpresso_4337/Debug/liblpc_board_nxp_lpcxpresso_4337.a(lpc_phy_smsc87x0.o)
 *fill*         0x1000050e        0x2 
 .bss.audio_usb_pll_freq
                0x10000510        0x8 /home/pato/Embebidos/tpfinal/test/lpc_chip_43xx/Debug/liblpc_chip_43xx.a(clock_18xx_43xx.o)
 .bss.phyCfg    0x10000518        0x4 /home/pato/Embebidos/tpfinal/test/lpc_chip_43xx/Debug/liblpc_chip_43xx.a(enet_18xx_43xx.o)
 .bss.errno     0x1000051c        0x4 /usr/local/lpcxpresso_8.0.0_526/lpcxpresso/tools/bin/../lib/gcc/arm-none-eabi/4.9.3/../../../../arm-none-eabi/lib/armv7e-m/softfp/libcr_c.a(errno.o)
                0x1000051c                errno
 *(COMMON)
 COMMON         0x10000520       0x10 ./lwip/src/core/ipv4/ip.o
                0x10000520                current_iphdr_src
                0x10000524                current_netif
                0x10000528                current_iphdr_dest
                0x1000052c                current_header
 COMMON         0x10000530        0x8 ./lwip/src/core/netif.o
                0x10000530                netif_list
                0x10000534                netif_default
 COMMON         0x10000538        0x1 ./lwip/src/core/pbuf.o
                0x10000538                pbuf_free_ooseq_pending
 *fill*         0x10000539        0x3 
 COMMON         0x1000053c       0x1c ./lwip/src/core/tcp.o
                0x1000053c                tcp_active_pcbs_changed
                0x10000540                tcp_active_pcbs
                0x10000544                tcp_ticks
                0x10000548                tcp_listen_pcbs
                0x1000054c                tcp_tmp_pcb
                0x10000550                tcp_bound_pcbs
                0x10000554                tcp_tw_pcbs
 COMMON         0x10000558        0x4 ./lwip/src/core/tcp_in.o
                0x10000558                tcp_input_pcb
 COMMON         0x1000055c        0x4 ./lwip/src/core/udp.o
                0x1000055c                udp_pcbs
 COMMON         0x10000560       0x50 ./freertos/src/queue.o
                0x10000560                xQueueRegistry
 COMMON         0x100005b0        0x4 /home/pato/Embebidos/tpfinal/test/lpc_chip_43xx/Debug/liblpc_chip_43xx.a(chip_18xx_43xx.o)
                0x100005b0                SystemCoreClock
 COMMON         0x100005b4        0x4 /usr/local/lpcxpresso_8.0.0_526/lpcxpresso/tools/bin/../lib/gcc/arm-none-eabi/4.9.3/../../../../arm-none-eabi/lib/armv7e-m/softfp/libcr_c.a(initio.o)
                0x100005b4                _extra
 COMMON         0x100005b8      0x140 /usr/local/lpcxpresso_8.0.0_526/lpcxpresso/tools/bin/../lib/gcc/arm-none-eabi/4.9.3/../../../../arm-none-eabi/lib/armv7e-m/softfp/libcr_c.a(stdio.o)
                0x100005b8                __Ciob
 COMMON         0x100006f8        0x8 /usr/local/lpcxpresso_8.0.0_526/lpcxpresso/tools/bin/../lib/gcc/arm-none-eabi/4.9.3/../../../../arm-none-eabi/lib/armv7e-m/softfp/libcr_c.a(__init_alloc.o)
                0x100006f8                __heaps
                0x100006fc                __end_of_heap
                0x10000700                . = ALIGN (0x4)
                0x10000700                _ebss = .
                0x10000700                PROVIDE (end, .)

.noinit_RAM2    0x1008a000        0x0
 *(.noinit.$RAM2*)
 *(.noinit.$RamLoc40*)
                0x1008a000                . = ALIGN (0x4)

.noinit_RAM3    0x20000000        0x0
 *(.noinit.$RAM3*)
 *(.noinit.$RamAHB32*)
                0x20000000                . = ALIGN (0x4)

.noinit_RAM4    0x20008000        0x0
 *(.noinit.$RAM4*)
 *(.noinit.$RamAHB16*)
                0x20008000                . = ALIGN (0x4)

.noinit_RAM5    0x2000c000        0x0
 *(.noinit.$RAM5*)
 *(.noinit.$RamAHB_ETB16*)
                0x2000c000                . = ALIGN (0x4)

.noinit         0x10000700        0x0
                0x10000700                _noinit = .
 *(.noinit*)
                0x10000700                . = ALIGN (0x4)
                0x10000700                _end_noinit = .
                0x10000700                PROVIDE (_pvHeapStart, DEFINED (__user_heap_base)?__user_heap_base:.)
                0x10008000                PROVIDE (_vStackTop, DEFINED (__user_stack_top)?__user_stack_top:(__top_RamLoc32 - 0x0))
                0x53feadda                PROVIDE (__valid_user_code_checksum, (0x0 - ((((((_vStackTop + (ResetISR + 0x1)) + (NMI_Handler + 0x1)) + (HardFault_Handler + 0x1)) + (DEFINED (MemManage_Handler)?MemManage_Handler:0x0 + 0x1)) + (DEFINED (BusFault_Handler)?BusFault_Handler:0x0 + 0x1)) + (DEFINED (UsageFault_Handler)?UsageFault_Handler:0x0 + 0x1))))
OUTPUT(lwip_freertos_tcpecho.axf elf32-littlearm)

.debug_info     0x00000000    0x22be4